------------------------------------------------------------------
  Running MRIQC version 24.1.0.dev0+gd5b13cb5.d20240826
  ----------------------------------------------------------------

  NOTICE
  Copyright © The NiPreps Developers.
  
  This product includes software developed by
  the NiPreps Community (https://nipreps.org/).
  
  Portions of this software were developed at the Department of
  Psychology at Stanford University, Stanford, CA, US.
  
  This software contains code ultimately derived from the
  PCP Quality Assessment Protocol (QAP;
  http://preprocessed-connectomes-project.org/quality-assessment-protocol)
  by C. Craddock, S. Giavasis, D. Clark, Z. Shezhad, and J. Pellman.
  
  This software is also distributed as a Docker container image.
  The bootstrapping file for the image ("Dockerfile") is licensed
  under the MIT License.

  ----------------------------------------------------------------

  * BIDS dataset path: /local/nvme/ds006401_06.783919/ds/sourcedata/raw.
  * Output folder: mriqc.
  * Analysis levels: ['participant'].
------------------------------------------------------------------

2026-03-27 05:51:51 |[33;20m IMPORTANT [0m|[33;20m mriqc            [0m|[33;20m Extracting metadata and entities for 3 input runs of modality 'bold'...[0m
2026-03-27 05:51:51 |[33;20m IMPORTANT [0m|[33;20m mriqc            [0m|[33;20m File size ('bold'): 0.25|0.21 GB [maximum|average].[0m
2026-03-27 05:51:51 |[34;20m INFO     [0m|[34;20m mriqc            [0m|[34;20m MRIQC config file: /local/nvme/ds006401_06.783919/ds/tmp/config-20260327-055150_2eeeb703-08cc-4586-bd95-f002e70a6ad1.toml.[0m
2026-03-27 05:51:55 |[34;20m INFO     [0m|[34;20m matplotlib.font_manager [0m|[34;20m generated new fontManager[0m
2026-03-27 05:51:56 |[33;20m IMPORTANT [0m|[33;20m mriqc            [0m|[33;20m Building MRIQC's workflows...[0m
2026-03-27 05:51:57 |[34;20m INFO     [0m|[34;20m nipype.workflow  [0m|[34;20m Building functional MRIQC workflow for 3 BOLD runs..[0m
2026-03-27 05:52:02 |[33;20m IMPORTANT [0m|[33;20m mriqc            [0m|[33;20m Workflow building finished (exit code 0).[0m
2026-03-27 05:52:08 |[34;20m INFO     [0m|[34;20m nipype.workflow  [0m|[34;20m Workflow mriqc_wf settings: ['check', 'execution', 'logging', 'monitoring'][0m
2026-03-27 05:52:08 |[34;20m INFO     [0m|[34;20m nipype.workflow  [0m|[34;20m [Node] Setting-up "mriqc_wf.funcMRIQC.pick_echo" in "/local/nvme/ds006401_06.783919/ds/tmp/mriqc_wf/funcMRIQC/5711a74bf95a90cf2c2dbf4610a7925dc11b14ed/pick_echo".[0m
2026-03-27 05:52:08 |[34;20m INFO     [0m|[34;20m nipype.workflow  [0m|[34;20m [Node] Setting-up "_provenance0" in "/local/nvme/ds006401_06.783919/ds/tmp/mriqc_wf/funcMRIQC/ComputeIQMs/5711a74bf95a90cf2c2dbf4610a7925dc11b14ed/provenance/mapflow/_provenance0".[0m
2026-03-27 05:52:08 |[34;20m INFO     [0m|[34;20m nipype.workflow  [0m|[34;20m [Node] Executing "_provenance0" <mriqc.interfaces.reports.AddProvenance>[0m
2026-03-27 05:52:08 |[34;20m INFO     [0m|[34;20m nipype.workflow  [0m|[34;20m [Node] Executing "pick_echo" <mriqc.interfaces.functional.SelectEcho>[0m
2026-03-27 05:52:08 |[34;20m INFO     [0m|[34;20m nipype.workflow  [0m|[34;20m [Node] Finished "pick_echo", elapsed time 0.0005s.[0m
2026-03-27 05:52:09 |[34;20m INFO     [0m|[34;20m nipype.workflow  [0m|[34;20m [Node] Finished "_provenance0", elapsed time 0.413483s.[0m
2026-03-27 05:52:09 |[34;20m INFO     [0m|[34;20m nipype.workflow  [0m|[34;20m [Node] Setting-up "_provenance0" in "/local/nvme/ds006401_06.783919/ds/tmp/mriqc_wf/funcMRIQC/ComputeIQMs/6d6983392ffdc5460cc9553ab8acb99674e07200/provenance/mapflow/_provenance0".[0m
2026-03-27 05:52:09 |[34;20m INFO     [0m|[34;20m nipype.workflow  [0m|[34;20m [Node] Setting-up "mriqc_wf.funcMRIQC.pick_echo" in "/local/nvme/ds006401_06.783919/ds/tmp/mriqc_wf/funcMRIQC/6d6983392ffdc5460cc9553ab8acb99674e07200/pick_echo".[0m
2026-03-27 05:52:09 |[34;20m INFO     [0m|[34;20m nipype.workflow  [0m|[34;20m [Node] Executing "_provenance0" <mriqc.interfaces.reports.AddProvenance>[0m
2026-03-27 05:52:09 |[34;20m INFO     [0m|[34;20m nipype.workflow  [0m|[34;20m [Node] Executing "pick_echo" <mriqc.interfaces.functional.SelectEcho>[0m
2026-03-27 05:52:09 |[34;20m INFO     [0m|[34;20m nipype.workflow  [0m|[34;20m [Node] Finished "pick_echo", elapsed time 0.000706s.[0m
2026-03-27 05:52:09 |[34;20m INFO     [0m|[34;20m nipype.workflow  [0m|[34;20m [Node] Finished "_provenance0", elapsed time 0.413101s.[0m
2026-03-27 05:52:09 |[34;20m INFO     [0m|[34;20m nipype.workflow  [0m|[34;20m [Node] Setting-up "mriqc_wf.funcMRIQC.pick_echo" in "/local/nvme/ds006401_06.783919/ds/tmp/mriqc_wf/funcMRIQC/5eb053924e86897c9b2c8564709d22d696f0a6e0/pick_echo".[0m
2026-03-27 05:52:09 |[34;20m INFO     [0m|[34;20m nipype.workflow  [0m|[34;20m [Node] Setting-up "_provenance0" in "/local/nvme/ds006401_06.783919/ds/tmp/mriqc_wf/funcMRIQC/ComputeIQMs/5eb053924e86897c9b2c8564709d22d696f0a6e0/provenance/mapflow/_provenance0".[0m
2026-03-27 05:52:09 |[34;20m INFO     [0m|[34;20m nipype.workflow  [0m|[34;20m [Node] Executing "_provenance0" <mriqc.interfaces.reports.AddProvenance>[0m
2026-03-27 05:52:09 |[34;20m INFO     [0m|[34;20m nipype.workflow  [0m|[34;20m [Node] Executing "pick_echo" <mriqc.interfaces.functional.SelectEcho>[0m
2026-03-27 05:52:09 |[34;20m INFO     [0m|[34;20m nipype.workflow  [0m|[34;20m [Node] Finished "pick_echo", elapsed time 0.000836s.[0m
2026-03-27 05:52:10 |[34;20m INFO     [0m|[34;20m nipype.workflow  [0m|[34;20m [Node] Finished "_provenance0", elapsed time 0.518455s.[0m
2026-03-27 05:52:10 |[34;20m INFO     [0m|[34;20m nipype.workflow  [0m|[34;20m [Node] Setting-up "mriqc_wf.funcMRIQC.non_steady_state_detector" in "/local/nvme/ds006401_06.783919/ds/tmp/mriqc_wf/funcMRIQC/5eb053924e86897c9b2c8564709d22d696f0a6e0/non_steady_state_detector".[0m
2026-03-27 05:52:10 |[34;20m INFO     [0m|[34;20m nipype.workflow  [0m|[34;20m [Node] Setting-up "mriqc_wf.funcMRIQC.non_steady_state_detector" in "/local/nvme/ds006401_06.783919/ds/tmp/mriqc_wf/funcMRIQC/5711a74bf95a90cf2c2dbf4610a7925dc11b14ed/non_steady_state_detector".[0m
2026-03-27 05:52:10 |[34;20m INFO     [0m|[34;20m nipype.workflow  [0m|[34;20m [Node] Setting-up "mriqc_wf.funcMRIQC.non_steady_state_detector" in "/local/nvme/ds006401_06.783919/ds/tmp/mriqc_wf/funcMRIQC/6d6983392ffdc5460cc9553ab8acb99674e07200/non_steady_state_detector".[0m
2026-03-27 05:52:10 |[34;20m INFO     [0m|[34;20m nipype.workflow  [0m|[34;20m [Node] Executing "non_steady_state_detector" <nipype.algorithms.confounds.NonSteadyStateDetector>[0m
2026-03-27 05:52:10 |[34;20m INFO     [0m|[34;20m nipype.workflow  [0m|[34;20m [Node] Executing "non_steady_state_detector" <nipype.algorithms.confounds.NonSteadyStateDetector>[0m
2026-03-27 05:52:10 |[34;20m INFO     [0m|[34;20m nipype.workflow  [0m|[34;20m [Node] Executing "non_steady_state_detector" <nipype.algorithms.confounds.NonSteadyStateDetector>[0m
2026-03-27 05:52:11 |[34;20m INFO     [0m|[34;20m nipype.workflow  [0m|[34;20m [Node] Finished "non_steady_state_detector", elapsed time 0.449837s.[0m
2026-03-27 05:52:11 |[34;20m INFO     [0m|[34;20m nipype.workflow  [0m|[34;20m [Node] Finished "non_steady_state_detector", elapsed time 0.450315s.[0m
2026-03-27 05:52:11 |[34;20m INFO     [0m|[34;20m nipype.workflow  [0m|[34;20m [Node] Finished "non_steady_state_detector", elapsed time 0.452301s.[0m
2026-03-27 05:52:12 |[34;20m INFO     [0m|[34;20m nipype.workflow  [0m|[34;20m [Node] Setting-up "_sanitize0" in "/local/nvme/ds006401_06.783919/ds/tmp/mriqc_wf/funcMRIQC/5eb053924e86897c9b2c8564709d22d696f0a6e0/sanitize/mapflow/_sanitize0".[0m
2026-03-27 05:52:12 |[34;20m INFO     [0m|[34;20m nipype.workflow  [0m|[34;20m [Node] Setting-up "_sanitize0" in "/local/nvme/ds006401_06.783919/ds/tmp/mriqc_wf/funcMRIQC/6d6983392ffdc5460cc9553ab8acb99674e07200/sanitize/mapflow/_sanitize0".[0m
2026-03-27 05:52:12 |[34;20m INFO     [0m|[34;20m nipype.workflow  [0m|[34;20m [Node] Executing "_sanitize0" <niworkflows.interfaces.header.SanitizeImage>[0m
2026-03-27 05:52:12 |[34;20m INFO     [0m|[34;20m nipype.workflow  [0m|[34;20m [Node] Setting-up "_sanitize0" in "/local/nvme/ds006401_06.783919/ds/tmp/mriqc_wf/funcMRIQC/5711a74bf95a90cf2c2dbf4610a7925dc11b14ed/sanitize/mapflow/_sanitize0".[0m
2026-03-27 05:52:12 |[34;20m INFO     [0m|[34;20m nipype.workflow  [0m|[34;20m [Node] Executing "_sanitize0" <niworkflows.interfaces.header.SanitizeImage>[0m
2026-03-27 05:52:12 |[34;20m INFO     [0m|[34;20m nipype.workflow  [0m|[34;20m [Node] Executing "_sanitize0" <niworkflows.interfaces.header.SanitizeImage>[0m
2026-03-27 05:52:23 |[34;20m INFO     [0m|[34;20m nipype.workflow  [0m|[34;20m [Node] Finished "_sanitize0", elapsed time 11.248847s.[0m
2026-03-27 05:52:23 |[34;20m INFO     [0m|[34;20m nipype.workflow  [0m|[34;20m [Node] Finished "_sanitize0", elapsed time 11.284218s.[0m
2026-03-27 05:52:24 |[34;20m INFO     [0m|[34;20m nipype.workflow  [0m|[34;20m [Node] Setting-up "mriqc_wf.funcMRIQC.fMRI_HMC.estimate_hm" in "/local/nvme/ds006401_06.783919/ds/tmp/mriqc_wf/funcMRIQC/fMRI_HMC/5711a74bf95a90cf2c2dbf4610a7925dc11b14ed/estimate_hm".[0m
2026-03-27 05:52:24 |[34;20m INFO     [0m|[34;20m nipype.workflow  [0m|[34;20m [Node] Setting-up "mriqc_wf.funcMRIQC.fMRI_HMC.estimate_hm" in "/local/nvme/ds006401_06.783919/ds/tmp/mriqc_wf/funcMRIQC/fMRI_HMC/6d6983392ffdc5460cc9553ab8acb99674e07200/estimate_hm".[0m
2026-03-27 05:52:24 |[34;20m INFO     [0m|[34;20m nipype.workflow  [0m|[34;20m [Node] Executing "estimate_hm" <nipype.interfaces.afni.preprocess.Volreg>[0m
2026-03-27 05:52:24 |[34;20m INFO     [0m|[34;20m nipype.workflow  [0m|[34;20m [Node] Setting-up "_SpikesMask0" in "/local/nvme/ds006401_06.783919/ds/tmp/mriqc_wf/funcMRIQC/func_report_wf/5711a74bf95a90cf2c2dbf4610a7925dc11b14ed/SpikesMask/mapflow/_SpikesMask0".[0m
2026-03-27 05:52:24 |[34;20m INFO     [0m|[34;20m nipype.workflow  [0m|[34;20m [Node] Setting-up "_SpikesMask0" in "/local/nvme/ds006401_06.783919/ds/tmp/mriqc_wf/funcMRIQC/func_report_wf/6d6983392ffdc5460cc9553ab8acb99674e07200/SpikesMask/mapflow/_SpikesMask0".[0m
2026-03-27 05:52:24 |[34;20m INFO     [0m|[34;20m nipype.workflow  [0m|[34;20m [Node] Executing "estimate_hm" <nipype.interfaces.afni.preprocess.Volreg>[0m
2026-03-27 05:52:24 |[34;20m INFO     [0m|[34;20m nipype.workflow  [0m|[34;20m [Node] Executing "_SpikesMask0" <nipype.interfaces.utility.wrappers.Function>[0m
2026-03-27 05:52:24 |[34;20m INFO     [0m|[34;20m nipype.workflow  [0m|[34;20m [Node] Executing "_SpikesMask0" <nipype.interfaces.utility.wrappers.Function>[0m
2026-03-27 05:52:27 |[34;20m INFO     [0m|[34;20m nipype.workflow  [0m|[34;20m [Node] Finished "_sanitize0", elapsed time 14.749693s.[0m
2026-03-27 05:52:28 |[34;20m INFO     [0m|[34;20m nipype.workflow  [0m|[34;20m [Node] Finished "_SpikesMask0", elapsed time 3.364096s.[0m
2026-03-27 05:52:28 |[34;20m INFO     [0m|[34;20m nipype.workflow  [0m|[34;20m [Node] Finished "_SpikesMask0", elapsed time 3.365943s.[0m
2026-03-27 05:52:28 |[34;20m INFO     [0m|[34;20m nipype.workflow  [0m|[34;20m [Node] Setting-up "mriqc_wf.funcMRIQC.fMRI_HMC.estimate_hm" in "/local/nvme/ds006401_06.783919/ds/tmp/mriqc_wf/funcMRIQC/fMRI_HMC/5eb053924e86897c9b2c8564709d22d696f0a6e0/estimate_hm".[0m
2026-03-27 05:52:28 |[34;20m INFO     [0m|[34;20m nipype.workflow  [0m|[34;20m [Node] Executing "estimate_hm" <nipype.interfaces.afni.preprocess.Volreg>[0m
2026-03-27 05:52:28 |[34;20m INFO     [0m|[34;20m nipype.workflow  [0m|[34;20m [Node] Setting-up "_SpikesFinderBgMask0" in "/local/nvme/ds006401_06.783919/ds/tmp/mriqc_wf/funcMRIQC/func_report_wf/5711a74bf95a90cf2c2dbf4610a7925dc11b14ed/SpikesFinderBgMask/mapflow/_SpikesFinderBgMask0".[0m
2026-03-27 05:52:28 |[34;20m INFO     [0m|[34;20m nipype.workflow  [0m|[34;20m [Node] Setting-up "_SpikesMask0" in "/local/nvme/ds006401_06.783919/ds/tmp/mriqc_wf/funcMRIQC/func_report_wf/5eb053924e86897c9b2c8564709d22d696f0a6e0/SpikesMask/mapflow/_SpikesMask0".[0m
2026-03-27 05:52:28 |[34;20m INFO     [0m|[34;20m nipype.workflow  [0m|[34;20m [Node] Setting-up "_SpikesFinderBgMask0" in "/local/nvme/ds006401_06.783919/ds/tmp/mriqc_wf/funcMRIQC/func_report_wf/6d6983392ffdc5460cc9553ab8acb99674e07200/SpikesFinderBgMask/mapflow/_SpikesFinderBgMask0".[0m
2026-03-27 05:52:28 |[34;20m INFO     [0m|[34;20m nipype.workflow  [0m|[34;20m [Node] Executing "_SpikesMask0" <nipype.interfaces.utility.wrappers.Function>[0m
2026-03-27 05:52:28 |[34;20m INFO     [0m|[34;20m nipype.workflow  [0m|[34;20m [Node] Executing "_SpikesFinderBgMask0" <mriqc.interfaces.functional.Spikes>[0m
2026-03-27 05:52:28 |[34;20m INFO     [0m|[34;20m nipype.workflow  [0m|[34;20m [Node] Executing "_SpikesFinderBgMask0" <mriqc.interfaces.functional.Spikes>[0m
2026-03-27 05:52:33 |[34;20m INFO     [0m|[34;20m nipype.workflow  [0m|[34;20m [Node] Finished "_SpikesMask0", elapsed time 4.391233s.[0m
2026-03-27 05:52:34 |[34;20m INFO     [0m|[34;20m nipype.workflow  [0m|[34;20m [Node] Finished "_SpikesFinderBgMask0", elapsed time 5.457385s.[0m
2026-03-27 05:52:34 |[34;20m INFO     [0m|[34;20m nipype.workflow  [0m|[34;20m [Node] Finished "_SpikesFinderBgMask0", elapsed time 5.587646s.[0m
2026-03-27 05:52:34 |[34;20m INFO     [0m|[34;20m nipype.workflow  [0m|[34;20m [Node] Setting-up "_SpikesFinderBgMask0" in "/local/nvme/ds006401_06.783919/ds/tmp/mriqc_wf/funcMRIQC/func_report_wf/5eb053924e86897c9b2c8564709d22d696f0a6e0/SpikesFinderBgMask/mapflow/_SpikesFinderBgMask0".[0m
2026-03-27 05:52:34 |[34;20m INFO     [0m|[34;20m nipype.workflow  [0m|[34;20m [Node] Executing "_SpikesFinderBgMask0" <mriqc.interfaces.functional.Spikes>[0m
2026-03-27 05:52:40 |[34;20m INFO     [0m|[34;20m nipype.workflow  [0m|[34;20m [Node] Finished "_SpikesFinderBgMask0", elapsed time 6.108678s.[0m
2026-03-27 06:06:31 |[34;20m INFO     [0m|[34;20m nipype.workflow  [0m|[34;20m [Node] Finished "estimate_hm", elapsed time 847.243292s.[0m
2026-03-27 06:06:32 |[34;20m INFO     [0m|[34;20m nipype.workflow  [0m|[34;20m [Node] Setting-up "mriqc_wf.funcMRIQC.fMRI_HMC.ComputeFD" in "/local/nvme/ds006401_06.783919/ds/tmp/mriqc_wf/funcMRIQC/fMRI_HMC/6d6983392ffdc5460cc9553ab8acb99674e07200/ComputeFD".[0m
2026-03-27 06:06:32 |[34;20m INFO     [0m|[34;20m nipype.workflow  [0m|[34;20m [Node] Executing "ComputeFD" <nipype.algorithms.confounds.FramewiseDisplacement>[0m
2026-03-27 06:06:32 |[34;20m INFO     [0m|[34;20m nipype.workflow  [0m|[34;20m [Node] Finished "ComputeFD", elapsed time 0.005888s.[0m
2026-03-27 06:06:34 |[34;20m INFO     [0m|[34;20m nipype.workflow  [0m|[34;20m [Node] Finished "estimate_hm", elapsed time 849.360813s.[0m
2026-03-27 06:06:34 |[34;20m INFO     [0m|[34;20m nipype.workflow  [0m|[34;20m [Node] Setting-up "mriqc_wf.funcMRIQC.fMRI_HMC.ComputeFD" in "/local/nvme/ds006401_06.783919/ds/tmp/mriqc_wf/funcMRIQC/fMRI_HMC/5711a74bf95a90cf2c2dbf4610a7925dc11b14ed/ComputeFD".[0m
2026-03-27 06:06:34 |[34;20m INFO     [0m|[34;20m nipype.workflow  [0m|[34;20m [Node] Executing "ComputeFD" <nipype.algorithms.confounds.FramewiseDisplacement>[0m
2026-03-27 06:06:34 |[34;20m INFO     [0m|[34;20m nipype.workflow  [0m|[34;20m [Node] Finished "ComputeFD", elapsed time 0.006093s.[0m
2026-03-27 06:10:48 |[34;20m INFO     [0m|[34;20m nipype.workflow  [0m|[34;20m [Node] Finished "estimate_hm", elapsed time 1099.521968s.[0m
2026-03-27 06:10:48 |[34;20m INFO     [0m|[34;20m nipype.workflow  [0m|[34;20m [Node] Setting-up "_apply_hmc0" in "/local/nvme/ds006401_06.783919/ds/tmp/mriqc_wf/funcMRIQC/fMRI_HMC/5711a74bf95a90cf2c2dbf4610a7925dc11b14ed/apply_hmc/mapflow/_apply_hmc0".[0m
2026-03-27 06:10:48 |[34;20m INFO     [0m|[34;20m nipype.workflow  [0m|[34;20m [Node] Executing "_apply_hmc0" <nipype.interfaces.utility.wrappers.Function>[0m
2026-03-27 06:11:19 |[34;20m INFO     [0m|[34;20m nipype.workflow  [0m|[34;20m [Node] Finished "_apply_hmc0", elapsed time 30.403667s.[0m
2026-03-27 06:11:20 |[34;20m INFO     [0m|[34;20m nipype.workflow  [0m|[34;20m [Node] Setting-up "_apply_hmc0" in "/local/nvme/ds006401_06.783919/ds/tmp/mriqc_wf/funcMRIQC/fMRI_HMC/6d6983392ffdc5460cc9553ab8acb99674e07200/apply_hmc/mapflow/_apply_hmc0".[0m
2026-03-27 06:11:20 |[34;20m INFO     [0m|[34;20m nipype.workflow  [0m|[34;20m [Node] Executing "_apply_hmc0" <nipype.interfaces.utility.wrappers.Function>[0m
2026-03-27 06:11:51 |[34;20m INFO     [0m|[34;20m nipype.workflow  [0m|[34;20m [Node] Finished "_apply_hmc0", elapsed time 30.792564s.[0m
2026-03-27 06:11:52 |[34;20m INFO     [0m|[34;20m nipype.workflow  [0m|[34;20m [Node] Setting-up "_apply_hmc0" in "/local/nvme/ds006401_06.783919/ds/tmp/mriqc_wf/funcMRIQC/fMRI_HMC/5eb053924e86897c9b2c8564709d22d696f0a6e0/apply_hmc/mapflow/_apply_hmc0".[0m
2026-03-27 06:11:52 |[34;20m INFO     [0m|[34;20m nipype.workflow  [0m|[34;20m [Node] Executing "_apply_hmc0" <nipype.interfaces.utility.wrappers.Function>[0m
2026-03-27 06:12:33 |[34;20m INFO     [0m|[34;20m nipype.workflow  [0m|[34;20m [Node] Finished "_apply_hmc0", elapsed time 40.290166s.[0m
2026-03-27 06:12:34 |[34;20m INFO     [0m|[34;20m nipype.workflow  [0m|[34;20m [Node] Setting-up "mriqc_wf.funcMRIQC.fMRI_HMC.ComputeFD" in "/local/nvme/ds006401_06.783919/ds/tmp/mriqc_wf/funcMRIQC/fMRI_HMC/5eb053924e86897c9b2c8564709d22d696f0a6e0/ComputeFD".[0m
2026-03-27 06:12:34 |[34;20m INFO     [0m|[34;20m nipype.workflow  [0m|[34;20m [Node] Executing "ComputeFD" <nipype.algorithms.confounds.FramewiseDisplacement>[0m
2026-03-27 06:12:34 |[34;20m INFO     [0m|[34;20m nipype.workflow  [0m|[34;20m [Node] Setting-up "_mean0" in "/local/nvme/ds006401_06.783919/ds/tmp/mriqc_wf/funcMRIQC/5711a74bf95a90cf2c2dbf4610a7925dc11b14ed/mean/mapflow/_mean0".[0m
2026-03-27 06:12:34 |[34;20m INFO     [0m|[34;20m nipype.workflow  [0m|[34;20m [Node] Setting-up "_compute_tsnr0" in "/local/nvme/ds006401_06.783919/ds/tmp/mriqc_wf/funcMRIQC/5711a74bf95a90cf2c2dbf4610a7925dc11b14ed/compute_tsnr/mapflow/_compute_tsnr0".[0m
2026-03-27 06:12:34 |[34;20m INFO     [0m|[34;20m nipype.workflow  [0m|[34;20m [Node] Setting-up "_quality0" in "/local/nvme/ds006401_06.783919/ds/tmp/mriqc_wf/funcMRIQC/ComputeIQMs/5711a74bf95a90cf2c2dbf4610a7925dc11b14ed/quality/mapflow/_quality0".[0m
2026-03-27 06:12:34 |[34;20m INFO     [0m|[34;20m nipype.workflow  [0m|[34;20m [Node] Executing "_compute_tsnr0" <nipype.algorithms.confounds.TSNR>[0m
2026-03-27 06:12:34 |[34;20m INFO     [0m|[34;20m nipype.workflow  [0m|[34;20m [Node] Executing "_quality0" <nipype.interfaces.afni.preprocess.QualityIndex>[0m
2026-03-27 06:12:34 |[34;20m INFO     [0m|[34;20m nipype.workflow  [0m|[34;20m [Node] Executing "_mean0" <nipype.interfaces.afni.utils.TStat>[0m
2026-03-27 06:12:34 |[34;20m INFO     [0m|[34;20m nipype.workflow  [0m|[34;20m [Node] Setting-up "_mean0" in "/local/nvme/ds006401_06.783919/ds/tmp/mriqc_wf/funcMRIQC/6d6983392ffdc5460cc9553ab8acb99674e07200/mean/mapflow/_mean0".[0m
2026-03-27 06:12:34 |[34;20m INFO     [0m|[34;20m nipype.workflow  [0m|[34;20m [Node] Setting-up "_compute_tsnr0" in "/local/nvme/ds006401_06.783919/ds/tmp/mriqc_wf/funcMRIQC/6d6983392ffdc5460cc9553ab8acb99674e07200/compute_tsnr/mapflow/_compute_tsnr0".[0m
2026-03-27 06:12:34 |[34;20m INFO     [0m|[34;20m nipype.workflow  [0m|[34;20m [Node] Executing "_mean0" <nipype.interfaces.afni.utils.TStat>[0m
2026-03-27 06:12:34 |[34;20m INFO     [0m|[34;20m nipype.workflow  [0m|[34;20m [Node] Executing "_compute_tsnr0" <nipype.algorithms.confounds.TSNR>[0m
2026-03-27 06:12:34 |[34;20m INFO     [0m|[34;20m nipype.workflow  [0m|[34;20m [Node] Setting-up "_quality0" in "/local/nvme/ds006401_06.783919/ds/tmp/mriqc_wf/funcMRIQC/ComputeIQMs/6d6983392ffdc5460cc9553ab8acb99674e07200/quality/mapflow/_quality0".[0m
2026-03-27 06:12:34 |[34;20m INFO     [0m|[34;20m nipype.workflow  [0m|[34;20m [Node] Setting-up "_mean0" in "/local/nvme/ds006401_06.783919/ds/tmp/mriqc_wf/funcMRIQC/5eb053924e86897c9b2c8564709d22d696f0a6e0/mean/mapflow/_mean0".[0m
2026-03-27 06:12:34 |[34;20m INFO     [0m|[34;20m nipype.workflow  [0m|[34;20m [Node] Executing "_mean0" <nipype.interfaces.afni.utils.TStat>[0m
2026-03-27 06:12:34 |[34;20m INFO     [0m|[34;20m nipype.workflow  [0m|[34;20m [Node] Executing "_quality0" <nipype.interfaces.afni.preprocess.QualityIndex>[0m
2026-03-27 06:12:34 |[34;20m INFO     [0m|[34;20m nipype.workflow  [0m|[34;20m [Node] Finished "ComputeFD", elapsed time 0.01038s.[0m
2026-03-27 06:12:36 |[34;20m INFO     [0m|[34;20m nipype.workflow  [0m|[34;20m [Node] Setting-up "_compute_tsnr0" in "/local/nvme/ds006401_06.783919/ds/tmp/mriqc_wf/funcMRIQC/5eb053924e86897c9b2c8564709d22d696f0a6e0/compute_tsnr/mapflow/_compute_tsnr0".[0m
2026-03-27 06:12:36 |[34;20m INFO     [0m|[34;20m nipype.workflow  [0m|[34;20m [Node] Executing "_compute_tsnr0" <nipype.algorithms.confounds.TSNR>[0m
2026-03-27 06:12:38 |[34;20m INFO     [0m|[34;20m nipype.workflow  [0m|[34;20m [Node] Finished "_compute_tsnr0", elapsed time 3.532062s.[0m
2026-03-27 06:12:38 |[34;20m INFO     [0m|[34;20m nipype.workflow  [0m|[34;20m [Node] Finished "_compute_tsnr0", elapsed time 3.595308s.[0m
2026-03-27 06:12:38 |[34;20m INFO     [0m|[34;20m nipype.workflow  [0m|[34;20m [Node] Setting-up "_quality0" in "/local/nvme/ds006401_06.783919/ds/tmp/mriqc_wf/funcMRIQC/ComputeIQMs/5eb053924e86897c9b2c8564709d22d696f0a6e0/quality/mapflow/_quality0".[0m
2026-03-27 06:12:38 |[34;20m INFO     [0m|[34;20m nipype.workflow  [0m|[34;20m [Node] Setting-up "_PlotMosaicSD0" in "/local/nvme/ds006401_06.783919/ds/tmp/mriqc_wf/funcMRIQC/func_report_wf/5711a74bf95a90cf2c2dbf4610a7925dc11b14ed/PlotMosaicSD/mapflow/_PlotMosaicSD0".[0m
2026-03-27 06:12:38 |[34;20m INFO     [0m|[34;20m nipype.workflow  [0m|[34;20m [Node] Executing "_quality0" <nipype.interfaces.afni.preprocess.QualityIndex>[0m
2026-03-27 06:12:38 |[34;20m INFO     [0m|[34;20m nipype.workflow  [0m|[34;20m [Node] Executing "_PlotMosaicSD0" <nireports.interfaces.mosaic.PlotMosaic>[0m
2026-03-27 06:12:39 |[34;20m INFO     [0m|[34;20m nipype.workflow  [0m|[34;20m [Node] Finished "_mean0", elapsed time 4.902018s.[0m
2026-03-27 06:12:39 |[34;20m INFO     [0m|[34;20m nipype.workflow  [0m|[34;20m [Node] Finished "_mean0", elapsed time 4.940234s.[0m
2026-03-27 06:12:40 |[34;20m INFO     [0m|[34;20m nipype.workflow  [0m|[34;20m [Node] Finished "_PlotMosaicSD0", elapsed time 1.8477320000000002s.[0m
2026-03-27 06:12:40 |[34;20m INFO     [0m|[34;20m nipype.workflow  [0m|[34;20m [Node] Setting-up "mriqc_wf.funcMRIQC.synthstrip_wf.pre_clip" in "/local/nvme/ds006401_06.783919/ds/tmp/mriqc_wf/funcMRIQC/synthstrip_wf/5711a74bf95a90cf2c2dbf4610a7925dc11b14ed/pre_clip".[0m
2026-03-27 06:12:40 |[34;20m INFO     [0m|[34;20m nipype.workflow  [0m|[34;20m [Node] Setting-up "mriqc_wf.funcMRIQC.SpatialNormalization.SharpenEPI" in "/local/nvme/ds006401_06.783919/ds/tmp/mriqc_wf/funcMRIQC/SpatialNormalization/5711a74bf95a90cf2c2dbf4610a7925dc11b14ed/SharpenEPI".[0m
2026-03-27 06:12:40 |[34;20m INFO     [0m|[34;20m nipype.workflow  [0m|[34;20m [Node] Executing "pre_clip" <niworkflows.interfaces.nibabel.IntensityClip>[0m
2026-03-27 06:12:40 |[34;20m INFO     [0m|[34;20m nipype.workflow  [0m|[34;20m [Node] Setting-up "_PlotMosaicMean0" in "/local/nvme/ds006401_06.783919/ds/tmp/mriqc_wf/funcMRIQC/func_report_wf/5711a74bf95a90cf2c2dbf4610a7925dc11b14ed/PlotMosaicMean/mapflow/_PlotMosaicMean0".[0m
2026-03-27 06:12:40 |[34;20m INFO     [0m|[34;20m nipype.workflow  [0m|[34;20m [Node] Executing "_PlotMosaicMean0" <nireports.interfaces.mosaic.PlotMosaic>[0m
2026-03-27 06:12:40 |[34;20m INFO     [0m|[34;20m nipype.workflow  [0m|[34;20m [Node] Executing "SharpenEPI" <nipype.interfaces.ants.segmentation.N4BiasFieldCorrection>[0m
2026-03-27 06:12:41 |[34;20m INFO     [0m|[34;20m nipype.workflow  [0m|[34;20m [Node] Finished "_mean0", elapsed time 6.179606s.[0m
2026-03-27 06:12:41 |[34;20m INFO     [0m|[34;20m nipype.workflow  [0m|[34;20m [Node] Finished "_compute_tsnr0", elapsed time 4.513149s.[0m
2026-03-27 06:12:41 |[34;20m INFO     [0m|[34;20m nipype.workflow  [0m|[34;20m [Node] Finished "pre_clip", elapsed time 0.950717s.[0m
2026-03-27 06:12:42 |[34;20m INFO     [0m|[34;20m nipype.workflow  [0m|[34;20m [Node] Finished "_PlotMosaicMean0", elapsed time 1.712677s.[0m
2026-03-27 06:12:42 |[34;20m INFO     [0m|[34;20m nipype.workflow  [0m|[34;20m [Node] Setting-up "mriqc_wf.funcMRIQC.synthstrip_wf.pre_clip" in "/local/nvme/ds006401_06.783919/ds/tmp/mriqc_wf/funcMRIQC/synthstrip_wf/6d6983392ffdc5460cc9553ab8acb99674e07200/pre_clip".[0m
2026-03-27 06:12:42 |[34;20m INFO     [0m|[34;20m nipype.workflow  [0m|[34;20m [Node] Setting-up "mriqc_wf.funcMRIQC.SpatialNormalization.SharpenEPI" in "/local/nvme/ds006401_06.783919/ds/tmp/mriqc_wf/funcMRIQC/SpatialNormalization/6d6983392ffdc5460cc9553ab8acb99674e07200/SharpenEPI".[0m
2026-03-27 06:12:42 |[34;20m INFO     [0m|[34;20m nipype.workflow  [0m|[34;20m [Node] Executing "SharpenEPI" <nipype.interfaces.ants.segmentation.N4BiasFieldCorrection>[0m
2026-03-27 06:12:42 |[34;20m INFO     [0m|[34;20m nipype.workflow  [0m|[34;20m [Node] Executing "pre_clip" <niworkflows.interfaces.nibabel.IntensityClip>[0m
2026-03-27 06:12:42 |[34;20m INFO     [0m|[34;20m nipype.workflow  [0m|[34;20m [Node] Setting-up "_PlotMosaicNoise0" in "/local/nvme/ds006401_06.783919/ds/tmp/mriqc_wf/funcMRIQC/func_report_wf/5711a74bf95a90cf2c2dbf4610a7925dc11b14ed/PlotMosaicNoise/mapflow/_PlotMosaicNoise0".[0m
2026-03-27 06:12:42 |[34;20m INFO     [0m|[34;20m nipype.workflow  [0m|[34;20m [Node] Setting-up "_PlotMosaicMean0" in "/local/nvme/ds006401_06.783919/ds/tmp/mriqc_wf/funcMRIQC/func_report_wf/6d6983392ffdc5460cc9553ab8acb99674e07200/PlotMosaicMean/mapflow/_PlotMosaicMean0".[0m
2026-03-27 06:12:42 |[34;20m INFO     [0m|[34;20m nipype.workflow  [0m|[34;20m [Node] Executing "_PlotMosaicNoise0" <nireports.interfaces.mosaic.PlotMosaic>[0m
2026-03-27 06:12:42 |[34;20m INFO     [0m|[34;20m nipype.workflow  [0m|[34;20m [Node] Executing "_PlotMosaicMean0" <nireports.interfaces.mosaic.PlotMosaic>[0m
2026-03-27 06:12:43 |[34;20m INFO     [0m|[34;20m nipype.workflow  [0m|[34;20m [Node] Finished "pre_clip", elapsed time 0.854944s.[0m
2026-03-27 06:12:44 |[34;20m INFO     [0m|[34;20m nipype.workflow  [0m|[34;20m [Node] Finished "_PlotMosaicNoise0", elapsed time 1.602538s.[0m
2026-03-27 06:12:44 |[34;20m INFO     [0m|[34;20m nipype.workflow  [0m|[34;20m [Node] Finished "_PlotMosaicMean0", elapsed time 1.837404s.[0m
2026-03-27 06:12:44 |[34;20m INFO     [0m|[34;20m nipype.workflow  [0m|[34;20m [Node] Setting-up "mriqc_wf.funcMRIQC.synthstrip_wf.pre_clip" in "/local/nvme/ds006401_06.783919/ds/tmp/mriqc_wf/funcMRIQC/synthstrip_wf/5eb053924e86897c9b2c8564709d22d696f0a6e0/pre_clip".[0m
2026-03-27 06:12:44 |[34;20m INFO     [0m|[34;20m nipype.workflow  [0m|[34;20m [Node] Setting-up "_PlotMosaicSD0" in "/local/nvme/ds006401_06.783919/ds/tmp/mriqc_wf/funcMRIQC/func_report_wf/6d6983392ffdc5460cc9553ab8acb99674e07200/PlotMosaicSD/mapflow/_PlotMosaicSD0".[0m
2026-03-27 06:12:44 |[34;20m INFO     [0m|[34;20m nipype.workflow  [0m|[34;20m [Node] Executing "_PlotMosaicSD0" <nireports.interfaces.mosaic.PlotMosaic>[0m
2026-03-27 06:12:44 |[34;20m INFO     [0m|[34;20m nipype.workflow  [0m|[34;20m [Node] Executing "pre_clip" <niworkflows.interfaces.nibabel.IntensityClip>[0m
2026-03-27 06:12:44 |[34;20m INFO     [0m|[34;20m nipype.workflow  [0m|[34;20m [Node] Setting-up "_PlotMosaicNoise0" in "/local/nvme/ds006401_06.783919/ds/tmp/mriqc_wf/funcMRIQC/func_report_wf/6d6983392ffdc5460cc9553ab8acb99674e07200/PlotMosaicNoise/mapflow/_PlotMosaicNoise0".[0m
2026-03-27 06:12:44 |[34;20m INFO     [0m|[34;20m nipype.workflow  [0m|[34;20m [Node] Executing "_PlotMosaicNoise0" <nireports.interfaces.mosaic.PlotMosaic>[0m
2026-03-27 06:12:45 |[34;20m INFO     [0m|[34;20m nipype.workflow  [0m|[34;20m [Node] Finished "pre_clip", elapsed time 0.885328s.[0m
2026-03-27 06:12:46 |[34;20m INFO     [0m|[34;20m nipype.workflow  [0m|[34;20m [Node] Finished "SharpenEPI", elapsed time 5.121138s.[0m
2026-03-27 06:12:46 |[34;20m INFO     [0m|[34;20m nipype.workflow  [0m|[34;20m [Node] Finished "_PlotMosaicNoise0", elapsed time 1.618795s.[0m
2026-03-27 06:12:46 |[34;20m INFO     [0m|[34;20m nipype.workflow  [0m|[34;20m [Node] Finished "_PlotMosaicSD0", elapsed time 1.749097s.[0m
2026-03-27 06:12:46 |[34;20m INFO     [0m|[34;20m nipype.workflow  [0m|[34;20m [Node] Setting-up "mriqc_wf.funcMRIQC.SpatialNormalization.SharpenEPI" in "/local/nvme/ds006401_06.783919/ds/tmp/mriqc_wf/funcMRIQC/SpatialNormalization/5eb053924e86897c9b2c8564709d22d696f0a6e0/SharpenEPI".[0m
2026-03-27 06:12:46 |[34;20m INFO     [0m|[34;20m nipype.workflow  [0m|[34;20m [Node] Executing "SharpenEPI" <nipype.interfaces.ants.segmentation.N4BiasFieldCorrection>[0m
2026-03-27 06:12:46 |[34;20m INFO     [0m|[34;20m nipype.workflow  [0m|[34;20m [Node] Setting-up "_PlotMosaicMean0" in "/local/nvme/ds006401_06.783919/ds/tmp/mriqc_wf/funcMRIQC/func_report_wf/5eb053924e86897c9b2c8564709d22d696f0a6e0/PlotMosaicMean/mapflow/_PlotMosaicMean0".[0m
2026-03-27 06:12:46 |[34;20m INFO     [0m|[34;20m nipype.workflow  [0m|[34;20m [Node] Setting-up "_PlotMosaicNoise0" in "/local/nvme/ds006401_06.783919/ds/tmp/mriqc_wf/funcMRIQC/func_report_wf/5eb053924e86897c9b2c8564709d22d696f0a6e0/PlotMosaicNoise/mapflow/_PlotMosaicNoise0".[0m
2026-03-27 06:12:46 |[34;20m INFO     [0m|[34;20m nipype.workflow  [0m|[34;20m [Node] Executing "_PlotMosaicMean0" <nireports.interfaces.mosaic.PlotMosaic>[0m
2026-03-27 06:12:46 |[34;20m INFO     [0m|[34;20m nipype.workflow  [0m|[34;20m [Node] Executing "_PlotMosaicNoise0" <nireports.interfaces.mosaic.PlotMosaic>[0m
2026-03-27 06:12:46 |[34;20m INFO     [0m|[34;20m nipype.workflow  [0m|[34;20m [Node] Setting-up "_PlotMosaicSD0" in "/local/nvme/ds006401_06.783919/ds/tmp/mriqc_wf/funcMRIQC/func_report_wf/5eb053924e86897c9b2c8564709d22d696f0a6e0/PlotMosaicSD/mapflow/_PlotMosaicSD0".[0m
2026-03-27 06:12:46 |[34;20m INFO     [0m|[34;20m nipype.workflow  [0m|[34;20m [Node] Executing "_PlotMosaicSD0" <nireports.interfaces.mosaic.PlotMosaic>[0m
2026-03-27 06:12:46 |[34;20m INFO     [0m|[34;20m nipype.workflow  [0m|[34;20m [Node] Finished "_quality0", elapsed time 11.965252s.[0m
2026-03-27 06:12:47 |[34;20m INFO     [0m|[34;20m nipype.workflow  [0m|[34;20m [Node] Finished "_quality0", elapsed time 12.212073s.[0m
2026-03-27 06:12:47 |[34;20m INFO     [0m|[34;20m nipype.workflow  [0m|[34;20m [Node] Finished "SharpenEPI", elapsed time 4.952746s.[0m
2026-03-27 06:12:48 |[34;20m INFO     [0m|[34;20m nipype.workflow  [0m|[34;20m [Node] Finished "_PlotMosaicMean0", elapsed time 1.548785s.[0m
2026-03-27 06:12:48 |[34;20m INFO     [0m|[34;20m nipype.workflow  [0m|[34;20m [Node] Finished "_PlotMosaicNoise0", elapsed time 1.7115740000000002s.[0m
2026-03-27 06:12:48 |[34;20m INFO     [0m|[34;20m nipype.workflow  [0m|[34;20m [Node] Finished "_PlotMosaicSD0", elapsed time 1.789832s.[0m
2026-03-27 06:12:48 |[34;20m INFO     [0m|[34;20m nipype.workflow  [0m|[34;20m [Node] Setting-up "_ds_report_mean0" in "/local/nvme/ds006401_06.783919/ds/tmp/mriqc_wf/funcMRIQC/func_report_wf/5711a74bf95a90cf2c2dbf4610a7925dc11b14ed/ds_report_mean/mapflow/_ds_report_mean0".[0m
2026-03-27 06:12:48 |[34;20m INFO     [0m|[34;20m nipype.workflow  [0m|[34;20m [Node] Executing "_ds_report_mean0" <mriqc.interfaces.DerivativesDataSink>[0m
2026-03-27 06:12:48 |[34;20m INFO     [0m|[34;20m nipype.workflow  [0m|[34;20m [Node] Finished "_ds_report_mean0", elapsed time 0.009632s.[0m
2026-03-27 06:12:48 |[34;20m INFO     [0m|[34;20m nipype.workflow  [0m|[34;20m [Node] Setting-up "_ds_report_background0" in "/local/nvme/ds006401_06.783919/ds/tmp/mriqc_wf/funcMRIQC/func_report_wf/5711a74bf95a90cf2c2dbf4610a7925dc11b14ed/ds_report_background/mapflow/_ds_report_background0".[0m
2026-03-27 06:12:48 |[34;20m INFO     [0m|[34;20m nipype.workflow  [0m|[34;20m [Node] Executing "_ds_report_background0" <mriqc.interfaces.DerivativesDataSink>[0m
2026-03-27 06:12:48 |[34;20m INFO     [0m|[34;20m nipype.workflow  [0m|[34;20m [Node] Finished "_ds_report_background0", elapsed time 0.005393s.[0m
2026-03-27 06:12:49 |[34;20m INFO     [0m|[34;20m nipype.workflow  [0m|[34;20m [Node] Setting-up "_ds_report_stdev0" in "/local/nvme/ds006401_06.783919/ds/tmp/mriqc_wf/funcMRIQC/func_report_wf/5711a74bf95a90cf2c2dbf4610a7925dc11b14ed/ds_report_stdev/mapflow/_ds_report_stdev0".[0m
2026-03-27 06:12:49 |[34;20m INFO     [0m|[34;20m nipype.workflow  [0m|[34;20m [Node] Executing "_ds_report_stdev0" <mriqc.interfaces.DerivativesDataSink>[0m
2026-03-27 06:12:49 |[34;20m INFO     [0m|[34;20m nipype.workflow  [0m|[34;20m [Node] Finished "_ds_report_stdev0", elapsed time 0.005467s.[0m
2026-03-27 06:12:49 |[34;20m INFO     [0m|[34;20m nipype.workflow  [0m|[34;20m [Node] Setting-up "_ds_report_mean0" in "/local/nvme/ds006401_06.783919/ds/tmp/mriqc_wf/funcMRIQC/func_report_wf/6d6983392ffdc5460cc9553ab8acb99674e07200/ds_report_mean/mapflow/_ds_report_mean0".[0m
2026-03-27 06:12:49 |[34;20m INFO     [0m|[34;20m nipype.workflow  [0m|[34;20m [Node] Executing "_ds_report_mean0" <mriqc.interfaces.DerivativesDataSink>[0m
2026-03-27 06:12:49 |[34;20m INFO     [0m|[34;20m nipype.workflow  [0m|[34;20m [Node] Finished "_ds_report_mean0", elapsed time 0.005312s.[0m
2026-03-27 06:12:49 |[34;20m INFO     [0m|[34;20m nipype.workflow  [0m|[34;20m [Node] Setting-up "_ds_report_background0" in "/local/nvme/ds006401_06.783919/ds/tmp/mriqc_wf/funcMRIQC/func_report_wf/6d6983392ffdc5460cc9553ab8acb99674e07200/ds_report_background/mapflow/_ds_report_background0".[0m
2026-03-27 06:12:49 |[34;20m INFO     [0m|[34;20m nipype.workflow  [0m|[34;20m [Node] Executing "_ds_report_background0" <mriqc.interfaces.DerivativesDataSink>[0m
2026-03-27 06:12:49 |[34;20m INFO     [0m|[34;20m nipype.workflow  [0m|[34;20m [Node] Finished "_ds_report_background0", elapsed time 0.005213s.[0m
2026-03-27 06:12:49 |[34;20m INFO     [0m|[34;20m nipype.workflow  [0m|[34;20m [Node] Setting-up "_ds_report_stdev0" in "/local/nvme/ds006401_06.783919/ds/tmp/mriqc_wf/funcMRIQC/func_report_wf/6d6983392ffdc5460cc9553ab8acb99674e07200/ds_report_stdev/mapflow/_ds_report_stdev0".[0m
2026-03-27 06:12:49 |[34;20m INFO     [0m|[34;20m nipype.workflow  [0m|[34;20m [Node] Executing "_ds_report_stdev0" <mriqc.interfaces.DerivativesDataSink>[0m
2026-03-27 06:12:49 |[34;20m INFO     [0m|[34;20m nipype.workflow  [0m|[34;20m [Node] Finished "_ds_report_stdev0", elapsed time 0.005334s.[0m
2026-03-27 06:12:49 |[34;20m INFO     [0m|[34;20m nipype.workflow  [0m|[34;20m [Node] Setting-up "_ds_report_mean0" in "/local/nvme/ds006401_06.783919/ds/tmp/mriqc_wf/funcMRIQC/func_report_wf/5eb053924e86897c9b2c8564709d22d696f0a6e0/ds_report_mean/mapflow/_ds_report_mean0".[0m
2026-03-27 06:12:49 |[34;20m INFO     [0m|[34;20m nipype.workflow  [0m|[34;20m [Node] Executing "_ds_report_mean0" <mriqc.interfaces.DerivativesDataSink>[0m
2026-03-27 06:12:49 |[34;20m INFO     [0m|[34;20m nipype.workflow  [0m|[34;20m [Node] Finished "_ds_report_mean0", elapsed time 0.004936s.[0m
2026-03-27 06:12:49 |[34;20m INFO     [0m|[34;20m nipype.workflow  [0m|[34;20m [Node] Setting-up "_ds_report_background0" in "/local/nvme/ds006401_06.783919/ds/tmp/mriqc_wf/funcMRIQC/func_report_wf/5eb053924e86897c9b2c8564709d22d696f0a6e0/ds_report_background/mapflow/_ds_report_background0".[0m
2026-03-27 06:12:49 |[34;20m INFO     [0m|[34;20m nipype.workflow  [0m|[34;20m [Node] Executing "_ds_report_background0" <mriqc.interfaces.DerivativesDataSink>[0m
2026-03-27 06:12:49 |[34;20m INFO     [0m|[34;20m nipype.workflow  [0m|[34;20m [Node] Finished "_ds_report_background0", elapsed time 0.005019s.[0m
2026-03-27 06:12:49 |[34;20m INFO     [0m|[34;20m nipype.workflow  [0m|[34;20m [Node] Setting-up "_ds_report_stdev0" in "/local/nvme/ds006401_06.783919/ds/tmp/mriqc_wf/funcMRIQC/func_report_wf/5eb053924e86897c9b2c8564709d22d696f0a6e0/ds_report_stdev/mapflow/_ds_report_stdev0".[0m
2026-03-27 06:12:49 |[34;20m INFO     [0m|[34;20m nipype.workflow  [0m|[34;20m [Node] Executing "_ds_report_stdev0" <mriqc.interfaces.DerivativesDataSink>[0m
2026-03-27 06:12:49 |[34;20m INFO     [0m|[34;20m nipype.workflow  [0m|[34;20m [Node] Finished "_ds_report_stdev0", elapsed time 0.005048s.[0m
2026-03-27 06:12:51 |[34;20m INFO     [0m|[34;20m nipype.workflow  [0m|[34;20m [Node] Finished "SharpenEPI", elapsed time 4.846862s.[0m
2026-03-27 06:12:53 |[34;20m INFO     [0m|[34;20m nipype.workflow  [0m|[34;20m [Node] Finished "_quality0", elapsed time 15.187858s.[0m
2026-03-27 06:12:54 |[34;20m INFO     [0m|[34;20m nipype.workflow  [0m|[34;20m [Node] Setting-up "mriqc_wf.funcMRIQC.synthstrip_wf.pre_n4" in "/local/nvme/ds006401_06.783919/ds/tmp/mriqc_wf/funcMRIQC/synthstrip_wf/5711a74bf95a90cf2c2dbf4610a7925dc11b14ed/pre_n4".[0m
2026-03-27 06:12:54 |[34;20m INFO     [0m|[34;20m nipype.workflow  [0m|[34;20m [Node] Executing "pre_n4" <nipype.interfaces.ants.segmentation.N4BiasFieldCorrection>[0m
2026-03-27 06:12:56 |[34;20m INFO     [0m|[34;20m nipype.workflow  [0m|[34;20m [Node] Finished "pre_n4", elapsed time 1.355002s.[0m
2026-03-27 06:12:56 |[34;20m INFO     [0m|[34;20m nipype.workflow  [0m|[34;20m [Node] Setting-up "mriqc_wf.funcMRIQC.synthstrip_wf.pre_n4" in "/local/nvme/ds006401_06.783919/ds/tmp/mriqc_wf/funcMRIQC/synthstrip_wf/6d6983392ffdc5460cc9553ab8acb99674e07200/pre_n4".[0m
2026-03-27 06:12:56 |[34;20m INFO     [0m|[34;20m nipype.workflow  [0m|[34;20m [Node] Executing "pre_n4" <nipype.interfaces.ants.segmentation.N4BiasFieldCorrection>[0m
2026-03-27 06:12:58 |[34;20m INFO     [0m|[34;20m nipype.workflow  [0m|[34;20m [Node] Finished "pre_n4", elapsed time 1.269963s.[0m
2026-03-27 06:12:58 |[34;20m INFO     [0m|[34;20m nipype.workflow  [0m|[34;20m [Node] Setting-up "mriqc_wf.funcMRIQC.synthstrip_wf.pre_n4" in "/local/nvme/ds006401_06.783919/ds/tmp/mriqc_wf/funcMRIQC/synthstrip_wf/5eb053924e86897c9b2c8564709d22d696f0a6e0/pre_n4".[0m
2026-03-27 06:12:58 |[34;20m INFO     [0m|[34;20m nipype.workflow  [0m|[34;20m [Node] Executing "pre_n4" <nipype.interfaces.ants.segmentation.N4BiasFieldCorrection>[0m
2026-03-27 06:13:00 |[34;20m INFO     [0m|[34;20m nipype.workflow  [0m|[34;20m [Node] Finished "pre_n4", elapsed time 1.335464s.[0m
2026-03-27 06:13:00 |[34;20m INFO     [0m|[34;20m nipype.workflow  [0m|[34;20m [Node] Setting-up "mriqc_wf.funcMRIQC.synthstrip_wf.synthstrip" in "/local/nvme/ds006401_06.783919/ds/tmp/mriqc_wf/funcMRIQC/synthstrip_wf/5711a74bf95a90cf2c2dbf4610a7925dc11b14ed/synthstrip".[0m
2026-03-27 06:13:00 |[34;20m INFO     [0m|[34;20m nipype.workflow  [0m|[34;20m [Node] Executing "synthstrip" <mriqc.interfaces.synthstrip.SynthStrip>[0m
2026-03-27 06:13:18 |[34;20m INFO     [0m|[34;20m nipype.workflow  [0m|[34;20m [Node] Finished "synthstrip", elapsed time 17.224814s.[0m
2026-03-27 06:13:18 |[34;20m INFO     [0m|[34;20m nipype.workflow  [0m|[34;20m [Node] Setting-up "mriqc_wf.funcMRIQC.synthstrip_wf.synthstrip" in "/local/nvme/ds006401_06.783919/ds/tmp/mriqc_wf/funcMRIQC/synthstrip_wf/6d6983392ffdc5460cc9553ab8acb99674e07200/synthstrip".[0m
2026-03-27 06:13:18 |[34;20m INFO     [0m|[34;20m nipype.workflow  [0m|[34;20m [Node] Executing "synthstrip" <mriqc.interfaces.synthstrip.SynthStrip>[0m
2026-03-27 06:13:33 |[34;20m INFO     [0m|[34;20m nipype.workflow  [0m|[34;20m [Node] Finished "synthstrip", elapsed time 14.957841s.[0m
2026-03-27 06:13:34 |[34;20m INFO     [0m|[34;20m nipype.workflow  [0m|[34;20m [Node] Setting-up "mriqc_wf.funcMRIQC.synthstrip_wf.synthstrip" in "/local/nvme/ds006401_06.783919/ds/tmp/mriqc_wf/funcMRIQC/synthstrip_wf/5eb053924e86897c9b2c8564709d22d696f0a6e0/synthstrip".[0m
2026-03-27 06:13:34 |[34;20m INFO     [0m|[34;20m nipype.workflow  [0m|[34;20m [Node] Executing "synthstrip" <mriqc.interfaces.synthstrip.SynthStrip>[0m
2026-03-27 06:13:52 |[34;20m INFO     [0m|[34;20m nipype.workflow  [0m|[34;20m [Node] Finished "synthstrip", elapsed time 18.073777s.[0m
2026-03-27 06:13:54 |[34;20m INFO     [0m|[34;20m nipype.workflow  [0m|[34;20m [Node] Setting-up "mriqc_wf.funcMRIQC.synthstrip_wf.post_n4" in "/local/nvme/ds006401_06.783919/ds/tmp/mriqc_wf/funcMRIQC/synthstrip_wf/5711a74bf95a90cf2c2dbf4610a7925dc11b14ed/post_n4".[0m
2026-03-27 06:13:54 |[34;20m INFO     [0m|[34;20m nipype.workflow  [0m|[34;20m [Node] Executing "post_n4" <nipype.interfaces.ants.segmentation.N4BiasFieldCorrection>[0m
2026-03-27 06:13:55 |[34;20m INFO     [0m|[34;20m nipype.workflow  [0m|[34;20m [Node] Finished "post_n4", elapsed time 1.083551s.[0m
2026-03-27 06:13:56 |[34;20m INFO     [0m|[34;20m nipype.workflow  [0m|[34;20m [Node] Setting-up "mriqc_wf.funcMRIQC.SpatialNormalization.EPI2MNI" in "/local/nvme/ds006401_06.783919/ds/tmp/mriqc_wf/funcMRIQC/SpatialNormalization/5711a74bf95a90cf2c2dbf4610a7925dc11b14ed/EPI2MNI".[0m
2026-03-27 06:13:56 |[34;20m INFO     [0m|[34;20m nipype.workflow  [0m|[34;20m [Node] Executing "EPI2MNI" <niworkflows.interfaces.reportlets.registration.SpatialNormalizationRPT>[0m
2026-03-27 06:13:56 |[34;20m INFO     [0m|[34;20m niworkflows      [0m|[34;20m Estimating initial transform using AffineInitializer[0m
2026-03-27 06:14:02 |[34;20m INFO     [0m|[34;20m niworkflows      [0m|[34;20m Terminal outputs of initialization saved (/local/nvme/ds006401_06.783919/ds/tmp/mriqc_wf/funcMRIQC/SpatialNormalization/5711a74bf95a90cf2c2dbf4610a7925dc11b14ed/EPI2MNI/stderr.nipype-init).[0m
2026-03-27 06:14:02 |[34;20m INFO     [0m|[34;20m niworkflows      [0m|[34;20m Loading settings from file /opt/conda/lib/python3.11/site-packages/niworkflows/data/boldref-mni_registration_precise_000.json.[0m
2026-03-27 06:14:02 |[34;20m INFO     [0m|[34;20m niworkflows      [0m|[34;20m Retry #1, commandline: 
antsRegistration --collapse-output-transforms 1 --dimensionality 3 --float 0 --initial-moving-transform [ /local/nvme/ds006401_06.783919/ds/tmp/mriqc_wf/funcMRIQC/SpatialNormalization/5711a74bf95a90cf2c2dbf4610a7925dc11b14ed/EPI2MNI/transform.mat, 0 ] --initialize-transforms-per-stage 0 --interpolation LanczosWindowedSinc --output [ epi_to_mni, epi_to_mni_Warped.nii.gz ] --transform Rigid[ 0.05 ] --metric Mattes[ /templateflow/tpl-MNI152NLin2009cAsym/tpl-MNI152NLin2009cAsym_res-02_desc-fMRIPrep_boldref.nii.gz, /local/nvme/ds006401_06.783919/ds/tmp/mriqc_wf/funcMRIQC/SpatialNormalization/5711a74bf95a90cf2c2dbf4610a7925dc11b14ed/SharpenEPI/sub-06_ses-01_task-mid_run-01_bold_desc-realigned_valid_tstat_corrected.nii.gz, 1, 56, Regular, 0.25 ] --convergence [ 10000x1000x100, 1e-06, 20 ] --smoothing-sigmas 4.0x2.0x1.0vox --shrink-factors 4x2x1 --use-histogram-matching 1 --masks [ /templateflow/tpl-MNI152NLin2009cAsym/tpl-MNI152NLin2009cAsym_res-02_desc-brain_mask.nii.gz, /local/nvme/ds006401_06.783919/ds/tmp/mriqc_wf/funcMRIQC/synthstrip_wf/5711a74bf95a90cf2c2dbf4610a7925dc11b14ed/synthstrip/clipped_corrected_desc-brain_mask.nii.gz ] --transform Affine[ 0.08 ] --metric Mattes[ /templateflow/tpl-MNI152NLin2009cAsym/tpl-MNI152NLin2009cAsym_res-02_desc-fMRIPrep_boldref.nii.gz, /local/nvme/ds006401_06.783919/ds/tmp/mriqc_wf/funcMRIQC/SpatialNormalization/5711a74bf95a90cf2c2dbf4610a7925dc11b14ed/SharpenEPI/sub-06_ses-01_task-mid_run-01_bold_desc-realigned_valid_tstat_corrected.nii.gz, 1, 56, Regular, 0.25 ] --convergence [ 500x250x100, 1e-06, 20 ] --smoothing-sigmas 4.0x2.0x1.0vox --shrink-factors 8x4x2 --use-histogram-matching 1 --masks [ /templateflow/tpl-MNI152NLin2009cAsym/tpl-MNI152NLin2009cAsym_res-02_desc-brain_mask.nii.gz, /local/nvme/ds006401_06.783919/ds/tmp/mriqc_wf/funcMRIQC/synthstrip_wf/5711a74bf95a90cf2c2dbf4610a7925dc11b14ed/synthstrip/clipped_corrected_desc-brain_mask.nii.gz ] --transform SyN[ 0.1, 3.0, 0.0 ] --metric CC[ /templateflow/tpl-MNI152NLin2009cAsym/tpl-MNI152NLin2009cAsym_res-02_desc-fMRIPrep_boldref.nii.gz, /local/nvme/ds006401_06.783919/ds/tmp/mriqc_wf/funcMRIQC/SpatialNormalization/5711a74bf95a90cf2c2dbf4610a7925dc11b14ed/SharpenEPI/sub-06_ses-01_task-mid_run-01_bold_desc-realigned_valid_tstat_corrected.nii.gz, 1, 4, None, 1 ] --convergence [ 100x30x20, 1e-06, 10 ] --smoothing-sigmas 3.0x2.0x1.0vox --shrink-factors 8x4x2 --use-histogram-matching 1 --masks [ /templateflow/tpl-MNI152NLin2009cAsym/tpl-MNI152NLin2009cAsym_res-02_desc-brain_mask.nii.gz, /local/nvme/ds006401_06.783919/ds/tmp/mriqc_wf/funcMRIQC/synthstrip_wf/5711a74bf95a90cf2c2dbf4610a7925dc11b14ed/synthstrip/clipped_corrected_desc-brain_mask.nii.gz ] --winsorize-image-intensities [ 0.005, 0.995 ]  --write-composite-transform 1[0m
2026-03-27 06:14:15 |[34;20m INFO     [0m|[34;20m niworkflows      [0m|[34;20m Successful spatial normalization (retry #1).[0m
2026-03-27 06:14:15 |[34;20m INFO     [0m|[34;20m niworkflows      [0m|[34;20m Report - setting fixed (/templateflow/tpl-MNI152NLin2009cAsym/tpl-MNI152NLin2009cAsym_res-02_desc-fMRIPrep_boldref.nii.gz) and moving (/local/nvme/ds006401_06.783919/ds/tmp/mriqc_wf/funcMRIQC/SpatialNormalization/5711a74bf95a90cf2c2dbf4610a7925dc11b14ed/EPI2MNI/epi_to_mni_Warped.nii.gz) images[0m
2026-03-27 06:14:15 |[34;20m INFO     [0m|[34;20m niworkflows      [0m|[34;20m Generating visual report[0m
2026-03-27 06:14:32 |[34;20m INFO     [0m|[34;20m nipype.workflow  [0m|[34;20m [Node] Finished "EPI2MNI", elapsed time 35.590181s.[0m
2026-03-27 06:14:32 |[34;20m INFO     [0m|[34;20m nipype.workflow  [0m|[34;20m [Node] Setting-up "mriqc_wf.funcMRIQC.func_report_wf.dilated_mask" in "/local/nvme/ds006401_06.783919/ds/tmp/mriqc_wf/funcMRIQC/func_report_wf/5711a74bf95a90cf2c2dbf4610a7925dc11b14ed/dilated_mask".[0m
2026-03-27 06:14:32 |[34;20m INFO     [0m|[34;20m nipype.workflow  [0m|[34;20m [Node] Setting-up "_ComputeDVARS0" in "/local/nvme/ds006401_06.783919/ds/tmp/mriqc_wf/funcMRIQC/ComputeIQMs/5711a74bf95a90cf2c2dbf4610a7925dc11b14ed/ComputeDVARS/mapflow/_ComputeDVARS0".[0m
2026-03-27 06:14:32 |[34;20m INFO     [0m|[34;20m nipype.workflow  [0m|[34;20m [Node] Setting-up "_smoothness0" in "/local/nvme/ds006401_06.783919/ds/tmp/mriqc_wf/funcMRIQC/ComputeIQMs/5711a74bf95a90cf2c2dbf4610a7925dc11b14ed/smoothness/mapflow/_smoothness0".[0m
2026-03-27 06:14:32 |[34;20m INFO     [0m|[34;20m nipype.workflow  [0m|[34;20m [Node] Setting-up "_outliers0" in "/local/nvme/ds006401_06.783919/ds/tmp/mriqc_wf/funcMRIQC/ComputeIQMs/5711a74bf95a90cf2c2dbf4610a7925dc11b14ed/outliers/mapflow/_outliers0".[0m
2026-03-27 06:14:32 |[34;20m INFO     [0m|[34;20m nipype.workflow  [0m|[34;20m [Node] Setting-up "mriqc_wf.funcMRIQC.func_report_wf.PlotBrainmask" in "/local/nvme/ds006401_06.783919/ds/tmp/mriqc_wf/funcMRIQC/func_report_wf/5711a74bf95a90cf2c2dbf4610a7925dc11b14ed/PlotBrainmask".[0m
2026-03-27 06:14:32 |[34;20m INFO     [0m|[34;20m nipype.workflow  [0m|[34;20m [Node] Executing "_smoothness0" <nipype.interfaces.afni.utils.FWHMx>[0m
2026-03-27 06:14:32 |[34;20m INFO     [0m|[34;20m nipype.workflow  [0m|[34;20m [Node] Executing "_ComputeDVARS0" <nipype.algorithms.confounds.ComputeDVARS>[0m
2026-03-27 06:14:32 |[34;20m INFO     [0m|[34;20m nipype.workflow  [0m|[34;20m [Node] Executing "dilated_mask" <niworkflows.interfaces.morphology.BinaryDilation>[0m
2026-03-27 06:14:32 |[34;20m INFO     [0m|[34;20m nipype.workflow  [0m|[34;20m [Node] Setting-up "_gcor0" in "/local/nvme/ds006401_06.783919/ds/tmp/mriqc_wf/funcMRIQC/ComputeIQMs/5711a74bf95a90cf2c2dbf4610a7925dc11b14ed/gcor/mapflow/_gcor0".[0m
2026-03-27 06:14:32 |[34;20m INFO     [0m|[34;20m nipype.workflow  [0m|[34;20m [Node] Executing "_outliers0" <nipype.interfaces.afni.preprocess.OutlierCount>[0m
2026-03-27 06:14:32 |[34;20m INFO     [0m|[34;20m nipype.workflow  [0m|[34;20m [Node] Setting-up "_PlotMosaicZoomed0" in "/local/nvme/ds006401_06.783919/ds/tmp/mriqc_wf/funcMRIQC/func_report_wf/5711a74bf95a90cf2c2dbf4610a7925dc11b14ed/PlotMosaicZoomed/mapflow/_PlotMosaicZoomed0".[0m
2026-03-27 06:14:32 |[34;20m INFO     [0m|[34;20m nipype.workflow  [0m|[34;20m [Node] Executing "PlotBrainmask" <nireports.interfaces.mosaic.PlotContours>[0m
2026-03-27 06:14:32 |[34;20m INFO     [0m|[34;20m nipype.workflow  [0m|[34;20m [Node] Executing "_gcor0" <mriqc.interfaces.transitional.GCOR>[0m
2026-03-27 06:14:32 |[34;20m INFO     [0m|[34;20m nipype.workflow  [0m|[34;20m [Node] Executing "_PlotMosaicZoomed0" <nireports.interfaces.mosaic.PlotMosaic>[0m
2026-03-27 06:14:32 |[34;20m INFO     [0m|[34;20m nipype.workflow  [0m|[34;20m [Node] Setting-up "_ComputeDVARS0" in "/local/nvme/ds006401_06.783919/ds/tmp/mriqc_wf/funcMRIQC/ComputeIQMs/6d6983392ffdc5460cc9553ab8acb99674e07200/ComputeDVARS/mapflow/_ComputeDVARS0".[0m
2026-03-27 06:14:32 |[34;20m INFO     [0m|[34;20m nipype.workflow  [0m|[34;20m [Node] Executing "_ComputeDVARS0" <nipype.algorithms.confounds.ComputeDVARS>[0m
2026-03-27 06:14:32 |[34;20m INFO     [0m|[34;20m nipype.workflow  [0m|[34;20m [Node] Finished "dilated_mask", elapsed time 0.025517s.[0m
2026-03-27 06:14:33 |[34;20m INFO     [0m|[34;20m nipype.workflow  [0m|[34;20m [Node] Finished "_smoothness0", elapsed time 0.68718s.[0m
2026-03-27 06:14:34 |[34;20m INFO     [0m|[34;20m nipype.workflow  [0m|[34;20m [Node] Finished "PlotBrainmask", elapsed time 1.29204s.[0m
2026-03-27 06:14:34 |[34;20m INFO     [0m|[34;20m nipype.workflow  [0m|[34;20m [Node] Finished "_PlotMosaicZoomed0", elapsed time 1.8010389999999998s.[0m
2026-03-27 06:14:34 |[34;20m INFO     [0m|[34;20m nipype.workflow  [0m|[34;20m [Node] Setting-up "mriqc_wf.funcMRIQC.func_report_wf.dilated_mask" in "/local/nvme/ds006401_06.783919/ds/tmp/mriqc_wf/funcMRIQC/func_report_wf/6d6983392ffdc5460cc9553ab8acb99674e07200/dilated_mask".[0m
2026-03-27 06:14:34 |[34;20m INFO     [0m|[34;20m nipype.workflow  [0m|[34;20m [Node] Executing "dilated_mask" <niworkflows.interfaces.morphology.BinaryDilation>[0m
2026-03-27 06:14:34 |[34;20m INFO     [0m|[34;20m nipype.workflow  [0m|[34;20m [Node] Setting-up "_outliers0" in "/local/nvme/ds006401_06.783919/ds/tmp/mriqc_wf/funcMRIQC/ComputeIQMs/6d6983392ffdc5460cc9553ab8acb99674e07200/outliers/mapflow/_outliers0".[0m
2026-03-27 06:14:34 |[34;20m INFO     [0m|[34;20m nipype.workflow  [0m|[34;20m [Node] Setting-up "_gcor0" in "/local/nvme/ds006401_06.783919/ds/tmp/mriqc_wf/funcMRIQC/ComputeIQMs/6d6983392ffdc5460cc9553ab8acb99674e07200/gcor/mapflow/_gcor0".[0m
2026-03-27 06:14:34 |[34;20m INFO     [0m|[34;20m nipype.workflow  [0m|[34;20m [Node] Executing "_outliers0" <nipype.interfaces.afni.preprocess.OutlierCount>[0m
2026-03-27 06:14:34 |[34;20m INFO     [0m|[34;20m nipype.workflow  [0m|[34;20m [Node] Executing "_gcor0" <mriqc.interfaces.transitional.GCOR>[0m
2026-03-27 06:14:34 |[34;20m INFO     [0m|[34;20m nipype.workflow  [0m|[34;20m [Node] Setting-up "_smoothness0" in "/local/nvme/ds006401_06.783919/ds/tmp/mriqc_wf/funcMRIQC/ComputeIQMs/6d6983392ffdc5460cc9553ab8acb99674e07200/smoothness/mapflow/_smoothness0".[0m
2026-03-27 06:14:34 |[34;20m INFO     [0m|[34;20m nipype.workflow  [0m|[34;20m [Node] Executing "_smoothness0" <nipype.interfaces.afni.utils.FWHMx>[0m
2026-03-27 06:14:34 |[34;20m INFO     [0m|[34;20m nipype.workflow  [0m|[34;20m [Node] Finished "dilated_mask", elapsed time 0.044185s.[0m
2026-03-27 06:14:35 |[34;20m INFO     [0m|[34;20m nipype.workflow  [0m|[34;20m [Node] Finished "_smoothness0", elapsed time 0.619466s.[0m
2026-03-27 06:14:36 |[34;20m INFO     [0m|[34;20m nipype.workflow  [0m|[34;20m [Node] Setting-up "mriqc_wf.funcMRIQC.func_report_wf.PlotBrainmask" in "/local/nvme/ds006401_06.783919/ds/tmp/mriqc_wf/funcMRIQC/func_report_wf/6d6983392ffdc5460cc9553ab8acb99674e07200/PlotBrainmask".[0m
2026-03-27 06:14:36 |[34;20m INFO     [0m|[34;20m nipype.workflow  [0m|[34;20m [Node] Setting-up "_PlotMosaicZoomed0" in "/local/nvme/ds006401_06.783919/ds/tmp/mriqc_wf/funcMRIQC/func_report_wf/6d6983392ffdc5460cc9553ab8acb99674e07200/PlotMosaicZoomed/mapflow/_PlotMosaicZoomed0".[0m
2026-03-27 06:14:36 |[34;20m INFO     [0m|[34;20m nipype.workflow  [0m|[34;20m [Node] Executing "PlotBrainmask" <nireports.interfaces.mosaic.PlotContours>[0m
2026-03-27 06:14:36 |[34;20m INFO     [0m|[34;20m nipype.workflow  [0m|[34;20m [Node] Executing "_PlotMosaicZoomed0" <nireports.interfaces.mosaic.PlotMosaic>[0m
2026-03-27 06:14:38 |[34;20m INFO     [0m|[34;20m nipype.workflow  [0m|[34;20m [Node] Finished "PlotBrainmask", elapsed time 1.290175s.[0m
2026-03-27 06:14:38 |[34;20m INFO     [0m|[34;20m nipype.workflow  [0m|[34;20m [Node] Finished "_outliers0", elapsed time 5.694483s.[0m
2026-03-27 06:14:38 |[34;20m INFO     [0m|[34;20m nipype.workflow  [0m|[34;20m [Node] Finished "_PlotMosaicZoomed0", elapsed time 1.77023s.[0m
2026-03-27 06:14:38 |[34;20m INFO     [0m|[34;20m nipype.workflow  [0m|[34;20m [Node] Setting-up "_smoothness0" in "/local/nvme/ds006401_06.783919/ds/tmp/mriqc_wf/funcMRIQC/ComputeIQMs/5eb053924e86897c9b2c8564709d22d696f0a6e0/smoothness/mapflow/_smoothness0".[0m
2026-03-27 06:14:38 |[34;20m INFO     [0m|[34;20m nipype.workflow  [0m|[34;20m [Node] Setting-up "_ComputeDVARS0" in "/local/nvme/ds006401_06.783919/ds/tmp/mriqc_wf/funcMRIQC/ComputeIQMs/5eb053924e86897c9b2c8564709d22d696f0a6e0/ComputeDVARS/mapflow/_ComputeDVARS0".[0m
2026-03-27 06:14:38 |[34;20m INFO     [0m|[34;20m nipype.workflow  [0m|[34;20m [Node] Setting-up "_outliers0" in "/local/nvme/ds006401_06.783919/ds/tmp/mriqc_wf/funcMRIQC/ComputeIQMs/5eb053924e86897c9b2c8564709d22d696f0a6e0/outliers/mapflow/_outliers0".[0m
2026-03-27 06:14:38 |[34;20m INFO     [0m|[34;20m nipype.workflow  [0m|[34;20m [Node] Executing "_ComputeDVARS0" <nipype.algorithms.confounds.ComputeDVARS>[0m
2026-03-27 06:14:38 |[34;20m INFO     [0m|[34;20m nipype.workflow  [0m|[34;20m [Node] Executing "_smoothness0" <nipype.interfaces.afni.utils.FWHMx>[0m
2026-03-27 06:14:38 |[34;20m INFO     [0m|[34;20m nipype.workflow  [0m|[34;20m [Node] Executing "_outliers0" <nipype.interfaces.afni.preprocess.OutlierCount>[0m
2026-03-27 06:14:39 |[34;20m INFO     [0m|[34;20m nipype.workflow  [0m|[34;20m [Node] Finished "_smoothness0", elapsed time 0.664443s.[0m
2026-03-27 06:14:40 |[34;20m INFO     [0m|[34;20m nipype.workflow  [0m|[34;20m [Node] Finished "_outliers0", elapsed time 5.785193s.[0m
2026-03-27 06:14:40 |[34;20m INFO     [0m|[34;20m nipype.workflow  [0m|[34;20m [Node] Setting-up "_gcor0" in "/local/nvme/ds006401_06.783919/ds/tmp/mriqc_wf/funcMRIQC/ComputeIQMs/5eb053924e86897c9b2c8564709d22d696f0a6e0/gcor/mapflow/_gcor0".[0m
2026-03-27 06:14:40 |[34;20m INFO     [0m|[34;20m nipype.workflow  [0m|[34;20m [Node] Setting-up "mriqc_wf.funcMRIQC.func_report_wf.dilated_mask" in "/local/nvme/ds006401_06.783919/ds/tmp/mriqc_wf/funcMRIQC/func_report_wf/5eb053924e86897c9b2c8564709d22d696f0a6e0/dilated_mask".[0m
2026-03-27 06:14:40 |[34;20m INFO     [0m|[34;20m nipype.workflow  [0m|[34;20m [Node] Executing "_gcor0" <mriqc.interfaces.transitional.GCOR>[0m
2026-03-27 06:14:40 |[34;20m INFO     [0m|[34;20m nipype.workflow  [0m|[34;20m [Node] Executing "dilated_mask" <niworkflows.interfaces.morphology.BinaryDilation>[0m
2026-03-27 06:14:40 |[34;20m INFO     [0m|[34;20m nipype.workflow  [0m|[34;20m [Node] Finished "dilated_mask", elapsed time 0.045531s.[0m
2026-03-27 06:14:42 |[34;20m INFO     [0m|[34;20m nipype.workflow  [0m|[34;20m [Node] Setting-up "_PlotMosaicZoomed0" in "/local/nvme/ds006401_06.783919/ds/tmp/mriqc_wf/funcMRIQC/func_report_wf/5eb053924e86897c9b2c8564709d22d696f0a6e0/PlotMosaicZoomed/mapflow/_PlotMosaicZoomed0".[0m
2026-03-27 06:14:42 |[34;20m INFO     [0m|[34;20m nipype.workflow  [0m|[34;20m [Node] Executing "_PlotMosaicZoomed0" <nireports.interfaces.mosaic.PlotMosaic>[0m
2026-03-27 06:14:43 |[34;20m INFO     [0m|[34;20m nipype.workflow  [0m|[34;20m [Node] Finished "_gcor0", elapsed time 10.340083s.[0m
2026-03-27 06:14:44 |[34;20m INFO     [0m|[34;20m nipype.workflow  [0m|[34;20m [Node] Finished "_gcor0", elapsed time 9.761349s.[0m
2026-03-27 06:14:44 |[34;20m INFO     [0m|[34;20m nipype.workflow  [0m|[34;20m [Node] Setting-up "mriqc_wf.funcMRIQC.synthstrip_wf.final_masked" in "/local/nvme/ds006401_06.783919/ds/tmp/mriqc_wf/funcMRIQC/synthstrip_wf/5711a74bf95a90cf2c2dbf4610a7925dc11b14ed/final_masked".[0m
2026-03-27 06:14:44 |[34;20m INFO     [0m|[34;20m nipype.workflow  [0m|[34;20m [Node] Setting-up "mriqc_wf.funcMRIQC.func_report_wf.PlotBrainmask" in "/local/nvme/ds006401_06.783919/ds/tmp/mriqc_wf/funcMRIQC/func_report_wf/5eb053924e86897c9b2c8564709d22d696f0a6e0/PlotBrainmask".[0m
2026-03-27 06:14:44 |[34;20m INFO     [0m|[34;20m nipype.workflow  [0m|[34;20m [Node] Executing "final_masked" <niworkflows.interfaces.nibabel.ApplyMask>[0m
2026-03-27 06:14:44 |[34;20m INFO     [0m|[34;20m nipype.workflow  [0m|[34;20m [Node] Executing "PlotBrainmask" <nireports.interfaces.mosaic.PlotContours>[0m
2026-03-27 06:14:44 |[34;20m INFO     [0m|[34;20m nipype.workflow  [0m|[34;20m [Node] Finished "final_masked", elapsed time 0.038337s.[0m
2026-03-27 06:14:44 |[34;20m INFO     [0m|[34;20m nipype.workflow  [0m|[34;20m [Node] Finished "_PlotMosaicZoomed0", elapsed time 2.095286s.[0m
2026-03-27 06:14:46 |[34;20m INFO     [0m|[34;20m nipype.workflow  [0m|[34;20m [Node] Finished "PlotBrainmask", elapsed time 1.298225s.[0m
2026-03-27 06:14:46 |[34;20m INFO     [0m|[34;20m nipype.workflow  [0m|[34;20m [Node] Finished "_outliers0", elapsed time 7.360342s.[0m
2026-03-27 06:14:46 |[34;20m INFO     [0m|[34;20m nipype.workflow  [0m|[34;20m [Node] Setting-up "mriqc_wf.funcMRIQC.func_report_wf.ds_report_norm" in "/local/nvme/ds006401_06.783919/ds/tmp/mriqc_wf/funcMRIQC/func_report_wf/5711a74bf95a90cf2c2dbf4610a7925dc11b14ed/ds_report_norm".[0m
2026-03-27 06:14:46 |[34;20m INFO     [0m|[34;20m nipype.workflow  [0m|[34;20m [Node] Setting-up "mriqc_wf.funcMRIQC.SpatialNormalization.ResampleSegmentation" in "/local/nvme/ds006401_06.783919/ds/tmp/mriqc_wf/funcMRIQC/SpatialNormalization/5711a74bf95a90cf2c2dbf4610a7925dc11b14ed/ResampleSegmentation".[0m
2026-03-27 06:14:46 |[34;20m INFO     [0m|[34;20m nipype.workflow  [0m|[34;20m [Node] Executing "ds_report_norm" <mriqc.interfaces.DerivativesDataSink>[0m
2026-03-27 06:14:46 |[34;20m INFO     [0m|[34;20m nipype.workflow  [0m|[34;20m [Node] Executing "ResampleSegmentation" <nipype.interfaces.ants.resampling.ApplyTransforms>[0m
2026-03-27 06:14:46 |[34;20m INFO     [0m|[34;20m nipype.workflow  [0m|[34;20m [Node] Finished "ds_report_norm", elapsed time 0.005694s.[0m
2026-03-27 06:14:46 |[34;20m INFO     [0m|[34;20m nipype.workflow  [0m|[34;20m [Node] Setting-up "mriqc_wf.funcMRIQC.func_report_wf.subtract_mask" in "/local/nvme/ds006401_06.783919/ds/tmp/mriqc_wf/funcMRIQC/func_report_wf/5711a74bf95a90cf2c2dbf4610a7925dc11b14ed/subtract_mask".[0m
2026-03-27 06:14:46 |[34;20m INFO     [0m|[34;20m nipype.workflow  [0m|[34;20m [Node] Executing "subtract_mask" <niworkflows.interfaces.morphology.BinarySubtraction>[0m
2026-03-27 06:14:46 |[34;20m INFO     [0m|[34;20m nipype.workflow  [0m|[34;20m [Node] Setting-up "_ds_report_zoomed0" in "/local/nvme/ds006401_06.783919/ds/tmp/mriqc_wf/funcMRIQC/func_report_wf/5711a74bf95a90cf2c2dbf4610a7925dc11b14ed/ds_report_zoomed/mapflow/_ds_report_zoomed0".[0m
2026-03-27 06:14:46 |[34;20m INFO     [0m|[34;20m nipype.workflow  [0m|[34;20m [Node] Executing "_ds_report_zoomed0" <mriqc.interfaces.DerivativesDataSink>[0m
2026-03-27 06:14:46 |[34;20m INFO     [0m|[34;20m nipype.workflow  [0m|[34;20m [Node] Finished "_ds_report_zoomed0", elapsed time 0.006061s.[0m
2026-03-27 06:14:46 |[34;20m INFO     [0m|[34;20m nipype.workflow  [0m|[34;20m [Node] Finished "subtract_mask", elapsed time 0.019522s.[0m
2026-03-27 06:14:47 |[34;20m INFO     [0m|[34;20m nipype.workflow  [0m|[34;20m [Node] Setting-up "mriqc_wf.funcMRIQC.func_report_wf.ds_report_bmask" in "/local/nvme/ds006401_06.783919/ds/tmp/mriqc_wf/funcMRIQC/func_report_wf/5711a74bf95a90cf2c2dbf4610a7925dc11b14ed/ds_report_bmask".[0m
2026-03-27 06:14:47 |[34;20m INFO     [0m|[34;20m nipype.workflow  [0m|[34;20m [Node] Executing "ds_report_bmask" <mriqc.interfaces.DerivativesDataSink>[0m
2026-03-27 06:14:47 |[34;20m INFO     [0m|[34;20m nipype.workflow  [0m|[34;20m [Node] Finished "ds_report_bmask", elapsed time 0.005526s.[0m
2026-03-27 06:14:47 |[34;20m INFO     [0m|[34;20m nipype.workflow  [0m|[34;20m [Node] Setting-up "mriqc_wf.funcMRIQC.func_report_wf.subtract_mask" in "/local/nvme/ds006401_06.783919/ds/tmp/mriqc_wf/funcMRIQC/func_report_wf/6d6983392ffdc5460cc9553ab8acb99674e07200/subtract_mask".[0m
2026-03-27 06:14:47 |[34;20m INFO     [0m|[34;20m nipype.workflow  [0m|[34;20m [Node] Executing "subtract_mask" <niworkflows.interfaces.morphology.BinarySubtraction>[0m
2026-03-27 06:14:47 |[34;20m INFO     [0m|[34;20m nipype.workflow  [0m|[34;20m [Node] Setting-up "_ds_report_zoomed0" in "/local/nvme/ds006401_06.783919/ds/tmp/mriqc_wf/funcMRIQC/func_report_wf/6d6983392ffdc5460cc9553ab8acb99674e07200/ds_report_zoomed/mapflow/_ds_report_zoomed0".[0m
2026-03-27 06:14:47 |[34;20m INFO     [0m|[34;20m nipype.workflow  [0m|[34;20m [Node] Executing "_ds_report_zoomed0" <mriqc.interfaces.DerivativesDataSink>[0m
2026-03-27 06:14:47 |[34;20m INFO     [0m|[34;20m nipype.workflow  [0m|[34;20m [Node] Finished "_ds_report_zoomed0", elapsed time 0.005831s.[0m
2026-03-27 06:14:47 |[34;20m INFO     [0m|[34;20m nipype.workflow  [0m|[34;20m [Node] Finished "subtract_mask", elapsed time 0.012673s.[0m
2026-03-27 06:14:47 |[34;20m INFO     [0m|[34;20m nipype.workflow  [0m|[34;20m [Node] Setting-up "mriqc_wf.funcMRIQC.func_report_wf.ds_report_bmask" in "/local/nvme/ds006401_06.783919/ds/tmp/mriqc_wf/funcMRIQC/func_report_wf/6d6983392ffdc5460cc9553ab8acb99674e07200/ds_report_bmask".[0m
2026-03-27 06:14:47 |[34;20m INFO     [0m|[34;20m nipype.workflow  [0m|[34;20m [Node] Executing "ds_report_bmask" <mriqc.interfaces.DerivativesDataSink>[0m
2026-03-27 06:14:47 |[34;20m INFO     [0m|[34;20m nipype.workflow  [0m|[34;20m [Node] Finished "ds_report_bmask", elapsed time 0.005671s.[0m
2026-03-27 06:14:47 |[34;20m INFO     [0m|[34;20m nipype.workflow  [0m|[34;20m [Node] Setting-up "mriqc_wf.funcMRIQC.func_report_wf.subtract_mask" in "/local/nvme/ds006401_06.783919/ds/tmp/mriqc_wf/funcMRIQC/func_report_wf/5eb053924e86897c9b2c8564709d22d696f0a6e0/subtract_mask".[0m
2026-03-27 06:14:47 |[34;20m INFO     [0m|[34;20m nipype.workflow  [0m|[34;20m [Node] Executing "subtract_mask" <niworkflows.interfaces.morphology.BinarySubtraction>[0m
2026-03-27 06:14:47 |[34;20m INFO     [0m|[34;20m nipype.workflow  [0m|[34;20m [Node] Finished "subtract_mask", elapsed time 0.016233s.[0m
2026-03-27 06:14:48 |[34;20m INFO     [0m|[34;20m nipype.workflow  [0m|[34;20m [Node] Setting-up "_ds_report_zoomed0" in "/local/nvme/ds006401_06.783919/ds/tmp/mriqc_wf/funcMRIQC/func_report_wf/5eb053924e86897c9b2c8564709d22d696f0a6e0/ds_report_zoomed/mapflow/_ds_report_zoomed0".[0m
2026-03-27 06:14:48 |[34;20m INFO     [0m|[34;20m nipype.workflow  [0m|[34;20m [Node] Executing "_ds_report_zoomed0" <mriqc.interfaces.DerivativesDataSink>[0m
2026-03-27 06:14:48 |[34;20m INFO     [0m|[34;20m nipype.workflow  [0m|[34;20m [Node] Finished "_ds_report_zoomed0", elapsed time 0.005668s.[0m
2026-03-27 06:14:48 |[34;20m INFO     [0m|[34;20m nipype.workflow  [0m|[34;20m [Node] Setting-up "mriqc_wf.funcMRIQC.func_report_wf.ds_report_bmask" in "/local/nvme/ds006401_06.783919/ds/tmp/mriqc_wf/funcMRIQC/func_report_wf/5eb053924e86897c9b2c8564709d22d696f0a6e0/ds_report_bmask".[0m
2026-03-27 06:14:48 |[34;20m INFO     [0m|[34;20m nipype.workflow  [0m|[34;20m [Node] Executing "ds_report_bmask" <mriqc.interfaces.DerivativesDataSink>[0m
2026-03-27 06:14:48 |[34;20m INFO     [0m|[34;20m nipype.workflow  [0m|[34;20m [Node] Finished "ds_report_bmask", elapsed time 0.005408s.[0m
2026-03-27 06:14:50 |[34;20m INFO     [0m|[34;20m nipype.workflow  [0m|[34;20m [Node] Finished "ResampleSegmentation", elapsed time 3.495912s.[0m
2026-03-27 06:14:50 |[34;20m INFO     [0m|[34;20m nipype.workflow  [0m|[34;20m [Node] Setting-up "mriqc_wf.funcMRIQC.func_report_wf.parcels" in "/local/nvme/ds006401_06.783919/ds/tmp/mriqc_wf/funcMRIQC/func_report_wf/5711a74bf95a90cf2c2dbf4610a7925dc11b14ed/parcels".[0m
2026-03-27 06:14:50 |[34;20m INFO     [0m|[34;20m nipype.workflow  [0m|[34;20m [Node] Executing "parcels" <nipype.interfaces.utility.wrappers.Function>[0m
2026-03-27 06:14:50 |[34;20m INFO     [0m|[34;20m nipype.workflow  [0m|[34;20m [Node] Finished "parcels", elapsed time 0.026598s.[0m
2026-03-27 06:14:54 |[34;20m INFO     [0m|[34;20m nipype.workflow  [0m|[34;20m [Node] Finished "_gcor0", elapsed time 13.248808s.[0m
2026-03-27 06:14:55 |[34;20m INFO     [0m|[34;20m nipype.workflow  [0m|[34;20m [Node] Finished "_ComputeDVARS0", elapsed time 22.426221s.[0m
2026-03-27 06:14:56 |[34;20m INFO     [0m|[34;20m nipype.workflow  [0m|[34;20m [Node] Finished "_ComputeDVARS0", elapsed time 23.79342s.[0m
2026-03-27 06:14:56 |[34;20m INFO     [0m|[34;20m nipype.workflow  [0m|[34;20m [Node] Setting-up "_measures0" in "/local/nvme/ds006401_06.783919/ds/tmp/mriqc_wf/funcMRIQC/ComputeIQMs/5711a74bf95a90cf2c2dbf4610a7925dc11b14ed/measures/mapflow/_measures0".[0m
2026-03-27 06:14:56 |[34;20m INFO     [0m|[34;20m nipype.workflow  [0m|[34;20m [Node] Setting-up "_timeseries0" in "/local/nvme/ds006401_06.783919/ds/tmp/mriqc_wf/funcMRIQC/ComputeIQMs/5711a74bf95a90cf2c2dbf4610a7925dc11b14ed/timeseries/mapflow/_timeseries0".[0m
2026-03-27 06:14:56 |[34;20m INFO     [0m|[34;20m nipype.workflow  [0m|[34;20m [Node] Executing "_measures0" <mriqc.interfaces.functional.FunctionalQC>[0m
2026-03-27 06:14:56 |[34;20m INFO     [0m|[34;20m nipype.workflow  [0m|[34;20m [Node] Executing "_timeseries0" <mriqc.interfaces.functional.GatherTimeseries>[0m
2026-03-27 06:14:56 |[34;20m INFO     [0m|[34;20m nipype.workflow  [0m|[34;20m [Node] Setting-up "_timeseries0" in "/local/nvme/ds006401_06.783919/ds/tmp/mriqc_wf/funcMRIQC/ComputeIQMs/6d6983392ffdc5460cc9553ab8acb99674e07200/timeseries/mapflow/_timeseries0".[0m
2026-03-27 06:14:56 |[34;20m INFO     [0m|[34;20m nipype.workflow  [0m|[34;20m [Node] Executing "_timeseries0" <mriqc.interfaces.functional.GatherTimeseries>[0m
2026-03-27 06:14:56 |[34;20m INFO     [0m|[34;20m nipype.workflow  [0m|[34;20m [Node] Finished "_timeseries0", elapsed time 0.02195s.[0m
2026-03-27 06:14:56 |[34;20m INFO     [0m|[34;20m nipype.workflow  [0m|[34;20m [Node] Finished "_timeseries0", elapsed time 0.027392s.[0m
2026-03-27 06:14:58 |[34;20m INFO     [0m|[34;20m nipype.workflow  [0m|[34;20m [Node] Setting-up "_ds_timeseries0" in "/local/nvme/ds006401_06.783919/ds/tmp/mriqc_wf/funcMRIQC/ComputeIQMs/5711a74bf95a90cf2c2dbf4610a7925dc11b14ed/ds_timeseries/mapflow/_ds_timeseries0".[0m
2026-03-27 06:14:58 |[34;20m INFO     [0m|[34;20m nipype.workflow  [0m|[34;20m [Node] Executing "_ds_timeseries0" <mriqc.interfaces.DerivativesDataSink>[0m
2026-03-27 06:14:58 |[34;20m INFO     [0m|[34;20m nipype.workflow  [0m|[34;20m [Node] Finished "_ds_timeseries0", elapsed time 0.004309s.[0m
2026-03-27 06:14:58 |[34;20m INFO     [0m|[34;20m nipype.workflow  [0m|[34;20m [Node] Setting-up "_ds_timeseries0" in "/local/nvme/ds006401_06.783919/ds/tmp/mriqc_wf/funcMRIQC/ComputeIQMs/6d6983392ffdc5460cc9553ab8acb99674e07200/ds_timeseries/mapflow/_ds_timeseries0".[0m
2026-03-27 06:14:58 |[34;20m INFO     [0m|[34;20m nipype.workflow  [0m|[34;20m [Node] Executing "_ds_timeseries0" <mriqc.interfaces.DerivativesDataSink>[0m
2026-03-27 06:14:58 |[34;20m INFO     [0m|[34;20m nipype.workflow  [0m|[34;20m [Node] Finished "_ds_timeseries0", elapsed time 0.004185s.[0m
2026-03-27 06:14:59 |[34;20m INFO     [0m|[34;20m nipype.workflow  [0m|[34;20m [Node] Setting-up "_BigPlot0" in "/local/nvme/ds006401_06.783919/ds/tmp/mriqc_wf/funcMRIQC/func_report_wf/5711a74bf95a90cf2c2dbf4610a7925dc11b14ed/BigPlot/mapflow/_BigPlot0".[0m
2026-03-27 06:14:59 |[34;20m INFO     [0m|[34;20m nipype.workflow  [0m|[34;20m [Node] Executing "_BigPlot0" <nireports.interfaces.fmri.FMRISummary>[0m
2026-03-27 06:14:59 |[34;20m INFO     [0m|[34;20m nipype.workflow  [0m|[34;20m [Node] Finished "_measures0", elapsed time 3.021637s.[0m
2026-03-27 06:15:00 |[34;20m INFO     [0m|[34;20m nipype.workflow  [0m|[34;20m [Node] Setting-up "_measures0" in "/local/nvme/ds006401_06.783919/ds/tmp/mriqc_wf/funcMRIQC/ComputeIQMs/6d6983392ffdc5460cc9553ab8acb99674e07200/measures/mapflow/_measures0".[0m
2026-03-27 06:15:00 |[34;20m INFO     [0m|[34;20m nipype.workflow  [0m|[34;20m [Node] Executing "_measures0" <mriqc.interfaces.functional.FunctionalQC>[0m
2026-03-27 06:15:00 |[34;20m INFO     [0m|[34;20m nipype.workflow  [0m|[34;20m [Node] Setting-up "_datasink0" in "/local/nvme/ds006401_06.783919/ds/tmp/mriqc_wf/funcMRIQC/ComputeIQMs/5711a74bf95a90cf2c2dbf4610a7925dc11b14ed/datasink/mapflow/_datasink0".[0m
2026-03-27 06:15:00 |[34;20m INFO     [0m|[34;20m nipype.workflow  [0m|[34;20m [Node] Executing "_datasink0" <mriqc.interfaces.bids.IQMFileSink>[0m
2026-03-27 06:15:00 |[34;20m INFO     [0m|[34;20m nipype.workflow  [0m|[34;20m [Node] Finished "_datasink0", elapsed time 0.002212s.[0m
2026-03-27 06:15:03 |[34;20m INFO     [0m|[34;20m nipype.workflow  [0m|[34;20m [Node] Finished "_measures0", elapsed time 3.011007s.[0m
2026-03-27 06:15:04 |[34;20m INFO     [0m|[34;20m nipype.workflow  [0m|[34;20m [Node] Setting-up "_datasink0" in "/local/nvme/ds006401_06.783919/ds/tmp/mriqc_wf/funcMRIQC/ComputeIQMs/6d6983392ffdc5460cc9553ab8acb99674e07200/datasink/mapflow/_datasink0".[0m
2026-03-27 06:15:04 |[34;20m INFO     [0m|[34;20m nipype.workflow  [0m|[34;20m [Node] Executing "_datasink0" <mriqc.interfaces.bids.IQMFileSink>[0m
2026-03-27 06:15:04 |[34;20m INFO     [0m|[34;20m nipype.workflow  [0m|[34;20m [Node] Finished "_datasink0", elapsed time 0.001605s.[0m
2026-03-27 06:15:05 |[34;20m INFO     [0m|[34;20m nipype.workflow  [0m|[34;20m [Node] Finished "_ComputeDVARS0", elapsed time 27.143879s.[0m
2026-03-27 06:15:06 |[34;20m INFO     [0m|[34;20m nipype.workflow  [0m|[34;20m [Node] Finished "_BigPlot0", elapsed time 7.585211s.[0m
2026-03-27 06:15:06 |[34;20m INFO     [0m|[34;20m nipype.workflow  [0m|[34;20m [Node] Setting-up "mriqc_wf.funcMRIQC.synthstrip_wf.post_n4" in "/local/nvme/ds006401_06.783919/ds/tmp/mriqc_wf/funcMRIQC/synthstrip_wf/6d6983392ffdc5460cc9553ab8acb99674e07200/post_n4".[0m
2026-03-27 06:15:06 |[34;20m INFO     [0m|[34;20m nipype.workflow  [0m|[34;20m [Node] Executing "post_n4" <nipype.interfaces.ants.segmentation.N4BiasFieldCorrection>[0m
2026-03-27 06:15:07 |[34;20m INFO     [0m|[34;20m nipype.workflow  [0m|[34;20m [Node] Finished "post_n4", elapsed time 1.100908s.[0m
2026-03-27 06:15:08 |[34;20m INFO     [0m|[34;20m nipype.workflow  [0m|[34;20m [Node] Setting-up "mriqc_wf.funcMRIQC.SpatialNormalization.EPI2MNI" in "/local/nvme/ds006401_06.783919/ds/tmp/mriqc_wf/funcMRIQC/SpatialNormalization/6d6983392ffdc5460cc9553ab8acb99674e07200/EPI2MNI".[0m
2026-03-27 06:15:08 |[34;20m INFO     [0m|[34;20m nipype.workflow  [0m|[34;20m [Node] Executing "EPI2MNI" <niworkflows.interfaces.reportlets.registration.SpatialNormalizationRPT>[0m
2026-03-27 06:15:08 |[34;20m INFO     [0m|[34;20m niworkflows      [0m|[34;20m Estimating initial transform using AffineInitializer[0m
2026-03-27 06:15:14 |[34;20m INFO     [0m|[34;20m niworkflows      [0m|[34;20m Loading settings from file /opt/conda/lib/python3.11/site-packages/niworkflows/data/boldref-mni_registration_precise_000.json.[0m
2026-03-27 06:15:14 |[34;20m INFO     [0m|[34;20m niworkflows      [0m|[34;20m Retry #1, commandline: 
antsRegistration --collapse-output-transforms 1 --dimensionality 3 --float 0 --initial-moving-transform [ /local/nvme/ds006401_06.783919/ds/tmp/mriqc_wf/funcMRIQC/SpatialNormalization/6d6983392ffdc5460cc9553ab8acb99674e07200/EPI2MNI/transform.mat, 0 ] --initialize-transforms-per-stage 0 --interpolation LanczosWindowedSinc --output [ epi_to_mni, epi_to_mni_Warped.nii.gz ] --transform Rigid[ 0.05 ] --metric Mattes[ /templateflow/tpl-MNI152NLin2009cAsym/tpl-MNI152NLin2009cAsym_res-02_desc-fMRIPrep_boldref.nii.gz, /local/nvme/ds006401_06.783919/ds/tmp/mriqc_wf/funcMRIQC/SpatialNormalization/6d6983392ffdc5460cc9553ab8acb99674e07200/SharpenEPI/sub-06_ses-01_task-mid_run-02_bold_desc-realigned_valid_tstat_corrected.nii.gz, 1, 56, Regular, 0.25 ] --convergence [ 10000x1000x100, 1e-06, 20 ] --smoothing-sigmas 4.0x2.0x1.0vox --shrink-factors 4x2x1 --use-histogram-matching 1 --masks [ /templateflow/tpl-MNI152NLin2009cAsym/tpl-MNI152NLin2009cAsym_res-02_desc-brain_mask.nii.gz, /local/nvme/ds006401_06.783919/ds/tmp/mriqc_wf/funcMRIQC/synthstrip_wf/6d6983392ffdc5460cc9553ab8acb99674e07200/synthstrip/clipped_corrected_desc-brain_mask.nii.gz ] --transform Affine[ 0.08 ] --metric Mattes[ /templateflow/tpl-MNI152NLin2009cAsym/tpl-MNI152NLin2009cAsym_res-02_desc-fMRIPrep_boldref.nii.gz, /local/nvme/ds006401_06.783919/ds/tmp/mriqc_wf/funcMRIQC/SpatialNormalization/6d6983392ffdc5460cc9553ab8acb99674e07200/SharpenEPI/sub-06_ses-01_task-mid_run-02_bold_desc-realigned_valid_tstat_corrected.nii.gz, 1, 56, Regular, 0.25 ] --convergence [ 500x250x100, 1e-06, 20 ] --smoothing-sigmas 4.0x2.0x1.0vox --shrink-factors 8x4x2 --use-histogram-matching 1 --masks [ /templateflow/tpl-MNI152NLin2009cAsym/tpl-MNI152NLin2009cAsym_res-02_desc-brain_mask.nii.gz, /local/nvme/ds006401_06.783919/ds/tmp/mriqc_wf/funcMRIQC/synthstrip_wf/6d6983392ffdc5460cc9553ab8acb99674e07200/synthstrip/clipped_corrected_desc-brain_mask.nii.gz ] --transform SyN[ 0.1, 3.0, 0.0 ] --metric CC[ /templateflow/tpl-MNI152NLin2009cAsym/tpl-MNI152NLin2009cAsym_res-02_desc-fMRIPrep_boldref.nii.gz, /local/nvme/ds006401_06.783919/ds/tmp/mriqc_wf/funcMRIQC/SpatialNormalization/6d6983392ffdc5460cc9553ab8acb99674e07200/SharpenEPI/sub-06_ses-01_task-mid_run-02_bold_desc-realigned_valid_tstat_corrected.nii.gz, 1, 4, None, 1 ] --convergence [ 100x30x20, 1e-06, 10 ] --smoothing-sigmas 3.0x2.0x1.0vox --shrink-factors 8x4x2 --use-histogram-matching 1 --masks [ /templateflow/tpl-MNI152NLin2009cAsym/tpl-MNI152NLin2009cAsym_res-02_desc-brain_mask.nii.gz, /local/nvme/ds006401_06.783919/ds/tmp/mriqc_wf/funcMRIQC/synthstrip_wf/6d6983392ffdc5460cc9553ab8acb99674e07200/synthstrip/clipped_corrected_desc-brain_mask.nii.gz ] --winsorize-image-intensities [ 0.005, 0.995 ]  --write-composite-transform 1[0m
2026-03-27 06:15:26 |[34;20m INFO     [0m|[34;20m niworkflows      [0m|[34;20m Successful spatial normalization (retry #1).[0m
2026-03-27 06:15:26 |[34;20m INFO     [0m|[34;20m niworkflows      [0m|[34;20m Report - setting fixed (/templateflow/tpl-MNI152NLin2009cAsym/tpl-MNI152NLin2009cAsym_res-02_desc-fMRIPrep_boldref.nii.gz) and moving (/local/nvme/ds006401_06.783919/ds/tmp/mriqc_wf/funcMRIQC/SpatialNormalization/6d6983392ffdc5460cc9553ab8acb99674e07200/EPI2MNI/epi_to_mni_Warped.nii.gz) images[0m
2026-03-27 06:15:26 |[34;20m INFO     [0m|[34;20m niworkflows      [0m|[34;20m Generating visual report[0m
2026-03-27 06:15:41 |[34;20m INFO     [0m|[34;20m nipype.workflow  [0m|[34;20m [Node] Finished "EPI2MNI", elapsed time 33.098909s.[0m
2026-03-27 06:15:42 |[34;20m INFO     [0m|[34;20m nipype.workflow  [0m|[34;20m [Node] Setting-up "mriqc_wf.funcMRIQC.synthstrip_wf.post_n4" in "/local/nvme/ds006401_06.783919/ds/tmp/mriqc_wf/funcMRIQC/synthstrip_wf/5eb053924e86897c9b2c8564709d22d696f0a6e0/post_n4".[0m
2026-03-27 06:15:42 |[34;20m INFO     [0m|[34;20m nipype.workflow  [0m|[34;20m [Node] Executing "post_n4" <nipype.interfaces.ants.segmentation.N4BiasFieldCorrection>[0m
2026-03-27 06:15:43 |[34;20m INFO     [0m|[34;20m nipype.workflow  [0m|[34;20m [Node] Finished "post_n4", elapsed time 1.095924s.[0m
2026-03-27 06:15:44 |[34;20m INFO     [0m|[34;20m nipype.workflow  [0m|[34;20m [Node] Setting-up "mriqc_wf.funcMRIQC.SpatialNormalization.EPI2MNI" in "/local/nvme/ds006401_06.783919/ds/tmp/mriqc_wf/funcMRIQC/SpatialNormalization/5eb053924e86897c9b2c8564709d22d696f0a6e0/EPI2MNI".[0m
2026-03-27 06:15:44 |[34;20m INFO     [0m|[34;20m nipype.workflow  [0m|[34;20m [Node] Executing "EPI2MNI" <niworkflows.interfaces.reportlets.registration.SpatialNormalizationRPT>[0m
2026-03-27 06:15:44 |[34;20m INFO     [0m|[34;20m niworkflows      [0m|[34;20m Estimating initial transform using AffineInitializer[0m
2026-03-27 06:15:49 |[34;20m INFO     [0m|[34;20m niworkflows      [0m|[34;20m Terminal outputs of initialization saved (/local/nvme/ds006401_06.783919/ds/tmp/mriqc_wf/funcMRIQC/SpatialNormalization/5eb053924e86897c9b2c8564709d22d696f0a6e0/EPI2MNI/stderr.nipype-init).[0m
2026-03-27 06:15:49 |[34;20m INFO     [0m|[34;20m niworkflows      [0m|[34;20m Loading settings from file /opt/conda/lib/python3.11/site-packages/niworkflows/data/boldref-mni_registration_precise_000.json.[0m
2026-03-27 06:15:49 |[34;20m INFO     [0m|[34;20m niworkflows      [0m|[34;20m Retry #1, commandline: 
antsRegistration --collapse-output-transforms 1 --dimensionality 3 --float 0 --initial-moving-transform [ /local/nvme/ds006401_06.783919/ds/tmp/mriqc_wf/funcMRIQC/SpatialNormalization/5eb053924e86897c9b2c8564709d22d696f0a6e0/EPI2MNI/transform.mat, 0 ] --initialize-transforms-per-stage 0 --interpolation LanczosWindowedSinc --output [ epi_to_mni, epi_to_mni_Warped.nii.gz ] --transform Rigid[ 0.05 ] --metric Mattes[ /templateflow/tpl-MNI152NLin2009cAsym/tpl-MNI152NLin2009cAsym_res-02_desc-fMRIPrep_boldref.nii.gz, /local/nvme/ds006401_06.783919/ds/tmp/mriqc_wf/funcMRIQC/SpatialNormalization/5eb053924e86897c9b2c8564709d22d696f0a6e0/SharpenEPI/sub-06_ses-01_task-tom_bold_desc-realigned_valid_tstat_corrected.nii.gz, 1, 56, Regular, 0.25 ] --convergence [ 10000x1000x100, 1e-06, 20 ] --smoothing-sigmas 4.0x2.0x1.0vox --shrink-factors 4x2x1 --use-histogram-matching 1 --masks [ /templateflow/tpl-MNI152NLin2009cAsym/tpl-MNI152NLin2009cAsym_res-02_desc-brain_mask.nii.gz, /local/nvme/ds006401_06.783919/ds/tmp/mriqc_wf/funcMRIQC/synthstrip_wf/5eb053924e86897c9b2c8564709d22d696f0a6e0/synthstrip/clipped_corrected_desc-brain_mask.nii.gz ] --transform Affine[ 0.08 ] --metric Mattes[ /templateflow/tpl-MNI152NLin2009cAsym/tpl-MNI152NLin2009cAsym_res-02_desc-fMRIPrep_boldref.nii.gz, /local/nvme/ds006401_06.783919/ds/tmp/mriqc_wf/funcMRIQC/SpatialNormalization/5eb053924e86897c9b2c8564709d22d696f0a6e0/SharpenEPI/sub-06_ses-01_task-tom_bold_desc-realigned_valid_tstat_corrected.nii.gz, 1, 56, Regular, 0.25 ] --convergence [ 500x250x100, 1e-06, 20 ] --smoothing-sigmas 4.0x2.0x1.0vox --shrink-factors 8x4x2 --use-histogram-matching 1 --masks [ /templateflow/tpl-MNI152NLin2009cAsym/tpl-MNI152NLin2009cAsym_res-02_desc-brain_mask.nii.gz, /local/nvme/ds006401_06.783919/ds/tmp/mriqc_wf/funcMRIQC/synthstrip_wf/5eb053924e86897c9b2c8564709d22d696f0a6e0/synthstrip/clipped_corrected_desc-brain_mask.nii.gz ] --transform SyN[ 0.1, 3.0, 0.0 ] --metric CC[ /templateflow/tpl-MNI152NLin2009cAsym/tpl-MNI152NLin2009cAsym_res-02_desc-fMRIPrep_boldref.nii.gz, /local/nvme/ds006401_06.783919/ds/tmp/mriqc_wf/funcMRIQC/SpatialNormalization/5eb053924e86897c9b2c8564709d22d696f0a6e0/SharpenEPI/sub-06_ses-01_task-tom_bold_desc-realigned_valid_tstat_corrected.nii.gz, 1, 4, None, 1 ] --convergence [ 100x30x20, 1e-06, 10 ] --smoothing-sigmas 3.0x2.0x1.0vox --shrink-factors 8x4x2 --use-histogram-matching 1 --masks [ /templateflow/tpl-MNI152NLin2009cAsym/tpl-MNI152NLin2009cAsym_res-02_desc-brain_mask.nii.gz, /local/nvme/ds006401_06.783919/ds/tmp/mriqc_wf/funcMRIQC/synthstrip_wf/5eb053924e86897c9b2c8564709d22d696f0a6e0/synthstrip/clipped_corrected_desc-brain_mask.nii.gz ] --winsorize-image-intensities [ 0.005, 0.995 ]  --write-composite-transform 1[0m
2026-03-27 06:16:01 |[34;20m INFO     [0m|[34;20m niworkflows      [0m|[34;20m Successful spatial normalization (retry #1).[0m
2026-03-27 06:16:01 |[34;20m INFO     [0m|[34;20m niworkflows      [0m|[34;20m Report - setting fixed (/templateflow/tpl-MNI152NLin2009cAsym/tpl-MNI152NLin2009cAsym_res-02_desc-fMRIPrep_boldref.nii.gz) and moving (/local/nvme/ds006401_06.783919/ds/tmp/mriqc_wf/funcMRIQC/SpatialNormalization/5eb053924e86897c9b2c8564709d22d696f0a6e0/EPI2MNI/epi_to_mni_Warped.nii.gz) images[0m
2026-03-27 06:16:01 |[34;20m INFO     [0m|[34;20m niworkflows      [0m|[34;20m Generating visual report[0m
2026-03-27 06:16:15 |[34;20m INFO     [0m|[34;20m nipype.workflow  [0m|[34;20m [Node] Finished "EPI2MNI", elapsed time 31.041466s.[0m
2026-03-27 06:16:16 |[34;20m INFO     [0m|[34;20m nipype.workflow  [0m|[34;20m [Node] Setting-up "mriqc_wf.funcMRIQC.func_report_wf.ds_report_norm" in "/local/nvme/ds006401_06.783919/ds/tmp/mriqc_wf/funcMRIQC/func_report_wf/6d6983392ffdc5460cc9553ab8acb99674e07200/ds_report_norm".[0m
2026-03-27 06:16:16 |[34;20m INFO     [0m|[34;20m nipype.workflow  [0m|[34;20m [Node] Setting-up "mriqc_wf.funcMRIQC.synthstrip_wf.final_masked" in "/local/nvme/ds006401_06.783919/ds/tmp/mriqc_wf/funcMRIQC/synthstrip_wf/6d6983392ffdc5460cc9553ab8acb99674e07200/final_masked".[0m
2026-03-27 06:16:16 |[34;20m INFO     [0m|[34;20m nipype.workflow  [0m|[34;20m [Node] Setting-up "mriqc_wf.funcMRIQC.SpatialNormalization.ResampleSegmentation" in "/local/nvme/ds006401_06.783919/ds/tmp/mriqc_wf/funcMRIQC/SpatialNormalization/6d6983392ffdc5460cc9553ab8acb99674e07200/ResampleSegmentation".[0m
2026-03-27 06:16:16 |[34;20m INFO     [0m|[34;20m nipype.workflow  [0m|[34;20m [Node] Executing "final_masked" <niworkflows.interfaces.nibabel.ApplyMask>[0m
2026-03-27 06:16:16 |[34;20m INFO     [0m|[34;20m nipype.workflow  [0m|[34;20m [Node] Executing "ResampleSegmentation" <nipype.interfaces.ants.resampling.ApplyTransforms>[0m
2026-03-27 06:16:16 |[34;20m INFO     [0m|[34;20m nipype.workflow  [0m|[34;20m [Node] Executing "ds_report_norm" <mriqc.interfaces.DerivativesDataSink>[0m
2026-03-27 06:16:16 |[34;20m INFO     [0m|[34;20m nipype.workflow  [0m|[34;20m [Node] Finished "ds_report_norm", elapsed time 0.006023s.[0m
2026-03-27 06:16:16 |[34;20m INFO     [0m|[34;20m nipype.workflow  [0m|[34;20m [Node] Finished "final_masked", elapsed time 0.035449s.[0m
2026-03-27 06:16:16 |[34;20m INFO     [0m|[34;20m nipype.workflow  [0m|[34;20m [Node] Setting-up "mriqc_wf.funcMRIQC.func_report_wf.ds_report_norm" in "/local/nvme/ds006401_06.783919/ds/tmp/mriqc_wf/funcMRIQC/func_report_wf/5eb053924e86897c9b2c8564709d22d696f0a6e0/ds_report_norm".[0m
2026-03-27 06:16:16 |[34;20m INFO     [0m|[34;20m nipype.workflow  [0m|[34;20m [Node] Setting-up "mriqc_wf.funcMRIQC.SpatialNormalization.ResampleSegmentation" in "/local/nvme/ds006401_06.783919/ds/tmp/mriqc_wf/funcMRIQC/SpatialNormalization/5eb053924e86897c9b2c8564709d22d696f0a6e0/ResampleSegmentation".[0m
2026-03-27 06:16:16 |[34;20m INFO     [0m|[34;20m nipype.workflow  [0m|[34;20m [Node] Executing "ds_report_norm" <mriqc.interfaces.DerivativesDataSink>[0m
2026-03-27 06:16:16 |[34;20m INFO     [0m|[34;20m nipype.workflow  [0m|[34;20m [Node] Executing "ResampleSegmentation" <nipype.interfaces.ants.resampling.ApplyTransforms>[0m
2026-03-27 06:16:16 |[34;20m INFO     [0m|[34;20m nipype.workflow  [0m|[34;20m [Node] Setting-up "mriqc_wf.funcMRIQC.synthstrip_wf.final_masked" in "/local/nvme/ds006401_06.783919/ds/tmp/mriqc_wf/funcMRIQC/synthstrip_wf/5eb053924e86897c9b2c8564709d22d696f0a6e0/final_masked".[0m
2026-03-27 06:16:16 |[34;20m INFO     [0m|[34;20m nipype.workflow  [0m|[34;20m [Node] Finished "ds_report_norm", elapsed time 0.005735s.[0m
2026-03-27 06:16:16 |[34;20m INFO     [0m|[34;20m nipype.workflow  [0m|[34;20m [Node] Executing "final_masked" <niworkflows.interfaces.nibabel.ApplyMask>[0m
2026-03-27 06:16:16 |[34;20m INFO     [0m|[34;20m nipype.workflow  [0m|[34;20m [Node] Finished "final_masked", elapsed time 0.03704s.[0m
2026-03-27 06:16:17 |[34;20m INFO     [0m|[34;20m nipype.workflow  [0m|[34;20m [Node] Setting-up "_measures0" in "/local/nvme/ds006401_06.783919/ds/tmp/mriqc_wf/funcMRIQC/ComputeIQMs/5eb053924e86897c9b2c8564709d22d696f0a6e0/measures/mapflow/_measures0".[0m
2026-03-27 06:16:17 |[34;20m INFO     [0m|[34;20m nipype.workflow  [0m|[34;20m [Node] Executing "_measures0" <mriqc.interfaces.functional.FunctionalQC>[0m
2026-03-27 06:16:18 |[34;20m INFO     [0m|[34;20m nipype.workflow  [0m|[34;20m [Node] Setting-up "_ds_report_carpet0" in "/local/nvme/ds006401_06.783919/ds/tmp/mriqc_wf/funcMRIQC/func_report_wf/5711a74bf95a90cf2c2dbf4610a7925dc11b14ed/ds_report_carpet/mapflow/_ds_report_carpet0".[0m
2026-03-27 06:16:18 |[34;20m INFO     [0m|[34;20m nipype.workflow  [0m|[34;20m [Node] Setting-up "_timeseries0" in "/local/nvme/ds006401_06.783919/ds/tmp/mriqc_wf/funcMRIQC/ComputeIQMs/5eb053924e86897c9b2c8564709d22d696f0a6e0/timeseries/mapflow/_timeseries0".[0m
2026-03-27 06:16:18 |[34;20m INFO     [0m|[34;20m nipype.workflow  [0m|[34;20m [Node] Executing "_timeseries0" <mriqc.interfaces.functional.GatherTimeseries>[0m
2026-03-27 06:16:18 |[34;20m INFO     [0m|[34;20m nipype.workflow  [0m|[34;20m [Node] Executing "_ds_report_carpet0" <mriqc.interfaces.DerivativesDataSink>[0m
2026-03-27 06:16:18 |[34;20m INFO     [0m|[34;20m nipype.workflow  [0m|[34;20m [Node] Finished "_ds_report_carpet0", elapsed time 0.004993s.[0m
2026-03-27 06:16:18 |[34;20m INFO     [0m|[34;20m nipype.workflow  [0m|[34;20m [Node] Finished "_timeseries0", elapsed time 0.020349s.[0m
2026-03-27 06:16:19 |[34;20m INFO     [0m|[34;20m nipype.workflow  [0m|[34;20m [Node] Finished "ResampleSegmentation", elapsed time 3.129874s.[0m
2026-03-27 06:16:20 |[34;20m INFO     [0m|[34;20m nipype.workflow  [0m|[34;20m [Node] Finished "ResampleSegmentation", elapsed time 3.487523s.[0m
2026-03-27 06:16:20 |[34;20m INFO     [0m|[34;20m nipype.workflow  [0m|[34;20m [Node] Finished "_measures0", elapsed time 3.578891s.[0m
2026-03-27 06:16:20 |[34;20m INFO     [0m|[34;20m nipype.workflow  [0m|[34;20m [Node] Setting-up "mriqc_wf.funcMRIQC.func_report_wf.parcels" in "/local/nvme/ds006401_06.783919/ds/tmp/mriqc_wf/funcMRIQC/func_report_wf/6d6983392ffdc5460cc9553ab8acb99674e07200/parcels".[0m
2026-03-27 06:16:20 |[34;20m INFO     [0m|[34;20m nipype.workflow  [0m|[34;20m [Node] Executing "parcels" <nipype.interfaces.utility.wrappers.Function>[0m
2026-03-27 06:16:20 |[34;20m INFO     [0m|[34;20m nipype.workflow  [0m|[34;20m [Node] Setting-up "_datasink0" in "/local/nvme/ds006401_06.783919/ds/tmp/mriqc_wf/funcMRIQC/ComputeIQMs/5eb053924e86897c9b2c8564709d22d696f0a6e0/datasink/mapflow/_datasink0".[0m
2026-03-27 06:16:20 |[34;20m INFO     [0m|[34;20m nipype.workflow  [0m|[34;20m [Node] Executing "_datasink0" <mriqc.interfaces.bids.IQMFileSink>[0m
2026-03-27 06:16:20 |[34;20m INFO     [0m|[34;20m nipype.workflow  [0m|[34;20m [Node] Finished "_datasink0", elapsed time 0.00064s.[0m
2026-03-27 06:16:20 |[34;20m INFO     [0m|[34;20m nipype.workflow  [0m|[34;20m [Node] Finished "parcels", elapsed time 0.024788s.[0m
2026-03-27 06:16:20 |[34;20m INFO     [0m|[34;20m nipype.workflow  [0m|[34;20m [Node] Setting-up "_ds_timeseries0" in "/local/nvme/ds006401_06.783919/ds/tmp/mriqc_wf/funcMRIQC/ComputeIQMs/5eb053924e86897c9b2c8564709d22d696f0a6e0/ds_timeseries/mapflow/_ds_timeseries0".[0m
2026-03-27 06:16:20 |[34;20m INFO     [0m|[34;20m nipype.workflow  [0m|[34;20m [Node] Executing "_ds_timeseries0" <mriqc.interfaces.DerivativesDataSink>[0m
2026-03-27 06:16:20 |[34;20m INFO     [0m|[34;20m nipype.workflow  [0m|[34;20m [Node] Finished "_ds_timeseries0", elapsed time 0.004159s.[0m
2026-03-27 06:16:21 |[34;20m INFO     [0m|[34;20m nipype.workflow  [0m|[34;20m [Node] Setting-up "mriqc_wf.funcMRIQC.func_report_wf.parcels" in "/local/nvme/ds006401_06.783919/ds/tmp/mriqc_wf/funcMRIQC/func_report_wf/5eb053924e86897c9b2c8564709d22d696f0a6e0/parcels".[0m
2026-03-27 06:16:21 |[34;20m INFO     [0m|[34;20m nipype.workflow  [0m|[34;20m [Node] Executing "parcels" <nipype.interfaces.utility.wrappers.Function>[0m
2026-03-27 06:16:21 |[34;20m INFO     [0m|[34;20m nipype.workflow  [0m|[34;20m [Node] Finished "parcels", elapsed time 0.023843s.[0m
2026-03-27 06:16:22 |[34;20m INFO     [0m|[34;20m nipype.workflow  [0m|[34;20m [Node] Setting-up "_BigPlot0" in "/local/nvme/ds006401_06.783919/ds/tmp/mriqc_wf/funcMRIQC/func_report_wf/6d6983392ffdc5460cc9553ab8acb99674e07200/BigPlot/mapflow/_BigPlot0".[0m
2026-03-27 06:16:22 |[34;20m INFO     [0m|[34;20m nipype.workflow  [0m|[34;20m [Node] Executing "_BigPlot0" <nireports.interfaces.fmri.FMRISummary>[0m
2026-03-27 06:16:22 |[34;20m INFO     [0m|[34;20m nipype.workflow  [0m|[34;20m [Node] Setting-up "_BigPlot0" in "/local/nvme/ds006401_06.783919/ds/tmp/mriqc_wf/funcMRIQC/func_report_wf/5eb053924e86897c9b2c8564709d22d696f0a6e0/BigPlot/mapflow/_BigPlot0".[0m
2026-03-27 06:16:22 |[34;20m INFO     [0m|[34;20m nipype.workflow  [0m|[34;20m [Node] Executing "_BigPlot0" <nireports.interfaces.fmri.FMRISummary>[0m
2026-03-27 06:16:29 |[34;20m INFO     [0m|[34;20m nipype.workflow  [0m|[34;20m [Node] Finished "_BigPlot0", elapsed time 6.340039s.[0m
2026-03-27 06:16:30 |[34;20m INFO     [0m|[34;20m nipype.workflow  [0m|[34;20m [Node] Setting-up "_ds_report_carpet0" in "/local/nvme/ds006401_06.783919/ds/tmp/mriqc_wf/funcMRIQC/func_report_wf/6d6983392ffdc5460cc9553ab8acb99674e07200/ds_report_carpet/mapflow/_ds_report_carpet0".[0m
2026-03-27 06:16:30 |[34;20m INFO     [0m|[34;20m nipype.workflow  [0m|[34;20m [Node] Executing "_ds_report_carpet0" <mriqc.interfaces.DerivativesDataSink>[0m
2026-03-27 06:16:30 |[34;20m INFO     [0m|[34;20m nipype.workflow  [0m|[34;20m [Node] Finished "_ds_report_carpet0", elapsed time 0.004959s.[0m
2026-03-27 06:16:31 |[34;20m INFO     [0m|[34;20m nipype.workflow  [0m|[34;20m [Node] Finished "_BigPlot0", elapsed time 8.420097s.[0m
2026-03-27 06:16:32 |[34;20m INFO     [0m|[34;20m nipype.workflow  [0m|[34;20m [Node] Setting-up "_ds_report_carpet0" in "/local/nvme/ds006401_06.783919/ds/tmp/mriqc_wf/funcMRIQC/func_report_wf/5eb053924e86897c9b2c8564709d22d696f0a6e0/ds_report_carpet/mapflow/_ds_report_carpet0".[0m
2026-03-27 06:16:32 |[34;20m INFO     [0m|[34;20m nipype.workflow  [0m|[34;20m [Node] Executing "_ds_report_carpet0" <mriqc.interfaces.DerivativesDataSink>[0m
2026-03-27 06:16:32 |[34;20m INFO     [0m|[34;20m nipype.workflow  [0m|[34;20m [Node] Finished "_ds_report_carpet0", elapsed time 0.004865s.[0m
2026-03-27 06:16:34 |[34;20m INFO     [0m|[34;20m nipype.workflow  [0m|[34;20m Generating reports...[0m
2026-03-27 06:16:35 |[34;20m INFO     [0m|[34;20m nipype.workflow  [0m|[34;20m Report generation finished (3 reports).[0m
2026-03-27 06:16:35 |[33;20m IMPORTANT [0m|[33;20m mriqc            [0m|[33;20m Participant level finished successfully averaging 00h 08min 15s per subject.[0m
2026-03-27 06:16:35 |[34;20m INFO     [0m|[34;20m mriqc            [0m|[34;20m Generating BIDS derivatives metadata.[0m
----------------------------------------------------------------
  MRIQC completed (elapsed time 00h 24min 45s).
----------------------------------------------------------------

