------------------------------------------------------------------
  Running MRIQC version 24.1.0.dev0+gd5b13cb5.d20240826
  ----------------------------------------------------------------

  NOTICE
  Copyright © The NiPreps Developers.
  
  This product includes software developed by
  the NiPreps Community (https://nipreps.org/).
  
  Portions of this software were developed at the Department of
  Psychology at Stanford University, Stanford, CA, US.
  
  This software contains code ultimately derived from the
  PCP Quality Assessment Protocol (QAP;
  http://preprocessed-connectomes-project.org/quality-assessment-protocol)
  by C. Craddock, S. Giavasis, D. Clark, Z. Shezhad, and J. Pellman.
  
  This software is also distributed as a Docker container image.
  The bootstrapping file for the image ("Dockerfile") is licensed
  under the MIT License.

  ----------------------------------------------------------------

  * BIDS dataset path: /local/nvme/ds006401_10.783919/ds/sourcedata/raw.
  * Output folder: mriqc.
  * Analysis levels: ['participant'].
------------------------------------------------------------------

2026-03-27 05:51:39 |[33;20m IMPORTANT [0m|[33;20m mriqc            [0m|[33;20m Extracting metadata and entities for 3 input runs of modality 'bold'...[0m
2026-03-27 05:51:39 |[33;20m IMPORTANT [0m|[33;20m mriqc            [0m|[33;20m File size ('bold'): 0.25|0.21 GB [maximum|average].[0m
2026-03-27 05:51:39 |[34;20m INFO     [0m|[34;20m mriqc            [0m|[34;20m MRIQC config file: /local/nvme/ds006401_10.783919/ds/tmp/config-20260327-055138_d30bee0b-1c26-45fd-ae25-6f32f9e3141e.toml.[0m
2026-03-27 05:51:44 |[34;20m INFO     [0m|[34;20m matplotlib.font_manager [0m|[34;20m generated new fontManager[0m
2026-03-27 05:51:45 |[33;20m IMPORTANT [0m|[33;20m mriqc            [0m|[33;20m Building MRIQC's workflows...[0m
2026-03-27 05:51:45 |[34;20m INFO     [0m|[34;20m nipype.workflow  [0m|[34;20m Building functional MRIQC workflow for 3 BOLD runs..[0m
2026-03-27 05:51:50 |[33;20m IMPORTANT [0m|[33;20m mriqc            [0m|[33;20m Workflow building finished (exit code 0).[0m
2026-03-27 05:51:54 |[34;20m INFO     [0m|[34;20m nipype.workflow  [0m|[34;20m Workflow mriqc_wf settings: ['check', 'execution', 'logging', 'monitoring'][0m
2026-03-27 05:51:55 |[34;20m INFO     [0m|[34;20m nipype.workflow  [0m|[34;20m [Node] Setting-up "mriqc_wf.funcMRIQC.pick_echo" in "/local/nvme/ds006401_10.783919/ds/tmp/mriqc_wf/funcMRIQC/5e7f3930da5d61d6e0b5be16b1c15d1577fd4ccd/pick_echo".[0m
2026-03-27 05:51:55 |[34;20m INFO     [0m|[34;20m nipype.workflow  [0m|[34;20m [Node] Setting-up "_provenance0" in "/local/nvme/ds006401_10.783919/ds/tmp/mriqc_wf/funcMRIQC/ComputeIQMs/5e7f3930da5d61d6e0b5be16b1c15d1577fd4ccd/provenance/mapflow/_provenance0".[0m
2026-03-27 05:51:55 |[34;20m INFO     [0m|[34;20m nipype.workflow  [0m|[34;20m [Node] Executing "_provenance0" <mriqc.interfaces.reports.AddProvenance>[0m
2026-03-27 05:51:55 |[34;20m INFO     [0m|[34;20m nipype.workflow  [0m|[34;20m [Node] Executing "pick_echo" <mriqc.interfaces.functional.SelectEcho>[0m
2026-03-27 05:51:55 |[34;20m INFO     [0m|[34;20m nipype.workflow  [0m|[34;20m [Node] Finished "pick_echo", elapsed time 0.000757s.[0m
2026-03-27 05:51:55 |[34;20m INFO     [0m|[34;20m nipype.workflow  [0m|[34;20m [Node] Finished "_provenance0", elapsed time 0.380051s.[0m
2026-03-27 05:51:55 |[34;20m INFO     [0m|[34;20m nipype.workflow  [0m|[34;20m [Node] Setting-up "_provenance0" in "/local/nvme/ds006401_10.783919/ds/tmp/mriqc_wf/funcMRIQC/ComputeIQMs/37961f5e9f4d69a46dcc2931f77ac24ec4f566d7/provenance/mapflow/_provenance0".[0m
2026-03-27 05:51:55 |[34;20m INFO     [0m|[34;20m nipype.workflow  [0m|[34;20m [Node] Setting-up "mriqc_wf.funcMRIQC.pick_echo" in "/local/nvme/ds006401_10.783919/ds/tmp/mriqc_wf/funcMRIQC/37961f5e9f4d69a46dcc2931f77ac24ec4f566d7/pick_echo".[0m
2026-03-27 05:51:55 |[34;20m INFO     [0m|[34;20m nipype.workflow  [0m|[34;20m [Node] Executing "_provenance0" <mriqc.interfaces.reports.AddProvenance>[0m
2026-03-27 05:51:55 |[34;20m INFO     [0m|[34;20m nipype.workflow  [0m|[34;20m [Node] Executing "pick_echo" <mriqc.interfaces.functional.SelectEcho>[0m
2026-03-27 05:51:55 |[34;20m INFO     [0m|[34;20m nipype.workflow  [0m|[34;20m [Node] Finished "pick_echo", elapsed time 0.000574s.[0m
2026-03-27 05:51:56 |[34;20m INFO     [0m|[34;20m nipype.workflow  [0m|[34;20m [Node] Finished "_provenance0", elapsed time 0.382335s.[0m
2026-03-27 05:51:56 |[34;20m INFO     [0m|[34;20m nipype.workflow  [0m|[34;20m [Node] Setting-up "_provenance0" in "/local/nvme/ds006401_10.783919/ds/tmp/mriqc_wf/funcMRIQC/ComputeIQMs/2ef5fe367343b01b0936e715c00719fd32e6a8c1/provenance/mapflow/_provenance0".[0m
2026-03-27 05:51:56 |[34;20m INFO     [0m|[34;20m nipype.workflow  [0m|[34;20m [Node] Setting-up "mriqc_wf.funcMRIQC.pick_echo" in "/local/nvme/ds006401_10.783919/ds/tmp/mriqc_wf/funcMRIQC/2ef5fe367343b01b0936e715c00719fd32e6a8c1/pick_echo".[0m
2026-03-27 05:51:56 |[34;20m INFO     [0m|[34;20m nipype.workflow  [0m|[34;20m [Node] Executing "_provenance0" <mriqc.interfaces.reports.AddProvenance>[0m
2026-03-27 05:51:56 |[34;20m INFO     [0m|[34;20m nipype.workflow  [0m|[34;20m [Node] Executing "pick_echo" <mriqc.interfaces.functional.SelectEcho>[0m
2026-03-27 05:51:56 |[34;20m INFO     [0m|[34;20m nipype.workflow  [0m|[34;20m [Node] Finished "pick_echo", elapsed time 0.000608s.[0m
2026-03-27 05:51:56 |[34;20m INFO     [0m|[34;20m nipype.workflow  [0m|[34;20m [Node] Finished "_provenance0", elapsed time 0.480911s.[0m
2026-03-27 05:51:57 |[34;20m INFO     [0m|[34;20m nipype.workflow  [0m|[34;20m [Node] Setting-up "mriqc_wf.funcMRIQC.non_steady_state_detector" in "/local/nvme/ds006401_10.783919/ds/tmp/mriqc_wf/funcMRIQC/5e7f3930da5d61d6e0b5be16b1c15d1577fd4ccd/non_steady_state_detector".[0m
2026-03-27 05:51:57 |[34;20m INFO     [0m|[34;20m nipype.workflow  [0m|[34;20m [Node] Setting-up "mriqc_wf.funcMRIQC.non_steady_state_detector" in "/local/nvme/ds006401_10.783919/ds/tmp/mriqc_wf/funcMRIQC/37961f5e9f4d69a46dcc2931f77ac24ec4f566d7/non_steady_state_detector".[0m
2026-03-27 05:51:57 |[34;20m INFO     [0m|[34;20m nipype.workflow  [0m|[34;20m [Node] Setting-up "mriqc_wf.funcMRIQC.non_steady_state_detector" in "/local/nvme/ds006401_10.783919/ds/tmp/mriqc_wf/funcMRIQC/2ef5fe367343b01b0936e715c00719fd32e6a8c1/non_steady_state_detector".[0m
2026-03-27 05:51:57 |[34;20m INFO     [0m|[34;20m nipype.workflow  [0m|[34;20m [Node] Executing "non_steady_state_detector" <nipype.algorithms.confounds.NonSteadyStateDetector>[0m
2026-03-27 05:51:57 |[34;20m INFO     [0m|[34;20m nipype.workflow  [0m|[34;20m [Node] Executing "non_steady_state_detector" <nipype.algorithms.confounds.NonSteadyStateDetector>[0m
2026-03-27 05:51:57 |[34;20m INFO     [0m|[34;20m nipype.workflow  [0m|[34;20m [Node] Executing "non_steady_state_detector" <nipype.algorithms.confounds.NonSteadyStateDetector>[0m
2026-03-27 05:51:57 |[34;20m INFO     [0m|[34;20m nipype.workflow  [0m|[34;20m [Node] Finished "non_steady_state_detector", elapsed time 0.435334s.[0m
2026-03-27 05:51:57 |[34;20m INFO     [0m|[34;20m nipype.workflow  [0m|[34;20m [Node] Finished "non_steady_state_detector", elapsed time 0.441992s.[0m
2026-03-27 05:51:57 |[34;20m INFO     [0m|[34;20m nipype.workflow  [0m|[34;20m [Node] Finished "non_steady_state_detector", elapsed time 0.443055s.[0m
2026-03-27 05:51:59 |[34;20m INFO     [0m|[34;20m nipype.workflow  [0m|[34;20m [Node] Setting-up "_sanitize0" in "/local/nvme/ds006401_10.783919/ds/tmp/mriqc_wf/funcMRIQC/2ef5fe367343b01b0936e715c00719fd32e6a8c1/sanitize/mapflow/_sanitize0".[0m
2026-03-27 05:51:59 |[34;20m INFO     [0m|[34;20m nipype.workflow  [0m|[34;20m [Node] Setting-up "_sanitize0" in "/local/nvme/ds006401_10.783919/ds/tmp/mriqc_wf/funcMRIQC/37961f5e9f4d69a46dcc2931f77ac24ec4f566d7/sanitize/mapflow/_sanitize0".[0m
2026-03-27 05:51:59 |[34;20m INFO     [0m|[34;20m nipype.workflow  [0m|[34;20m [Node] Setting-up "_sanitize0" in "/local/nvme/ds006401_10.783919/ds/tmp/mriqc_wf/funcMRIQC/5e7f3930da5d61d6e0b5be16b1c15d1577fd4ccd/sanitize/mapflow/_sanitize0".[0m
2026-03-27 05:51:59 |[34;20m INFO     [0m|[34;20m nipype.workflow  [0m|[34;20m [Node] Executing "_sanitize0" <niworkflows.interfaces.header.SanitizeImage>[0m
2026-03-27 05:51:59 |[34;20m INFO     [0m|[34;20m nipype.workflow  [0m|[34;20m [Node] Executing "_sanitize0" <niworkflows.interfaces.header.SanitizeImage>[0m
2026-03-27 05:51:59 |[34;20m INFO     [0m|[34;20m nipype.workflow  [0m|[34;20m [Node] Executing "_sanitize0" <niworkflows.interfaces.header.SanitizeImage>[0m
2026-03-27 05:51:59 |[34;20m INFO     [0m|[34;20m nipype.workflow  [0m|[34;20m [Node] Finished "_sanitize0", elapsed time 0.039147s.[0m
2026-03-27 05:52:01 |[34;20m INFO     [0m|[34;20m nipype.workflow  [0m|[34;20m [Node] Setting-up "mriqc_wf.funcMRIQC.fMRI_HMC.estimate_hm" in "/local/nvme/ds006401_10.783919/ds/tmp/mriqc_wf/funcMRIQC/fMRI_HMC/2ef5fe367343b01b0936e715c00719fd32e6a8c1/estimate_hm".[0m
2026-03-27 05:52:01 |[34;20m INFO     [0m|[34;20m nipype.workflow  [0m|[34;20m [Node] Executing "estimate_hm" <nipype.interfaces.afni.preprocess.Volreg>[0m
2026-03-27 05:52:01 |[34;20m INFO     [0m|[34;20m nipype.workflow  [0m|[34;20m [Node] Setting-up "_SpikesMask0" in "/local/nvme/ds006401_10.783919/ds/tmp/mriqc_wf/funcMRIQC/func_report_wf/2ef5fe367343b01b0936e715c00719fd32e6a8c1/SpikesMask/mapflow/_SpikesMask0".[0m
2026-03-27 05:52:01 |[34;20m INFO     [0m|[34;20m nipype.workflow  [0m|[34;20m [Node] Executing "_SpikesMask0" <nipype.interfaces.utility.wrappers.Function>[0m
2026-03-27 05:52:04 |[34;20m INFO     [0m|[34;20m nipype.workflow  [0m|[34;20m [Node] Finished "_SpikesMask0", elapsed time 3.699587s.[0m
2026-03-27 05:52:05 |[34;20m INFO     [0m|[34;20m nipype.workflow  [0m|[34;20m [Node] Setting-up "_SpikesFinderBgMask0" in "/local/nvme/ds006401_10.783919/ds/tmp/mriqc_wf/funcMRIQC/func_report_wf/2ef5fe367343b01b0936e715c00719fd32e6a8c1/SpikesFinderBgMask/mapflow/_SpikesFinderBgMask0".[0m
2026-03-27 05:52:05 |[34;20m INFO     [0m|[34;20m nipype.workflow  [0m|[34;20m [Node] Executing "_SpikesFinderBgMask0" <mriqc.interfaces.functional.Spikes>[0m
2026-03-27 05:52:10 |[34;20m INFO     [0m|[34;20m nipype.workflow  [0m|[34;20m [Node] Finished "_sanitize0", elapsed time 11.146136s.[0m
2026-03-27 05:52:10 |[34;20m INFO     [0m|[34;20m nipype.workflow  [0m|[34;20m [Node] Finished "_sanitize0", elapsed time 11.185476s.[0m
2026-03-27 05:52:11 |[34;20m INFO     [0m|[34;20m nipype.workflow  [0m|[34;20m [Node] Setting-up "mriqc_wf.funcMRIQC.fMRI_HMC.estimate_hm" in "/local/nvme/ds006401_10.783919/ds/tmp/mriqc_wf/funcMRIQC/fMRI_HMC/5e7f3930da5d61d6e0b5be16b1c15d1577fd4ccd/estimate_hm".[0m
2026-03-27 05:52:11 |[34;20m INFO     [0m|[34;20m nipype.workflow  [0m|[34;20m [Node] Setting-up "mriqc_wf.funcMRIQC.fMRI_HMC.estimate_hm" in "/local/nvme/ds006401_10.783919/ds/tmp/mriqc_wf/funcMRIQC/fMRI_HMC/37961f5e9f4d69a46dcc2931f77ac24ec4f566d7/estimate_hm".[0m
2026-03-27 05:52:11 |[34;20m INFO     [0m|[34;20m nipype.workflow  [0m|[34;20m [Node] Executing "estimate_hm" <nipype.interfaces.afni.preprocess.Volreg>[0m
2026-03-27 05:52:11 |[34;20m INFO     [0m|[34;20m nipype.workflow  [0m|[34;20m [Node] Executing "estimate_hm" <nipype.interfaces.afni.preprocess.Volreg>[0m
2026-03-27 05:52:11 |[34;20m INFO     [0m|[34;20m nipype.workflow  [0m|[34;20m [Node] Setting-up "_SpikesMask0" in "/local/nvme/ds006401_10.783919/ds/tmp/mriqc_wf/funcMRIQC/func_report_wf/5e7f3930da5d61d6e0b5be16b1c15d1577fd4ccd/SpikesMask/mapflow/_SpikesMask0".[0m
2026-03-27 05:52:11 |[34;20m INFO     [0m|[34;20m nipype.workflow  [0m|[34;20m [Node] Executing "_SpikesMask0" <nipype.interfaces.utility.wrappers.Function>[0m
2026-03-27 05:52:11 |[34;20m INFO     [0m|[34;20m nipype.workflow  [0m|[34;20m [Node] Setting-up "_SpikesMask0" in "/local/nvme/ds006401_10.783919/ds/tmp/mriqc_wf/funcMRIQC/func_report_wf/37961f5e9f4d69a46dcc2931f77ac24ec4f566d7/SpikesMask/mapflow/_SpikesMask0".[0m
2026-03-27 05:52:11 |[34;20m INFO     [0m|[34;20m nipype.workflow  [0m|[34;20m [Node] Executing "_SpikesMask0" <nipype.interfaces.utility.wrappers.Function>[0m
2026-03-27 05:52:12 |[34;20m INFO     [0m|[34;20m nipype.workflow  [0m|[34;20m [Node] Finished "_SpikesFinderBgMask0", elapsed time 7.096068s.[0m
2026-03-27 05:52:14 |[34;20m INFO     [0m|[34;20m nipype.workflow  [0m|[34;20m [Node] Finished "_SpikesMask0", elapsed time 3.381517s.[0m
2026-03-27 05:52:14 |[34;20m INFO     [0m|[34;20m nipype.workflow  [0m|[34;20m [Node] Finished "_SpikesMask0", elapsed time 3.418122s.[0m
2026-03-27 05:52:15 |[34;20m INFO     [0m|[34;20m nipype.workflow  [0m|[34;20m [Node] Setting-up "_SpikesFinderBgMask0" in "/local/nvme/ds006401_10.783919/ds/tmp/mriqc_wf/funcMRIQC/func_report_wf/5e7f3930da5d61d6e0b5be16b1c15d1577fd4ccd/SpikesFinderBgMask/mapflow/_SpikesFinderBgMask0".[0m
2026-03-27 05:52:15 |[34;20m INFO     [0m|[34;20m nipype.workflow  [0m|[34;20m [Node] Setting-up "_SpikesFinderBgMask0" in "/local/nvme/ds006401_10.783919/ds/tmp/mriqc_wf/funcMRIQC/func_report_wf/37961f5e9f4d69a46dcc2931f77ac24ec4f566d7/SpikesFinderBgMask/mapflow/_SpikesFinderBgMask0".[0m
2026-03-27 05:52:15 |[34;20m INFO     [0m|[34;20m nipype.workflow  [0m|[34;20m [Node] Executing "_SpikesFinderBgMask0" <mriqc.interfaces.functional.Spikes>[0m
2026-03-27 05:52:15 |[34;20m INFO     [0m|[34;20m nipype.workflow  [0m|[34;20m [Node] Executing "_SpikesFinderBgMask0" <mriqc.interfaces.functional.Spikes>[0m
2026-03-27 05:52:21 |[34;20m INFO     [0m|[34;20m nipype.workflow  [0m|[34;20m [Node] Finished "_SpikesFinderBgMask0", elapsed time 6.070432s.[0m
2026-03-27 05:52:21 |[34;20m INFO     [0m|[34;20m nipype.workflow  [0m|[34;20m [Node] Finished "_SpikesFinderBgMask0", elapsed time 6.184644s.[0m
2026-03-27 06:06:19 |[34;20m INFO     [0m|[34;20m nipype.workflow  [0m|[34;20m [Node] Finished "estimate_hm", elapsed time 847.867207s.[0m
2026-03-27 06:06:21 |[34;20m INFO     [0m|[34;20m nipype.workflow  [0m|[34;20m [Node] Setting-up "mriqc_wf.funcMRIQC.fMRI_HMC.ComputeFD" in "/local/nvme/ds006401_10.783919/ds/tmp/mriqc_wf/funcMRIQC/fMRI_HMC/37961f5e9f4d69a46dcc2931f77ac24ec4f566d7/ComputeFD".[0m
2026-03-27 06:06:21 |[34;20m INFO     [0m|[34;20m nipype.workflow  [0m|[34;20m [Node] Executing "ComputeFD" <nipype.algorithms.confounds.FramewiseDisplacement>[0m
2026-03-27 06:06:21 |[34;20m INFO     [0m|[34;20m nipype.workflow  [0m|[34;20m [Node] Finished "ComputeFD", elapsed time 0.00612s.[0m
2026-03-27 06:06:38 |[34;20m INFO     [0m|[34;20m nipype.workflow  [0m|[34;20m [Node] Finished "estimate_hm", elapsed time 867.725359s.[0m
2026-03-27 06:06:39 |[34;20m INFO     [0m|[34;20m nipype.workflow  [0m|[34;20m [Node] Setting-up "mriqc_wf.funcMRIQC.fMRI_HMC.ComputeFD" in "/local/nvme/ds006401_10.783919/ds/tmp/mriqc_wf/funcMRIQC/fMRI_HMC/5e7f3930da5d61d6e0b5be16b1c15d1577fd4ccd/ComputeFD".[0m
2026-03-27 06:06:39 |[34;20m INFO     [0m|[34;20m nipype.workflow  [0m|[34;20m [Node] Executing "ComputeFD" <nipype.algorithms.confounds.FramewiseDisplacement>[0m
2026-03-27 06:06:39 |[34;20m INFO     [0m|[34;20m nipype.workflow  [0m|[34;20m [Node] Finished "ComputeFD", elapsed time 0.006142s.[0m
2026-03-27 06:11:19 |[34;20m INFO     [0m|[34;20m nipype.workflow  [0m|[34;20m [Node] Finished "estimate_hm", elapsed time 1158.470785s.[0m
2026-03-27 06:11:21 |[34;20m INFO     [0m|[34;20m nipype.workflow  [0m|[34;20m [Node] Setting-up "_apply_hmc0" in "/local/nvme/ds006401_10.783919/ds/tmp/mriqc_wf/funcMRIQC/fMRI_HMC/5e7f3930da5d61d6e0b5be16b1c15d1577fd4ccd/apply_hmc/mapflow/_apply_hmc0".[0m
2026-03-27 06:11:21 |[34;20m INFO     [0m|[34;20m nipype.workflow  [0m|[34;20m [Node] Executing "_apply_hmc0" <nipype.interfaces.utility.wrappers.Function>[0m
2026-03-27 06:11:51 |[34;20m INFO     [0m|[34;20m nipype.workflow  [0m|[34;20m [Node] Finished "_apply_hmc0", elapsed time 30.565535s.[0m
2026-03-27 06:11:53 |[34;20m INFO     [0m|[34;20m nipype.workflow  [0m|[34;20m [Node] Setting-up "_apply_hmc0" in "/local/nvme/ds006401_10.783919/ds/tmp/mriqc_wf/funcMRIQC/fMRI_HMC/37961f5e9f4d69a46dcc2931f77ac24ec4f566d7/apply_hmc/mapflow/_apply_hmc0".[0m
2026-03-27 06:11:53 |[34;20m INFO     [0m|[34;20m nipype.workflow  [0m|[34;20m [Node] Executing "_apply_hmc0" <nipype.interfaces.utility.wrappers.Function>[0m
2026-03-27 06:12:24 |[34;20m INFO     [0m|[34;20m nipype.workflow  [0m|[34;20m [Node] Finished "_apply_hmc0", elapsed time 31.502413s.[0m
2026-03-27 06:12:25 |[34;20m INFO     [0m|[34;20m nipype.workflow  [0m|[34;20m [Node] Setting-up "_apply_hmc0" in "/local/nvme/ds006401_10.783919/ds/tmp/mriqc_wf/funcMRIQC/fMRI_HMC/2ef5fe367343b01b0936e715c00719fd32e6a8c1/apply_hmc/mapflow/_apply_hmc0".[0m
2026-03-27 06:12:25 |[34;20m INFO     [0m|[34;20m nipype.workflow  [0m|[34;20m [Node] Executing "_apply_hmc0" <nipype.interfaces.utility.wrappers.Function>[0m
2026-03-27 06:13:06 |[34;20m INFO     [0m|[34;20m nipype.workflow  [0m|[34;20m [Node] Finished "_apply_hmc0", elapsed time 41.028352s.[0m
2026-03-27 06:13:07 |[34;20m INFO     [0m|[34;20m nipype.workflow  [0m|[34;20m [Node] Setting-up "mriqc_wf.funcMRIQC.fMRI_HMC.ComputeFD" in "/local/nvme/ds006401_10.783919/ds/tmp/mriqc_wf/funcMRIQC/fMRI_HMC/2ef5fe367343b01b0936e715c00719fd32e6a8c1/ComputeFD".[0m
2026-03-27 06:13:07 |[34;20m INFO     [0m|[34;20m nipype.workflow  [0m|[34;20m [Node] Executing "ComputeFD" <nipype.algorithms.confounds.FramewiseDisplacement>[0m
2026-03-27 06:13:07 |[34;20m INFO     [0m|[34;20m nipype.workflow  [0m|[34;20m [Node] Setting-up "_quality0" in "/local/nvme/ds006401_10.783919/ds/tmp/mriqc_wf/funcMRIQC/ComputeIQMs/5e7f3930da5d61d6e0b5be16b1c15d1577fd4ccd/quality/mapflow/_quality0".[0m
2026-03-27 06:13:07 |[34;20m INFO     [0m|[34;20m nipype.workflow  [0m|[34;20m [Node] Setting-up "_mean0" in "/local/nvme/ds006401_10.783919/ds/tmp/mriqc_wf/funcMRIQC/5e7f3930da5d61d6e0b5be16b1c15d1577fd4ccd/mean/mapflow/_mean0".[0m
2026-03-27 06:13:07 |[34;20m INFO     [0m|[34;20m nipype.workflow  [0m|[34;20m [Node] Setting-up "_compute_tsnr0" in "/local/nvme/ds006401_10.783919/ds/tmp/mriqc_wf/funcMRIQC/5e7f3930da5d61d6e0b5be16b1c15d1577fd4ccd/compute_tsnr/mapflow/_compute_tsnr0".[0m
2026-03-27 06:13:07 |[34;20m INFO     [0m|[34;20m nipype.workflow  [0m|[34;20m [Node] Executing "_quality0" <nipype.interfaces.afni.preprocess.QualityIndex>[0m
2026-03-27 06:13:07 |[34;20m INFO     [0m|[34;20m nipype.workflow  [0m|[34;20m [Node] Setting-up "_mean0" in "/local/nvme/ds006401_10.783919/ds/tmp/mriqc_wf/funcMRIQC/37961f5e9f4d69a46dcc2931f77ac24ec4f566d7/mean/mapflow/_mean0".[0m
2026-03-27 06:13:07 |[34;20m INFO     [0m|[34;20m nipype.workflow  [0m|[34;20m [Node] Executing "_compute_tsnr0" <nipype.algorithms.confounds.TSNR>[0m
2026-03-27 06:13:07 |[34;20m INFO     [0m|[34;20m nipype.workflow  [0m|[34;20m [Node] Executing "_mean0" <nipype.interfaces.afni.utils.TStat>[0m
2026-03-27 06:13:07 |[34;20m INFO     [0m|[34;20m nipype.workflow  [0m|[34;20m [Node] Executing "_mean0" <nipype.interfaces.afni.utils.TStat>[0m
2026-03-27 06:13:07 |[34;20m INFO     [0m|[34;20m nipype.workflow  [0m|[34;20m [Node] Finished "ComputeFD", elapsed time 0.010822s.[0m
2026-03-27 06:13:07 |[34;20m INFO     [0m|[34;20m nipype.workflow  [0m|[34;20m [Node] Setting-up "_compute_tsnr0" in "/local/nvme/ds006401_10.783919/ds/tmp/mriqc_wf/funcMRIQC/37961f5e9f4d69a46dcc2931f77ac24ec4f566d7/compute_tsnr/mapflow/_compute_tsnr0".[0m
2026-03-27 06:13:07 |[34;20m INFO     [0m|[34;20m nipype.workflow  [0m|[34;20m [Node] Setting-up "_mean0" in "/local/nvme/ds006401_10.783919/ds/tmp/mriqc_wf/funcMRIQC/2ef5fe367343b01b0936e715c00719fd32e6a8c1/mean/mapflow/_mean0".[0m
2026-03-27 06:13:07 |[34;20m INFO     [0m|[34;20m nipype.workflow  [0m|[34;20m [Node] Executing "_mean0" <nipype.interfaces.afni.utils.TStat>[0m
2026-03-27 06:13:07 |[34;20m INFO     [0m|[34;20m nipype.workflow  [0m|[34;20m [Node] Executing "_compute_tsnr0" <nipype.algorithms.confounds.TSNR>[0m
2026-03-27 06:13:07 |[34;20m INFO     [0m|[34;20m nipype.workflow  [0m|[34;20m [Node] Setting-up "_quality0" in "/local/nvme/ds006401_10.783919/ds/tmp/mriqc_wf/funcMRIQC/ComputeIQMs/37961f5e9f4d69a46dcc2931f77ac24ec4f566d7/quality/mapflow/_quality0".[0m
2026-03-27 06:13:07 |[34;20m INFO     [0m|[34;20m nipype.workflow  [0m|[34;20m [Node] Executing "_quality0" <nipype.interfaces.afni.preprocess.QualityIndex>[0m
2026-03-27 06:13:09 |[34;20m INFO     [0m|[34;20m nipype.workflow  [0m|[34;20m [Node] Setting-up "_compute_tsnr0" in "/local/nvme/ds006401_10.783919/ds/tmp/mriqc_wf/funcMRIQC/2ef5fe367343b01b0936e715c00719fd32e6a8c1/compute_tsnr/mapflow/_compute_tsnr0".[0m
2026-03-27 06:13:09 |[34;20m INFO     [0m|[34;20m nipype.workflow  [0m|[34;20m [Node] Executing "_compute_tsnr0" <nipype.algorithms.confounds.TSNR>[0m
2026-03-27 06:13:11 |[34;20m INFO     [0m|[34;20m nipype.workflow  [0m|[34;20m [Node] Finished "_compute_tsnr0", elapsed time 3.9854089999999998s.[0m
2026-03-27 06:13:11 |[34;20m INFO     [0m|[34;20m nipype.workflow  [0m|[34;20m [Node] Finished "_mean0", elapsed time 4.602388s.[0m
2026-03-27 06:13:12 |[34;20m INFO     [0m|[34;20m nipype.workflow  [0m|[34;20m [Node] Finished "_compute_tsnr0", elapsed time 4.679155s.[0m
2026-03-27 06:13:12 |[34;20m INFO     [0m|[34;20m nipype.workflow  [0m|[34;20m [Node] Finished "_mean0", elapsed time 4.921744s.[0m
2026-03-27 06:13:13 |[34;20m INFO     [0m|[34;20m nipype.workflow  [0m|[34;20m [Node] Finished "_mean0", elapsed time 5.804507s.[0m
2026-03-27 06:13:13 |[34;20m INFO     [0m|[34;20m nipype.workflow  [0m|[34;20m [Node] Setting-up "mriqc_wf.funcMRIQC.synthstrip_wf.pre_clip" in "/local/nvme/ds006401_10.783919/ds/tmp/mriqc_wf/funcMRIQC/synthstrip_wf/5e7f3930da5d61d6e0b5be16b1c15d1577fd4ccd/pre_clip".[0m
2026-03-27 06:13:13 |[34;20m INFO     [0m|[34;20m nipype.workflow  [0m|[34;20m [Node] Setting-up "mriqc_wf.funcMRIQC.SpatialNormalization.SharpenEPI" in "/local/nvme/ds006401_10.783919/ds/tmp/mriqc_wf/funcMRIQC/SpatialNormalization/5e7f3930da5d61d6e0b5be16b1c15d1577fd4ccd/SharpenEPI".[0m
2026-03-27 06:13:13 |[34;20m INFO     [0m|[34;20m nipype.workflow  [0m|[34;20m [Node] Executing "SharpenEPI" <nipype.interfaces.ants.segmentation.N4BiasFieldCorrection>[0m
2026-03-27 06:13:13 |[34;20m INFO     [0m|[34;20m nipype.workflow  [0m|[34;20m [Node] Executing "pre_clip" <niworkflows.interfaces.nibabel.IntensityClip>[0m
2026-03-27 06:13:13 |[34;20m INFO     [0m|[34;20m nipype.workflow  [0m|[34;20m [Node] Setting-up "_PlotMosaicMean0" in "/local/nvme/ds006401_10.783919/ds/tmp/mriqc_wf/funcMRIQC/func_report_wf/5e7f3930da5d61d6e0b5be16b1c15d1577fd4ccd/PlotMosaicMean/mapflow/_PlotMosaicMean0".[0m
2026-03-27 06:13:13 |[34;20m INFO     [0m|[34;20m nipype.workflow  [0m|[34;20m [Node] Executing "_PlotMosaicMean0" <nireports.interfaces.mosaic.PlotMosaic>[0m
2026-03-27 06:13:13 |[34;20m INFO     [0m|[34;20m nipype.workflow  [0m|[34;20m [Node] Setting-up "_quality0" in "/local/nvme/ds006401_10.783919/ds/tmp/mriqc_wf/funcMRIQC/ComputeIQMs/2ef5fe367343b01b0936e715c00719fd32e6a8c1/quality/mapflow/_quality0".[0m
2026-03-27 06:13:13 |[34;20m INFO     [0m|[34;20m nipype.workflow  [0m|[34;20m [Node] Executing "_quality0" <nipype.interfaces.afni.preprocess.QualityIndex>[0m
2026-03-27 06:13:13 |[34;20m INFO     [0m|[34;20m nipype.workflow  [0m|[34;20m [Node] Finished "_compute_tsnr0", elapsed time 4.521435s.[0m
2026-03-27 06:13:14 |[34;20m INFO     [0m|[34;20m nipype.workflow  [0m|[34;20m [Node] Finished "pre_clip", elapsed time 0.965238s.[0m
2026-03-27 06:13:14 |[34;20m INFO     [0m|[34;20m nipype.workflow  [0m|[34;20m [Node] Finished "_PlotMosaicMean0", elapsed time 1.5764209999999999s.[0m
2026-03-27 06:13:15 |[34;20m INFO     [0m|[34;20m nipype.workflow  [0m|[34;20m [Node] Setting-up "mriqc_wf.funcMRIQC.SpatialNormalization.SharpenEPI" in "/local/nvme/ds006401_10.783919/ds/tmp/mriqc_wf/funcMRIQC/SpatialNormalization/37961f5e9f4d69a46dcc2931f77ac24ec4f566d7/SharpenEPI".[0m
2026-03-27 06:13:15 |[34;20m INFO     [0m|[34;20m nipype.workflow  [0m|[34;20m [Node] Setting-up "mriqc_wf.funcMRIQC.synthstrip_wf.pre_clip" in "/local/nvme/ds006401_10.783919/ds/tmp/mriqc_wf/funcMRIQC/synthstrip_wf/37961f5e9f4d69a46dcc2931f77ac24ec4f566d7/pre_clip".[0m
2026-03-27 06:13:15 |[34;20m INFO     [0m|[34;20m nipype.workflow  [0m|[34;20m [Node] Setting-up "_PlotMosaicNoise0" in "/local/nvme/ds006401_10.783919/ds/tmp/mriqc_wf/funcMRIQC/func_report_wf/5e7f3930da5d61d6e0b5be16b1c15d1577fd4ccd/PlotMosaicNoise/mapflow/_PlotMosaicNoise0".[0m
2026-03-27 06:13:15 |[34;20m INFO     [0m|[34;20m nipype.workflow  [0m|[34;20m [Node] Executing "SharpenEPI" <nipype.interfaces.ants.segmentation.N4BiasFieldCorrection>[0m
2026-03-27 06:13:15 |[34;20m INFO     [0m|[34;20m nipype.workflow  [0m|[34;20m [Node] Executing "_PlotMosaicNoise0" <nireports.interfaces.mosaic.PlotMosaic>[0m
2026-03-27 06:13:15 |[34;20m INFO     [0m|[34;20m nipype.workflow  [0m|[34;20m [Node] Setting-up "_PlotMosaicSD0" in "/local/nvme/ds006401_10.783919/ds/tmp/mriqc_wf/funcMRIQC/func_report_wf/5e7f3930da5d61d6e0b5be16b1c15d1577fd4ccd/PlotMosaicSD/mapflow/_PlotMosaicSD0".[0m
2026-03-27 06:13:15 |[34;20m INFO     [0m|[34;20m nipype.workflow  [0m|[34;20m [Node] Executing "pre_clip" <niworkflows.interfaces.nibabel.IntensityClip>[0m
2026-03-27 06:13:15 |[34;20m INFO     [0m|[34;20m nipype.workflow  [0m|[34;20m [Node] Executing "_PlotMosaicSD0" <nireports.interfaces.mosaic.PlotMosaic>[0m
2026-03-27 06:13:16 |[34;20m INFO     [0m|[34;20m nipype.workflow  [0m|[34;20m [Node] Finished "pre_clip", elapsed time 0.861434s.[0m
2026-03-27 06:13:16 |[34;20m INFO     [0m|[34;20m nipype.workflow  [0m|[34;20m [Node] Finished "_PlotMosaicNoise0", elapsed time 1.60241s.[0m
2026-03-27 06:13:17 |[34;20m INFO     [0m|[34;20m nipype.workflow  [0m|[34;20m [Node] Finished "_PlotMosaicSD0", elapsed time 1.799766s.[0m
2026-03-27 06:13:17 |[34;20m INFO     [0m|[34;20m nipype.workflow  [0m|[34;20m [Node] Setting-up "_PlotMosaicSD0" in "/local/nvme/ds006401_10.783919/ds/tmp/mriqc_wf/funcMRIQC/func_report_wf/37961f5e9f4d69a46dcc2931f77ac24ec4f566d7/PlotMosaicSD/mapflow/_PlotMosaicSD0".[0m
2026-03-27 06:13:17 |[34;20m INFO     [0m|[34;20m nipype.workflow  [0m|[34;20m [Node] Executing "_PlotMosaicSD0" <nireports.interfaces.mosaic.PlotMosaic>[0m
2026-03-27 06:13:17 |[34;20m INFO     [0m|[34;20m nipype.workflow  [0m|[34;20m [Node] Setting-up "_PlotMosaicMean0" in "/local/nvme/ds006401_10.783919/ds/tmp/mriqc_wf/funcMRIQC/func_report_wf/37961f5e9f4d69a46dcc2931f77ac24ec4f566d7/PlotMosaicMean/mapflow/_PlotMosaicMean0".[0m
2026-03-27 06:13:17 |[34;20m INFO     [0m|[34;20m nipype.workflow  [0m|[34;20m [Node] Setting-up "_PlotMosaicNoise0" in "/local/nvme/ds006401_10.783919/ds/tmp/mriqc_wf/funcMRIQC/func_report_wf/37961f5e9f4d69a46dcc2931f77ac24ec4f566d7/PlotMosaicNoise/mapflow/_PlotMosaicNoise0".[0m
2026-03-27 06:13:17 |[34;20m INFO     [0m|[34;20m nipype.workflow  [0m|[34;20m [Node] Executing "_PlotMosaicMean0" <nireports.interfaces.mosaic.PlotMosaic>[0m
2026-03-27 06:13:17 |[34;20m INFO     [0m|[34;20m nipype.workflow  [0m|[34;20m [Node] Executing "_PlotMosaicNoise0" <nireports.interfaces.mosaic.PlotMosaic>[0m
2026-03-27 06:13:18 |[34;20m INFO     [0m|[34;20m nipype.workflow  [0m|[34;20m [Node] Finished "_quality0", elapsed time 10.859596s.[0m
2026-03-27 06:13:18 |[34;20m INFO     [0m|[34;20m nipype.workflow  [0m|[34;20m [Node] Finished "SharpenEPI", elapsed time 5.043684s.[0m
2026-03-27 06:13:18 |[34;20m INFO     [0m|[34;20m nipype.workflow  [0m|[34;20m [Node] Finished "_quality0", elapsed time 11.453966s.[0m
2026-03-27 06:13:19 |[34;20m INFO     [0m|[34;20m nipype.workflow  [0m|[34;20m [Node] Finished "_PlotMosaicNoise0", elapsed time 1.78081s.[0m
2026-03-27 06:13:19 |[34;20m INFO     [0m|[34;20m nipype.workflow  [0m|[34;20m [Node] Finished "_PlotMosaicSD0", elapsed time 1.8921869999999998s.[0m
2026-03-27 06:13:19 |[34;20m INFO     [0m|[34;20m nipype.workflow  [0m|[34;20m [Node] Finished "_PlotMosaicMean0", elapsed time 1.980182s.[0m
2026-03-27 06:13:19 |[34;20m INFO     [0m|[34;20m nipype.workflow  [0m|[34;20m [Node] Setting-up "mriqc_wf.funcMRIQC.synthstrip_wf.pre_clip" in "/local/nvme/ds006401_10.783919/ds/tmp/mriqc_wf/funcMRIQC/synthstrip_wf/2ef5fe367343b01b0936e715c00719fd32e6a8c1/pre_clip".[0m
2026-03-27 06:13:19 |[34;20m INFO     [0m|[34;20m nipype.workflow  [0m|[34;20m [Node] Setting-up "mriqc_wf.funcMRIQC.SpatialNormalization.SharpenEPI" in "/local/nvme/ds006401_10.783919/ds/tmp/mriqc_wf/funcMRIQC/SpatialNormalization/2ef5fe367343b01b0936e715c00719fd32e6a8c1/SharpenEPI".[0m
2026-03-27 06:13:19 |[34;20m INFO     [0m|[34;20m nipype.workflow  [0m|[34;20m [Node] Executing "pre_clip" <niworkflows.interfaces.nibabel.IntensityClip>[0m
2026-03-27 06:13:19 |[34;20m INFO     [0m|[34;20m nipype.workflow  [0m|[34;20m [Node] Executing "SharpenEPI" <nipype.interfaces.ants.segmentation.N4BiasFieldCorrection>[0m
2026-03-27 06:13:19 |[34;20m INFO     [0m|[34;20m nipype.workflow  [0m|[34;20m [Node] Setting-up "_PlotMosaicMean0" in "/local/nvme/ds006401_10.783919/ds/tmp/mriqc_wf/funcMRIQC/func_report_wf/2ef5fe367343b01b0936e715c00719fd32e6a8c1/PlotMosaicMean/mapflow/_PlotMosaicMean0".[0m
2026-03-27 06:13:19 |[34;20m INFO     [0m|[34;20m nipype.workflow  [0m|[34;20m [Node] Setting-up "_PlotMosaicNoise0" in "/local/nvme/ds006401_10.783919/ds/tmp/mriqc_wf/funcMRIQC/func_report_wf/2ef5fe367343b01b0936e715c00719fd32e6a8c1/PlotMosaicNoise/mapflow/_PlotMosaicNoise0".[0m
2026-03-27 06:13:19 |[34;20m INFO     [0m|[34;20m nipype.workflow  [0m|[34;20m [Node] Executing "_PlotMosaicMean0" <nireports.interfaces.mosaic.PlotMosaic>[0m
2026-03-27 06:13:19 |[34;20m INFO     [0m|[34;20m nipype.workflow  [0m|[34;20m [Node] Executing "_PlotMosaicNoise0" <nireports.interfaces.mosaic.PlotMosaic>[0m
2026-03-27 06:13:20 |[34;20m INFO     [0m|[34;20m nipype.workflow  [0m|[34;20m [Node] Finished "pre_clip", elapsed time 0.896869s.[0m
2026-03-27 06:13:20 |[34;20m INFO     [0m|[34;20m nipype.workflow  [0m|[34;20m [Node] Finished "SharpenEPI", elapsed time 5.022743s.[0m
2026-03-27 06:13:20 |[34;20m INFO     [0m|[34;20m nipype.workflow  [0m|[34;20m [Node] Finished "_PlotMosaicMean0", elapsed time 1.599519s.[0m
2026-03-27 06:13:21 |[34;20m INFO     [0m|[34;20m nipype.workflow  [0m|[34;20m [Node] Finished "_PlotMosaicNoise0", elapsed time 1.868177s.[0m
2026-03-27 06:13:21 |[34;20m INFO     [0m|[34;20m nipype.workflow  [0m|[34;20m [Node] Setting-up "_PlotMosaicSD0" in "/local/nvme/ds006401_10.783919/ds/tmp/mriqc_wf/funcMRIQC/func_report_wf/2ef5fe367343b01b0936e715c00719fd32e6a8c1/PlotMosaicSD/mapflow/_PlotMosaicSD0".[0m
2026-03-27 06:13:21 |[34;20m INFO     [0m|[34;20m nipype.workflow  [0m|[34;20m [Node] Executing "_PlotMosaicSD0" <nireports.interfaces.mosaic.PlotMosaic>[0m
2026-03-27 06:13:21 |[34;20m INFO     [0m|[34;20m nipype.workflow  [0m|[34;20m [Node] Setting-up "_ds_report_mean0" in "/local/nvme/ds006401_10.783919/ds/tmp/mriqc_wf/funcMRIQC/func_report_wf/5e7f3930da5d61d6e0b5be16b1c15d1577fd4ccd/ds_report_mean/mapflow/_ds_report_mean0".[0m
2026-03-27 06:13:21 |[34;20m INFO     [0m|[34;20m nipype.workflow  [0m|[34;20m [Node] Executing "_ds_report_mean0" <mriqc.interfaces.DerivativesDataSink>[0m
2026-03-27 06:13:21 |[34;20m INFO     [0m|[34;20m nipype.workflow  [0m|[34;20m [Node] Finished "_ds_report_mean0", elapsed time 0.010322s.[0m
2026-03-27 06:13:21 |[34;20m INFO     [0m|[34;20m nipype.workflow  [0m|[34;20m [Node] Setting-up "_ds_report_background0" in "/local/nvme/ds006401_10.783919/ds/tmp/mriqc_wf/funcMRIQC/func_report_wf/5e7f3930da5d61d6e0b5be16b1c15d1577fd4ccd/ds_report_background/mapflow/_ds_report_background0".[0m
2026-03-27 06:13:21 |[34;20m INFO     [0m|[34;20m nipype.workflow  [0m|[34;20m [Node] Executing "_ds_report_background0" <mriqc.interfaces.DerivativesDataSink>[0m
2026-03-27 06:13:21 |[34;20m INFO     [0m|[34;20m nipype.workflow  [0m|[34;20m [Node] Finished "_ds_report_background0", elapsed time 0.00531s.[0m
2026-03-27 06:13:21 |[34;20m INFO     [0m|[34;20m nipype.workflow  [0m|[34;20m [Node] Setting-up "_ds_report_stdev0" in "/local/nvme/ds006401_10.783919/ds/tmp/mriqc_wf/funcMRIQC/func_report_wf/5e7f3930da5d61d6e0b5be16b1c15d1577fd4ccd/ds_report_stdev/mapflow/_ds_report_stdev0".[0m
2026-03-27 06:13:21 |[34;20m INFO     [0m|[34;20m nipype.workflow  [0m|[34;20m [Node] Executing "_ds_report_stdev0" <mriqc.interfaces.DerivativesDataSink>[0m
2026-03-27 06:13:21 |[34;20m INFO     [0m|[34;20m nipype.workflow  [0m|[34;20m [Node] Finished "_ds_report_stdev0", elapsed time 0.00528s.[0m
2026-03-27 06:13:21 |[34;20m INFO     [0m|[34;20m nipype.workflow  [0m|[34;20m [Node] Setting-up "_ds_report_mean0" in "/local/nvme/ds006401_10.783919/ds/tmp/mriqc_wf/funcMRIQC/func_report_wf/37961f5e9f4d69a46dcc2931f77ac24ec4f566d7/ds_report_mean/mapflow/_ds_report_mean0".[0m
2026-03-27 06:13:21 |[34;20m INFO     [0m|[34;20m nipype.workflow  [0m|[34;20m [Node] Executing "_ds_report_mean0" <mriqc.interfaces.DerivativesDataSink>[0m
2026-03-27 06:13:21 |[34;20m INFO     [0m|[34;20m nipype.workflow  [0m|[34;20m [Node] Finished "_ds_report_mean0", elapsed time 0.005078s.[0m
2026-03-27 06:13:21 |[34;20m INFO     [0m|[34;20m nipype.workflow  [0m|[34;20m [Node] Setting-up "_ds_report_background0" in "/local/nvme/ds006401_10.783919/ds/tmp/mriqc_wf/funcMRIQC/func_report_wf/37961f5e9f4d69a46dcc2931f77ac24ec4f566d7/ds_report_background/mapflow/_ds_report_background0".[0m
2026-03-27 06:13:21 |[34;20m INFO     [0m|[34;20m nipype.workflow  [0m|[34;20m [Node] Executing "_ds_report_background0" <mriqc.interfaces.DerivativesDataSink>[0m
2026-03-27 06:13:21 |[34;20m INFO     [0m|[34;20m nipype.workflow  [0m|[34;20m [Node] Finished "_ds_report_background0", elapsed time 0.005125s.[0m
2026-03-27 06:13:22 |[34;20m INFO     [0m|[34;20m nipype.workflow  [0m|[34;20m [Node] Setting-up "_ds_report_stdev0" in "/local/nvme/ds006401_10.783919/ds/tmp/mriqc_wf/funcMRIQC/func_report_wf/37961f5e9f4d69a46dcc2931f77ac24ec4f566d7/ds_report_stdev/mapflow/_ds_report_stdev0".[0m
2026-03-27 06:13:22 |[34;20m INFO     [0m|[34;20m nipype.workflow  [0m|[34;20m [Node] Executing "_ds_report_stdev0" <mriqc.interfaces.DerivativesDataSink>[0m
2026-03-27 06:13:22 |[34;20m INFO     [0m|[34;20m nipype.workflow  [0m|[34;20m [Node] Finished "_ds_report_stdev0", elapsed time 0.005007s.[0m
2026-03-27 06:13:22 |[34;20m INFO     [0m|[34;20m nipype.workflow  [0m|[34;20m [Node] Setting-up "_ds_report_mean0" in "/local/nvme/ds006401_10.783919/ds/tmp/mriqc_wf/funcMRIQC/func_report_wf/2ef5fe367343b01b0936e715c00719fd32e6a8c1/ds_report_mean/mapflow/_ds_report_mean0".[0m
2026-03-27 06:13:22 |[34;20m INFO     [0m|[34;20m nipype.workflow  [0m|[34;20m [Node] Executing "_ds_report_mean0" <mriqc.interfaces.DerivativesDataSink>[0m
2026-03-27 06:13:22 |[34;20m INFO     [0m|[34;20m nipype.workflow  [0m|[34;20m [Node] Finished "_ds_report_mean0", elapsed time 0.005029s.[0m
2026-03-27 06:13:22 |[34;20m INFO     [0m|[34;20m nipype.workflow  [0m|[34;20m [Node] Setting-up "_ds_report_background0" in "/local/nvme/ds006401_10.783919/ds/tmp/mriqc_wf/funcMRIQC/func_report_wf/2ef5fe367343b01b0936e715c00719fd32e6a8c1/ds_report_background/mapflow/_ds_report_background0".[0m
2026-03-27 06:13:22 |[34;20m INFO     [0m|[34;20m nipype.workflow  [0m|[34;20m [Node] Executing "_ds_report_background0" <mriqc.interfaces.DerivativesDataSink>[0m
2026-03-27 06:13:22 |[34;20m INFO     [0m|[34;20m nipype.workflow  [0m|[34;20m [Node] Finished "_ds_report_background0", elapsed time 0.004914s.[0m
2026-03-27 06:13:23 |[34;20m INFO     [0m|[34;20m nipype.workflow  [0m|[34;20m [Node] Finished "_PlotMosaicSD0", elapsed time 1.854237s.[0m
2026-03-27 06:13:24 |[34;20m INFO     [0m|[34;20m nipype.workflow  [0m|[34;20m [Node] Finished "SharpenEPI", elapsed time 4.819792s.[0m
2026-03-27 06:13:25 |[34;20m INFO     [0m|[34;20m nipype.workflow  [0m|[34;20m [Node] Setting-up "_ds_report_stdev0" in "/local/nvme/ds006401_10.783919/ds/tmp/mriqc_wf/funcMRIQC/func_report_wf/2ef5fe367343b01b0936e715c00719fd32e6a8c1/ds_report_stdev/mapflow/_ds_report_stdev0".[0m
2026-03-27 06:13:25 |[34;20m INFO     [0m|[34;20m nipype.workflow  [0m|[34;20m [Node] Executing "_ds_report_stdev0" <mriqc.interfaces.DerivativesDataSink>[0m
2026-03-27 06:13:25 |[34;20m INFO     [0m|[34;20m nipype.workflow  [0m|[34;20m [Node] Finished "_ds_report_stdev0", elapsed time 0.005251s.[0m
2026-03-27 06:13:26 |[34;20m INFO     [0m|[34;20m nipype.workflow  [0m|[34;20m [Node] Finished "_quality0", elapsed time 13.473044s.[0m
2026-03-27 06:13:27 |[34;20m INFO     [0m|[34;20m nipype.workflow  [0m|[34;20m [Node] Setting-up "mriqc_wf.funcMRIQC.synthstrip_wf.pre_n4" in "/local/nvme/ds006401_10.783919/ds/tmp/mriqc_wf/funcMRIQC/synthstrip_wf/5e7f3930da5d61d6e0b5be16b1c15d1577fd4ccd/pre_n4".[0m
2026-03-27 06:13:27 |[34;20m INFO     [0m|[34;20m nipype.workflow  [0m|[34;20m [Node] Executing "pre_n4" <nipype.interfaces.ants.segmentation.N4BiasFieldCorrection>[0m
2026-03-27 06:13:29 |[34;20m INFO     [0m|[34;20m nipype.workflow  [0m|[34;20m [Node] Finished "pre_n4", elapsed time 1.4240789999999999s.[0m
2026-03-27 06:13:31 |[34;20m INFO     [0m|[34;20m nipype.workflow  [0m|[34;20m [Node] Setting-up "mriqc_wf.funcMRIQC.synthstrip_wf.pre_n4" in "/local/nvme/ds006401_10.783919/ds/tmp/mriqc_wf/funcMRIQC/synthstrip_wf/37961f5e9f4d69a46dcc2931f77ac24ec4f566d7/pre_n4".[0m
2026-03-27 06:13:31 |[34;20m INFO     [0m|[34;20m nipype.workflow  [0m|[34;20m [Node] Executing "pre_n4" <nipype.interfaces.ants.segmentation.N4BiasFieldCorrection>[0m
2026-03-27 06:13:32 |[34;20m INFO     [0m|[34;20m nipype.workflow  [0m|[34;20m [Node] Finished "pre_n4", elapsed time 1.397711s.[0m
2026-03-27 06:13:33 |[34;20m INFO     [0m|[34;20m nipype.workflow  [0m|[34;20m [Node] Setting-up "mriqc_wf.funcMRIQC.synthstrip_wf.pre_n4" in "/local/nvme/ds006401_10.783919/ds/tmp/mriqc_wf/funcMRIQC/synthstrip_wf/2ef5fe367343b01b0936e715c00719fd32e6a8c1/pre_n4".[0m
2026-03-27 06:13:33 |[34;20m INFO     [0m|[34;20m nipype.workflow  [0m|[34;20m [Node] Executing "pre_n4" <nipype.interfaces.ants.segmentation.N4BiasFieldCorrection>[0m
2026-03-27 06:13:34 |[34;20m INFO     [0m|[34;20m nipype.workflow  [0m|[34;20m [Node] Finished "pre_n4", elapsed time 1.545563s.[0m
2026-03-27 06:13:35 |[34;20m INFO     [0m|[34;20m nipype.workflow  [0m|[34;20m [Node] Setting-up "mriqc_wf.funcMRIQC.synthstrip_wf.synthstrip" in "/local/nvme/ds006401_10.783919/ds/tmp/mriqc_wf/funcMRIQC/synthstrip_wf/5e7f3930da5d61d6e0b5be16b1c15d1577fd4ccd/synthstrip".[0m
2026-03-27 06:13:35 |[34;20m INFO     [0m|[34;20m nipype.workflow  [0m|[34;20m [Node] Executing "synthstrip" <mriqc.interfaces.synthstrip.SynthStrip>[0m
2026-03-27 06:13:55 |[34;20m INFO     [0m|[34;20m nipype.workflow  [0m|[34;20m [Node] Finished "synthstrip", elapsed time 20.066142s.[0m
2026-03-27 06:13:57 |[34;20m INFO     [0m|[34;20m nipype.workflow  [0m|[34;20m [Node] Setting-up "mriqc_wf.funcMRIQC.synthstrip_wf.synthstrip" in "/local/nvme/ds006401_10.783919/ds/tmp/mriqc_wf/funcMRIQC/synthstrip_wf/37961f5e9f4d69a46dcc2931f77ac24ec4f566d7/synthstrip".[0m
2026-03-27 06:13:57 |[34;20m INFO     [0m|[34;20m nipype.workflow  [0m|[34;20m [Node] Executing "synthstrip" <mriqc.interfaces.synthstrip.SynthStrip>[0m
2026-03-27 06:14:13 |[34;20m INFO     [0m|[34;20m nipype.workflow  [0m|[34;20m [Node] Finished "synthstrip", elapsed time 15.918155s.[0m
2026-03-27 06:14:15 |[34;20m INFO     [0m|[34;20m nipype.workflow  [0m|[34;20m [Node] Setting-up "mriqc_wf.funcMRIQC.synthstrip_wf.synthstrip" in "/local/nvme/ds006401_10.783919/ds/tmp/mriqc_wf/funcMRIQC/synthstrip_wf/2ef5fe367343b01b0936e715c00719fd32e6a8c1/synthstrip".[0m
2026-03-27 06:14:15 |[34;20m INFO     [0m|[34;20m nipype.workflow  [0m|[34;20m [Node] Executing "synthstrip" <mriqc.interfaces.synthstrip.SynthStrip>[0m
2026-03-27 06:14:29 |[34;20m INFO     [0m|[34;20m nipype.workflow  [0m|[34;20m [Node] Finished "synthstrip", elapsed time 14.201679s.[0m
2026-03-27 06:14:31 |[34;20m INFO     [0m|[34;20m nipype.workflow  [0m|[34;20m [Node] Setting-up "mriqc_wf.funcMRIQC.synthstrip_wf.post_n4" in "/local/nvme/ds006401_10.783919/ds/tmp/mriqc_wf/funcMRIQC/synthstrip_wf/5e7f3930da5d61d6e0b5be16b1c15d1577fd4ccd/post_n4".[0m
2026-03-27 06:14:31 |[34;20m INFO     [0m|[34;20m nipype.workflow  [0m|[34;20m [Node] Executing "post_n4" <nipype.interfaces.ants.segmentation.N4BiasFieldCorrection>[0m
2026-03-27 06:14:32 |[34;20m INFO     [0m|[34;20m nipype.workflow  [0m|[34;20m [Node] Finished "post_n4", elapsed time 1.076791s.[0m
2026-03-27 06:14:33 |[34;20m INFO     [0m|[34;20m nipype.workflow  [0m|[34;20m [Node] Setting-up "mriqc_wf.funcMRIQC.SpatialNormalization.EPI2MNI" in "/local/nvme/ds006401_10.783919/ds/tmp/mriqc_wf/funcMRIQC/SpatialNormalization/5e7f3930da5d61d6e0b5be16b1c15d1577fd4ccd/EPI2MNI".[0m
2026-03-27 06:14:33 |[34;20m INFO     [0m|[34;20m nipype.workflow  [0m|[34;20m [Node] Executing "EPI2MNI" <niworkflows.interfaces.reportlets.registration.SpatialNormalizationRPT>[0m
2026-03-27 06:14:33 |[34;20m INFO     [0m|[34;20m niworkflows      [0m|[34;20m Estimating initial transform using AffineInitializer[0m
2026-03-27 06:14:39 |[34;20m INFO     [0m|[34;20m niworkflows      [0m|[34;20m Terminal outputs of initialization saved (/local/nvme/ds006401_10.783919/ds/tmp/mriqc_wf/funcMRIQC/SpatialNormalization/5e7f3930da5d61d6e0b5be16b1c15d1577fd4ccd/EPI2MNI/stderr.nipype-init).[0m
2026-03-27 06:14:39 |[34;20m INFO     [0m|[34;20m niworkflows      [0m|[34;20m Loading settings from file /opt/conda/lib/python3.11/site-packages/niworkflows/data/boldref-mni_registration_precise_000.json.[0m
2026-03-27 06:14:39 |[34;20m INFO     [0m|[34;20m niworkflows      [0m|[34;20m Retry #1, commandline: 
antsRegistration --collapse-output-transforms 1 --dimensionality 3 --float 0 --initial-moving-transform [ /local/nvme/ds006401_10.783919/ds/tmp/mriqc_wf/funcMRIQC/SpatialNormalization/5e7f3930da5d61d6e0b5be16b1c15d1577fd4ccd/EPI2MNI/transform.mat, 0 ] --initialize-transforms-per-stage 0 --interpolation LanczosWindowedSinc --output [ epi_to_mni, epi_to_mni_Warped.nii.gz ] --transform Rigid[ 0.05 ] --metric Mattes[ /templateflow/tpl-MNI152NLin2009cAsym/tpl-MNI152NLin2009cAsym_res-02_desc-fMRIPrep_boldref.nii.gz, /local/nvme/ds006401_10.783919/ds/tmp/mriqc_wf/funcMRIQC/SpatialNormalization/5e7f3930da5d61d6e0b5be16b1c15d1577fd4ccd/SharpenEPI/sub-10_ses-01_task-mid_run-01_bold_desc-realigned_valid_tstat_corrected.nii.gz, 1, 56, Regular, 0.25 ] --convergence [ 10000x1000x100, 1e-06, 20 ] --smoothing-sigmas 4.0x2.0x1.0vox --shrink-factors 4x2x1 --use-histogram-matching 1 --masks [ /templateflow/tpl-MNI152NLin2009cAsym/tpl-MNI152NLin2009cAsym_res-02_desc-brain_mask.nii.gz, /local/nvme/ds006401_10.783919/ds/tmp/mriqc_wf/funcMRIQC/synthstrip_wf/5e7f3930da5d61d6e0b5be16b1c15d1577fd4ccd/synthstrip/clipped_corrected_desc-brain_mask.nii.gz ] --transform Affine[ 0.08 ] --metric Mattes[ /templateflow/tpl-MNI152NLin2009cAsym/tpl-MNI152NLin2009cAsym_res-02_desc-fMRIPrep_boldref.nii.gz, /local/nvme/ds006401_10.783919/ds/tmp/mriqc_wf/funcMRIQC/SpatialNormalization/5e7f3930da5d61d6e0b5be16b1c15d1577fd4ccd/SharpenEPI/sub-10_ses-01_task-mid_run-01_bold_desc-realigned_valid_tstat_corrected.nii.gz, 1, 56, Regular, 0.25 ] --convergence [ 500x250x100, 1e-06, 20 ] --smoothing-sigmas 4.0x2.0x1.0vox --shrink-factors 8x4x2 --use-histogram-matching 1 --masks [ /templateflow/tpl-MNI152NLin2009cAsym/tpl-MNI152NLin2009cAsym_res-02_desc-brain_mask.nii.gz, /local/nvme/ds006401_10.783919/ds/tmp/mriqc_wf/funcMRIQC/synthstrip_wf/5e7f3930da5d61d6e0b5be16b1c15d1577fd4ccd/synthstrip/clipped_corrected_desc-brain_mask.nii.gz ] --transform SyN[ 0.1, 3.0, 0.0 ] --metric CC[ /templateflow/tpl-MNI152NLin2009cAsym/tpl-MNI152NLin2009cAsym_res-02_desc-fMRIPrep_boldref.nii.gz, /local/nvme/ds006401_10.783919/ds/tmp/mriqc_wf/funcMRIQC/SpatialNormalization/5e7f3930da5d61d6e0b5be16b1c15d1577fd4ccd/SharpenEPI/sub-10_ses-01_task-mid_run-01_bold_desc-realigned_valid_tstat_corrected.nii.gz, 1, 4, None, 1 ] --convergence [ 100x30x20, 1e-06, 10 ] --smoothing-sigmas 3.0x2.0x1.0vox --shrink-factors 8x4x2 --use-histogram-matching 1 --masks [ /templateflow/tpl-MNI152NLin2009cAsym/tpl-MNI152NLin2009cAsym_res-02_desc-brain_mask.nii.gz, /local/nvme/ds006401_10.783919/ds/tmp/mriqc_wf/funcMRIQC/synthstrip_wf/5e7f3930da5d61d6e0b5be16b1c15d1577fd4ccd/synthstrip/clipped_corrected_desc-brain_mask.nii.gz ] --winsorize-image-intensities [ 0.005, 0.995 ]  --write-composite-transform 1[0m
2026-03-27 06:14:51 |[34;20m INFO     [0m|[34;20m niworkflows      [0m|[34;20m Successful spatial normalization (retry #1).[0m
2026-03-27 06:14:51 |[34;20m INFO     [0m|[34;20m niworkflows      [0m|[34;20m Report - setting fixed (/templateflow/tpl-MNI152NLin2009cAsym/tpl-MNI152NLin2009cAsym_res-02_desc-fMRIPrep_boldref.nii.gz) and moving (/local/nvme/ds006401_10.783919/ds/tmp/mriqc_wf/funcMRIQC/SpatialNormalization/5e7f3930da5d61d6e0b5be16b1c15d1577fd4ccd/EPI2MNI/epi_to_mni_Warped.nii.gz) images[0m
2026-03-27 06:14:51 |[34;20m INFO     [0m|[34;20m niworkflows      [0m|[34;20m Generating visual report[0m
2026-03-27 06:15:08 |[34;20m INFO     [0m|[34;20m nipype.workflow  [0m|[34;20m [Node] Finished "EPI2MNI", elapsed time 34.881389s.[0m
2026-03-27 06:15:09 |[34;20m INFO     [0m|[34;20m nipype.workflow  [0m|[34;20m [Node] Setting-up "mriqc_wf.funcMRIQC.func_report_wf.dilated_mask" in "/local/nvme/ds006401_10.783919/ds/tmp/mriqc_wf/funcMRIQC/func_report_wf/5e7f3930da5d61d6e0b5be16b1c15d1577fd4ccd/dilated_mask".[0m
2026-03-27 06:15:09 |[34;20m INFO     [0m|[34;20m nipype.workflow  [0m|[34;20m [Node] Setting-up "mriqc_wf.funcMRIQC.func_report_wf.PlotBrainmask" in "/local/nvme/ds006401_10.783919/ds/tmp/mriqc_wf/funcMRIQC/func_report_wf/5e7f3930da5d61d6e0b5be16b1c15d1577fd4ccd/PlotBrainmask".[0m
2026-03-27 06:15:09 |[34;20m INFO     [0m|[34;20m nipype.workflow  [0m|[34;20m [Node] Setting-up "_smoothness0" in "/local/nvme/ds006401_10.783919/ds/tmp/mriqc_wf/funcMRIQC/ComputeIQMs/5e7f3930da5d61d6e0b5be16b1c15d1577fd4ccd/smoothness/mapflow/_smoothness0".[0m
2026-03-27 06:15:09 |[34;20m INFO     [0m|[34;20m nipype.workflow  [0m|[34;20m [Node] Setting-up "_ComputeDVARS0" in "/local/nvme/ds006401_10.783919/ds/tmp/mriqc_wf/funcMRIQC/ComputeIQMs/5e7f3930da5d61d6e0b5be16b1c15d1577fd4ccd/ComputeDVARS/mapflow/_ComputeDVARS0".[0m
2026-03-27 06:15:09 |[34;20m INFO     [0m|[34;20m nipype.workflow  [0m|[34;20m [Node] Executing "dilated_mask" <niworkflows.interfaces.morphology.BinaryDilation>[0m
2026-03-27 06:15:09 |[34;20m INFO     [0m|[34;20m nipype.workflow  [0m|[34;20m [Node] Setting-up "_outliers0" in "/local/nvme/ds006401_10.783919/ds/tmp/mriqc_wf/funcMRIQC/ComputeIQMs/5e7f3930da5d61d6e0b5be16b1c15d1577fd4ccd/outliers/mapflow/_outliers0".[0m
2026-03-27 06:15:09 |[34;20m INFO     [0m|[34;20m nipype.workflow  [0m|[34;20m [Node] Setting-up "_gcor0" in "/local/nvme/ds006401_10.783919/ds/tmp/mriqc_wf/funcMRIQC/ComputeIQMs/5e7f3930da5d61d6e0b5be16b1c15d1577fd4ccd/gcor/mapflow/_gcor0".[0m
2026-03-27 06:15:09 |[34;20m INFO     [0m|[34;20m nipype.workflow  [0m|[34;20m [Node] Executing "_smoothness0" <nipype.interfaces.afni.utils.FWHMx>[0m
2026-03-27 06:15:09 |[34;20m INFO     [0m|[34;20m nipype.workflow  [0m|[34;20m [Node] Executing "_ComputeDVARS0" <nipype.algorithms.confounds.ComputeDVARS>[0m
2026-03-27 06:15:09 |[34;20m INFO     [0m|[34;20m nipype.workflow  [0m|[34;20m [Node] Executing "_outliers0" <nipype.interfaces.afni.preprocess.OutlierCount>[0m
2026-03-27 06:15:09 |[34;20m INFO     [0m|[34;20m nipype.workflow  [0m|[34;20m [Node] Executing "PlotBrainmask" <nireports.interfaces.mosaic.PlotContours>[0m
2026-03-27 06:15:09 |[34;20m INFO     [0m|[34;20m nipype.workflow  [0m|[34;20m [Node] Executing "_gcor0" <mriqc.interfaces.transitional.GCOR>[0m
2026-03-27 06:15:09 |[34;20m INFO     [0m|[34;20m nipype.workflow  [0m|[34;20m [Node] Setting-up "_PlotMosaicZoomed0" in "/local/nvme/ds006401_10.783919/ds/tmp/mriqc_wf/funcMRIQC/func_report_wf/5e7f3930da5d61d6e0b5be16b1c15d1577fd4ccd/PlotMosaicZoomed/mapflow/_PlotMosaicZoomed0".[0m
2026-03-27 06:15:09 |[34;20m INFO     [0m|[34;20m nipype.workflow  [0m|[34;20m [Node] Executing "_PlotMosaicZoomed0" <nireports.interfaces.mosaic.PlotMosaic>[0m
2026-03-27 06:15:09 |[34;20m INFO     [0m|[34;20m nipype.workflow  [0m|[34;20m [Node] Setting-up "_ComputeDVARS0" in "/local/nvme/ds006401_10.783919/ds/tmp/mriqc_wf/funcMRIQC/ComputeIQMs/37961f5e9f4d69a46dcc2931f77ac24ec4f566d7/ComputeDVARS/mapflow/_ComputeDVARS0".[0m
2026-03-27 06:15:09 |[34;20m INFO     [0m|[34;20m nipype.workflow  [0m|[34;20m [Node] Executing "_ComputeDVARS0" <nipype.algorithms.confounds.ComputeDVARS>[0m
2026-03-27 06:15:09 |[34;20m INFO     [0m|[34;20m nipype.workflow  [0m|[34;20m [Node] Finished "dilated_mask", elapsed time 0.044573s.[0m
2026-03-27 06:15:09 |[34;20m INFO     [0m|[34;20m nipype.workflow  [0m|[34;20m [Node] Finished "_smoothness0", elapsed time 0.65187s.[0m
2026-03-27 06:15:10 |[34;20m INFO     [0m|[34;20m nipype.workflow  [0m|[34;20m [Node] Finished "PlotBrainmask", elapsed time 1.154409s.[0m
2026-03-27 06:15:10 |[34;20m INFO     [0m|[34;20m nipype.workflow  [0m|[34;20m [Node] Finished "_PlotMosaicZoomed0", elapsed time 1.354673s.[0m
2026-03-27 06:15:11 |[34;20m INFO     [0m|[34;20m nipype.workflow  [0m|[34;20m [Node] Setting-up "mriqc_wf.funcMRIQC.func_report_wf.dilated_mask" in "/local/nvme/ds006401_10.783919/ds/tmp/mriqc_wf/funcMRIQC/func_report_wf/37961f5e9f4d69a46dcc2931f77ac24ec4f566d7/dilated_mask".[0m
2026-03-27 06:15:11 |[34;20m INFO     [0m|[34;20m nipype.workflow  [0m|[34;20m [Node] Setting-up "_outliers0" in "/local/nvme/ds006401_10.783919/ds/tmp/mriqc_wf/funcMRIQC/ComputeIQMs/37961f5e9f4d69a46dcc2931f77ac24ec4f566d7/outliers/mapflow/_outliers0".[0m
2026-03-27 06:15:11 |[34;20m INFO     [0m|[34;20m nipype.workflow  [0m|[34;20m [Node] Setting-up "_smoothness0" in "/local/nvme/ds006401_10.783919/ds/tmp/mriqc_wf/funcMRIQC/ComputeIQMs/37961f5e9f4d69a46dcc2931f77ac24ec4f566d7/smoothness/mapflow/_smoothness0".[0m
2026-03-27 06:15:11 |[34;20m INFO     [0m|[34;20m nipype.workflow  [0m|[34;20m [Node] Setting-up "_gcor0" in "/local/nvme/ds006401_10.783919/ds/tmp/mriqc_wf/funcMRIQC/ComputeIQMs/37961f5e9f4d69a46dcc2931f77ac24ec4f566d7/gcor/mapflow/_gcor0".[0m
2026-03-27 06:15:11 |[34;20m INFO     [0m|[34;20m nipype.workflow  [0m|[34;20m [Node] Executing "dilated_mask" <niworkflows.interfaces.morphology.BinaryDilation>[0m
2026-03-27 06:15:11 |[34;20m INFO     [0m|[34;20m nipype.workflow  [0m|[34;20m [Node] Executing "_outliers0" <nipype.interfaces.afni.preprocess.OutlierCount>[0m
2026-03-27 06:15:11 |[34;20m INFO     [0m|[34;20m nipype.workflow  [0m|[34;20m [Node] Executing "_smoothness0" <nipype.interfaces.afni.utils.FWHMx>[0m
2026-03-27 06:15:11 |[34;20m INFO     [0m|[34;20m nipype.workflow  [0m|[34;20m [Node] Executing "_gcor0" <mriqc.interfaces.transitional.GCOR>[0m
2026-03-27 06:15:11 |[34;20m INFO     [0m|[34;20m nipype.workflow  [0m|[34;20m [Node] Finished "dilated_mask", elapsed time 0.048836s.[0m
2026-03-27 06:15:11 |[34;20m INFO     [0m|[34;20m nipype.workflow  [0m|[34;20m [Node] Finished "_smoothness0", elapsed time 0.648776s.[0m
2026-03-27 06:15:13 |[34;20m INFO     [0m|[34;20m nipype.workflow  [0m|[34;20m [Node] Setting-up "mriqc_wf.funcMRIQC.func_report_wf.PlotBrainmask" in "/local/nvme/ds006401_10.783919/ds/tmp/mriqc_wf/funcMRIQC/func_report_wf/37961f5e9f4d69a46dcc2931f77ac24ec4f566d7/PlotBrainmask".[0m
2026-03-27 06:15:13 |[34;20m INFO     [0m|[34;20m nipype.workflow  [0m|[34;20m [Node] Setting-up "_PlotMosaicZoomed0" in "/local/nvme/ds006401_10.783919/ds/tmp/mriqc_wf/funcMRIQC/func_report_wf/37961f5e9f4d69a46dcc2931f77ac24ec4f566d7/PlotMosaicZoomed/mapflow/_PlotMosaicZoomed0".[0m
2026-03-27 06:15:13 |[34;20m INFO     [0m|[34;20m nipype.workflow  [0m|[34;20m [Node] Executing "_PlotMosaicZoomed0" <nireports.interfaces.mosaic.PlotMosaic>[0m
2026-03-27 06:15:13 |[34;20m INFO     [0m|[34;20m nipype.workflow  [0m|[34;20m [Node] Executing "PlotBrainmask" <nireports.interfaces.mosaic.PlotContours>[0m
2026-03-27 06:15:14 |[34;20m INFO     [0m|[34;20m nipype.workflow  [0m|[34;20m [Node] Finished "_outliers0", elapsed time 5.385071s.[0m
2026-03-27 06:15:14 |[34;20m INFO     [0m|[34;20m nipype.workflow  [0m|[34;20m [Node] Finished "PlotBrainmask", elapsed time 1.426935s.[0m
2026-03-27 06:15:14 |[34;20m INFO     [0m|[34;20m nipype.workflow  [0m|[34;20m [Node] Finished "_PlotMosaicZoomed0", elapsed time 1.578836s.[0m
2026-03-27 06:15:15 |[34;20m INFO     [0m|[34;20m nipype.workflow  [0m|[34;20m [Node] Setting-up "_smoothness0" in "/local/nvme/ds006401_10.783919/ds/tmp/mriqc_wf/funcMRIQC/ComputeIQMs/2ef5fe367343b01b0936e715c00719fd32e6a8c1/smoothness/mapflow/_smoothness0".[0m
2026-03-27 06:15:15 |[34;20m INFO     [0m|[34;20m nipype.workflow  [0m|[34;20m [Node] Setting-up "_outliers0" in "/local/nvme/ds006401_10.783919/ds/tmp/mriqc_wf/funcMRIQC/ComputeIQMs/2ef5fe367343b01b0936e715c00719fd32e6a8c1/outliers/mapflow/_outliers0".[0m
2026-03-27 06:15:15 |[34;20m INFO     [0m|[34;20m nipype.workflow  [0m|[34;20m [Node] Executing "_smoothness0" <nipype.interfaces.afni.utils.FWHMx>[0m
2026-03-27 06:15:15 |[34;20m INFO     [0m|[34;20m nipype.workflow  [0m|[34;20m [Node] Setting-up "_ComputeDVARS0" in "/local/nvme/ds006401_10.783919/ds/tmp/mriqc_wf/funcMRIQC/ComputeIQMs/2ef5fe367343b01b0936e715c00719fd32e6a8c1/ComputeDVARS/mapflow/_ComputeDVARS0".[0m
2026-03-27 06:15:15 |[34;20m INFO     [0m|[34;20m nipype.workflow  [0m|[34;20m [Node] Executing "_outliers0" <nipype.interfaces.afni.preprocess.OutlierCount>[0m
2026-03-27 06:15:15 |[34;20m INFO     [0m|[34;20m nipype.workflow  [0m|[34;20m [Node] Executing "_ComputeDVARS0" <nipype.algorithms.confounds.ComputeDVARS>[0m
2026-03-27 06:15:15 |[34;20m INFO     [0m|[34;20m nipype.workflow  [0m|[34;20m [Node] Finished "_smoothness0", elapsed time 0.538507s.[0m
2026-03-27 06:15:16 |[34;20m INFO     [0m|[34;20m nipype.workflow  [0m|[34;20m [Node] Finished "_outliers0", elapsed time 5.532728s.[0m
2026-03-27 06:15:17 |[34;20m INFO     [0m|[34;20m nipype.workflow  [0m|[34;20m [Node] Setting-up "mriqc_wf.funcMRIQC.func_report_wf.dilated_mask" in "/local/nvme/ds006401_10.783919/ds/tmp/mriqc_wf/funcMRIQC/func_report_wf/2ef5fe367343b01b0936e715c00719fd32e6a8c1/dilated_mask".[0m
2026-03-27 06:15:17 |[34;20m INFO     [0m|[34;20m nipype.workflow  [0m|[34;20m [Node] Setting-up "_gcor0" in "/local/nvme/ds006401_10.783919/ds/tmp/mriqc_wf/funcMRIQC/ComputeIQMs/2ef5fe367343b01b0936e715c00719fd32e6a8c1/gcor/mapflow/_gcor0".[0m
2026-03-27 06:15:17 |[34;20m INFO     [0m|[34;20m nipype.workflow  [0m|[34;20m [Node] Executing "dilated_mask" <niworkflows.interfaces.morphology.BinaryDilation>[0m
2026-03-27 06:15:17 |[34;20m INFO     [0m|[34;20m nipype.workflow  [0m|[34;20m [Node] Executing "_gcor0" <mriqc.interfaces.transitional.GCOR>[0m
2026-03-27 06:15:17 |[34;20m INFO     [0m|[34;20m nipype.workflow  [0m|[34;20m [Node] Finished "dilated_mask", elapsed time 0.025047s.[0m
2026-03-27 06:15:18 |[34;20m INFO     [0m|[34;20m nipype.workflow  [0m|[34;20m [Node] Finished "_gcor0", elapsed time 9.601469s.[0m
2026-03-27 06:15:19 |[34;20m INFO     [0m|[34;20m nipype.workflow  [0m|[34;20m [Node] Setting-up "mriqc_wf.funcMRIQC.func_report_wf.PlotBrainmask" in "/local/nvme/ds006401_10.783919/ds/tmp/mriqc_wf/funcMRIQC/func_report_wf/2ef5fe367343b01b0936e715c00719fd32e6a8c1/PlotBrainmask".[0m
2026-03-27 06:15:19 |[34;20m INFO     [0m|[34;20m nipype.workflow  [0m|[34;20m [Node] Executing "PlotBrainmask" <nireports.interfaces.mosaic.PlotContours>[0m
2026-03-27 06:15:19 |[34;20m INFO     [0m|[34;20m nipype.workflow  [0m|[34;20m [Node] Setting-up "_PlotMosaicZoomed0" in "/local/nvme/ds006401_10.783919/ds/tmp/mriqc_wf/funcMRIQC/func_report_wf/2ef5fe367343b01b0936e715c00719fd32e6a8c1/PlotMosaicZoomed/mapflow/_PlotMosaicZoomed0".[0m
2026-03-27 06:15:19 |[34;20m INFO     [0m|[34;20m nipype.workflow  [0m|[34;20m [Node] Executing "_PlotMosaicZoomed0" <nireports.interfaces.mosaic.PlotMosaic>[0m
2026-03-27 06:15:20 |[34;20m INFO     [0m|[34;20m nipype.workflow  [0m|[34;20m [Node] Finished "PlotBrainmask", elapsed time 1.286418s.[0m
2026-03-27 06:15:20 |[34;20m INFO     [0m|[34;20m nipype.workflow  [0m|[34;20m [Node] Finished "_PlotMosaicZoomed0", elapsed time 1.4295740000000001s.[0m
2026-03-27 06:15:20 |[34;20m INFO     [0m|[34;20m nipype.workflow  [0m|[34;20m [Node] Finished "_gcor0", elapsed time 9.76559s.[0m
2026-03-27 06:15:21 |[34;20m INFO     [0m|[34;20m nipype.workflow  [0m|[34;20m [Node] Setting-up "mriqc_wf.funcMRIQC.func_report_wf.ds_report_norm" in "/local/nvme/ds006401_10.783919/ds/tmp/mriqc_wf/funcMRIQC/func_report_wf/5e7f3930da5d61d6e0b5be16b1c15d1577fd4ccd/ds_report_norm".[0m
2026-03-27 06:15:21 |[34;20m INFO     [0m|[34;20m nipype.workflow  [0m|[34;20m [Node] Setting-up "mriqc_wf.funcMRIQC.synthstrip_wf.final_masked" in "/local/nvme/ds006401_10.783919/ds/tmp/mriqc_wf/funcMRIQC/synthstrip_wf/5e7f3930da5d61d6e0b5be16b1c15d1577fd4ccd/final_masked".[0m
2026-03-27 06:15:21 |[34;20m INFO     [0m|[34;20m nipype.workflow  [0m|[34;20m [Node] Setting-up "mriqc_wf.funcMRIQC.SpatialNormalization.ResampleSegmentation" in "/local/nvme/ds006401_10.783919/ds/tmp/mriqc_wf/funcMRIQC/SpatialNormalization/5e7f3930da5d61d6e0b5be16b1c15d1577fd4ccd/ResampleSegmentation".[0m
2026-03-27 06:15:21 |[34;20m INFO     [0m|[34;20m nipype.workflow  [0m|[34;20m [Node] Executing "final_masked" <niworkflows.interfaces.nibabel.ApplyMask>[0m
2026-03-27 06:15:21 |[34;20m INFO     [0m|[34;20m nipype.workflow  [0m|[34;20m [Node] Executing "ResampleSegmentation" <nipype.interfaces.ants.resampling.ApplyTransforms>[0m
2026-03-27 06:15:21 |[34;20m INFO     [0m|[34;20m nipype.workflow  [0m|[34;20m [Node] Executing "ds_report_norm" <mriqc.interfaces.DerivativesDataSink>[0m
2026-03-27 06:15:21 |[34;20m INFO     [0m|[34;20m nipype.workflow  [0m|[34;20m [Node] Finished "ds_report_norm", elapsed time 0.006223s.[0m
2026-03-27 06:15:21 |[34;20m INFO     [0m|[34;20m nipype.workflow  [0m|[34;20m [Node] Finished "final_masked", elapsed time 0.043636s.[0m
2026-03-27 06:15:21 |[34;20m INFO     [0m|[34;20m nipype.workflow  [0m|[34;20m [Node] Setting-up "mriqc_wf.funcMRIQC.func_report_wf.subtract_mask" in "/local/nvme/ds006401_10.783919/ds/tmp/mriqc_wf/funcMRIQC/func_report_wf/5e7f3930da5d61d6e0b5be16b1c15d1577fd4ccd/subtract_mask".[0m
2026-03-27 06:15:21 |[34;20m INFO     [0m|[34;20m nipype.workflow  [0m|[34;20m [Node] Executing "subtract_mask" <niworkflows.interfaces.morphology.BinarySubtraction>[0m
2026-03-27 06:15:21 |[34;20m INFO     [0m|[34;20m nipype.workflow  [0m|[34;20m [Node] Finished "subtract_mask", elapsed time 0.019483s.[0m
2026-03-27 06:15:22 |[34;20m INFO     [0m|[34;20m nipype.workflow  [0m|[34;20m [Node] Finished "_outliers0", elapsed time 6.829832s.[0m
2026-03-27 06:15:23 |[34;20m INFO     [0m|[34;20m nipype.workflow  [0m|[34;20m [Node] Setting-up "_ds_report_zoomed0" in "/local/nvme/ds006401_10.783919/ds/tmp/mriqc_wf/funcMRIQC/func_report_wf/5e7f3930da5d61d6e0b5be16b1c15d1577fd4ccd/ds_report_zoomed/mapflow/_ds_report_zoomed0".[0m
2026-03-27 06:15:23 |[34;20m INFO     [0m|[34;20m nipype.workflow  [0m|[34;20m [Node] Executing "_ds_report_zoomed0" <mriqc.interfaces.DerivativesDataSink>[0m
2026-03-27 06:15:23 |[34;20m INFO     [0m|[34;20m nipype.workflow  [0m|[34;20m [Node] Finished "_ds_report_zoomed0", elapsed time 0.005563s.[0m
2026-03-27 06:15:23 |[34;20m INFO     [0m|[34;20m nipype.workflow  [0m|[34;20m [Node] Setting-up "mriqc_wf.funcMRIQC.func_report_wf.ds_report_bmask" in "/local/nvme/ds006401_10.783919/ds/tmp/mriqc_wf/funcMRIQC/func_report_wf/5e7f3930da5d61d6e0b5be16b1c15d1577fd4ccd/ds_report_bmask".[0m
2026-03-27 06:15:23 |[34;20m INFO     [0m|[34;20m nipype.workflow  [0m|[34;20m [Node] Executing "ds_report_bmask" <mriqc.interfaces.DerivativesDataSink>[0m
2026-03-27 06:15:23 |[34;20m INFO     [0m|[34;20m nipype.workflow  [0m|[34;20m [Node] Finished "ds_report_bmask", elapsed time 0.005382s.[0m
2026-03-27 06:15:23 |[34;20m INFO     [0m|[34;20m nipype.workflow  [0m|[34;20m [Node] Setting-up "mriqc_wf.funcMRIQC.func_report_wf.subtract_mask" in "/local/nvme/ds006401_10.783919/ds/tmp/mriqc_wf/funcMRIQC/func_report_wf/37961f5e9f4d69a46dcc2931f77ac24ec4f566d7/subtract_mask".[0m
2026-03-27 06:15:23 |[34;20m INFO     [0m|[34;20m nipype.workflow  [0m|[34;20m [Node] Executing "subtract_mask" <niworkflows.interfaces.morphology.BinarySubtraction>[0m
2026-03-27 06:15:23 |[34;20m INFO     [0m|[34;20m nipype.workflow  [0m|[34;20m [Node] Setting-up "_ds_report_zoomed0" in "/local/nvme/ds006401_10.783919/ds/tmp/mriqc_wf/funcMRIQC/func_report_wf/37961f5e9f4d69a46dcc2931f77ac24ec4f566d7/ds_report_zoomed/mapflow/_ds_report_zoomed0".[0m
2026-03-27 06:15:23 |[34;20m INFO     [0m|[34;20m nipype.workflow  [0m|[34;20m [Node] Executing "_ds_report_zoomed0" <mriqc.interfaces.DerivativesDataSink>[0m
2026-03-27 06:15:23 |[34;20m INFO     [0m|[34;20m nipype.workflow  [0m|[34;20m [Node] Finished "_ds_report_zoomed0", elapsed time 0.005418s.[0m
2026-03-27 06:15:23 |[34;20m INFO     [0m|[34;20m nipype.workflow  [0m|[34;20m [Node] Finished "subtract_mask", elapsed time 0.01446s.[0m
2026-03-27 06:15:23 |[34;20m INFO     [0m|[34;20m nipype.workflow  [0m|[34;20m [Node] Setting-up "mriqc_wf.funcMRIQC.func_report_wf.ds_report_bmask" in "/local/nvme/ds006401_10.783919/ds/tmp/mriqc_wf/funcMRIQC/func_report_wf/37961f5e9f4d69a46dcc2931f77ac24ec4f566d7/ds_report_bmask".[0m
2026-03-27 06:15:23 |[34;20m INFO     [0m|[34;20m nipype.workflow  [0m|[34;20m [Node] Executing "ds_report_bmask" <mriqc.interfaces.DerivativesDataSink>[0m
2026-03-27 06:15:23 |[34;20m INFO     [0m|[34;20m nipype.workflow  [0m|[34;20m [Node] Finished "ds_report_bmask", elapsed time 0.005462s.[0m
2026-03-27 06:15:23 |[34;20m INFO     [0m|[34;20m nipype.workflow  [0m|[34;20m [Node] Setting-up "mriqc_wf.funcMRIQC.func_report_wf.subtract_mask" in "/local/nvme/ds006401_10.783919/ds/tmp/mriqc_wf/funcMRIQC/func_report_wf/2ef5fe367343b01b0936e715c00719fd32e6a8c1/subtract_mask".[0m
2026-03-27 06:15:23 |[34;20m INFO     [0m|[34;20m nipype.workflow  [0m|[34;20m [Node] Executing "subtract_mask" <niworkflows.interfaces.morphology.BinarySubtraction>[0m
2026-03-27 06:15:23 |[34;20m INFO     [0m|[34;20m nipype.workflow  [0m|[34;20m [Node] Setting-up "_ds_report_zoomed0" in "/local/nvme/ds006401_10.783919/ds/tmp/mriqc_wf/funcMRIQC/func_report_wf/2ef5fe367343b01b0936e715c00719fd32e6a8c1/ds_report_zoomed/mapflow/_ds_report_zoomed0".[0m
2026-03-27 06:15:23 |[34;20m INFO     [0m|[34;20m nipype.workflow  [0m|[34;20m [Node] Executing "_ds_report_zoomed0" <mriqc.interfaces.DerivativesDataSink>[0m
2026-03-27 06:15:23 |[34;20m INFO     [0m|[34;20m nipype.workflow  [0m|[34;20m [Node] Finished "_ds_report_zoomed0", elapsed time 0.006036s.[0m
2026-03-27 06:15:23 |[34;20m INFO     [0m|[34;20m nipype.workflow  [0m|[34;20m [Node] Finished "subtract_mask", elapsed time 0.018962s.[0m
2026-03-27 06:15:23 |[34;20m INFO     [0m|[34;20m nipype.workflow  [0m|[34;20m [Node] Setting-up "mriqc_wf.funcMRIQC.func_report_wf.ds_report_bmask" in "/local/nvme/ds006401_10.783919/ds/tmp/mriqc_wf/funcMRIQC/func_report_wf/2ef5fe367343b01b0936e715c00719fd32e6a8c1/ds_report_bmask".[0m
2026-03-27 06:15:23 |[34;20m INFO     [0m|[34;20m nipype.workflow  [0m|[34;20m [Node] Executing "ds_report_bmask" <mriqc.interfaces.DerivativesDataSink>[0m
2026-03-27 06:15:23 |[34;20m INFO     [0m|[34;20m nipype.workflow  [0m|[34;20m [Node] Finished "ds_report_bmask", elapsed time 0.005041s.[0m
2026-03-27 06:15:24 |[34;20m INFO     [0m|[34;20m nipype.workflow  [0m|[34;20m [Node] Finished "ResampleSegmentation", elapsed time 3.352194s.[0m
2026-03-27 06:15:25 |[34;20m INFO     [0m|[34;20m nipype.workflow  [0m|[34;20m [Node] Setting-up "mriqc_wf.funcMRIQC.func_report_wf.parcels" in "/local/nvme/ds006401_10.783919/ds/tmp/mriqc_wf/funcMRIQC/func_report_wf/5e7f3930da5d61d6e0b5be16b1c15d1577fd4ccd/parcels".[0m
2026-03-27 06:15:25 |[34;20m INFO     [0m|[34;20m nipype.workflow  [0m|[34;20m [Node] Executing "parcels" <nipype.interfaces.utility.wrappers.Function>[0m
2026-03-27 06:15:25 |[34;20m INFO     [0m|[34;20m nipype.workflow  [0m|[34;20m [Node] Finished "parcels", elapsed time 0.027189s.[0m
2026-03-27 06:15:28 |[34;20m INFO     [0m|[34;20m nipype.workflow  [0m|[34;20m [Node] Finished "_ComputeDVARS0", elapsed time 19.754676s.[0m
2026-03-27 06:15:29 |[34;20m INFO     [0m|[34;20m nipype.workflow  [0m|[34;20m [Node] Finished "_ComputeDVARS0", elapsed time 19.896962s.[0m
2026-03-27 06:15:29 |[34;20m INFO     [0m|[34;20m nipype.workflow  [0m|[34;20m [Node] Setting-up "_measures0" in "/local/nvme/ds006401_10.783919/ds/tmp/mriqc_wf/funcMRIQC/ComputeIQMs/37961f5e9f4d69a46dcc2931f77ac24ec4f566d7/measures/mapflow/_measures0".[0m
2026-03-27 06:15:29 |[34;20m INFO     [0m|[34;20m nipype.workflow  [0m|[34;20m [Node] Setting-up "_timeseries0" in "/local/nvme/ds006401_10.783919/ds/tmp/mriqc_wf/funcMRIQC/ComputeIQMs/37961f5e9f4d69a46dcc2931f77ac24ec4f566d7/timeseries/mapflow/_timeseries0".[0m
2026-03-27 06:15:29 |[34;20m INFO     [0m|[34;20m nipype.workflow  [0m|[34;20m [Node] Executing "_measures0" <mriqc.interfaces.functional.FunctionalQC>[0m
2026-03-27 06:15:29 |[34;20m INFO     [0m|[34;20m nipype.workflow  [0m|[34;20m [Node] Executing "_timeseries0" <mriqc.interfaces.functional.GatherTimeseries>[0m
2026-03-27 06:15:29 |[34;20m INFO     [0m|[34;20m nipype.workflow  [0m|[34;20m [Node] Finished "_timeseries0", elapsed time 0.03161s.[0m
2026-03-27 06:15:30 |[34;20m INFO     [0m|[34;20m nipype.workflow  [0m|[34;20m [Node] Finished "_gcor0", elapsed time 13.560654s.[0m
2026-03-27 06:15:31 |[34;20m INFO     [0m|[34;20m nipype.workflow  [0m|[34;20m [Node] Setting-up "_timeseries0" in "/local/nvme/ds006401_10.783919/ds/tmp/mriqc_wf/funcMRIQC/ComputeIQMs/5e7f3930da5d61d6e0b5be16b1c15d1577fd4ccd/timeseries/mapflow/_timeseries0".[0m
2026-03-27 06:15:31 |[34;20m INFO     [0m|[34;20m nipype.workflow  [0m|[34;20m [Node] Executing "_timeseries0" <mriqc.interfaces.functional.GatherTimeseries>[0m
2026-03-27 06:15:31 |[34;20m INFO     [0m|[34;20m nipype.workflow  [0m|[34;20m [Node] Setting-up "_ds_timeseries0" in "/local/nvme/ds006401_10.783919/ds/tmp/mriqc_wf/funcMRIQC/ComputeIQMs/37961f5e9f4d69a46dcc2931f77ac24ec4f566d7/ds_timeseries/mapflow/_ds_timeseries0".[0m
2026-03-27 06:15:31 |[34;20m INFO     [0m|[34;20m nipype.workflow  [0m|[34;20m [Node] Executing "_ds_timeseries0" <mriqc.interfaces.DerivativesDataSink>[0m
2026-03-27 06:15:31 |[34;20m INFO     [0m|[34;20m nipype.workflow  [0m|[34;20m [Node] Finished "_ds_timeseries0", elapsed time 0.004253s.[0m
2026-03-27 06:15:31 |[34;20m INFO     [0m|[34;20m nipype.workflow  [0m|[34;20m [Node] Finished "_timeseries0", elapsed time 0.020497s.[0m
2026-03-27 06:15:31 |[34;20m INFO     [0m|[34;20m nipype.workflow  [0m|[34;20m [Node] Setting-up "_BigPlot0" in "/local/nvme/ds006401_10.783919/ds/tmp/mriqc_wf/funcMRIQC/func_report_wf/5e7f3930da5d61d6e0b5be16b1c15d1577fd4ccd/BigPlot/mapflow/_BigPlot0".[0m
2026-03-27 06:15:31 |[34;20m INFO     [0m|[34;20m nipype.workflow  [0m|[34;20m [Node] Executing "_BigPlot0" <nireports.interfaces.fmri.FMRISummary>[0m
2026-03-27 06:15:32 |[34;20m INFO     [0m|[34;20m nipype.workflow  [0m|[34;20m [Node] Finished "_measures0", elapsed time 2.893624s.[0m
2026-03-27 06:15:33 |[34;20m INFO     [0m|[34;20m nipype.workflow  [0m|[34;20m [Node] Setting-up "_measures0" in "/local/nvme/ds006401_10.783919/ds/tmp/mriqc_wf/funcMRIQC/ComputeIQMs/5e7f3930da5d61d6e0b5be16b1c15d1577fd4ccd/measures/mapflow/_measures0".[0m
2026-03-27 06:15:33 |[34;20m INFO     [0m|[34;20m nipype.workflow  [0m|[34;20m [Node] Setting-up "_ds_timeseries0" in "/local/nvme/ds006401_10.783919/ds/tmp/mriqc_wf/funcMRIQC/ComputeIQMs/5e7f3930da5d61d6e0b5be16b1c15d1577fd4ccd/ds_timeseries/mapflow/_ds_timeseries0".[0m
2026-03-27 06:15:33 |[34;20m INFO     [0m|[34;20m nipype.workflow  [0m|[34;20m [Node] Executing "_measures0" <mriqc.interfaces.functional.FunctionalQC>[0m
2026-03-27 06:15:33 |[34;20m INFO     [0m|[34;20m nipype.workflow  [0m|[34;20m [Node] Executing "_ds_timeseries0" <mriqc.interfaces.DerivativesDataSink>[0m
2026-03-27 06:15:33 |[34;20m INFO     [0m|[34;20m nipype.workflow  [0m|[34;20m [Node] Finished "_ds_timeseries0", elapsed time 0.0063s.[0m
2026-03-27 06:15:33 |[34;20m INFO     [0m|[34;20m nipype.workflow  [0m|[34;20m [Node] Setting-up "_datasink0" in "/local/nvme/ds006401_10.783919/ds/tmp/mriqc_wf/funcMRIQC/ComputeIQMs/37961f5e9f4d69a46dcc2931f77ac24ec4f566d7/datasink/mapflow/_datasink0".[0m
2026-03-27 06:15:33 |[34;20m INFO     [0m|[34;20m nipype.workflow  [0m|[34;20m [Node] Executing "_datasink0" <mriqc.interfaces.bids.IQMFileSink>[0m
2026-03-27 06:15:33 |[34;20m INFO     [0m|[34;20m nipype.workflow  [0m|[34;20m [Node] Finished "_datasink0", elapsed time 0.002184s.[0m
2026-03-27 06:15:36 |[34;20m INFO     [0m|[34;20m nipype.workflow  [0m|[34;20m [Node] Finished "_measures0", elapsed time 2.808925s.[0m
2026-03-27 06:15:37 |[34;20m INFO     [0m|[34;20m nipype.workflow  [0m|[34;20m [Node] Setting-up "_datasink0" in "/local/nvme/ds006401_10.783919/ds/tmp/mriqc_wf/funcMRIQC/ComputeIQMs/5e7f3930da5d61d6e0b5be16b1c15d1577fd4ccd/datasink/mapflow/_datasink0".[0m
2026-03-27 06:15:37 |[34;20m INFO     [0m|[34;20m nipype.workflow  [0m|[34;20m [Node] Executing "_datasink0" <mriqc.interfaces.bids.IQMFileSink>[0m
2026-03-27 06:15:37 |[34;20m INFO     [0m|[34;20m nipype.workflow  [0m|[34;20m [Node] Finished "_datasink0", elapsed time 0.000616s.[0m
2026-03-27 06:15:37 |[34;20m INFO     [0m|[34;20m nipype.workflow  [0m|[34;20m [Node] Finished "_BigPlot0", elapsed time 5.915116s.[0m
2026-03-27 06:15:39 |[34;20m INFO     [0m|[34;20m nipype.workflow  [0m|[34;20m [Node] Setting-up "_ds_report_carpet0" in "/local/nvme/ds006401_10.783919/ds/tmp/mriqc_wf/funcMRIQC/func_report_wf/5e7f3930da5d61d6e0b5be16b1c15d1577fd4ccd/ds_report_carpet/mapflow/_ds_report_carpet0".[0m
2026-03-27 06:15:39 |[34;20m INFO     [0m|[34;20m nipype.workflow  [0m|[34;20m [Node] Executing "_ds_report_carpet0" <mriqc.interfaces.DerivativesDataSink>[0m
2026-03-27 06:15:39 |[34;20m INFO     [0m|[34;20m nipype.workflow  [0m|[34;20m [Node] Finished "_ds_report_carpet0", elapsed time 0.005038s.[0m
2026-03-27 06:15:39 |[34;20m INFO     [0m|[34;20m nipype.workflow  [0m|[34;20m [Node] Finished "_ComputeDVARS0", elapsed time 24.129696s.[0m
2026-03-27 06:15:41 |[34;20m INFO     [0m|[34;20m nipype.workflow  [0m|[34;20m [Node] Setting-up "mriqc_wf.funcMRIQC.synthstrip_wf.post_n4" in "/local/nvme/ds006401_10.783919/ds/tmp/mriqc_wf/funcMRIQC/synthstrip_wf/37961f5e9f4d69a46dcc2931f77ac24ec4f566d7/post_n4".[0m
2026-03-27 06:15:41 |[34;20m INFO     [0m|[34;20m nipype.workflow  [0m|[34;20m [Node] Executing "post_n4" <nipype.interfaces.ants.segmentation.N4BiasFieldCorrection>[0m
2026-03-27 06:15:42 |[34;20m INFO     [0m|[34;20m nipype.workflow  [0m|[34;20m [Node] Finished "post_n4", elapsed time 1.05112s.[0m
2026-03-27 06:15:43 |[34;20m INFO     [0m|[34;20m nipype.workflow  [0m|[34;20m [Node] Setting-up "mriqc_wf.funcMRIQC.SpatialNormalization.EPI2MNI" in "/local/nvme/ds006401_10.783919/ds/tmp/mriqc_wf/funcMRIQC/SpatialNormalization/37961f5e9f4d69a46dcc2931f77ac24ec4f566d7/EPI2MNI".[0m
2026-03-27 06:15:43 |[34;20m INFO     [0m|[34;20m nipype.workflow  [0m|[34;20m [Node] Executing "EPI2MNI" <niworkflows.interfaces.reportlets.registration.SpatialNormalizationRPT>[0m
2026-03-27 06:15:43 |[34;20m INFO     [0m|[34;20m niworkflows      [0m|[34;20m Estimating initial transform using AffineInitializer[0m
2026-03-27 06:15:48 |[34;20m INFO     [0m|[34;20m niworkflows      [0m|[34;20m Loading settings from file /opt/conda/lib/python3.11/site-packages/niworkflows/data/boldref-mni_registration_precise_000.json.[0m
2026-03-27 06:15:48 |[34;20m INFO     [0m|[34;20m niworkflows      [0m|[34;20m Retry #1, commandline: 
antsRegistration --collapse-output-transforms 1 --dimensionality 3 --float 0 --initial-moving-transform [ /local/nvme/ds006401_10.783919/ds/tmp/mriqc_wf/funcMRIQC/SpatialNormalization/37961f5e9f4d69a46dcc2931f77ac24ec4f566d7/EPI2MNI/transform.mat, 0 ] --initialize-transforms-per-stage 0 --interpolation LanczosWindowedSinc --output [ epi_to_mni, epi_to_mni_Warped.nii.gz ] --transform Rigid[ 0.05 ] --metric Mattes[ /templateflow/tpl-MNI152NLin2009cAsym/tpl-MNI152NLin2009cAsym_res-02_desc-fMRIPrep_boldref.nii.gz, /local/nvme/ds006401_10.783919/ds/tmp/mriqc_wf/funcMRIQC/SpatialNormalization/37961f5e9f4d69a46dcc2931f77ac24ec4f566d7/SharpenEPI/sub-10_ses-01_task-mid_run-02_bold_desc-realigned_valid_tstat_corrected.nii.gz, 1, 56, Regular, 0.25 ] --convergence [ 10000x1000x100, 1e-06, 20 ] --smoothing-sigmas 4.0x2.0x1.0vox --shrink-factors 4x2x1 --use-histogram-matching 1 --masks [ /templateflow/tpl-MNI152NLin2009cAsym/tpl-MNI152NLin2009cAsym_res-02_desc-brain_mask.nii.gz, /local/nvme/ds006401_10.783919/ds/tmp/mriqc_wf/funcMRIQC/synthstrip_wf/37961f5e9f4d69a46dcc2931f77ac24ec4f566d7/synthstrip/clipped_corrected_desc-brain_mask.nii.gz ] --transform Affine[ 0.08 ] --metric Mattes[ /templateflow/tpl-MNI152NLin2009cAsym/tpl-MNI152NLin2009cAsym_res-02_desc-fMRIPrep_boldref.nii.gz, /local/nvme/ds006401_10.783919/ds/tmp/mriqc_wf/funcMRIQC/SpatialNormalization/37961f5e9f4d69a46dcc2931f77ac24ec4f566d7/SharpenEPI/sub-10_ses-01_task-mid_run-02_bold_desc-realigned_valid_tstat_corrected.nii.gz, 1, 56, Regular, 0.25 ] --convergence [ 500x250x100, 1e-06, 20 ] --smoothing-sigmas 4.0x2.0x1.0vox --shrink-factors 8x4x2 --use-histogram-matching 1 --masks [ /templateflow/tpl-MNI152NLin2009cAsym/tpl-MNI152NLin2009cAsym_res-02_desc-brain_mask.nii.gz, /local/nvme/ds006401_10.783919/ds/tmp/mriqc_wf/funcMRIQC/synthstrip_wf/37961f5e9f4d69a46dcc2931f77ac24ec4f566d7/synthstrip/clipped_corrected_desc-brain_mask.nii.gz ] --transform SyN[ 0.1, 3.0, 0.0 ] --metric CC[ /templateflow/tpl-MNI152NLin2009cAsym/tpl-MNI152NLin2009cAsym_res-02_desc-fMRIPrep_boldref.nii.gz, /local/nvme/ds006401_10.783919/ds/tmp/mriqc_wf/funcMRIQC/SpatialNormalization/37961f5e9f4d69a46dcc2931f77ac24ec4f566d7/SharpenEPI/sub-10_ses-01_task-mid_run-02_bold_desc-realigned_valid_tstat_corrected.nii.gz, 1, 4, None, 1 ] --convergence [ 100x30x20, 1e-06, 10 ] --smoothing-sigmas 3.0x2.0x1.0vox --shrink-factors 8x4x2 --use-histogram-matching 1 --masks [ /templateflow/tpl-MNI152NLin2009cAsym/tpl-MNI152NLin2009cAsym_res-02_desc-brain_mask.nii.gz, /local/nvme/ds006401_10.783919/ds/tmp/mriqc_wf/funcMRIQC/synthstrip_wf/37961f5e9f4d69a46dcc2931f77ac24ec4f566d7/synthstrip/clipped_corrected_desc-brain_mask.nii.gz ] --winsorize-image-intensities [ 0.005, 0.995 ]  --write-composite-transform 1[0m
2026-03-27 06:16:00 |[34;20m INFO     [0m|[34;20m niworkflows      [0m|[34;20m Successful spatial normalization (retry #1).[0m
2026-03-27 06:16:00 |[34;20m INFO     [0m|[34;20m niworkflows      [0m|[34;20m Report - setting fixed (/templateflow/tpl-MNI152NLin2009cAsym/tpl-MNI152NLin2009cAsym_res-02_desc-fMRIPrep_boldref.nii.gz) and moving (/local/nvme/ds006401_10.783919/ds/tmp/mriqc_wf/funcMRIQC/SpatialNormalization/37961f5e9f4d69a46dcc2931f77ac24ec4f566d7/EPI2MNI/epi_to_mni_Warped.nii.gz) images[0m
2026-03-27 06:16:00 |[34;20m INFO     [0m|[34;20m niworkflows      [0m|[34;20m Generating visual report[0m
2026-03-27 06:16:15 |[34;20m INFO     [0m|[34;20m nipype.workflow  [0m|[34;20m [Node] Finished "EPI2MNI", elapsed time 31.929583s.[0m
2026-03-27 06:16:17 |[34;20m INFO     [0m|[34;20m nipype.workflow  [0m|[34;20m [Node] Setting-up "mriqc_wf.funcMRIQC.synthstrip_wf.post_n4" in "/local/nvme/ds006401_10.783919/ds/tmp/mriqc_wf/funcMRIQC/synthstrip_wf/2ef5fe367343b01b0936e715c00719fd32e6a8c1/post_n4".[0m
2026-03-27 06:16:17 |[34;20m INFO     [0m|[34;20m nipype.workflow  [0m|[34;20m [Node] Executing "post_n4" <nipype.interfaces.ants.segmentation.N4BiasFieldCorrection>[0m
2026-03-27 06:16:18 |[34;20m INFO     [0m|[34;20m nipype.workflow  [0m|[34;20m [Node] Finished "post_n4", elapsed time 1.079548s.[0m
2026-03-27 06:16:19 |[34;20m INFO     [0m|[34;20m nipype.workflow  [0m|[34;20m [Node] Setting-up "mriqc_wf.funcMRIQC.SpatialNormalization.EPI2MNI" in "/local/nvme/ds006401_10.783919/ds/tmp/mriqc_wf/funcMRIQC/SpatialNormalization/2ef5fe367343b01b0936e715c00719fd32e6a8c1/EPI2MNI".[0m
2026-03-27 06:16:19 |[34;20m INFO     [0m|[34;20m nipype.workflow  [0m|[34;20m [Node] Executing "EPI2MNI" <niworkflows.interfaces.reportlets.registration.SpatialNormalizationRPT>[0m
2026-03-27 06:16:19 |[34;20m INFO     [0m|[34;20m niworkflows      [0m|[34;20m Estimating initial transform using AffineInitializer[0m
2026-03-27 06:16:24 |[34;20m INFO     [0m|[34;20m niworkflows      [0m|[34;20m Terminal outputs of initialization saved (/local/nvme/ds006401_10.783919/ds/tmp/mriqc_wf/funcMRIQC/SpatialNormalization/2ef5fe367343b01b0936e715c00719fd32e6a8c1/EPI2MNI/stderr.nipype-init).[0m
2026-03-27 06:16:24 |[34;20m INFO     [0m|[34;20m niworkflows      [0m|[34;20m Loading settings from file /opt/conda/lib/python3.11/site-packages/niworkflows/data/boldref-mni_registration_precise_000.json.[0m
2026-03-27 06:16:24 |[34;20m INFO     [0m|[34;20m niworkflows      [0m|[34;20m Retry #1, commandline: 
antsRegistration --collapse-output-transforms 1 --dimensionality 3 --float 0 --initial-moving-transform [ /local/nvme/ds006401_10.783919/ds/tmp/mriqc_wf/funcMRIQC/SpatialNormalization/2ef5fe367343b01b0936e715c00719fd32e6a8c1/EPI2MNI/transform.mat, 0 ] --initialize-transforms-per-stage 0 --interpolation LanczosWindowedSinc --output [ epi_to_mni, epi_to_mni_Warped.nii.gz ] --transform Rigid[ 0.05 ] --metric Mattes[ /templateflow/tpl-MNI152NLin2009cAsym/tpl-MNI152NLin2009cAsym_res-02_desc-fMRIPrep_boldref.nii.gz, /local/nvme/ds006401_10.783919/ds/tmp/mriqc_wf/funcMRIQC/SpatialNormalization/2ef5fe367343b01b0936e715c00719fd32e6a8c1/SharpenEPI/sub-10_ses-01_task-tom_desc-realigned_bold_tstat_corrected.nii.gz, 1, 56, Regular, 0.25 ] --convergence [ 10000x1000x100, 1e-06, 20 ] --smoothing-sigmas 4.0x2.0x1.0vox --shrink-factors 4x2x1 --use-histogram-matching 1 --masks [ /templateflow/tpl-MNI152NLin2009cAsym/tpl-MNI152NLin2009cAsym_res-02_desc-brain_mask.nii.gz, /local/nvme/ds006401_10.783919/ds/tmp/mriqc_wf/funcMRIQC/synthstrip_wf/2ef5fe367343b01b0936e715c00719fd32e6a8c1/synthstrip/clipped_corrected_desc-brain_mask.nii.gz ] --transform Affine[ 0.08 ] --metric Mattes[ /templateflow/tpl-MNI152NLin2009cAsym/tpl-MNI152NLin2009cAsym_res-02_desc-fMRIPrep_boldref.nii.gz, /local/nvme/ds006401_10.783919/ds/tmp/mriqc_wf/funcMRIQC/SpatialNormalization/2ef5fe367343b01b0936e715c00719fd32e6a8c1/SharpenEPI/sub-10_ses-01_task-tom_desc-realigned_bold_tstat_corrected.nii.gz, 1, 56, Regular, 0.25 ] --convergence [ 500x250x100, 1e-06, 20 ] --smoothing-sigmas 4.0x2.0x1.0vox --shrink-factors 8x4x2 --use-histogram-matching 1 --masks [ /templateflow/tpl-MNI152NLin2009cAsym/tpl-MNI152NLin2009cAsym_res-02_desc-brain_mask.nii.gz, /local/nvme/ds006401_10.783919/ds/tmp/mriqc_wf/funcMRIQC/synthstrip_wf/2ef5fe367343b01b0936e715c00719fd32e6a8c1/synthstrip/clipped_corrected_desc-brain_mask.nii.gz ] --transform SyN[ 0.1, 3.0, 0.0 ] --metric CC[ /templateflow/tpl-MNI152NLin2009cAsym/tpl-MNI152NLin2009cAsym_res-02_desc-fMRIPrep_boldref.nii.gz, /local/nvme/ds006401_10.783919/ds/tmp/mriqc_wf/funcMRIQC/SpatialNormalization/2ef5fe367343b01b0936e715c00719fd32e6a8c1/SharpenEPI/sub-10_ses-01_task-tom_desc-realigned_bold_tstat_corrected.nii.gz, 1, 4, None, 1 ] --convergence [ 100x30x20, 1e-06, 10 ] --smoothing-sigmas 3.0x2.0x1.0vox --shrink-factors 8x4x2 --use-histogram-matching 1 --masks [ /templateflow/tpl-MNI152NLin2009cAsym/tpl-MNI152NLin2009cAsym_res-02_desc-brain_mask.nii.gz, /local/nvme/ds006401_10.783919/ds/tmp/mriqc_wf/funcMRIQC/synthstrip_wf/2ef5fe367343b01b0936e715c00719fd32e6a8c1/synthstrip/clipped_corrected_desc-brain_mask.nii.gz ] --winsorize-image-intensities [ 0.005, 0.995 ]  --write-composite-transform 1[0m
2026-03-27 06:16:35 |[34;20m INFO     [0m|[34;20m niworkflows      [0m|[34;20m Successful spatial normalization (retry #1).[0m
2026-03-27 06:16:35 |[34;20m INFO     [0m|[34;20m niworkflows      [0m|[34;20m Report - setting fixed (/templateflow/tpl-MNI152NLin2009cAsym/tpl-MNI152NLin2009cAsym_res-02_desc-fMRIPrep_boldref.nii.gz) and moving (/local/nvme/ds006401_10.783919/ds/tmp/mriqc_wf/funcMRIQC/SpatialNormalization/2ef5fe367343b01b0936e715c00719fd32e6a8c1/EPI2MNI/epi_to_mni_Warped.nii.gz) images[0m
2026-03-27 06:16:35 |[34;20m INFO     [0m|[34;20m niworkflows      [0m|[34;20m Generating visual report[0m
2026-03-27 06:16:50 |[34;20m INFO     [0m|[34;20m nipype.workflow  [0m|[34;20m [Node] Finished "EPI2MNI", elapsed time 31.66341s.[0m
2026-03-27 06:16:51 |[34;20m INFO     [0m|[34;20m nipype.workflow  [0m|[34;20m [Node] Setting-up "mriqc_wf.funcMRIQC.func_report_wf.ds_report_norm" in "/local/nvme/ds006401_10.783919/ds/tmp/mriqc_wf/funcMRIQC/func_report_wf/37961f5e9f4d69a46dcc2931f77ac24ec4f566d7/ds_report_norm".[0m
2026-03-27 06:16:51 |[34;20m INFO     [0m|[34;20m nipype.workflow  [0m|[34;20m [Node] Setting-up "mriqc_wf.funcMRIQC.synthstrip_wf.final_masked" in "/local/nvme/ds006401_10.783919/ds/tmp/mriqc_wf/funcMRIQC/synthstrip_wf/37961f5e9f4d69a46dcc2931f77ac24ec4f566d7/final_masked".[0m
2026-03-27 06:16:51 |[34;20m INFO     [0m|[34;20m nipype.workflow  [0m|[34;20m [Node] Setting-up "mriqc_wf.funcMRIQC.SpatialNormalization.ResampleSegmentation" in "/local/nvme/ds006401_10.783919/ds/tmp/mriqc_wf/funcMRIQC/SpatialNormalization/37961f5e9f4d69a46dcc2931f77ac24ec4f566d7/ResampleSegmentation".[0m
2026-03-27 06:16:51 |[34;20m INFO     [0m|[34;20m nipype.workflow  [0m|[34;20m [Node] Executing "final_masked" <niworkflows.interfaces.nibabel.ApplyMask>[0m
2026-03-27 06:16:51 |[34;20m INFO     [0m|[34;20m nipype.workflow  [0m|[34;20m [Node] Executing "ds_report_norm" <mriqc.interfaces.DerivativesDataSink>[0m
2026-03-27 06:16:51 |[34;20m INFO     [0m|[34;20m nipype.workflow  [0m|[34;20m [Node] Executing "ResampleSegmentation" <nipype.interfaces.ants.resampling.ApplyTransforms>[0m
2026-03-27 06:16:51 |[34;20m INFO     [0m|[34;20m nipype.workflow  [0m|[34;20m [Node] Finished "ds_report_norm", elapsed time 0.005148s.[0m
2026-03-27 06:16:51 |[34;20m INFO     [0m|[34;20m nipype.workflow  [0m|[34;20m [Node] Finished "final_masked", elapsed time 0.036472s.[0m
2026-03-27 06:16:51 |[34;20m INFO     [0m|[34;20m nipype.workflow  [0m|[34;20m [Node] Setting-up "mriqc_wf.funcMRIQC.func_report_wf.ds_report_norm" in "/local/nvme/ds006401_10.783919/ds/tmp/mriqc_wf/funcMRIQC/func_report_wf/2ef5fe367343b01b0936e715c00719fd32e6a8c1/ds_report_norm".[0m
2026-03-27 06:16:51 |[34;20m INFO     [0m|[34;20m nipype.workflow  [0m|[34;20m [Node] Setting-up "mriqc_wf.funcMRIQC.synthstrip_wf.final_masked" in "/local/nvme/ds006401_10.783919/ds/tmp/mriqc_wf/funcMRIQC/synthstrip_wf/2ef5fe367343b01b0936e715c00719fd32e6a8c1/final_masked".[0m
2026-03-27 06:16:51 |[34;20m INFO     [0m|[34;20m nipype.workflow  [0m|[34;20m [Node] Setting-up "mriqc_wf.funcMRIQC.SpatialNormalization.ResampleSegmentation" in "/local/nvme/ds006401_10.783919/ds/tmp/mriqc_wf/funcMRIQC/SpatialNormalization/2ef5fe367343b01b0936e715c00719fd32e6a8c1/ResampleSegmentation".[0m
2026-03-27 06:16:51 |[34;20m INFO     [0m|[34;20m nipype.workflow  [0m|[34;20m [Node] Executing "final_masked" <niworkflows.interfaces.nibabel.ApplyMask>[0m
2026-03-27 06:16:51 |[34;20m INFO     [0m|[34;20m nipype.workflow  [0m|[34;20m [Node] Executing "ResampleSegmentation" <nipype.interfaces.ants.resampling.ApplyTransforms>[0m
2026-03-27 06:16:51 |[34;20m INFO     [0m|[34;20m nipype.workflow  [0m|[34;20m [Node] Executing "ds_report_norm" <mriqc.interfaces.DerivativesDataSink>[0m
2026-03-27 06:16:51 |[34;20m INFO     [0m|[34;20m nipype.workflow  [0m|[34;20m [Node] Finished "ds_report_norm", elapsed time 0.00503s.[0m
2026-03-27 06:16:51 |[34;20m INFO     [0m|[34;20m nipype.workflow  [0m|[34;20m [Node] Finished "final_masked", elapsed time 0.033728s.[0m
2026-03-27 06:16:51 |[34;20m INFO     [0m|[34;20m nipype.workflow  [0m|[34;20m [Node] Setting-up "_measures0" in "/local/nvme/ds006401_10.783919/ds/tmp/mriqc_wf/funcMRIQC/ComputeIQMs/2ef5fe367343b01b0936e715c00719fd32e6a8c1/measures/mapflow/_measures0".[0m
2026-03-27 06:16:51 |[34;20m INFO     [0m|[34;20m nipype.workflow  [0m|[34;20m [Node] Executing "_measures0" <mriqc.interfaces.functional.FunctionalQC>[0m
2026-03-27 06:16:53 |[34;20m INFO     [0m|[34;20m nipype.workflow  [0m|[34;20m [Node] Setting-up "_timeseries0" in "/local/nvme/ds006401_10.783919/ds/tmp/mriqc_wf/funcMRIQC/ComputeIQMs/2ef5fe367343b01b0936e715c00719fd32e6a8c1/timeseries/mapflow/_timeseries0".[0m
2026-03-27 06:16:53 |[34;20m INFO     [0m|[34;20m nipype.workflow  [0m|[34;20m [Node] Executing "_timeseries0" <mriqc.interfaces.functional.GatherTimeseries>[0m
2026-03-27 06:16:53 |[34;20m INFO     [0m|[34;20m nipype.workflow  [0m|[34;20m [Node] Finished "_timeseries0", elapsed time 0.016787s.[0m
2026-03-27 06:16:54 |[34;20m INFO     [0m|[34;20m nipype.workflow  [0m|[34;20m [Node] Finished "ResampleSegmentation", elapsed time 2.906588s.[0m
2026-03-27 06:16:54 |[34;20m INFO     [0m|[34;20m nipype.workflow  [0m|[34;20m [Node] Finished "ResampleSegmentation", elapsed time 2.883902s.[0m
2026-03-27 06:16:54 |[34;20m INFO     [0m|[34;20m nipype.workflow  [0m|[34;20m [Node] Finished "_measures0", elapsed time 3.408118s.[0m
2026-03-27 06:16:55 |[34;20m INFO     [0m|[34;20m nipype.workflow  [0m|[34;20m [Node] Setting-up "mriqc_wf.funcMRIQC.func_report_wf.parcels" in "/local/nvme/ds006401_10.783919/ds/tmp/mriqc_wf/funcMRIQC/func_report_wf/37961f5e9f4d69a46dcc2931f77ac24ec4f566d7/parcels".[0m
2026-03-27 06:16:55 |[34;20m INFO     [0m|[34;20m nipype.workflow  [0m|[34;20m [Node] Executing "parcels" <nipype.interfaces.utility.wrappers.Function>[0m
2026-03-27 06:16:55 |[34;20m INFO     [0m|[34;20m nipype.workflow  [0m|[34;20m [Node] Setting-up "_datasink0" in "/local/nvme/ds006401_10.783919/ds/tmp/mriqc_wf/funcMRIQC/ComputeIQMs/2ef5fe367343b01b0936e715c00719fd32e6a8c1/datasink/mapflow/_datasink0".[0m
2026-03-27 06:16:55 |[34;20m INFO     [0m|[34;20m nipype.workflow  [0m|[34;20m [Node] Executing "_datasink0" <mriqc.interfaces.bids.IQMFileSink>[0m
2026-03-27 06:16:55 |[34;20m INFO     [0m|[34;20m nipype.workflow  [0m|[34;20m [Node] Finished "_datasink0", elapsed time 0.000589s.[0m
2026-03-27 06:16:55 |[34;20m INFO     [0m|[34;20m nipype.workflow  [0m|[34;20m [Node] Finished "parcels", elapsed time 0.025058s.[0m
2026-03-27 06:16:55 |[34;20m INFO     [0m|[34;20m nipype.workflow  [0m|[34;20m [Node] Setting-up "_ds_timeseries0" in "/local/nvme/ds006401_10.783919/ds/tmp/mriqc_wf/funcMRIQC/ComputeIQMs/2ef5fe367343b01b0936e715c00719fd32e6a8c1/ds_timeseries/mapflow/_ds_timeseries0".[0m
2026-03-27 06:16:55 |[34;20m INFO     [0m|[34;20m nipype.workflow  [0m|[34;20m [Node] Executing "_ds_timeseries0" <mriqc.interfaces.DerivativesDataSink>[0m
2026-03-27 06:16:55 |[34;20m INFO     [0m|[34;20m nipype.workflow  [0m|[34;20m [Node] Finished "_ds_timeseries0", elapsed time 0.004145s.[0m
2026-03-27 06:16:55 |[34;20m INFO     [0m|[34;20m nipype.workflow  [0m|[34;20m [Node] Setting-up "mriqc_wf.funcMRIQC.func_report_wf.parcels" in "/local/nvme/ds006401_10.783919/ds/tmp/mriqc_wf/funcMRIQC/func_report_wf/2ef5fe367343b01b0936e715c00719fd32e6a8c1/parcels".[0m
2026-03-27 06:16:55 |[34;20m INFO     [0m|[34;20m nipype.workflow  [0m|[34;20m [Node] Executing "parcels" <nipype.interfaces.utility.wrappers.Function>[0m
2026-03-27 06:16:55 |[34;20m INFO     [0m|[34;20m nipype.workflow  [0m|[34;20m [Node] Finished "parcels", elapsed time 0.02773s.[0m
2026-03-27 06:16:57 |[34;20m INFO     [0m|[34;20m nipype.workflow  [0m|[34;20m [Node] Setting-up "_BigPlot0" in "/local/nvme/ds006401_10.783919/ds/tmp/mriqc_wf/funcMRIQC/func_report_wf/37961f5e9f4d69a46dcc2931f77ac24ec4f566d7/BigPlot/mapflow/_BigPlot0".[0m
2026-03-27 06:16:57 |[34;20m INFO     [0m|[34;20m nipype.workflow  [0m|[34;20m [Node] Setting-up "_BigPlot0" in "/local/nvme/ds006401_10.783919/ds/tmp/mriqc_wf/funcMRIQC/func_report_wf/2ef5fe367343b01b0936e715c00719fd32e6a8c1/BigPlot/mapflow/_BigPlot0".[0m
2026-03-27 06:16:57 |[34;20m INFO     [0m|[34;20m nipype.workflow  [0m|[34;20m [Node] Executing "_BigPlot0" <nireports.interfaces.fmri.FMRISummary>[0m
2026-03-27 06:16:57 |[34;20m INFO     [0m|[34;20m nipype.workflow  [0m|[34;20m [Node] Executing "_BigPlot0" <nireports.interfaces.fmri.FMRISummary>[0m
2026-03-27 06:17:03 |[34;20m INFO     [0m|[34;20m nipype.workflow  [0m|[34;20m [Node] Finished "_BigPlot0", elapsed time 5.852901s.[0m
2026-03-27 06:17:03 |[34;20m INFO     [0m|[34;20m nipype.workflow  [0m|[34;20m [Node] Setting-up "_ds_report_carpet0" in "/local/nvme/ds006401_10.783919/ds/tmp/mriqc_wf/funcMRIQC/func_report_wf/37961f5e9f4d69a46dcc2931f77ac24ec4f566d7/ds_report_carpet/mapflow/_ds_report_carpet0".[0m
2026-03-27 06:17:03 |[34;20m INFO     [0m|[34;20m nipype.workflow  [0m|[34;20m [Node] Executing "_ds_report_carpet0" <mriqc.interfaces.DerivativesDataSink>[0m
2026-03-27 06:17:03 |[34;20m INFO     [0m|[34;20m nipype.workflow  [0m|[34;20m [Node] Finished "_ds_report_carpet0", elapsed time 0.004922s.[0m
2026-03-27 06:17:04 |[34;20m INFO     [0m|[34;20m nipype.workflow  [0m|[34;20m [Node] Finished "_BigPlot0", elapsed time 7.213903s.[0m
2026-03-27 06:17:05 |[34;20m INFO     [0m|[34;20m nipype.workflow  [0m|[34;20m [Node] Setting-up "_ds_report_carpet0" in "/local/nvme/ds006401_10.783919/ds/tmp/mriqc_wf/funcMRIQC/func_report_wf/2ef5fe367343b01b0936e715c00719fd32e6a8c1/ds_report_carpet/mapflow/_ds_report_carpet0".[0m
2026-03-27 06:17:05 |[34;20m INFO     [0m|[34;20m nipype.workflow  [0m|[34;20m [Node] Executing "_ds_report_carpet0" <mriqc.interfaces.DerivativesDataSink>[0m
2026-03-27 06:17:05 |[34;20m INFO     [0m|[34;20m nipype.workflow  [0m|[34;20m [Node] Finished "_ds_report_carpet0", elapsed time 0.004737s.[0m
2026-03-27 06:17:07 |[34;20m INFO     [0m|[34;20m nipype.workflow  [0m|[34;20m Generating reports...[0m
2026-03-27 06:17:07 |[34;20m INFO     [0m|[34;20m nipype.workflow  [0m|[34;20m Report generation finished (3 reports).[0m
2026-03-27 06:17:07 |[33;20m IMPORTANT [0m|[33;20m mriqc            [0m|[33;20m Participant level finished successfully averaging 00h 08min 29s per subject.[0m
2026-03-27 06:17:07 |[34;20m INFO     [0m|[34;20m mriqc            [0m|[34;20m Generating BIDS derivatives metadata.[0m
----------------------------------------------------------------
  MRIQC completed (elapsed time 00h 25min 29s).
----------------------------------------------------------------

