------------------------------------------------------------------
  Running MRIQC version 24.1.0.dev0+gd5b13cb5.d20240826
  ----------------------------------------------------------------

  NOTICE
  Copyright © The NiPreps Developers.
  
  This product includes software developed by
  the NiPreps Community (https://nipreps.org/).
  
  Portions of this software were developed at the Department of
  Psychology at Stanford University, Stanford, CA, US.
  
  This software contains code ultimately derived from the
  PCP Quality Assessment Protocol (QAP;
  http://preprocessed-connectomes-project.org/quality-assessment-protocol)
  by C. Craddock, S. Giavasis, D. Clark, Z. Shezhad, and J. Pellman.
  
  This software is also distributed as a Docker container image.
  The bootstrapping file for the image ("Dockerfile") is licensed
  under the MIT License.

  ----------------------------------------------------------------

  * BIDS dataset path: /local/nvme/ds006401_05.783919/ds/sourcedata/raw.
  * Output folder: mriqc.
  * Analysis levels: ['participant'].
------------------------------------------------------------------

2026-03-27 05:51:39 |[33;20m IMPORTANT [0m|[33;20m mriqc            [0m|[33;20m Extracting metadata and entities for 3 input runs of modality 'bold'...[0m
2026-03-27 05:51:39 |[33;20m IMPORTANT [0m|[33;20m mriqc            [0m|[33;20m File size ('bold'): 0.23|0.19 GB [maximum|average].[0m
2026-03-27 05:51:39 |[34;20m INFO     [0m|[34;20m mriqc            [0m|[34;20m MRIQC config file: /local/nvme/ds006401_05.783919/ds/tmp/config-20260327-055137_fbb781db-e983-40be-aa8f-0e050e05c771.toml.[0m
2026-03-27 05:51:43 |[34;20m INFO     [0m|[34;20m matplotlib.font_manager [0m|[34;20m generated new fontManager[0m
2026-03-27 05:51:44 |[33;20m IMPORTANT [0m|[33;20m mriqc            [0m|[33;20m Building MRIQC's workflows...[0m
2026-03-27 05:51:44 |[34;20m INFO     [0m|[34;20m nipype.workflow  [0m|[34;20m Building functional MRIQC workflow for 3 BOLD runs..[0m
2026-03-27 05:51:49 |[33;20m IMPORTANT [0m|[33;20m mriqc            [0m|[33;20m Workflow building finished (exit code 0).[0m
2026-03-27 05:51:54 |[34;20m INFO     [0m|[34;20m nipype.workflow  [0m|[34;20m Workflow mriqc_wf settings: ['check', 'execution', 'logging', 'monitoring'][0m
2026-03-27 05:51:55 |[34;20m INFO     [0m|[34;20m nipype.workflow  [0m|[34;20m [Node] Setting-up "mriqc_wf.funcMRIQC.pick_echo" in "/local/nvme/ds006401_05.783919/ds/tmp/mriqc_wf/funcMRIQC/c9bb361b21db266c9deba86f6b9699bb80c85aa8/pick_echo".[0m
2026-03-27 05:51:55 |[34;20m INFO     [0m|[34;20m nipype.workflow  [0m|[34;20m [Node] Setting-up "_provenance0" in "/local/nvme/ds006401_05.783919/ds/tmp/mriqc_wf/funcMRIQC/ComputeIQMs/c9bb361b21db266c9deba86f6b9699bb80c85aa8/provenance/mapflow/_provenance0".[0m
2026-03-27 05:51:55 |[34;20m INFO     [0m|[34;20m nipype.workflow  [0m|[34;20m [Node] Executing "_provenance0" <mriqc.interfaces.reports.AddProvenance>[0m
2026-03-27 05:51:55 |[34;20m INFO     [0m|[34;20m nipype.workflow  [0m|[34;20m [Node] Executing "pick_echo" <mriqc.interfaces.functional.SelectEcho>[0m
2026-03-27 05:51:55 |[34;20m INFO     [0m|[34;20m nipype.workflow  [0m|[34;20m [Node] Finished "pick_echo", elapsed time 0.000554s.[0m
2026-03-27 05:51:55 |[34;20m INFO     [0m|[34;20m nipype.workflow  [0m|[34;20m [Node] Finished "_provenance0", elapsed time 0.36001s.[0m
2026-03-27 05:51:55 |[34;20m INFO     [0m|[34;20m nipype.workflow  [0m|[34;20m [Node] Setting-up "_provenance0" in "/local/nvme/ds006401_05.783919/ds/tmp/mriqc_wf/funcMRIQC/ComputeIQMs/b0b6aadfc54e2fb9398a626cd357282e3c6e5cf9/provenance/mapflow/_provenance0".[0m
2026-03-27 05:51:55 |[34;20m INFO     [0m|[34;20m nipype.workflow  [0m|[34;20m [Node] Setting-up "mriqc_wf.funcMRIQC.pick_echo" in "/local/nvme/ds006401_05.783919/ds/tmp/mriqc_wf/funcMRIQC/b0b6aadfc54e2fb9398a626cd357282e3c6e5cf9/pick_echo".[0m
2026-03-27 05:51:55 |[34;20m INFO     [0m|[34;20m nipype.workflow  [0m|[34;20m [Node] Executing "_provenance0" <mriqc.interfaces.reports.AddProvenance>[0m
2026-03-27 05:51:55 |[34;20m INFO     [0m|[34;20m nipype.workflow  [0m|[34;20m [Node] Executing "pick_echo" <mriqc.interfaces.functional.SelectEcho>[0m
2026-03-27 05:51:55 |[34;20m INFO     [0m|[34;20m nipype.workflow  [0m|[34;20m [Node] Finished "pick_echo", elapsed time 0.000455s.[0m
2026-03-27 05:51:56 |[34;20m INFO     [0m|[34;20m nipype.workflow  [0m|[34;20m [Node] Finished "_provenance0", elapsed time 0.352379s.[0m
2026-03-27 05:51:56 |[34;20m INFO     [0m|[34;20m nipype.workflow  [0m|[34;20m [Node] Setting-up "_provenance0" in "/local/nvme/ds006401_05.783919/ds/tmp/mriqc_wf/funcMRIQC/ComputeIQMs/145c1a123eed762b708a75bebbe922af94cfd0b8/provenance/mapflow/_provenance0".[0m
2026-03-27 05:51:56 |[34;20m INFO     [0m|[34;20m nipype.workflow  [0m|[34;20m [Node] Setting-up "mriqc_wf.funcMRIQC.pick_echo" in "/local/nvme/ds006401_05.783919/ds/tmp/mriqc_wf/funcMRIQC/145c1a123eed762b708a75bebbe922af94cfd0b8/pick_echo".[0m
2026-03-27 05:51:56 |[34;20m INFO     [0m|[34;20m nipype.workflow  [0m|[34;20m [Node] Executing "_provenance0" <mriqc.interfaces.reports.AddProvenance>[0m
2026-03-27 05:51:56 |[34;20m INFO     [0m|[34;20m nipype.workflow  [0m|[34;20m [Node] Executing "pick_echo" <mriqc.interfaces.functional.SelectEcho>[0m
2026-03-27 05:51:56 |[34;20m INFO     [0m|[34;20m nipype.workflow  [0m|[34;20m [Node] Finished "pick_echo", elapsed time 0.000306s.[0m
2026-03-27 05:51:56 |[34;20m INFO     [0m|[34;20m nipype.workflow  [0m|[34;20m [Node] Finished "_provenance0", elapsed time 0.46161s.[0m
2026-03-27 05:51:57 |[34;20m INFO     [0m|[34;20m nipype.workflow  [0m|[34;20m [Node] Setting-up "mriqc_wf.funcMRIQC.non_steady_state_detector" in "/local/nvme/ds006401_05.783919/ds/tmp/mriqc_wf/funcMRIQC/b0b6aadfc54e2fb9398a626cd357282e3c6e5cf9/non_steady_state_detector".[0m
2026-03-27 05:51:57 |[34;20m INFO     [0m|[34;20m nipype.workflow  [0m|[34;20m [Node] Setting-up "mriqc_wf.funcMRIQC.non_steady_state_detector" in "/local/nvme/ds006401_05.783919/ds/tmp/mriqc_wf/funcMRIQC/145c1a123eed762b708a75bebbe922af94cfd0b8/non_steady_state_detector".[0m
2026-03-27 05:51:57 |[34;20m INFO     [0m|[34;20m nipype.workflow  [0m|[34;20m [Node] Setting-up "mriqc_wf.funcMRIQC.non_steady_state_detector" in "/local/nvme/ds006401_05.783919/ds/tmp/mriqc_wf/funcMRIQC/c9bb361b21db266c9deba86f6b9699bb80c85aa8/non_steady_state_detector".[0m
2026-03-27 05:51:57 |[34;20m INFO     [0m|[34;20m nipype.workflow  [0m|[34;20m [Node] Executing "non_steady_state_detector" <nipype.algorithms.confounds.NonSteadyStateDetector>[0m
2026-03-27 05:51:57 |[34;20m INFO     [0m|[34;20m nipype.workflow  [0m|[34;20m [Node] Executing "non_steady_state_detector" <nipype.algorithms.confounds.NonSteadyStateDetector>[0m
2026-03-27 05:51:57 |[34;20m INFO     [0m|[34;20m nipype.workflow  [0m|[34;20m [Node] Executing "non_steady_state_detector" <nipype.algorithms.confounds.NonSteadyStateDetector>[0m
2026-03-27 05:51:57 |[34;20m INFO     [0m|[34;20m nipype.workflow  [0m|[34;20m [Node] Finished "non_steady_state_detector", elapsed time 0.412876s.[0m
2026-03-27 05:51:57 |[34;20m INFO     [0m|[34;20m nipype.workflow  [0m|[34;20m [Node] Finished "non_steady_state_detector", elapsed time 0.412767s.[0m
2026-03-27 05:51:57 |[34;20m INFO     [0m|[34;20m nipype.workflow  [0m|[34;20m [Node] Finished "non_steady_state_detector", elapsed time 0.412993s.[0m
2026-03-27 05:51:59 |[34;20m INFO     [0m|[34;20m nipype.workflow  [0m|[34;20m [Node] Setting-up "_sanitize0" in "/local/nvme/ds006401_05.783919/ds/tmp/mriqc_wf/funcMRIQC/145c1a123eed762b708a75bebbe922af94cfd0b8/sanitize/mapflow/_sanitize0".[0m
2026-03-27 05:51:59 |[34;20m INFO     [0m|[34;20m nipype.workflow  [0m|[34;20m [Node] Setting-up "_sanitize0" in "/local/nvme/ds006401_05.783919/ds/tmp/mriqc_wf/funcMRIQC/b0b6aadfc54e2fb9398a626cd357282e3c6e5cf9/sanitize/mapflow/_sanitize0".[0m
2026-03-27 05:51:59 |[34;20m INFO     [0m|[34;20m nipype.workflow  [0m|[34;20m [Node] Setting-up "_sanitize0" in "/local/nvme/ds006401_05.783919/ds/tmp/mriqc_wf/funcMRIQC/c9bb361b21db266c9deba86f6b9699bb80c85aa8/sanitize/mapflow/_sanitize0".[0m
2026-03-27 05:51:59 |[34;20m INFO     [0m|[34;20m nipype.workflow  [0m|[34;20m [Node] Executing "_sanitize0" <niworkflows.interfaces.header.SanitizeImage>[0m
2026-03-27 05:51:59 |[34;20m INFO     [0m|[34;20m nipype.workflow  [0m|[34;20m [Node] Executing "_sanitize0" <niworkflows.interfaces.header.SanitizeImage>[0m
2026-03-27 05:51:59 |[34;20m INFO     [0m|[34;20m nipype.workflow  [0m|[34;20m [Node] Executing "_sanitize0" <niworkflows.interfaces.header.SanitizeImage>[0m
2026-03-27 05:51:59 |[34;20m INFO     [0m|[34;20m nipype.workflow  [0m|[34;20m [Node] Finished "_sanitize0", elapsed time 0.040419s.[0m
2026-03-27 05:51:59 |[34;20m INFO     [0m|[34;20m nipype.workflow  [0m|[34;20m [Node] Finished "_sanitize0", elapsed time 0.039249s.[0m
2026-03-27 05:52:01 |[34;20m INFO     [0m|[34;20m nipype.workflow  [0m|[34;20m [Node] Setting-up "mriqc_wf.funcMRIQC.fMRI_HMC.estimate_hm" in "/local/nvme/ds006401_05.783919/ds/tmp/mriqc_wf/funcMRIQC/fMRI_HMC/c9bb361b21db266c9deba86f6b9699bb80c85aa8/estimate_hm".[0m
2026-03-27 05:52:01 |[34;20m INFO     [0m|[34;20m nipype.workflow  [0m|[34;20m [Node] Setting-up "mriqc_wf.funcMRIQC.fMRI_HMC.estimate_hm" in "/local/nvme/ds006401_05.783919/ds/tmp/mriqc_wf/funcMRIQC/fMRI_HMC/145c1a123eed762b708a75bebbe922af94cfd0b8/estimate_hm".[0m
2026-03-27 05:52:01 |[34;20m INFO     [0m|[34;20m nipype.workflow  [0m|[34;20m [Node] Executing "estimate_hm" <nipype.interfaces.afni.preprocess.Volreg>[0m
2026-03-27 05:52:01 |[34;20m INFO     [0m|[34;20m nipype.workflow  [0m|[34;20m [Node] Setting-up "_SpikesMask0" in "/local/nvme/ds006401_05.783919/ds/tmp/mriqc_wf/funcMRIQC/func_report_wf/c9bb361b21db266c9deba86f6b9699bb80c85aa8/SpikesMask/mapflow/_SpikesMask0".[0m
2026-03-27 05:52:01 |[34;20m INFO     [0m|[34;20m nipype.workflow  [0m|[34;20m [Node] Executing "estimate_hm" <nipype.interfaces.afni.preprocess.Volreg>[0m
2026-03-27 05:52:01 |[34;20m INFO     [0m|[34;20m nipype.workflow  [0m|[34;20m [Node] Executing "_SpikesMask0" <nipype.interfaces.utility.wrappers.Function>[0m
2026-03-27 05:52:01 |[34;20m INFO     [0m|[34;20m nipype.workflow  [0m|[34;20m [Node] Setting-up "_SpikesMask0" in "/local/nvme/ds006401_05.783919/ds/tmp/mriqc_wf/funcMRIQC/func_report_wf/145c1a123eed762b708a75bebbe922af94cfd0b8/SpikesMask/mapflow/_SpikesMask0".[0m
2026-03-27 05:52:01 |[34;20m INFO     [0m|[34;20m nipype.workflow  [0m|[34;20m [Node] Executing "_SpikesMask0" <nipype.interfaces.utility.wrappers.Function>[0m
2026-03-27 05:52:04 |[34;20m INFO     [0m|[34;20m nipype.workflow  [0m|[34;20m [Node] Finished "_SpikesMask0", elapsed time 3.136478s.[0m
2026-03-27 05:52:04 |[34;20m INFO     [0m|[34;20m nipype.workflow  [0m|[34;20m [Node] Finished "_SpikesMask0", elapsed time 3.6111269999999998s.[0m
2026-03-27 05:52:05 |[34;20m INFO     [0m|[34;20m nipype.workflow  [0m|[34;20m [Node] Setting-up "_SpikesFinderBgMask0" in "/local/nvme/ds006401_05.783919/ds/tmp/mriqc_wf/funcMRIQC/func_report_wf/c9bb361b21db266c9deba86f6b9699bb80c85aa8/SpikesFinderBgMask/mapflow/_SpikesFinderBgMask0".[0m
2026-03-27 05:52:05 |[34;20m INFO     [0m|[34;20m nipype.workflow  [0m|[34;20m [Node] Setting-up "_SpikesFinderBgMask0" in "/local/nvme/ds006401_05.783919/ds/tmp/mriqc_wf/funcMRIQC/func_report_wf/145c1a123eed762b708a75bebbe922af94cfd0b8/SpikesFinderBgMask/mapflow/_SpikesFinderBgMask0".[0m
2026-03-27 05:52:05 |[34;20m INFO     [0m|[34;20m nipype.workflow  [0m|[34;20m [Node] Executing "_SpikesFinderBgMask0" <mriqc.interfaces.functional.Spikes>[0m
2026-03-27 05:52:05 |[34;20m INFO     [0m|[34;20m nipype.workflow  [0m|[34;20m [Node] Executing "_SpikesFinderBgMask0" <mriqc.interfaces.functional.Spikes>[0m
2026-03-27 05:52:09 |[34;20m INFO     [0m|[34;20m nipype.workflow  [0m|[34;20m [Node] Finished "_sanitize0", elapsed time 10.397449s.[0m
2026-03-27 05:52:09 |[34;20m INFO     [0m|[34;20m nipype.workflow  [0m|[34;20m [Node] Finished "_SpikesFinderBgMask0", elapsed time 4.798068s.[0m
2026-03-27 05:52:11 |[34;20m INFO     [0m|[34;20m nipype.workflow  [0m|[34;20m [Node] Finished "_SpikesFinderBgMask0", elapsed time 5.96008s.[0m
2026-03-27 05:52:11 |[34;20m INFO     [0m|[34;20m nipype.workflow  [0m|[34;20m [Node] Setting-up "mriqc_wf.funcMRIQC.fMRI_HMC.estimate_hm" in "/local/nvme/ds006401_05.783919/ds/tmp/mriqc_wf/funcMRIQC/fMRI_HMC/b0b6aadfc54e2fb9398a626cd357282e3c6e5cf9/estimate_hm".[0m
2026-03-27 05:52:11 |[34;20m INFO     [0m|[34;20m nipype.workflow  [0m|[34;20m [Node] Setting-up "_SpikesMask0" in "/local/nvme/ds006401_05.783919/ds/tmp/mriqc_wf/funcMRIQC/func_report_wf/b0b6aadfc54e2fb9398a626cd357282e3c6e5cf9/SpikesMask/mapflow/_SpikesMask0".[0m
2026-03-27 05:52:11 |[34;20m INFO     [0m|[34;20m nipype.workflow  [0m|[34;20m [Node] Executing "estimate_hm" <nipype.interfaces.afni.preprocess.Volreg>[0m
2026-03-27 05:52:11 |[34;20m INFO     [0m|[34;20m nipype.workflow  [0m|[34;20m [Node] Executing "_SpikesMask0" <nipype.interfaces.utility.wrappers.Function>[0m
2026-03-27 05:52:14 |[34;20m INFO     [0m|[34;20m nipype.workflow  [0m|[34;20m [Node] Finished "_SpikesMask0", elapsed time 3.056229s.[0m
2026-03-27 05:52:15 |[34;20m INFO     [0m|[34;20m nipype.workflow  [0m|[34;20m [Node] Setting-up "_SpikesFinderBgMask0" in "/local/nvme/ds006401_05.783919/ds/tmp/mriqc_wf/funcMRIQC/func_report_wf/b0b6aadfc54e2fb9398a626cd357282e3c6e5cf9/SpikesFinderBgMask/mapflow/_SpikesFinderBgMask0".[0m
2026-03-27 05:52:15 |[34;20m INFO     [0m|[34;20m nipype.workflow  [0m|[34;20m [Node] Executing "_SpikesFinderBgMask0" <mriqc.interfaces.functional.Spikes>[0m
2026-03-27 05:52:20 |[34;20m INFO     [0m|[34;20m nipype.workflow  [0m|[34;20m [Node] Finished "_SpikesFinderBgMask0", elapsed time 5.170913s.[0m
2026-03-27 06:05:46 |[34;20m INFO     [0m|[34;20m nipype.workflow  [0m|[34;20m [Node] Finished "estimate_hm", elapsed time 825.421369s.[0m
2026-03-27 06:05:47 |[34;20m INFO     [0m|[34;20m nipype.workflow  [0m|[34;20m [Node] Setting-up "mriqc_wf.funcMRIQC.fMRI_HMC.ComputeFD" in "/local/nvme/ds006401_05.783919/ds/tmp/mriqc_wf/funcMRIQC/fMRI_HMC/c9bb361b21db266c9deba86f6b9699bb80c85aa8/ComputeFD".[0m
2026-03-27 06:05:47 |[34;20m INFO     [0m|[34;20m nipype.workflow  [0m|[34;20m [Node] Executing "ComputeFD" <nipype.algorithms.confounds.FramewiseDisplacement>[0m
2026-03-27 06:05:47 |[34;20m INFO     [0m|[34;20m nipype.workflow  [0m|[34;20m [Node] Finished "ComputeFD", elapsed time 0.006642s.[0m
2026-03-27 06:06:27 |[34;20m INFO     [0m|[34;20m nipype.workflow  [0m|[34;20m [Node] Finished "estimate_hm", elapsed time 856.140219s.[0m
2026-03-27 06:06:29 |[34;20m INFO     [0m|[34;20m nipype.workflow  [0m|[34;20m [Node] Setting-up "mriqc_wf.funcMRIQC.fMRI_HMC.ComputeFD" in "/local/nvme/ds006401_05.783919/ds/tmp/mriqc_wf/funcMRIQC/fMRI_HMC/b0b6aadfc54e2fb9398a626cd357282e3c6e5cf9/ComputeFD".[0m
2026-03-27 06:06:29 |[34;20m INFO     [0m|[34;20m nipype.workflow  [0m|[34;20m [Node] Executing "ComputeFD" <nipype.algorithms.confounds.FramewiseDisplacement>[0m
2026-03-27 06:06:29 |[34;20m INFO     [0m|[34;20m nipype.workflow  [0m|[34;20m [Node] Finished "ComputeFD", elapsed time 0.006086s.[0m
2026-03-27 06:09:32 |[34;20m INFO     [0m|[34;20m nipype.workflow  [0m|[34;20m [Node] Finished "estimate_hm", elapsed time 1051.326777s.[0m
2026-03-27 06:09:33 |[34;20m INFO     [0m|[34;20m nipype.workflow  [0m|[34;20m [Node] Setting-up "_apply_hmc0" in "/local/nvme/ds006401_05.783919/ds/tmp/mriqc_wf/funcMRIQC/fMRI_HMC/c9bb361b21db266c9deba86f6b9699bb80c85aa8/apply_hmc/mapflow/_apply_hmc0".[0m
2026-03-27 06:09:33 |[34;20m INFO     [0m|[34;20m nipype.workflow  [0m|[34;20m [Node] Executing "_apply_hmc0" <nipype.interfaces.utility.wrappers.Function>[0m
2026-03-27 06:10:02 |[34;20m INFO     [0m|[34;20m nipype.workflow  [0m|[34;20m [Node] Finished "_apply_hmc0", elapsed time 29.161754s.[0m
2026-03-27 06:10:03 |[34;20m INFO     [0m|[34;20m nipype.workflow  [0m|[34;20m [Node] Setting-up "_apply_hmc0" in "/local/nvme/ds006401_05.783919/ds/tmp/mriqc_wf/funcMRIQC/fMRI_HMC/b0b6aadfc54e2fb9398a626cd357282e3c6e5cf9/apply_hmc/mapflow/_apply_hmc0".[0m
2026-03-27 06:10:03 |[34;20m INFO     [0m|[34;20m nipype.workflow  [0m|[34;20m [Node] Executing "_apply_hmc0" <nipype.interfaces.utility.wrappers.Function>[0m
2026-03-27 06:10:32 |[34;20m INFO     [0m|[34;20m nipype.workflow  [0m|[34;20m [Node] Finished "_apply_hmc0", elapsed time 29.074292s.[0m
2026-03-27 06:10:33 |[34;20m INFO     [0m|[34;20m nipype.workflow  [0m|[34;20m [Node] Setting-up "_apply_hmc0" in "/local/nvme/ds006401_05.783919/ds/tmp/mriqc_wf/funcMRIQC/fMRI_HMC/145c1a123eed762b708a75bebbe922af94cfd0b8/apply_hmc/mapflow/_apply_hmc0".[0m
2026-03-27 06:10:33 |[34;20m INFO     [0m|[34;20m nipype.workflow  [0m|[34;20m [Node] Executing "_apply_hmc0" <nipype.interfaces.utility.wrappers.Function>[0m
2026-03-27 06:11:10 |[34;20m INFO     [0m|[34;20m nipype.workflow  [0m|[34;20m [Node] Finished "_apply_hmc0", elapsed time 37.793521s.[0m
2026-03-27 06:11:11 |[34;20m INFO     [0m|[34;20m nipype.workflow  [0m|[34;20m [Node] Setting-up "mriqc_wf.funcMRIQC.fMRI_HMC.ComputeFD" in "/local/nvme/ds006401_05.783919/ds/tmp/mriqc_wf/funcMRIQC/fMRI_HMC/145c1a123eed762b708a75bebbe922af94cfd0b8/ComputeFD".[0m
2026-03-27 06:11:11 |[34;20m INFO     [0m|[34;20m nipype.workflow  [0m|[34;20m [Node] Executing "ComputeFD" <nipype.algorithms.confounds.FramewiseDisplacement>[0m
2026-03-27 06:11:11 |[34;20m INFO     [0m|[34;20m nipype.workflow  [0m|[34;20m [Node] Setting-up "_mean0" in "/local/nvme/ds006401_05.783919/ds/tmp/mriqc_wf/funcMRIQC/c9bb361b21db266c9deba86f6b9699bb80c85aa8/mean/mapflow/_mean0".[0m
2026-03-27 06:11:11 |[34;20m INFO     [0m|[34;20m nipype.workflow  [0m|[34;20m [Node] Setting-up "_compute_tsnr0" in "/local/nvme/ds006401_05.783919/ds/tmp/mriqc_wf/funcMRIQC/c9bb361b21db266c9deba86f6b9699bb80c85aa8/compute_tsnr/mapflow/_compute_tsnr0".[0m
2026-03-27 06:11:11 |[34;20m INFO     [0m|[34;20m nipype.workflow  [0m|[34;20m [Node] Executing "_mean0" <nipype.interfaces.afni.utils.TStat>[0m
2026-03-27 06:11:11 |[34;20m INFO     [0m|[34;20m nipype.workflow  [0m|[34;20m [Node] Executing "_compute_tsnr0" <nipype.algorithms.confounds.TSNR>[0m
2026-03-27 06:11:11 |[34;20m INFO     [0m|[34;20m nipype.workflow  [0m|[34;20m [Node] Setting-up "_quality0" in "/local/nvme/ds006401_05.783919/ds/tmp/mriqc_wf/funcMRIQC/ComputeIQMs/c9bb361b21db266c9deba86f6b9699bb80c85aa8/quality/mapflow/_quality0".[0m
2026-03-27 06:11:11 |[34;20m INFO     [0m|[34;20m nipype.workflow  [0m|[34;20m [Node] Setting-up "_mean0" in "/local/nvme/ds006401_05.783919/ds/tmp/mriqc_wf/funcMRIQC/b0b6aadfc54e2fb9398a626cd357282e3c6e5cf9/mean/mapflow/_mean0".[0m
2026-03-27 06:11:11 |[34;20m INFO     [0m|[34;20m nipype.workflow  [0m|[34;20m [Node] Executing "_quality0" <nipype.interfaces.afni.preprocess.QualityIndex>[0m
2026-03-27 06:11:11 |[34;20m INFO     [0m|[34;20m nipype.workflow  [0m|[34;20m [Node] Setting-up "_compute_tsnr0" in "/local/nvme/ds006401_05.783919/ds/tmp/mriqc_wf/funcMRIQC/b0b6aadfc54e2fb9398a626cd357282e3c6e5cf9/compute_tsnr/mapflow/_compute_tsnr0".[0m
2026-03-27 06:11:11 |[34;20m INFO     [0m|[34;20m nipype.workflow  [0m|[34;20m [Node] Executing "_mean0" <nipype.interfaces.afni.utils.TStat>[0m
2026-03-27 06:11:11 |[34;20m INFO     [0m|[34;20m nipype.workflow  [0m|[34;20m [Node] Executing "_compute_tsnr0" <nipype.algorithms.confounds.TSNR>[0m
2026-03-27 06:11:11 |[34;20m INFO     [0m|[34;20m nipype.workflow  [0m|[34;20m [Node] Setting-up "_mean0" in "/local/nvme/ds006401_05.783919/ds/tmp/mriqc_wf/funcMRIQC/145c1a123eed762b708a75bebbe922af94cfd0b8/mean/mapflow/_mean0".[0m
2026-03-27 06:11:11 |[34;20m INFO     [0m|[34;20m nipype.workflow  [0m|[34;20m [Node] Setting-up "_quality0" in "/local/nvme/ds006401_05.783919/ds/tmp/mriqc_wf/funcMRIQC/ComputeIQMs/b0b6aadfc54e2fb9398a626cd357282e3c6e5cf9/quality/mapflow/_quality0".[0m
2026-03-27 06:11:11 |[34;20m INFO     [0m|[34;20m nipype.workflow  [0m|[34;20m [Node] Executing "_quality0" <nipype.interfaces.afni.preprocess.QualityIndex>[0m
2026-03-27 06:11:11 |[34;20m INFO     [0m|[34;20m nipype.workflow  [0m|[34;20m [Node] Executing "_mean0" <nipype.interfaces.afni.utils.TStat>[0m
2026-03-27 06:11:11 |[34;20m INFO     [0m|[34;20m nipype.workflow  [0m|[34;20m [Node] Finished "ComputeFD", elapsed time 0.0109s.[0m
2026-03-27 06:11:13 |[34;20m INFO     [0m|[34;20m nipype.workflow  [0m|[34;20m [Node] Setting-up "_compute_tsnr0" in "/local/nvme/ds006401_05.783919/ds/tmp/mriqc_wf/funcMRIQC/145c1a123eed762b708a75bebbe922af94cfd0b8/compute_tsnr/mapflow/_compute_tsnr0".[0m
2026-03-27 06:11:13 |[34;20m INFO     [0m|[34;20m nipype.workflow  [0m|[34;20m [Node] Executing "_compute_tsnr0" <nipype.algorithms.confounds.TSNR>[0m
2026-03-27 06:11:14 |[34;20m INFO     [0m|[34;20m nipype.workflow  [0m|[34;20m [Node] Finished "_compute_tsnr0", elapsed time 3.091652s.[0m
2026-03-27 06:11:14 |[34;20m INFO     [0m|[34;20m nipype.workflow  [0m|[34;20m [Node] Finished "_compute_tsnr0", elapsed time 3.163357s.[0m
2026-03-27 06:11:15 |[34;20m INFO     [0m|[34;20m nipype.workflow  [0m|[34;20m [Node] Setting-up "_quality0" in "/local/nvme/ds006401_05.783919/ds/tmp/mriqc_wf/funcMRIQC/ComputeIQMs/145c1a123eed762b708a75bebbe922af94cfd0b8/quality/mapflow/_quality0".[0m
2026-03-27 06:11:15 |[34;20m INFO     [0m|[34;20m nipype.workflow  [0m|[34;20m [Node] Executing "_quality0" <nipype.interfaces.afni.preprocess.QualityIndex>[0m
2026-03-27 06:11:15 |[34;20m INFO     [0m|[34;20m nipype.workflow  [0m|[34;20m [Node] Setting-up "_PlotMosaicSD0" in "/local/nvme/ds006401_05.783919/ds/tmp/mriqc_wf/funcMRIQC/func_report_wf/c9bb361b21db266c9deba86f6b9699bb80c85aa8/PlotMosaicSD/mapflow/_PlotMosaicSD0".[0m
2026-03-27 06:11:15 |[34;20m INFO     [0m|[34;20m nipype.workflow  [0m|[34;20m [Node] Executing "_PlotMosaicSD0" <nireports.interfaces.mosaic.PlotMosaic>[0m
2026-03-27 06:11:15 |[34;20m INFO     [0m|[34;20m nipype.workflow  [0m|[34;20m [Node] Finished "_mean0", elapsed time 4.260704s.[0m
2026-03-27 06:11:15 |[34;20m INFO     [0m|[34;20m nipype.workflow  [0m|[34;20m [Node] Finished "_mean0", elapsed time 4.332828s.[0m
2026-03-27 06:11:16 |[34;20m INFO     [0m|[34;20m nipype.workflow  [0m|[34;20m [Node] Finished "_mean0", elapsed time 5.389504s.[0m
2026-03-27 06:11:16 |[34;20m INFO     [0m|[34;20m nipype.workflow  [0m|[34;20m [Node] Finished "_PlotMosaicSD0", elapsed time 1.6471179999999999s.[0m
2026-03-27 06:11:17 |[34;20m INFO     [0m|[34;20m nipype.workflow  [0m|[34;20m [Node] Setting-up "mriqc_wf.funcMRIQC.SpatialNormalization.SharpenEPI" in "/local/nvme/ds006401_05.783919/ds/tmp/mriqc_wf/funcMRIQC/SpatialNormalization/c9bb361b21db266c9deba86f6b9699bb80c85aa8/SharpenEPI".[0m
2026-03-27 06:11:17 |[34;20m INFO     [0m|[34;20m nipype.workflow  [0m|[34;20m [Node] Executing "SharpenEPI" <nipype.interfaces.ants.segmentation.N4BiasFieldCorrection>[0m
2026-03-27 06:11:17 |[34;20m INFO     [0m|[34;20m nipype.workflow  [0m|[34;20m [Node] Setting-up "_PlotMosaicMean0" in "/local/nvme/ds006401_05.783919/ds/tmp/mriqc_wf/funcMRIQC/func_report_wf/c9bb361b21db266c9deba86f6b9699bb80c85aa8/PlotMosaicMean/mapflow/_PlotMosaicMean0".[0m
2026-03-27 06:11:17 |[34;20m INFO     [0m|[34;20m nipype.workflow  [0m|[34;20m [Node] Executing "_PlotMosaicMean0" <nireports.interfaces.mosaic.PlotMosaic>[0m
2026-03-27 06:11:17 |[34;20m INFO     [0m|[34;20m nipype.workflow  [0m|[34;20m [Node] Setting-up "_PlotMosaicNoise0" in "/local/nvme/ds006401_05.783919/ds/tmp/mriqc_wf/funcMRIQC/func_report_wf/c9bb361b21db266c9deba86f6b9699bb80c85aa8/PlotMosaicNoise/mapflow/_PlotMosaicNoise0".[0m
2026-03-27 06:11:17 |[34;20m INFO     [0m|[34;20m nipype.workflow  [0m|[34;20m [Node] Executing "_PlotMosaicNoise0" <nireports.interfaces.mosaic.PlotMosaic>[0m
2026-03-27 06:11:17 |[34;20m INFO     [0m|[34;20m nipype.workflow  [0m|[34;20m [Node] Setting-up "mriqc_wf.funcMRIQC.synthstrip_wf.pre_clip" in "/local/nvme/ds006401_05.783919/ds/tmp/mriqc_wf/funcMRIQC/synthstrip_wf/c9bb361b21db266c9deba86f6b9699bb80c85aa8/pre_clip".[0m
2026-03-27 06:11:17 |[34;20m INFO     [0m|[34;20m nipype.workflow  [0m|[34;20m [Node] Executing "pre_clip" <niworkflows.interfaces.nibabel.IntensityClip>[0m
2026-03-27 06:11:17 |[34;20m INFO     [0m|[34;20m nipype.workflow  [0m|[34;20m [Node] Finished "_compute_tsnr0", elapsed time 4.04437s.[0m
2026-03-27 06:11:18 |[34;20m INFO     [0m|[34;20m nipype.workflow  [0m|[34;20m [Node] Finished "pre_clip", elapsed time 0.880047s.[0m
2026-03-27 06:11:18 |[34;20m INFO     [0m|[34;20m nipype.workflow  [0m|[34;20m [Node] Finished "_PlotMosaicMean0", elapsed time 1.513903s.[0m
2026-03-27 06:11:18 |[34;20m INFO     [0m|[34;20m nipype.workflow  [0m|[34;20m [Node] Finished "_PlotMosaicNoise0", elapsed time 1.6876419999999999s.[0m
2026-03-27 06:11:19 |[34;20m INFO     [0m|[34;20m nipype.workflow  [0m|[34;20m [Node] Setting-up "mriqc_wf.funcMRIQC.SpatialNormalization.SharpenEPI" in "/local/nvme/ds006401_05.783919/ds/tmp/mriqc_wf/funcMRIQC/SpatialNormalization/b0b6aadfc54e2fb9398a626cd357282e3c6e5cf9/SharpenEPI".[0m
2026-03-27 06:11:19 |[34;20m INFO     [0m|[34;20m nipype.workflow  [0m|[34;20m [Node] Setting-up "mriqc_wf.funcMRIQC.synthstrip_wf.pre_clip" in "/local/nvme/ds006401_05.783919/ds/tmp/mriqc_wf/funcMRIQC/synthstrip_wf/b0b6aadfc54e2fb9398a626cd357282e3c6e5cf9/pre_clip".[0m
2026-03-27 06:11:19 |[34;20m INFO     [0m|[34;20m nipype.workflow  [0m|[34;20m [Node] Executing "SharpenEPI" <nipype.interfaces.ants.segmentation.N4BiasFieldCorrection>[0m
2026-03-27 06:11:19 |[34;20m INFO     [0m|[34;20m nipype.workflow  [0m|[34;20m [Node] Setting-up "_PlotMosaicMean0" in "/local/nvme/ds006401_05.783919/ds/tmp/mriqc_wf/funcMRIQC/func_report_wf/b0b6aadfc54e2fb9398a626cd357282e3c6e5cf9/PlotMosaicMean/mapflow/_PlotMosaicMean0".[0m
2026-03-27 06:11:19 |[34;20m INFO     [0m|[34;20m nipype.workflow  [0m|[34;20m [Node] Executing "pre_clip" <niworkflows.interfaces.nibabel.IntensityClip>[0m
2026-03-27 06:11:19 |[34;20m INFO     [0m|[34;20m nipype.workflow  [0m|[34;20m [Node] Executing "_PlotMosaicMean0" <nireports.interfaces.mosaic.PlotMosaic>[0m
2026-03-27 06:11:19 |[34;20m INFO     [0m|[34;20m nipype.workflow  [0m|[34;20m [Node] Setting-up "_PlotMosaicNoise0" in "/local/nvme/ds006401_05.783919/ds/tmp/mriqc_wf/funcMRIQC/func_report_wf/b0b6aadfc54e2fb9398a626cd357282e3c6e5cf9/PlotMosaicNoise/mapflow/_PlotMosaicNoise0".[0m
2026-03-27 06:11:19 |[34;20m INFO     [0m|[34;20m nipype.workflow  [0m|[34;20m [Node] Executing "_PlotMosaicNoise0" <nireports.interfaces.mosaic.PlotMosaic>[0m
2026-03-27 06:11:20 |[34;20m INFO     [0m|[34;20m nipype.workflow  [0m|[34;20m [Node] Finished "pre_clip", elapsed time 0.862757s.[0m
2026-03-27 06:11:20 |[34;20m INFO     [0m|[34;20m nipype.workflow  [0m|[34;20m [Node] Finished "_PlotMosaicMean0", elapsed time 1.652991s.[0m
2026-03-27 06:11:20 |[34;20m INFO     [0m|[34;20m nipype.workflow  [0m|[34;20m [Node] Finished "_PlotMosaicNoise0", elapsed time 1.708787s.[0m
2026-03-27 06:11:21 |[34;20m INFO     [0m|[34;20m nipype.workflow  [0m|[34;20m [Node] Setting-up "mriqc_wf.funcMRIQC.synthstrip_wf.pre_clip" in "/local/nvme/ds006401_05.783919/ds/tmp/mriqc_wf/funcMRIQC/synthstrip_wf/145c1a123eed762b708a75bebbe922af94cfd0b8/pre_clip".[0m
2026-03-27 06:11:21 |[34;20m INFO     [0m|[34;20m nipype.workflow  [0m|[34;20m [Node] Setting-up "mriqc_wf.funcMRIQC.SpatialNormalization.SharpenEPI" in "/local/nvme/ds006401_05.783919/ds/tmp/mriqc_wf/funcMRIQC/SpatialNormalization/145c1a123eed762b708a75bebbe922af94cfd0b8/SharpenEPI".[0m
2026-03-27 06:11:21 |[34;20m INFO     [0m|[34;20m nipype.workflow  [0m|[34;20m [Node] Executing "pre_clip" <niworkflows.interfaces.nibabel.IntensityClip>[0m
2026-03-27 06:11:21 |[34;20m INFO     [0m|[34;20m nipype.workflow  [0m|[34;20m [Node] Executing "SharpenEPI" <nipype.interfaces.ants.segmentation.N4BiasFieldCorrection>[0m
2026-03-27 06:11:21 |[34;20m INFO     [0m|[34;20m nipype.workflow  [0m|[34;20m [Node] Setting-up "_PlotMosaicSD0" in "/local/nvme/ds006401_05.783919/ds/tmp/mriqc_wf/funcMRIQC/func_report_wf/b0b6aadfc54e2fb9398a626cd357282e3c6e5cf9/PlotMosaicSD/mapflow/_PlotMosaicSD0".[0m
2026-03-27 06:11:21 |[34;20m INFO     [0m|[34;20m nipype.workflow  [0m|[34;20m [Node] Executing "_PlotMosaicSD0" <nireports.interfaces.mosaic.PlotMosaic>[0m
2026-03-27 06:11:21 |[34;20m INFO     [0m|[34;20m nipype.workflow  [0m|[34;20m [Node] Finished "_quality0", elapsed time 10.233897s.[0m
2026-03-27 06:11:21 |[34;20m INFO     [0m|[34;20m nipype.workflow  [0m|[34;20m [Node] Finished "_quality0", elapsed time 10.419662s.[0m
2026-03-27 06:11:22 |[34;20m INFO     [0m|[34;20m nipype.workflow  [0m|[34;20m [Node] Finished "pre_clip", elapsed time 0.838214s.[0m
2026-03-27 06:11:22 |[34;20m INFO     [0m|[34;20m nipype.workflow  [0m|[34;20m [Node] Finished "SharpenEPI", elapsed time 4.820391s.[0m
2026-03-27 06:11:22 |[34;20m INFO     [0m|[34;20m nipype.workflow  [0m|[34;20m [Node] Finished "_PlotMosaicSD0", elapsed time 1.641476s.[0m
2026-03-27 06:11:23 |[34;20m INFO     [0m|[34;20m nipype.workflow  [0m|[34;20m [Node] Setting-up "_PlotMosaicNoise0" in "/local/nvme/ds006401_05.783919/ds/tmp/mriqc_wf/funcMRIQC/func_report_wf/145c1a123eed762b708a75bebbe922af94cfd0b8/PlotMosaicNoise/mapflow/_PlotMosaicNoise0".[0m
2026-03-27 06:11:23 |[34;20m INFO     [0m|[34;20m nipype.workflow  [0m|[34;20m [Node] Setting-up "_PlotMosaicMean0" in "/local/nvme/ds006401_05.783919/ds/tmp/mriqc_wf/funcMRIQC/func_report_wf/145c1a123eed762b708a75bebbe922af94cfd0b8/PlotMosaicMean/mapflow/_PlotMosaicMean0".[0m
2026-03-27 06:11:23 |[34;20m INFO     [0m|[34;20m nipype.workflow  [0m|[34;20m [Node] Executing "_PlotMosaicNoise0" <nireports.interfaces.mosaic.PlotMosaic>[0m
2026-03-27 06:11:23 |[34;20m INFO     [0m|[34;20m nipype.workflow  [0m|[34;20m [Node] Executing "_PlotMosaicMean0" <nireports.interfaces.mosaic.PlotMosaic>[0m
2026-03-27 06:11:23 |[34;20m INFO     [0m|[34;20m nipype.workflow  [0m|[34;20m [Node] Setting-up "_PlotMosaicSD0" in "/local/nvme/ds006401_05.783919/ds/tmp/mriqc_wf/funcMRIQC/func_report_wf/145c1a123eed762b708a75bebbe922af94cfd0b8/PlotMosaicSD/mapflow/_PlotMosaicSD0".[0m
2026-03-27 06:11:23 |[34;20m INFO     [0m|[34;20m nipype.workflow  [0m|[34;20m [Node] Executing "_PlotMosaicSD0" <nireports.interfaces.mosaic.PlotMosaic>[0m
2026-03-27 06:11:23 |[34;20m INFO     [0m|[34;20m nipype.workflow  [0m|[34;20m [Node] Setting-up "_ds_report_mean0" in "/local/nvme/ds006401_05.783919/ds/tmp/mriqc_wf/funcMRIQC/func_report_wf/c9bb361b21db266c9deba86f6b9699bb80c85aa8/ds_report_mean/mapflow/_ds_report_mean0".[0m
2026-03-27 06:11:23 |[34;20m INFO     [0m|[34;20m nipype.workflow  [0m|[34;20m [Node] Executing "_ds_report_mean0" <mriqc.interfaces.DerivativesDataSink>[0m
2026-03-27 06:11:23 |[34;20m INFO     [0m|[34;20m nipype.workflow  [0m|[34;20m [Node] Finished "_ds_report_mean0", elapsed time 0.009156s.[0m
2026-03-27 06:11:23 |[34;20m INFO     [0m|[34;20m nipype.workflow  [0m|[34;20m [Node] Setting-up "_ds_report_background0" in "/local/nvme/ds006401_05.783919/ds/tmp/mriqc_wf/funcMRIQC/func_report_wf/c9bb361b21db266c9deba86f6b9699bb80c85aa8/ds_report_background/mapflow/_ds_report_background0".[0m
2026-03-27 06:11:23 |[34;20m INFO     [0m|[34;20m nipype.workflow  [0m|[34;20m [Node] Executing "_ds_report_background0" <mriqc.interfaces.DerivativesDataSink>[0m
2026-03-27 06:11:23 |[34;20m INFO     [0m|[34;20m nipype.workflow  [0m|[34;20m [Node] Finished "_ds_report_background0", elapsed time 0.005286s.[0m
2026-03-27 06:11:23 |[34;20m INFO     [0m|[34;20m nipype.workflow  [0m|[34;20m [Node] Setting-up "_ds_report_stdev0" in "/local/nvme/ds006401_05.783919/ds/tmp/mriqc_wf/funcMRIQC/func_report_wf/c9bb361b21db266c9deba86f6b9699bb80c85aa8/ds_report_stdev/mapflow/_ds_report_stdev0".[0m
2026-03-27 06:11:23 |[34;20m INFO     [0m|[34;20m nipype.workflow  [0m|[34;20m [Node] Executing "_ds_report_stdev0" <mriqc.interfaces.DerivativesDataSink>[0m
2026-03-27 06:11:23 |[34;20m INFO     [0m|[34;20m nipype.workflow  [0m|[34;20m [Node] Finished "_ds_report_stdev0", elapsed time 0.005184s.[0m
2026-03-27 06:11:23 |[34;20m INFO     [0m|[34;20m nipype.workflow  [0m|[34;20m [Node] Setting-up "_ds_report_mean0" in "/local/nvme/ds006401_05.783919/ds/tmp/mriqc_wf/funcMRIQC/func_report_wf/b0b6aadfc54e2fb9398a626cd357282e3c6e5cf9/ds_report_mean/mapflow/_ds_report_mean0".[0m
2026-03-27 06:11:23 |[34;20m INFO     [0m|[34;20m nipype.workflow  [0m|[34;20m [Node] Executing "_ds_report_mean0" <mriqc.interfaces.DerivativesDataSink>[0m
2026-03-27 06:11:23 |[34;20m INFO     [0m|[34;20m nipype.workflow  [0m|[34;20m [Node] Finished "_ds_report_mean0", elapsed time 0.005163s.[0m
2026-03-27 06:11:23 |[34;20m INFO     [0m|[34;20m nipype.workflow  [0m|[34;20m [Node] Setting-up "_ds_report_background0" in "/local/nvme/ds006401_05.783919/ds/tmp/mriqc_wf/funcMRIQC/func_report_wf/b0b6aadfc54e2fb9398a626cd357282e3c6e5cf9/ds_report_background/mapflow/_ds_report_background0".[0m
2026-03-27 06:11:23 |[34;20m INFO     [0m|[34;20m nipype.workflow  [0m|[34;20m [Node] Executing "_ds_report_background0" <mriqc.interfaces.DerivativesDataSink>[0m
2026-03-27 06:11:23 |[34;20m INFO     [0m|[34;20m nipype.workflow  [0m|[34;20m [Node] Finished "_ds_report_background0", elapsed time 0.005198s.[0m
2026-03-27 06:11:23 |[34;20m INFO     [0m|[34;20m nipype.workflow  [0m|[34;20m [Node] Setting-up "_ds_report_stdev0" in "/local/nvme/ds006401_05.783919/ds/tmp/mriqc_wf/funcMRIQC/func_report_wf/b0b6aadfc54e2fb9398a626cd357282e3c6e5cf9/ds_report_stdev/mapflow/_ds_report_stdev0".[0m
2026-03-27 06:11:23 |[34;20m INFO     [0m|[34;20m nipype.workflow  [0m|[34;20m [Node] Executing "_ds_report_stdev0" <mriqc.interfaces.DerivativesDataSink>[0m
2026-03-27 06:11:23 |[34;20m INFO     [0m|[34;20m nipype.workflow  [0m|[34;20m [Node] Finished "_ds_report_stdev0", elapsed time 0.00515s.[0m
2026-03-27 06:11:24 |[34;20m INFO     [0m|[34;20m nipype.workflow  [0m|[34;20m [Node] Finished "SharpenEPI", elapsed time 4.810991s.[0m
2026-03-27 06:11:24 |[34;20m INFO     [0m|[34;20m nipype.workflow  [0m|[34;20m [Node] Finished "_PlotMosaicNoise0", elapsed time 1.453942s.[0m
2026-03-27 06:11:24 |[34;20m INFO     [0m|[34;20m nipype.workflow  [0m|[34;20m [Node] Finished "_PlotMosaicMean0", elapsed time 1.528573s.[0m
2026-03-27 06:11:24 |[34;20m INFO     [0m|[34;20m nipype.workflow  [0m|[34;20m [Node] Finished "_PlotMosaicSD0", elapsed time 1.6987830000000002s.[0m
2026-03-27 06:11:25 |[34;20m INFO     [0m|[34;20m nipype.workflow  [0m|[34;20m [Node] Setting-up "_ds_report_mean0" in "/local/nvme/ds006401_05.783919/ds/tmp/mriqc_wf/funcMRIQC/func_report_wf/145c1a123eed762b708a75bebbe922af94cfd0b8/ds_report_mean/mapflow/_ds_report_mean0".[0m
2026-03-27 06:11:25 |[34;20m INFO     [0m|[34;20m nipype.workflow  [0m|[34;20m [Node] Executing "_ds_report_mean0" <mriqc.interfaces.DerivativesDataSink>[0m
2026-03-27 06:11:25 |[34;20m INFO     [0m|[34;20m nipype.workflow  [0m|[34;20m [Node] Finished "_ds_report_mean0", elapsed time 0.004935s.[0m
2026-03-27 06:11:25 |[34;20m INFO     [0m|[34;20m nipype.workflow  [0m|[34;20m [Node] Setting-up "_ds_report_background0" in "/local/nvme/ds006401_05.783919/ds/tmp/mriqc_wf/funcMRIQC/func_report_wf/145c1a123eed762b708a75bebbe922af94cfd0b8/ds_report_background/mapflow/_ds_report_background0".[0m
2026-03-27 06:11:25 |[34;20m INFO     [0m|[34;20m nipype.workflow  [0m|[34;20m [Node] Executing "_ds_report_background0" <mriqc.interfaces.DerivativesDataSink>[0m
2026-03-27 06:11:25 |[34;20m INFO     [0m|[34;20m nipype.workflow  [0m|[34;20m [Node] Finished "_ds_report_background0", elapsed time 0.004937s.[0m
2026-03-27 06:11:25 |[34;20m INFO     [0m|[34;20m nipype.workflow  [0m|[34;20m [Node] Setting-up "_ds_report_stdev0" in "/local/nvme/ds006401_05.783919/ds/tmp/mriqc_wf/funcMRIQC/func_report_wf/145c1a123eed762b708a75bebbe922af94cfd0b8/ds_report_stdev/mapflow/_ds_report_stdev0".[0m
2026-03-27 06:11:25 |[34;20m INFO     [0m|[34;20m nipype.workflow  [0m|[34;20m [Node] Executing "_ds_report_stdev0" <mriqc.interfaces.DerivativesDataSink>[0m
2026-03-27 06:11:25 |[34;20m INFO     [0m|[34;20m nipype.workflow  [0m|[34;20m [Node] Finished "_ds_report_stdev0", elapsed time 0.004914s.[0m
2026-03-27 06:11:26 |[34;20m INFO     [0m|[34;20m nipype.workflow  [0m|[34;20m [Node] Finished "SharpenEPI", elapsed time 4.773129s.[0m
2026-03-27 06:11:28 |[34;20m INFO     [0m|[34;20m nipype.workflow  [0m|[34;20m [Node] Finished "_quality0", elapsed time 13.062821s.[0m
2026-03-27 06:11:29 |[34;20m INFO     [0m|[34;20m nipype.workflow  [0m|[34;20m [Node] Setting-up "mriqc_wf.funcMRIQC.synthstrip_wf.pre_n4" in "/local/nvme/ds006401_05.783919/ds/tmp/mriqc_wf/funcMRIQC/synthstrip_wf/c9bb361b21db266c9deba86f6b9699bb80c85aa8/pre_n4".[0m
2026-03-27 06:11:29 |[34;20m INFO     [0m|[34;20m nipype.workflow  [0m|[34;20m [Node] Executing "pre_n4" <nipype.interfaces.ants.segmentation.N4BiasFieldCorrection>[0m
2026-03-27 06:11:30 |[34;20m INFO     [0m|[34;20m nipype.workflow  [0m|[34;20m [Node] Finished "pre_n4", elapsed time 1.2976079999999999s.[0m
2026-03-27 06:11:31 |[34;20m INFO     [0m|[34;20m nipype.workflow  [0m|[34;20m [Node] Setting-up "mriqc_wf.funcMRIQC.synthstrip_wf.pre_n4" in "/local/nvme/ds006401_05.783919/ds/tmp/mriqc_wf/funcMRIQC/synthstrip_wf/b0b6aadfc54e2fb9398a626cd357282e3c6e5cf9/pre_n4".[0m
2026-03-27 06:11:31 |[34;20m INFO     [0m|[34;20m nipype.workflow  [0m|[34;20m [Node] Executing "pre_n4" <nipype.interfaces.ants.segmentation.N4BiasFieldCorrection>[0m
2026-03-27 06:11:32 |[34;20m INFO     [0m|[34;20m nipype.workflow  [0m|[34;20m [Node] Finished "pre_n4", elapsed time 1.3145850000000001s.[0m
2026-03-27 06:11:33 |[34;20m INFO     [0m|[34;20m nipype.workflow  [0m|[34;20m [Node] Setting-up "mriqc_wf.funcMRIQC.synthstrip_wf.pre_n4" in "/local/nvme/ds006401_05.783919/ds/tmp/mriqc_wf/funcMRIQC/synthstrip_wf/145c1a123eed762b708a75bebbe922af94cfd0b8/pre_n4".[0m
2026-03-27 06:11:33 |[34;20m INFO     [0m|[34;20m nipype.workflow  [0m|[34;20m [Node] Executing "pre_n4" <nipype.interfaces.ants.segmentation.N4BiasFieldCorrection>[0m
2026-03-27 06:11:34 |[34;20m INFO     [0m|[34;20m nipype.workflow  [0m|[34;20m [Node] Finished "pre_n4", elapsed time 1.532535s.[0m
2026-03-27 06:11:35 |[34;20m INFO     [0m|[34;20m nipype.workflow  [0m|[34;20m [Node] Setting-up "mriqc_wf.funcMRIQC.synthstrip_wf.synthstrip" in "/local/nvme/ds006401_05.783919/ds/tmp/mriqc_wf/funcMRIQC/synthstrip_wf/c9bb361b21db266c9deba86f6b9699bb80c85aa8/synthstrip".[0m
2026-03-27 06:11:35 |[34;20m INFO     [0m|[34;20m nipype.workflow  [0m|[34;20m [Node] Executing "synthstrip" <mriqc.interfaces.synthstrip.SynthStrip>[0m
2026-03-27 06:11:51 |[34;20m INFO     [0m|[34;20m nipype.workflow  [0m|[34;20m [Node] Finished "synthstrip", elapsed time 16.322209s.[0m
2026-03-27 06:11:53 |[34;20m INFO     [0m|[34;20m nipype.workflow  [0m|[34;20m [Node] Setting-up "mriqc_wf.funcMRIQC.synthstrip_wf.synthstrip" in "/local/nvme/ds006401_05.783919/ds/tmp/mriqc_wf/funcMRIQC/synthstrip_wf/b0b6aadfc54e2fb9398a626cd357282e3c6e5cf9/synthstrip".[0m
2026-03-27 06:11:53 |[34;20m INFO     [0m|[34;20m nipype.workflow  [0m|[34;20m [Node] Executing "synthstrip" <mriqc.interfaces.synthstrip.SynthStrip>[0m
2026-03-27 06:12:07 |[34;20m INFO     [0m|[34;20m nipype.workflow  [0m|[34;20m [Node] Finished "synthstrip", elapsed time 14.485729s.[0m
2026-03-27 06:12:09 |[34;20m INFO     [0m|[34;20m nipype.workflow  [0m|[34;20m [Node] Setting-up "mriqc_wf.funcMRIQC.synthstrip_wf.synthstrip" in "/local/nvme/ds006401_05.783919/ds/tmp/mriqc_wf/funcMRIQC/synthstrip_wf/145c1a123eed762b708a75bebbe922af94cfd0b8/synthstrip".[0m
2026-03-27 06:12:09 |[34;20m INFO     [0m|[34;20m nipype.workflow  [0m|[34;20m [Node] Executing "synthstrip" <mriqc.interfaces.synthstrip.SynthStrip>[0m
2026-03-27 06:12:23 |[34;20m INFO     [0m|[34;20m nipype.workflow  [0m|[34;20m [Node] Finished "synthstrip", elapsed time 13.847665s.[0m
2026-03-27 06:12:23 |[34;20m INFO     [0m|[34;20m nipype.workflow  [0m|[34;20m [Node] Setting-up "mriqc_wf.funcMRIQC.synthstrip_wf.post_n4" in "/local/nvme/ds006401_05.783919/ds/tmp/mriqc_wf/funcMRIQC/synthstrip_wf/c9bb361b21db266c9deba86f6b9699bb80c85aa8/post_n4".[0m
2026-03-27 06:12:23 |[34;20m INFO     [0m|[34;20m nipype.workflow  [0m|[34;20m [Node] Executing "post_n4" <nipype.interfaces.ants.segmentation.N4BiasFieldCorrection>[0m
2026-03-27 06:12:24 |[34;20m INFO     [0m|[34;20m nipype.workflow  [0m|[34;20m [Node] Finished "post_n4", elapsed time 1.028445s.[0m
2026-03-27 06:12:25 |[34;20m INFO     [0m|[34;20m nipype.workflow  [0m|[34;20m [Node] Setting-up "mriqc_wf.funcMRIQC.SpatialNormalization.EPI2MNI" in "/local/nvme/ds006401_05.783919/ds/tmp/mriqc_wf/funcMRIQC/SpatialNormalization/c9bb361b21db266c9deba86f6b9699bb80c85aa8/EPI2MNI".[0m
2026-03-27 06:12:25 |[34;20m INFO     [0m|[34;20m nipype.workflow  [0m|[34;20m [Node] Executing "EPI2MNI" <niworkflows.interfaces.reportlets.registration.SpatialNormalizationRPT>[0m
2026-03-27 06:12:25 |[34;20m INFO     [0m|[34;20m niworkflows      [0m|[34;20m Estimating initial transform using AffineInitializer[0m
2026-03-27 06:12:31 |[34;20m INFO     [0m|[34;20m niworkflows      [0m|[34;20m Loading settings from file /opt/conda/lib/python3.11/site-packages/niworkflows/data/boldref-mni_registration_precise_000.json.[0m
2026-03-27 06:12:31 |[34;20m INFO     [0m|[34;20m niworkflows      [0m|[34;20m Retry #1, commandline: 
antsRegistration --collapse-output-transforms 1 --dimensionality 3 --float 0 --initial-moving-transform [ /local/nvme/ds006401_05.783919/ds/tmp/mriqc_wf/funcMRIQC/SpatialNormalization/c9bb361b21db266c9deba86f6b9699bb80c85aa8/EPI2MNI/transform.mat, 0 ] --initialize-transforms-per-stage 0 --interpolation LanczosWindowedSinc --output [ epi_to_mni, epi_to_mni_Warped.nii.gz ] --transform Rigid[ 0.05 ] --metric Mattes[ /templateflow/tpl-MNI152NLin2009cAsym/tpl-MNI152NLin2009cAsym_res-02_desc-fMRIPrep_boldref.nii.gz, /local/nvme/ds006401_05.783919/ds/tmp/mriqc_wf/funcMRIQC/SpatialNormalization/c9bb361b21db266c9deba86f6b9699bb80c85aa8/SharpenEPI/sub-05_ses-01_task-mid_run-01_desc-realigned_bold_tstat_corrected.nii.gz, 1, 56, Regular, 0.25 ] --convergence [ 10000x1000x100, 1e-06, 20 ] --smoothing-sigmas 4.0x2.0x1.0vox --shrink-factors 4x2x1 --use-histogram-matching 1 --masks [ /templateflow/tpl-MNI152NLin2009cAsym/tpl-MNI152NLin2009cAsym_res-02_desc-brain_mask.nii.gz, /local/nvme/ds006401_05.783919/ds/tmp/mriqc_wf/funcMRIQC/synthstrip_wf/c9bb361b21db266c9deba86f6b9699bb80c85aa8/synthstrip/clipped_corrected_desc-brain_mask.nii.gz ] --transform Affine[ 0.08 ] --metric Mattes[ /templateflow/tpl-MNI152NLin2009cAsym/tpl-MNI152NLin2009cAsym_res-02_desc-fMRIPrep_boldref.nii.gz, /local/nvme/ds006401_05.783919/ds/tmp/mriqc_wf/funcMRIQC/SpatialNormalization/c9bb361b21db266c9deba86f6b9699bb80c85aa8/SharpenEPI/sub-05_ses-01_task-mid_run-01_desc-realigned_bold_tstat_corrected.nii.gz, 1, 56, Regular, 0.25 ] --convergence [ 500x250x100, 1e-06, 20 ] --smoothing-sigmas 4.0x2.0x1.0vox --shrink-factors 8x4x2 --use-histogram-matching 1 --masks [ /templateflow/tpl-MNI152NLin2009cAsym/tpl-MNI152NLin2009cAsym_res-02_desc-brain_mask.nii.gz, /local/nvme/ds006401_05.783919/ds/tmp/mriqc_wf/funcMRIQC/synthstrip_wf/c9bb361b21db266c9deba86f6b9699bb80c85aa8/synthstrip/clipped_corrected_desc-brain_mask.nii.gz ] --transform SyN[ 0.1, 3.0, 0.0 ] --metric CC[ /templateflow/tpl-MNI152NLin2009cAsym/tpl-MNI152NLin2009cAsym_res-02_desc-fMRIPrep_boldref.nii.gz, /local/nvme/ds006401_05.783919/ds/tmp/mriqc_wf/funcMRIQC/SpatialNormalization/c9bb361b21db266c9deba86f6b9699bb80c85aa8/SharpenEPI/sub-05_ses-01_task-mid_run-01_desc-realigned_bold_tstat_corrected.nii.gz, 1, 4, None, 1 ] --convergence [ 100x30x20, 1e-06, 10 ] --smoothing-sigmas 3.0x2.0x1.0vox --shrink-factors 8x4x2 --use-histogram-matching 1 --masks [ /templateflow/tpl-MNI152NLin2009cAsym/tpl-MNI152NLin2009cAsym_res-02_desc-brain_mask.nii.gz, /local/nvme/ds006401_05.783919/ds/tmp/mriqc_wf/funcMRIQC/synthstrip_wf/c9bb361b21db266c9deba86f6b9699bb80c85aa8/synthstrip/clipped_corrected_desc-brain_mask.nii.gz ] --winsorize-image-intensities [ 0.005, 0.995 ]  --write-composite-transform 1[0m
2026-03-27 06:12:43 |[34;20m INFO     [0m|[34;20m niworkflows      [0m|[34;20m Successful spatial normalization (retry #1).[0m
2026-03-27 06:12:43 |[34;20m INFO     [0m|[34;20m niworkflows      [0m|[34;20m Report - setting fixed (/templateflow/tpl-MNI152NLin2009cAsym/tpl-MNI152NLin2009cAsym_res-02_desc-fMRIPrep_boldref.nii.gz) and moving (/local/nvme/ds006401_05.783919/ds/tmp/mriqc_wf/funcMRIQC/SpatialNormalization/c9bb361b21db266c9deba86f6b9699bb80c85aa8/EPI2MNI/epi_to_mni_Warped.nii.gz) images[0m
2026-03-27 06:12:43 |[34;20m INFO     [0m|[34;20m niworkflows      [0m|[34;20m Generating visual report[0m
2026-03-27 06:12:59 |[34;20m INFO     [0m|[34;20m nipype.workflow  [0m|[34;20m [Node] Finished "EPI2MNI", elapsed time 33.87137s.[0m
2026-03-27 06:12:59 |[34;20m INFO     [0m|[34;20m nipype.workflow  [0m|[34;20m [Node] Setting-up "mriqc_wf.funcMRIQC.func_report_wf.dilated_mask" in "/local/nvme/ds006401_05.783919/ds/tmp/mriqc_wf/funcMRIQC/func_report_wf/c9bb361b21db266c9deba86f6b9699bb80c85aa8/dilated_mask".[0m
2026-03-27 06:12:59 |[34;20m INFO     [0m|[34;20m nipype.workflow  [0m|[34;20m [Node] Setting-up "_ComputeDVARS0" in "/local/nvme/ds006401_05.783919/ds/tmp/mriqc_wf/funcMRIQC/ComputeIQMs/c9bb361b21db266c9deba86f6b9699bb80c85aa8/ComputeDVARS/mapflow/_ComputeDVARS0".[0m
2026-03-27 06:12:59 |[34;20m INFO     [0m|[34;20m nipype.workflow  [0m|[34;20m [Node] Setting-up "_outliers0" in "/local/nvme/ds006401_05.783919/ds/tmp/mriqc_wf/funcMRIQC/ComputeIQMs/c9bb361b21db266c9deba86f6b9699bb80c85aa8/outliers/mapflow/_outliers0".[0m
2026-03-27 06:12:59 |[34;20m INFO     [0m|[34;20m nipype.workflow  [0m|[34;20m [Node] Executing "dilated_mask" <niworkflows.interfaces.morphology.BinaryDilation>[0m
2026-03-27 06:12:59 |[34;20m INFO     [0m|[34;20m nipype.workflow  [0m|[34;20m [Node] Setting-up "_gcor0" in "/local/nvme/ds006401_05.783919/ds/tmp/mriqc_wf/funcMRIQC/ComputeIQMs/c9bb361b21db266c9deba86f6b9699bb80c85aa8/gcor/mapflow/_gcor0".[0m
2026-03-27 06:12:59 |[34;20m INFO     [0m|[34;20m nipype.workflow  [0m|[34;20m [Node] Setting-up "mriqc_wf.funcMRIQC.func_report_wf.PlotBrainmask" in "/local/nvme/ds006401_05.783919/ds/tmp/mriqc_wf/funcMRIQC/func_report_wf/c9bb361b21db266c9deba86f6b9699bb80c85aa8/PlotBrainmask".[0m
2026-03-27 06:12:59 |[34;20m INFO     [0m|[34;20m nipype.workflow  [0m|[34;20m [Node] Executing "_ComputeDVARS0" <nipype.algorithms.confounds.ComputeDVARS>[0m
2026-03-27 06:12:59 |[34;20m INFO     [0m|[34;20m nipype.workflow  [0m|[34;20m [Node] Executing "_outliers0" <nipype.interfaces.afni.preprocess.OutlierCount>[0m
2026-03-27 06:12:59 |[34;20m INFO     [0m|[34;20m nipype.workflow  [0m|[34;20m [Node] Executing "_gcor0" <mriqc.interfaces.transitional.GCOR>[0m
2026-03-27 06:12:59 |[34;20m INFO     [0m|[34;20m nipype.workflow  [0m|[34;20m [Node] Setting-up "_PlotMosaicZoomed0" in "/local/nvme/ds006401_05.783919/ds/tmp/mriqc_wf/funcMRIQC/func_report_wf/c9bb361b21db266c9deba86f6b9699bb80c85aa8/PlotMosaicZoomed/mapflow/_PlotMosaicZoomed0".[0m
2026-03-27 06:12:59 |[34;20m INFO     [0m|[34;20m nipype.workflow  [0m|[34;20m [Node] Executing "PlotBrainmask" <nireports.interfaces.mosaic.PlotContours>[0m
2026-03-27 06:12:59 |[34;20m INFO     [0m|[34;20m nipype.workflow  [0m|[34;20m [Node] Executing "_PlotMosaicZoomed0" <nireports.interfaces.mosaic.PlotMosaic>[0m
2026-03-27 06:12:59 |[34;20m INFO     [0m|[34;20m nipype.workflow  [0m|[34;20m [Node] Setting-up "_ComputeDVARS0" in "/local/nvme/ds006401_05.783919/ds/tmp/mriqc_wf/funcMRIQC/ComputeIQMs/b0b6aadfc54e2fb9398a626cd357282e3c6e5cf9/ComputeDVARS/mapflow/_ComputeDVARS0".[0m
2026-03-27 06:12:59 |[34;20m INFO     [0m|[34;20m nipype.workflow  [0m|[34;20m [Node] Executing "_ComputeDVARS0" <nipype.algorithms.confounds.ComputeDVARS>[0m
2026-03-27 06:12:59 |[34;20m INFO     [0m|[34;20m nipype.workflow  [0m|[34;20m [Node] Setting-up "_smoothness0" in "/local/nvme/ds006401_05.783919/ds/tmp/mriqc_wf/funcMRIQC/ComputeIQMs/c9bb361b21db266c9deba86f6b9699bb80c85aa8/smoothness/mapflow/_smoothness0".[0m
2026-03-27 06:12:59 |[34;20m INFO     [0m|[34;20m nipype.workflow  [0m|[34;20m [Node] Executing "_smoothness0" <nipype.interfaces.afni.utils.FWHMx>[0m
2026-03-27 06:12:59 |[34;20m INFO     [0m|[34;20m nipype.workflow  [0m|[34;20m [Node] Finished "dilated_mask", elapsed time 0.045038s.[0m
2026-03-27 06:12:59 |[34;20m INFO     [0m|[34;20m nipype.workflow  [0m|[34;20m [Node] Finished "_smoothness0", elapsed time 0.586918s.[0m
2026-03-27 06:13:00 |[34;20m INFO     [0m|[34;20m nipype.workflow  [0m|[34;20m [Node] Finished "PlotBrainmask", elapsed time 1.368049s.[0m
2026-03-27 06:13:00 |[34;20m INFO     [0m|[34;20m nipype.workflow  [0m|[34;20m [Node] Finished "_PlotMosaicZoomed0", elapsed time 1.468275s.[0m
2026-03-27 06:13:01 |[34;20m INFO     [0m|[34;20m nipype.workflow  [0m|[34;20m [Node] Setting-up "mriqc_wf.funcMRIQC.func_report_wf.dilated_mask" in "/local/nvme/ds006401_05.783919/ds/tmp/mriqc_wf/funcMRIQC/func_report_wf/b0b6aadfc54e2fb9398a626cd357282e3c6e5cf9/dilated_mask".[0m
2026-03-27 06:13:01 |[34;20m INFO     [0m|[34;20m nipype.workflow  [0m|[34;20m [Node] Executing "dilated_mask" <niworkflows.interfaces.morphology.BinaryDilation>[0m
2026-03-27 06:13:01 |[34;20m INFO     [0m|[34;20m nipype.workflow  [0m|[34;20m [Node] Setting-up "_smoothness0" in "/local/nvme/ds006401_05.783919/ds/tmp/mriqc_wf/funcMRIQC/ComputeIQMs/b0b6aadfc54e2fb9398a626cd357282e3c6e5cf9/smoothness/mapflow/_smoothness0".[0m
2026-03-27 06:13:01 |[34;20m INFO     [0m|[34;20m nipype.workflow  [0m|[34;20m [Node] Setting-up "_outliers0" in "/local/nvme/ds006401_05.783919/ds/tmp/mriqc_wf/funcMRIQC/ComputeIQMs/b0b6aadfc54e2fb9398a626cd357282e3c6e5cf9/outliers/mapflow/_outliers0".[0m
2026-03-27 06:13:01 |[34;20m INFO     [0m|[34;20m nipype.workflow  [0m|[34;20m [Node] Executing "_smoothness0" <nipype.interfaces.afni.utils.FWHMx>[0m
2026-03-27 06:13:01 |[34;20m INFO     [0m|[34;20m nipype.workflow  [0m|[34;20m [Node] Executing "_outliers0" <nipype.interfaces.afni.preprocess.OutlierCount>[0m
2026-03-27 06:13:01 |[34;20m INFO     [0m|[34;20m nipype.workflow  [0m|[34;20m [Node] Setting-up "_gcor0" in "/local/nvme/ds006401_05.783919/ds/tmp/mriqc_wf/funcMRIQC/ComputeIQMs/b0b6aadfc54e2fb9398a626cd357282e3c6e5cf9/gcor/mapflow/_gcor0".[0m
2026-03-27 06:13:01 |[34;20m INFO     [0m|[34;20m nipype.workflow  [0m|[34;20m [Node] Executing "_gcor0" <mriqc.interfaces.transitional.GCOR>[0m
2026-03-27 06:13:01 |[34;20m INFO     [0m|[34;20m nipype.workflow  [0m|[34;20m [Node] Finished "dilated_mask", elapsed time 0.027749s.[0m
2026-03-27 06:13:01 |[34;20m INFO     [0m|[34;20m nipype.workflow  [0m|[34;20m [Node] Finished "_smoothness0", elapsed time 0.551435s.[0m
2026-03-27 06:13:03 |[34;20m INFO     [0m|[34;20m nipype.workflow  [0m|[34;20m [Node] Setting-up "mriqc_wf.funcMRIQC.func_report_wf.PlotBrainmask" in "/local/nvme/ds006401_05.783919/ds/tmp/mriqc_wf/funcMRIQC/func_report_wf/b0b6aadfc54e2fb9398a626cd357282e3c6e5cf9/PlotBrainmask".[0m
2026-03-27 06:13:03 |[34;20m INFO     [0m|[34;20m nipype.workflow  [0m|[34;20m [Node] Executing "PlotBrainmask" <nireports.interfaces.mosaic.PlotContours>[0m
2026-03-27 06:13:03 |[34;20m INFO     [0m|[34;20m nipype.workflow  [0m|[34;20m [Node] Setting-up "_PlotMosaicZoomed0" in "/local/nvme/ds006401_05.783919/ds/tmp/mriqc_wf/funcMRIQC/func_report_wf/b0b6aadfc54e2fb9398a626cd357282e3c6e5cf9/PlotMosaicZoomed/mapflow/_PlotMosaicZoomed0".[0m
2026-03-27 06:13:03 |[34;20m INFO     [0m|[34;20m nipype.workflow  [0m|[34;20m [Node] Executing "_PlotMosaicZoomed0" <nireports.interfaces.mosaic.PlotMosaic>[0m
2026-03-27 06:13:04 |[34;20m INFO     [0m|[34;20m nipype.workflow  [0m|[34;20m [Node] Finished "_outliers0", elapsed time 5.313256s.[0m
2026-03-27 06:13:04 |[34;20m INFO     [0m|[34;20m nipype.workflow  [0m|[34;20m [Node] Finished "_PlotMosaicZoomed0", elapsed time 1.725981s.[0m
2026-03-27 06:13:04 |[34;20m INFO     [0m|[34;20m nipype.workflow  [0m|[34;20m [Node] Finished "PlotBrainmask", elapsed time 1.77249s.[0m
2026-03-27 06:13:05 |[34;20m INFO     [0m|[34;20m nipype.workflow  [0m|[34;20m [Node] Setting-up "_ComputeDVARS0" in "/local/nvme/ds006401_05.783919/ds/tmp/mriqc_wf/funcMRIQC/ComputeIQMs/145c1a123eed762b708a75bebbe922af94cfd0b8/ComputeDVARS/mapflow/_ComputeDVARS0".[0m
2026-03-27 06:13:05 |[34;20m INFO     [0m|[34;20m nipype.workflow  [0m|[34;20m [Node] Executing "_ComputeDVARS0" <nipype.algorithms.confounds.ComputeDVARS>[0m
2026-03-27 06:13:05 |[34;20m INFO     [0m|[34;20m nipype.workflow  [0m|[34;20m [Node] Setting-up "_outliers0" in "/local/nvme/ds006401_05.783919/ds/tmp/mriqc_wf/funcMRIQC/ComputeIQMs/145c1a123eed762b708a75bebbe922af94cfd0b8/outliers/mapflow/_outliers0".[0m
2026-03-27 06:13:05 |[34;20m INFO     [0m|[34;20m nipype.workflow  [0m|[34;20m [Node] Setting-up "_smoothness0" in "/local/nvme/ds006401_05.783919/ds/tmp/mriqc_wf/funcMRIQC/ComputeIQMs/145c1a123eed762b708a75bebbe922af94cfd0b8/smoothness/mapflow/_smoothness0".[0m
2026-03-27 06:13:05 |[34;20m INFO     [0m|[34;20m nipype.workflow  [0m|[34;20m [Node] Executing "_outliers0" <nipype.interfaces.afni.preprocess.OutlierCount>[0m
2026-03-27 06:13:05 |[34;20m INFO     [0m|[34;20m nipype.workflow  [0m|[34;20m [Node] Executing "_smoothness0" <nipype.interfaces.afni.utils.FWHMx>[0m
2026-03-27 06:13:06 |[34;20m INFO     [0m|[34;20m nipype.workflow  [0m|[34;20m [Node] Finished "_smoothness0", elapsed time 0.772443s.[0m
2026-03-27 06:13:06 |[34;20m INFO     [0m|[34;20m nipype.workflow  [0m|[34;20m [Node] Finished "_outliers0", elapsed time 5.106357s.[0m
2026-03-27 06:13:07 |[34;20m INFO     [0m|[34;20m nipype.workflow  [0m|[34;20m [Node] Setting-up "mriqc_wf.funcMRIQC.func_report_wf.dilated_mask" in "/local/nvme/ds006401_05.783919/ds/tmp/mriqc_wf/funcMRIQC/func_report_wf/145c1a123eed762b708a75bebbe922af94cfd0b8/dilated_mask".[0m
2026-03-27 06:13:07 |[34;20m INFO     [0m|[34;20m nipype.workflow  [0m|[34;20m [Node] Executing "dilated_mask" <niworkflows.interfaces.morphology.BinaryDilation>[0m
2026-03-27 06:13:07 |[34;20m INFO     [0m|[34;20m nipype.workflow  [0m|[34;20m [Node] Setting-up "_gcor0" in "/local/nvme/ds006401_05.783919/ds/tmp/mriqc_wf/funcMRIQC/ComputeIQMs/145c1a123eed762b708a75bebbe922af94cfd0b8/gcor/mapflow/_gcor0".[0m
2026-03-27 06:13:07 |[34;20m INFO     [0m|[34;20m nipype.workflow  [0m|[34;20m [Node] Executing "_gcor0" <mriqc.interfaces.transitional.GCOR>[0m
2026-03-27 06:13:07 |[34;20m INFO     [0m|[34;20m nipype.workflow  [0m|[34;20m [Node] Finished "dilated_mask", elapsed time 0.033519s.[0m
2026-03-27 06:13:09 |[34;20m INFO     [0m|[34;20m nipype.workflow  [0m|[34;20m [Node] Setting-up "_PlotMosaicZoomed0" in "/local/nvme/ds006401_05.783919/ds/tmp/mriqc_wf/funcMRIQC/func_report_wf/145c1a123eed762b708a75bebbe922af94cfd0b8/PlotMosaicZoomed/mapflow/_PlotMosaicZoomed0".[0m
2026-03-27 06:13:09 |[34;20m INFO     [0m|[34;20m nipype.workflow  [0m|[34;20m [Node] Executing "_PlotMosaicZoomed0" <nireports.interfaces.mosaic.PlotMosaic>[0m
2026-03-27 06:13:09 |[34;20m INFO     [0m|[34;20m nipype.workflow  [0m|[34;20m [Node] Finished "_gcor0", elapsed time 10.207335s.[0m
2026-03-27 06:13:10 |[34;20m INFO     [0m|[34;20m nipype.workflow  [0m|[34;20m [Node] Finished "_PlotMosaicZoomed0", elapsed time 1.516744s.[0m
2026-03-27 06:13:11 |[34;20m INFO     [0m|[34;20m nipype.workflow  [0m|[34;20m [Node] Setting-up "mriqc_wf.funcMRIQC.func_report_wf.PlotBrainmask" in "/local/nvme/ds006401_05.783919/ds/tmp/mriqc_wf/funcMRIQC/func_report_wf/145c1a123eed762b708a75bebbe922af94cfd0b8/PlotBrainmask".[0m
2026-03-27 06:13:11 |[34;20m INFO     [0m|[34;20m nipype.workflow  [0m|[34;20m [Node] Setting-up "mriqc_wf.funcMRIQC.synthstrip_wf.final_masked" in "/local/nvme/ds006401_05.783919/ds/tmp/mriqc_wf/funcMRIQC/synthstrip_wf/c9bb361b21db266c9deba86f6b9699bb80c85aa8/final_masked".[0m
2026-03-27 06:13:11 |[34;20m INFO     [0m|[34;20m nipype.workflow  [0m|[34;20m [Node] Executing "final_masked" <niworkflows.interfaces.nibabel.ApplyMask>[0m
2026-03-27 06:13:11 |[34;20m INFO     [0m|[34;20m nipype.workflow  [0m|[34;20m [Node] Executing "PlotBrainmask" <nireports.interfaces.mosaic.PlotContours>[0m
2026-03-27 06:13:11 |[34;20m INFO     [0m|[34;20m nipype.workflow  [0m|[34;20m [Node] Finished "final_masked", elapsed time 0.037408s.[0m
2026-03-27 06:13:11 |[34;20m INFO     [0m|[34;20m nipype.workflow  [0m|[34;20m [Node] Finished "_outliers0", elapsed time 6.357168s.[0m
2026-03-27 06:13:11 |[34;20m INFO     [0m|[34;20m nipype.workflow  [0m|[34;20m [Node] Finished "_gcor0", elapsed time 10.395607s.[0m
2026-03-27 06:13:12 |[34;20m INFO     [0m|[34;20m nipype.workflow  [0m|[34;20m [Node] Finished "PlotBrainmask", elapsed time 1.278355s.[0m
2026-03-27 06:13:13 |[34;20m INFO     [0m|[34;20m nipype.workflow  [0m|[34;20m [Node] Setting-up "mriqc_wf.funcMRIQC.func_report_wf.ds_report_norm" in "/local/nvme/ds006401_05.783919/ds/tmp/mriqc_wf/funcMRIQC/func_report_wf/c9bb361b21db266c9deba86f6b9699bb80c85aa8/ds_report_norm".[0m
2026-03-27 06:13:13 |[34;20m INFO     [0m|[34;20m nipype.workflow  [0m|[34;20m [Node] Setting-up "mriqc_wf.funcMRIQC.SpatialNormalization.ResampleSegmentation" in "/local/nvme/ds006401_05.783919/ds/tmp/mriqc_wf/funcMRIQC/SpatialNormalization/c9bb361b21db266c9deba86f6b9699bb80c85aa8/ResampleSegmentation".[0m
2026-03-27 06:13:13 |[34;20m INFO     [0m|[34;20m nipype.workflow  [0m|[34;20m [Node] Executing "ResampleSegmentation" <nipype.interfaces.ants.resampling.ApplyTransforms>[0m
2026-03-27 06:13:13 |[34;20m INFO     [0m|[34;20m nipype.workflow  [0m|[34;20m [Node] Executing "ds_report_norm" <mriqc.interfaces.DerivativesDataSink>[0m
2026-03-27 06:13:13 |[34;20m INFO     [0m|[34;20m nipype.workflow  [0m|[34;20m [Node] Finished "ds_report_norm", elapsed time 0.00524s.[0m
2026-03-27 06:13:13 |[34;20m INFO     [0m|[34;20m nipype.workflow  [0m|[34;20m [Node] Setting-up "mriqc_wf.funcMRIQC.func_report_wf.subtract_mask" in "/local/nvme/ds006401_05.783919/ds/tmp/mriqc_wf/funcMRIQC/func_report_wf/c9bb361b21db266c9deba86f6b9699bb80c85aa8/subtract_mask".[0m
2026-03-27 06:13:13 |[34;20m INFO     [0m|[34;20m nipype.workflow  [0m|[34;20m [Node] Executing "subtract_mask" <niworkflows.interfaces.morphology.BinarySubtraction>[0m
2026-03-27 06:13:13 |[34;20m INFO     [0m|[34;20m nipype.workflow  [0m|[34;20m [Node] Setting-up "_ds_report_zoomed0" in "/local/nvme/ds006401_05.783919/ds/tmp/mriqc_wf/funcMRIQC/func_report_wf/c9bb361b21db266c9deba86f6b9699bb80c85aa8/ds_report_zoomed/mapflow/_ds_report_zoomed0".[0m
2026-03-27 06:13:13 |[34;20m INFO     [0m|[34;20m nipype.workflow  [0m|[34;20m [Node] Executing "_ds_report_zoomed0" <mriqc.interfaces.DerivativesDataSink>[0m
2026-03-27 06:13:13 |[34;20m INFO     [0m|[34;20m nipype.workflow  [0m|[34;20m [Node] Finished "_ds_report_zoomed0", elapsed time 0.005349s.[0m
2026-03-27 06:13:13 |[34;20m INFO     [0m|[34;20m nipype.workflow  [0m|[34;20m [Node] Finished "subtract_mask", elapsed time 0.012054s.[0m
2026-03-27 06:13:13 |[34;20m INFO     [0m|[34;20m nipype.workflow  [0m|[34;20m [Node] Setting-up "mriqc_wf.funcMRIQC.func_report_wf.ds_report_bmask" in "/local/nvme/ds006401_05.783919/ds/tmp/mriqc_wf/funcMRIQC/func_report_wf/c9bb361b21db266c9deba86f6b9699bb80c85aa8/ds_report_bmask".[0m
2026-03-27 06:13:13 |[34;20m INFO     [0m|[34;20m nipype.workflow  [0m|[34;20m [Node] Executing "ds_report_bmask" <mriqc.interfaces.DerivativesDataSink>[0m
2026-03-27 06:13:13 |[34;20m INFO     [0m|[34;20m nipype.workflow  [0m|[34;20m [Node] Finished "ds_report_bmask", elapsed time 0.005161s.[0m
2026-03-27 06:13:13 |[34;20m INFO     [0m|[34;20m nipype.workflow  [0m|[34;20m [Node] Setting-up "mriqc_wf.funcMRIQC.func_report_wf.subtract_mask" in "/local/nvme/ds006401_05.783919/ds/tmp/mriqc_wf/funcMRIQC/func_report_wf/b0b6aadfc54e2fb9398a626cd357282e3c6e5cf9/subtract_mask".[0m
2026-03-27 06:13:13 |[34;20m INFO     [0m|[34;20m nipype.workflow  [0m|[34;20m [Node] Setting-up "_ds_report_zoomed0" in "/local/nvme/ds006401_05.783919/ds/tmp/mriqc_wf/funcMRIQC/func_report_wf/b0b6aadfc54e2fb9398a626cd357282e3c6e5cf9/ds_report_zoomed/mapflow/_ds_report_zoomed0".[0m
2026-03-27 06:13:13 |[34;20m INFO     [0m|[34;20m nipype.workflow  [0m|[34;20m [Node] Executing "subtract_mask" <niworkflows.interfaces.morphology.BinarySubtraction>[0m
2026-03-27 06:13:13 |[34;20m INFO     [0m|[34;20m nipype.workflow  [0m|[34;20m [Node] Executing "_ds_report_zoomed0" <mriqc.interfaces.DerivativesDataSink>[0m
2026-03-27 06:13:13 |[34;20m INFO     [0m|[34;20m nipype.workflow  [0m|[34;20m [Node] Finished "_ds_report_zoomed0", elapsed time 0.005387s.[0m
2026-03-27 06:13:13 |[34;20m INFO     [0m|[34;20m nipype.workflow  [0m|[34;20m [Node] Finished "subtract_mask", elapsed time 0.013964s.[0m
2026-03-27 06:13:13 |[34;20m INFO     [0m|[34;20m nipype.workflow  [0m|[34;20m [Node] Setting-up "mriqc_wf.funcMRIQC.func_report_wf.ds_report_bmask" in "/local/nvme/ds006401_05.783919/ds/tmp/mriqc_wf/funcMRIQC/func_report_wf/b0b6aadfc54e2fb9398a626cd357282e3c6e5cf9/ds_report_bmask".[0m
2026-03-27 06:13:13 |[34;20m INFO     [0m|[34;20m nipype.workflow  [0m|[34;20m [Node] Executing "ds_report_bmask" <mriqc.interfaces.DerivativesDataSink>[0m
2026-03-27 06:13:13 |[34;20m INFO     [0m|[34;20m nipype.workflow  [0m|[34;20m [Node] Finished "ds_report_bmask", elapsed time 0.005168s.[0m
2026-03-27 06:13:13 |[34;20m INFO     [0m|[34;20m nipype.workflow  [0m|[34;20m [Node] Setting-up "mriqc_wf.funcMRIQC.func_report_wf.subtract_mask" in "/local/nvme/ds006401_05.783919/ds/tmp/mriqc_wf/funcMRIQC/func_report_wf/145c1a123eed762b708a75bebbe922af94cfd0b8/subtract_mask".[0m
2026-03-27 06:13:13 |[34;20m INFO     [0m|[34;20m nipype.workflow  [0m|[34;20m [Node] Executing "subtract_mask" <niworkflows.interfaces.morphology.BinarySubtraction>[0m
2026-03-27 06:13:13 |[34;20m INFO     [0m|[34;20m nipype.workflow  [0m|[34;20m [Node] Finished "subtract_mask", elapsed time 0.011233s.[0m
2026-03-27 06:13:15 |[34;20m INFO     [0m|[34;20m nipype.workflow  [0m|[34;20m [Node] Setting-up "_ds_report_zoomed0" in "/local/nvme/ds006401_05.783919/ds/tmp/mriqc_wf/funcMRIQC/func_report_wf/145c1a123eed762b708a75bebbe922af94cfd0b8/ds_report_zoomed/mapflow/_ds_report_zoomed0".[0m
2026-03-27 06:13:15 |[34;20m INFO     [0m|[34;20m nipype.workflow  [0m|[34;20m [Node] Executing "_ds_report_zoomed0" <mriqc.interfaces.DerivativesDataSink>[0m
2026-03-27 06:13:15 |[34;20m INFO     [0m|[34;20m nipype.workflow  [0m|[34;20m [Node] Finished "_ds_report_zoomed0", elapsed time 0.005726s.[0m
2026-03-27 06:13:15 |[34;20m INFO     [0m|[34;20m nipype.workflow  [0m|[34;20m [Node] Setting-up "mriqc_wf.funcMRIQC.func_report_wf.ds_report_bmask" in "/local/nvme/ds006401_05.783919/ds/tmp/mriqc_wf/funcMRIQC/func_report_wf/145c1a123eed762b708a75bebbe922af94cfd0b8/ds_report_bmask".[0m
2026-03-27 06:13:15 |[34;20m INFO     [0m|[34;20m nipype.workflow  [0m|[34;20m [Node] Executing "ds_report_bmask" <mriqc.interfaces.DerivativesDataSink>[0m
2026-03-27 06:13:15 |[34;20m INFO     [0m|[34;20m nipype.workflow  [0m|[34;20m [Node] Finished "ds_report_bmask", elapsed time 0.005599s.[0m
2026-03-27 06:13:16 |[34;20m INFO     [0m|[34;20m nipype.workflow  [0m|[34;20m [Node] Finished "ResampleSegmentation", elapsed time 3.250782s.[0m
2026-03-27 06:13:17 |[34;20m INFO     [0m|[34;20m nipype.workflow  [0m|[34;20m [Node] Finished "_ComputeDVARS0", elapsed time 18.015405s.[0m
2026-03-27 06:13:17 |[34;20m INFO     [0m|[34;20m nipype.workflow  [0m|[34;20m [Node] Setting-up "mriqc_wf.funcMRIQC.func_report_wf.parcels" in "/local/nvme/ds006401_05.783919/ds/tmp/mriqc_wf/funcMRIQC/func_report_wf/c9bb361b21db266c9deba86f6b9699bb80c85aa8/parcels".[0m
2026-03-27 06:13:17 |[34;20m INFO     [0m|[34;20m nipype.workflow  [0m|[34;20m [Node] Executing "parcels" <nipype.interfaces.utility.wrappers.Function>[0m
2026-03-27 06:13:17 |[34;20m INFO     [0m|[34;20m nipype.workflow  [0m|[34;20m [Node] Finished "parcels", elapsed time 0.028555s.[0m
2026-03-27 06:13:17 |[34;20m INFO     [0m|[34;20m nipype.workflow  [0m|[34;20m [Node] Finished "_ComputeDVARS0", elapsed time 18.676654s.[0m
2026-03-27 06:13:19 |[34;20m INFO     [0m|[34;20m nipype.workflow  [0m|[34;20m [Node] Setting-up "_measures0" in "/local/nvme/ds006401_05.783919/ds/tmp/mriqc_wf/funcMRIQC/ComputeIQMs/c9bb361b21db266c9deba86f6b9699bb80c85aa8/measures/mapflow/_measures0".[0m
2026-03-27 06:13:19 |[34;20m INFO     [0m|[34;20m nipype.workflow  [0m|[34;20m [Node] Executing "_measures0" <mriqc.interfaces.functional.FunctionalQC>[0m
2026-03-27 06:13:19 |[34;20m INFO     [0m|[34;20m nipype.workflow  [0m|[34;20m [Node] Setting-up "_timeseries0" in "/local/nvme/ds006401_05.783919/ds/tmp/mriqc_wf/funcMRIQC/ComputeIQMs/c9bb361b21db266c9deba86f6b9699bb80c85aa8/timeseries/mapflow/_timeseries0".[0m
2026-03-27 06:13:19 |[34;20m INFO     [0m|[34;20m nipype.workflow  [0m|[34;20m [Node] Executing "_timeseries0" <mriqc.interfaces.functional.GatherTimeseries>[0m
2026-03-27 06:13:19 |[34;20m INFO     [0m|[34;20m nipype.workflow  [0m|[34;20m [Node] Setting-up "_timeseries0" in "/local/nvme/ds006401_05.783919/ds/tmp/mriqc_wf/funcMRIQC/ComputeIQMs/b0b6aadfc54e2fb9398a626cd357282e3c6e5cf9/timeseries/mapflow/_timeseries0".[0m
2026-03-27 06:13:19 |[34;20m INFO     [0m|[34;20m nipype.workflow  [0m|[34;20m [Node] Executing "_timeseries0" <mriqc.interfaces.functional.GatherTimeseries>[0m
2026-03-27 06:13:19 |[34;20m INFO     [0m|[34;20m nipype.workflow  [0m|[34;20m [Node] Finished "_timeseries0", elapsed time 0.032455s.[0m
2026-03-27 06:13:19 |[34;20m INFO     [0m|[34;20m nipype.workflow  [0m|[34;20m [Node] Finished "_timeseries0", elapsed time 0.037039s.[0m
2026-03-27 06:13:20 |[34;20m INFO     [0m|[34;20m nipype.workflow  [0m|[34;20m [Node] Finished "_gcor0", elapsed time 12.891835s.[0m
2026-03-27 06:13:21 |[34;20m INFO     [0m|[34;20m nipype.workflow  [0m|[34;20m [Node] Setting-up "_ds_timeseries0" in "/local/nvme/ds006401_05.783919/ds/tmp/mriqc_wf/funcMRIQC/ComputeIQMs/c9bb361b21db266c9deba86f6b9699bb80c85aa8/ds_timeseries/mapflow/_ds_timeseries0".[0m
2026-03-27 06:13:21 |[34;20m INFO     [0m|[34;20m nipype.workflow  [0m|[34;20m [Node] Executing "_ds_timeseries0" <mriqc.interfaces.DerivativesDataSink>[0m
2026-03-27 06:13:21 |[34;20m INFO     [0m|[34;20m nipype.workflow  [0m|[34;20m [Node] Finished "_ds_timeseries0", elapsed time 0.0043s.[0m
2026-03-27 06:13:21 |[34;20m INFO     [0m|[34;20m nipype.workflow  [0m|[34;20m [Node] Setting-up "_ds_timeseries0" in "/local/nvme/ds006401_05.783919/ds/tmp/mriqc_wf/funcMRIQC/ComputeIQMs/b0b6aadfc54e2fb9398a626cd357282e3c6e5cf9/ds_timeseries/mapflow/_ds_timeseries0".[0m
2026-03-27 06:13:21 |[34;20m INFO     [0m|[34;20m nipype.workflow  [0m|[34;20m [Node] Executing "_ds_timeseries0" <mriqc.interfaces.DerivativesDataSink>[0m
2026-03-27 06:13:21 |[34;20m INFO     [0m|[34;20m nipype.workflow  [0m|[34;20m [Node] Finished "_ds_timeseries0", elapsed time 0.004071s.[0m
2026-03-27 06:13:21 |[34;20m INFO     [0m|[34;20m nipype.workflow  [0m|[34;20m [Node] Setting-up "_BigPlot0" in "/local/nvme/ds006401_05.783919/ds/tmp/mriqc_wf/funcMRIQC/func_report_wf/c9bb361b21db266c9deba86f6b9699bb80c85aa8/BigPlot/mapflow/_BigPlot0".[0m
2026-03-27 06:13:21 |[34;20m INFO     [0m|[34;20m nipype.workflow  [0m|[34;20m [Node] Executing "_BigPlot0" <nireports.interfaces.fmri.FMRISummary>[0m
2026-03-27 06:13:22 |[34;20m INFO     [0m|[34;20m nipype.workflow  [0m|[34;20m [Node] Finished "_measures0", elapsed time 2.886734s.[0m
2026-03-27 06:13:23 |[34;20m INFO     [0m|[34;20m nipype.workflow  [0m|[34;20m [Node] Setting-up "_measures0" in "/local/nvme/ds006401_05.783919/ds/tmp/mriqc_wf/funcMRIQC/ComputeIQMs/b0b6aadfc54e2fb9398a626cd357282e3c6e5cf9/measures/mapflow/_measures0".[0m
2026-03-27 06:13:23 |[34;20m INFO     [0m|[34;20m nipype.workflow  [0m|[34;20m [Node] Executing "_measures0" <mriqc.interfaces.functional.FunctionalQC>[0m
2026-03-27 06:13:23 |[34;20m INFO     [0m|[34;20m nipype.workflow  [0m|[34;20m [Node] Setting-up "_datasink0" in "/local/nvme/ds006401_05.783919/ds/tmp/mriqc_wf/funcMRIQC/ComputeIQMs/c9bb361b21db266c9deba86f6b9699bb80c85aa8/datasink/mapflow/_datasink0".[0m
2026-03-27 06:13:23 |[34;20m INFO     [0m|[34;20m nipype.workflow  [0m|[34;20m [Node] Executing "_datasink0" <mriqc.interfaces.bids.IQMFileSink>[0m
2026-03-27 06:13:23 |[34;20m INFO     [0m|[34;20m nipype.workflow  [0m|[34;20m [Node] Finished "_datasink0", elapsed time 0.003307s.[0m
2026-03-27 06:13:25 |[34;20m INFO     [0m|[34;20m nipype.workflow  [0m|[34;20m [Node] Finished "_measures0", elapsed time 2.703583s.[0m
2026-03-27 06:13:27 |[34;20m INFO     [0m|[34;20m nipype.workflow  [0m|[34;20m [Node] Setting-up "_datasink0" in "/local/nvme/ds006401_05.783919/ds/tmp/mriqc_wf/funcMRIQC/ComputeIQMs/b0b6aadfc54e2fb9398a626cd357282e3c6e5cf9/datasink/mapflow/_datasink0".[0m
2026-03-27 06:13:27 |[34;20m INFO     [0m|[34;20m nipype.workflow  [0m|[34;20m [Node] Executing "_datasink0" <mriqc.interfaces.bids.IQMFileSink>[0m
2026-03-27 06:13:27 |[34;20m INFO     [0m|[34;20m nipype.workflow  [0m|[34;20m [Node] Finished "_datasink0", elapsed time 0.001904s.[0m
2026-03-27 06:13:27 |[34;20m INFO     [0m|[34;20m nipype.workflow  [0m|[34;20m [Node] Finished "_ComputeDVARS0", elapsed time 22.086835s.[0m
2026-03-27 06:13:27 |[34;20m INFO     [0m|[34;20m nipype.workflow  [0m|[34;20m [Node] Finished "_BigPlot0", elapsed time 6.128036s.[0m
2026-03-27 06:13:29 |[34;20m INFO     [0m|[34;20m nipype.workflow  [0m|[34;20m [Node] Setting-up "mriqc_wf.funcMRIQC.synthstrip_wf.post_n4" in "/local/nvme/ds006401_05.783919/ds/tmp/mriqc_wf/funcMRIQC/synthstrip_wf/b0b6aadfc54e2fb9398a626cd357282e3c6e5cf9/post_n4".[0m
2026-03-27 06:13:29 |[34;20m INFO     [0m|[34;20m nipype.workflow  [0m|[34;20m [Node] Executing "post_n4" <nipype.interfaces.ants.segmentation.N4BiasFieldCorrection>[0m
2026-03-27 06:13:30 |[34;20m INFO     [0m|[34;20m nipype.workflow  [0m|[34;20m [Node] Finished "post_n4", elapsed time 1.112173s.[0m
2026-03-27 06:13:31 |[34;20m INFO     [0m|[34;20m nipype.workflow  [0m|[34;20m [Node] Setting-up "mriqc_wf.funcMRIQC.SpatialNormalization.EPI2MNI" in "/local/nvme/ds006401_05.783919/ds/tmp/mriqc_wf/funcMRIQC/SpatialNormalization/b0b6aadfc54e2fb9398a626cd357282e3c6e5cf9/EPI2MNI".[0m
2026-03-27 06:13:31 |[34;20m INFO     [0m|[34;20m nipype.workflow  [0m|[34;20m [Node] Executing "EPI2MNI" <niworkflows.interfaces.reportlets.registration.SpatialNormalizationRPT>[0m
2026-03-27 06:13:31 |[34;20m INFO     [0m|[34;20m niworkflows      [0m|[34;20m Estimating initial transform using AffineInitializer[0m
2026-03-27 06:13:36 |[34;20m INFO     [0m|[34;20m niworkflows      [0m|[34;20m Terminal outputs of initialization saved (/local/nvme/ds006401_05.783919/ds/tmp/mriqc_wf/funcMRIQC/SpatialNormalization/b0b6aadfc54e2fb9398a626cd357282e3c6e5cf9/EPI2MNI/stderr.nipype-init).[0m
2026-03-27 06:13:36 |[34;20m INFO     [0m|[34;20m niworkflows      [0m|[34;20m Loading settings from file /opt/conda/lib/python3.11/site-packages/niworkflows/data/boldref-mni_registration_precise_000.json.[0m
2026-03-27 06:13:36 |[34;20m INFO     [0m|[34;20m niworkflows      [0m|[34;20m Retry #1, commandline: 
antsRegistration --collapse-output-transforms 1 --dimensionality 3 --float 0 --initial-moving-transform [ /local/nvme/ds006401_05.783919/ds/tmp/mriqc_wf/funcMRIQC/SpatialNormalization/b0b6aadfc54e2fb9398a626cd357282e3c6e5cf9/EPI2MNI/transform.mat, 0 ] --initialize-transforms-per-stage 0 --interpolation LanczosWindowedSinc --output [ epi_to_mni, epi_to_mni_Warped.nii.gz ] --transform Rigid[ 0.05 ] --metric Mattes[ /templateflow/tpl-MNI152NLin2009cAsym/tpl-MNI152NLin2009cAsym_res-02_desc-fMRIPrep_boldref.nii.gz, /local/nvme/ds006401_05.783919/ds/tmp/mriqc_wf/funcMRIQC/SpatialNormalization/b0b6aadfc54e2fb9398a626cd357282e3c6e5cf9/SharpenEPI/sub-05_ses-01_task-mid_run-02_bold_desc-realigned_valid_tstat_corrected.nii.gz, 1, 56, Regular, 0.25 ] --convergence [ 10000x1000x100, 1e-06, 20 ] --smoothing-sigmas 4.0x2.0x1.0vox --shrink-factors 4x2x1 --use-histogram-matching 1 --masks [ /templateflow/tpl-MNI152NLin2009cAsym/tpl-MNI152NLin2009cAsym_res-02_desc-brain_mask.nii.gz, /local/nvme/ds006401_05.783919/ds/tmp/mriqc_wf/funcMRIQC/synthstrip_wf/b0b6aadfc54e2fb9398a626cd357282e3c6e5cf9/synthstrip/clipped_corrected_desc-brain_mask.nii.gz ] --transform Affine[ 0.08 ] --metric Mattes[ /templateflow/tpl-MNI152NLin2009cAsym/tpl-MNI152NLin2009cAsym_res-02_desc-fMRIPrep_boldref.nii.gz, /local/nvme/ds006401_05.783919/ds/tmp/mriqc_wf/funcMRIQC/SpatialNormalization/b0b6aadfc54e2fb9398a626cd357282e3c6e5cf9/SharpenEPI/sub-05_ses-01_task-mid_run-02_bold_desc-realigned_valid_tstat_corrected.nii.gz, 1, 56, Regular, 0.25 ] --convergence [ 500x250x100, 1e-06, 20 ] --smoothing-sigmas 4.0x2.0x1.0vox --shrink-factors 8x4x2 --use-histogram-matching 1 --masks [ /templateflow/tpl-MNI152NLin2009cAsym/tpl-MNI152NLin2009cAsym_res-02_desc-brain_mask.nii.gz, /local/nvme/ds006401_05.783919/ds/tmp/mriqc_wf/funcMRIQC/synthstrip_wf/b0b6aadfc54e2fb9398a626cd357282e3c6e5cf9/synthstrip/clipped_corrected_desc-brain_mask.nii.gz ] --transform SyN[ 0.1, 3.0, 0.0 ] --metric CC[ /templateflow/tpl-MNI152NLin2009cAsym/tpl-MNI152NLin2009cAsym_res-02_desc-fMRIPrep_boldref.nii.gz, /local/nvme/ds006401_05.783919/ds/tmp/mriqc_wf/funcMRIQC/SpatialNormalization/b0b6aadfc54e2fb9398a626cd357282e3c6e5cf9/SharpenEPI/sub-05_ses-01_task-mid_run-02_bold_desc-realigned_valid_tstat_corrected.nii.gz, 1, 4, None, 1 ] --convergence [ 100x30x20, 1e-06, 10 ] --smoothing-sigmas 3.0x2.0x1.0vox --shrink-factors 8x4x2 --use-histogram-matching 1 --masks [ /templateflow/tpl-MNI152NLin2009cAsym/tpl-MNI152NLin2009cAsym_res-02_desc-brain_mask.nii.gz, /local/nvme/ds006401_05.783919/ds/tmp/mriqc_wf/funcMRIQC/synthstrip_wf/b0b6aadfc54e2fb9398a626cd357282e3c6e5cf9/synthstrip/clipped_corrected_desc-brain_mask.nii.gz ] --winsorize-image-intensities [ 0.005, 0.995 ]  --write-composite-transform 1[0m
2026-03-27 06:13:49 |[34;20m INFO     [0m|[34;20m niworkflows      [0m|[34;20m Successful spatial normalization (retry #1).[0m
2026-03-27 06:13:49 |[34;20m INFO     [0m|[34;20m niworkflows      [0m|[34;20m Report - setting fixed (/templateflow/tpl-MNI152NLin2009cAsym/tpl-MNI152NLin2009cAsym_res-02_desc-fMRIPrep_boldref.nii.gz) and moving (/local/nvme/ds006401_05.783919/ds/tmp/mriqc_wf/funcMRIQC/SpatialNormalization/b0b6aadfc54e2fb9398a626cd357282e3c6e5cf9/EPI2MNI/epi_to_mni_Warped.nii.gz) images[0m
2026-03-27 06:13:49 |[34;20m INFO     [0m|[34;20m niworkflows      [0m|[34;20m Generating visual report[0m
2026-03-27 06:14:05 |[34;20m INFO     [0m|[34;20m nipype.workflow  [0m|[34;20m [Node] Finished "EPI2MNI", elapsed time 34.660965s.[0m
2026-03-27 06:14:07 |[34;20m INFO     [0m|[34;20m nipype.workflow  [0m|[34;20m [Node] Setting-up "mriqc_wf.funcMRIQC.synthstrip_wf.post_n4" in "/local/nvme/ds006401_05.783919/ds/tmp/mriqc_wf/funcMRIQC/synthstrip_wf/145c1a123eed762b708a75bebbe922af94cfd0b8/post_n4".[0m
2026-03-27 06:14:07 |[34;20m INFO     [0m|[34;20m nipype.workflow  [0m|[34;20m [Node] Executing "post_n4" <nipype.interfaces.ants.segmentation.N4BiasFieldCorrection>[0m
2026-03-27 06:14:08 |[34;20m INFO     [0m|[34;20m nipype.workflow  [0m|[34;20m [Node] Finished "post_n4", elapsed time 1.337035s.[0m
2026-03-27 06:14:09 |[34;20m INFO     [0m|[34;20m nipype.workflow  [0m|[34;20m [Node] Setting-up "mriqc_wf.funcMRIQC.SpatialNormalization.EPI2MNI" in "/local/nvme/ds006401_05.783919/ds/tmp/mriqc_wf/funcMRIQC/SpatialNormalization/145c1a123eed762b708a75bebbe922af94cfd0b8/EPI2MNI".[0m
2026-03-27 06:14:09 |[34;20m INFO     [0m|[34;20m nipype.workflow  [0m|[34;20m [Node] Executing "EPI2MNI" <niworkflows.interfaces.reportlets.registration.SpatialNormalizationRPT>[0m
2026-03-27 06:14:09 |[34;20m INFO     [0m|[34;20m niworkflows      [0m|[34;20m Estimating initial transform using AffineInitializer[0m
2026-03-27 06:14:14 |[34;20m INFO     [0m|[34;20m niworkflows      [0m|[34;20m Loading settings from file /opt/conda/lib/python3.11/site-packages/niworkflows/data/boldref-mni_registration_precise_000.json.[0m
2026-03-27 06:14:14 |[34;20m INFO     [0m|[34;20m niworkflows      [0m|[34;20m Retry #1, commandline: 
antsRegistration --collapse-output-transforms 1 --dimensionality 3 --float 0 --initial-moving-transform [ /local/nvme/ds006401_05.783919/ds/tmp/mriqc_wf/funcMRIQC/SpatialNormalization/145c1a123eed762b708a75bebbe922af94cfd0b8/EPI2MNI/transform.mat, 0 ] --initialize-transforms-per-stage 0 --interpolation LanczosWindowedSinc --output [ epi_to_mni, epi_to_mni_Warped.nii.gz ] --transform Rigid[ 0.05 ] --metric Mattes[ /templateflow/tpl-MNI152NLin2009cAsym/tpl-MNI152NLin2009cAsym_res-02_desc-fMRIPrep_boldref.nii.gz, /local/nvme/ds006401_05.783919/ds/tmp/mriqc_wf/funcMRIQC/SpatialNormalization/145c1a123eed762b708a75bebbe922af94cfd0b8/SharpenEPI/sub-05_ses-01_task-tom_desc-realigned_bold_tstat_corrected.nii.gz, 1, 56, Regular, 0.25 ] --convergence [ 10000x1000x100, 1e-06, 20 ] --smoothing-sigmas 4.0x2.0x1.0vox --shrink-factors 4x2x1 --use-histogram-matching 1 --masks [ /templateflow/tpl-MNI152NLin2009cAsym/tpl-MNI152NLin2009cAsym_res-02_desc-brain_mask.nii.gz, /local/nvme/ds006401_05.783919/ds/tmp/mriqc_wf/funcMRIQC/synthstrip_wf/145c1a123eed762b708a75bebbe922af94cfd0b8/synthstrip/clipped_corrected_desc-brain_mask.nii.gz ] --transform Affine[ 0.08 ] --metric Mattes[ /templateflow/tpl-MNI152NLin2009cAsym/tpl-MNI152NLin2009cAsym_res-02_desc-fMRIPrep_boldref.nii.gz, /local/nvme/ds006401_05.783919/ds/tmp/mriqc_wf/funcMRIQC/SpatialNormalization/145c1a123eed762b708a75bebbe922af94cfd0b8/SharpenEPI/sub-05_ses-01_task-tom_desc-realigned_bold_tstat_corrected.nii.gz, 1, 56, Regular, 0.25 ] --convergence [ 500x250x100, 1e-06, 20 ] --smoothing-sigmas 4.0x2.0x1.0vox --shrink-factors 8x4x2 --use-histogram-matching 1 --masks [ /templateflow/tpl-MNI152NLin2009cAsym/tpl-MNI152NLin2009cAsym_res-02_desc-brain_mask.nii.gz, /local/nvme/ds006401_05.783919/ds/tmp/mriqc_wf/funcMRIQC/synthstrip_wf/145c1a123eed762b708a75bebbe922af94cfd0b8/synthstrip/clipped_corrected_desc-brain_mask.nii.gz ] --transform SyN[ 0.1, 3.0, 0.0 ] --metric CC[ /templateflow/tpl-MNI152NLin2009cAsym/tpl-MNI152NLin2009cAsym_res-02_desc-fMRIPrep_boldref.nii.gz, /local/nvme/ds006401_05.783919/ds/tmp/mriqc_wf/funcMRIQC/SpatialNormalization/145c1a123eed762b708a75bebbe922af94cfd0b8/SharpenEPI/sub-05_ses-01_task-tom_desc-realigned_bold_tstat_corrected.nii.gz, 1, 4, None, 1 ] --convergence [ 100x30x20, 1e-06, 10 ] --smoothing-sigmas 3.0x2.0x1.0vox --shrink-factors 8x4x2 --use-histogram-matching 1 --masks [ /templateflow/tpl-MNI152NLin2009cAsym/tpl-MNI152NLin2009cAsym_res-02_desc-brain_mask.nii.gz, /local/nvme/ds006401_05.783919/ds/tmp/mriqc_wf/funcMRIQC/synthstrip_wf/145c1a123eed762b708a75bebbe922af94cfd0b8/synthstrip/clipped_corrected_desc-brain_mask.nii.gz ] --winsorize-image-intensities [ 0.005, 0.995 ]  --write-composite-transform 1[0m
2026-03-27 06:14:25 |[34;20m INFO     [0m|[34;20m niworkflows      [0m|[34;20m Successful spatial normalization (retry #1).[0m
2026-03-27 06:14:25 |[34;20m INFO     [0m|[34;20m niworkflows      [0m|[34;20m Report - setting fixed (/templateflow/tpl-MNI152NLin2009cAsym/tpl-MNI152NLin2009cAsym_res-02_desc-fMRIPrep_boldref.nii.gz) and moving (/local/nvme/ds006401_05.783919/ds/tmp/mriqc_wf/funcMRIQC/SpatialNormalization/145c1a123eed762b708a75bebbe922af94cfd0b8/EPI2MNI/epi_to_mni_Warped.nii.gz) images[0m
2026-03-27 06:14:25 |[34;20m INFO     [0m|[34;20m niworkflows      [0m|[34;20m Generating visual report[0m
2026-03-27 06:14:41 |[34;20m INFO     [0m|[34;20m nipype.workflow  [0m|[34;20m [Node] Finished "EPI2MNI", elapsed time 32.334953s.[0m
2026-03-27 06:14:43 |[34;20m INFO     [0m|[34;20m nipype.workflow  [0m|[34;20m [Node] Setting-up "mriqc_wf.funcMRIQC.func_report_wf.ds_report_norm" in "/local/nvme/ds006401_05.783919/ds/tmp/mriqc_wf/funcMRIQC/func_report_wf/b0b6aadfc54e2fb9398a626cd357282e3c6e5cf9/ds_report_norm".[0m
2026-03-27 06:14:43 |[34;20m INFO     [0m|[34;20m nipype.workflow  [0m|[34;20m [Node] Setting-up "mriqc_wf.funcMRIQC.synthstrip_wf.final_masked" in "/local/nvme/ds006401_05.783919/ds/tmp/mriqc_wf/funcMRIQC/synthstrip_wf/b0b6aadfc54e2fb9398a626cd357282e3c6e5cf9/final_masked".[0m
2026-03-27 06:14:43 |[34;20m INFO     [0m|[34;20m nipype.workflow  [0m|[34;20m [Node] Setting-up "mriqc_wf.funcMRIQC.SpatialNormalization.ResampleSegmentation" in "/local/nvme/ds006401_05.783919/ds/tmp/mriqc_wf/funcMRIQC/SpatialNormalization/b0b6aadfc54e2fb9398a626cd357282e3c6e5cf9/ResampleSegmentation".[0m
2026-03-27 06:14:43 |[34;20m INFO     [0m|[34;20m nipype.workflow  [0m|[34;20m [Node] Executing "ds_report_norm" <mriqc.interfaces.DerivativesDataSink>[0m
2026-03-27 06:14:43 |[34;20m INFO     [0m|[34;20m nipype.workflow  [0m|[34;20m [Node] Executing "final_masked" <niworkflows.interfaces.nibabel.ApplyMask>[0m
2026-03-27 06:14:43 |[34;20m INFO     [0m|[34;20m nipype.workflow  [0m|[34;20m [Node] Finished "ds_report_norm", elapsed time 0.005224s.[0m
2026-03-27 06:14:43 |[34;20m INFO     [0m|[34;20m nipype.workflow  [0m|[34;20m [Node] Executing "ResampleSegmentation" <nipype.interfaces.ants.resampling.ApplyTransforms>[0m
2026-03-27 06:14:43 |[34;20m INFO     [0m|[34;20m nipype.workflow  [0m|[34;20m [Node] Finished "final_masked", elapsed time 0.0348s.[0m
2026-03-27 06:14:43 |[34;20m INFO     [0m|[34;20m nipype.workflow  [0m|[34;20m [Node] Setting-up "mriqc_wf.funcMRIQC.synthstrip_wf.final_masked" in "/local/nvme/ds006401_05.783919/ds/tmp/mriqc_wf/funcMRIQC/synthstrip_wf/145c1a123eed762b708a75bebbe922af94cfd0b8/final_masked".[0m
2026-03-27 06:14:43 |[34;20m INFO     [0m|[34;20m nipype.workflow  [0m|[34;20m [Node] Setting-up "mriqc_wf.funcMRIQC.func_report_wf.ds_report_norm" in "/local/nvme/ds006401_05.783919/ds/tmp/mriqc_wf/funcMRIQC/func_report_wf/145c1a123eed762b708a75bebbe922af94cfd0b8/ds_report_norm".[0m
2026-03-27 06:14:43 |[34;20m INFO     [0m|[34;20m nipype.workflow  [0m|[34;20m [Node] Setting-up "mriqc_wf.funcMRIQC.SpatialNormalization.ResampleSegmentation" in "/local/nvme/ds006401_05.783919/ds/tmp/mriqc_wf/funcMRIQC/SpatialNormalization/145c1a123eed762b708a75bebbe922af94cfd0b8/ResampleSegmentation".[0m
2026-03-27 06:14:43 |[34;20m INFO     [0m|[34;20m nipype.workflow  [0m|[34;20m [Node] Executing "ds_report_norm" <mriqc.interfaces.DerivativesDataSink>[0m
2026-03-27 06:14:43 |[34;20m INFO     [0m|[34;20m nipype.workflow  [0m|[34;20m [Node] Executing "final_masked" <niworkflows.interfaces.nibabel.ApplyMask>[0m
2026-03-27 06:14:43 |[34;20m INFO     [0m|[34;20m nipype.workflow  [0m|[34;20m [Node] Executing "ResampleSegmentation" <nipype.interfaces.ants.resampling.ApplyTransforms>[0m
2026-03-27 06:14:43 |[34;20m INFO     [0m|[34;20m nipype.workflow  [0m|[34;20m [Node] Finished "ds_report_norm", elapsed time 0.005287s.[0m
2026-03-27 06:14:43 |[34;20m INFO     [0m|[34;20m nipype.workflow  [0m|[34;20m [Node] Finished "final_masked", elapsed time 0.039829s.[0m
2026-03-27 06:14:43 |[34;20m INFO     [0m|[34;20m nipype.workflow  [0m|[34;20m [Node] Setting-up "_measures0" in "/local/nvme/ds006401_05.783919/ds/tmp/mriqc_wf/funcMRIQC/ComputeIQMs/145c1a123eed762b708a75bebbe922af94cfd0b8/measures/mapflow/_measures0".[0m
2026-03-27 06:14:43 |[34;20m INFO     [0m|[34;20m nipype.workflow  [0m|[34;20m [Node] Executing "_measures0" <mriqc.interfaces.functional.FunctionalQC>[0m
2026-03-27 06:14:45 |[34;20m INFO     [0m|[34;20m nipype.workflow  [0m|[34;20m [Node] Setting-up "_timeseries0" in "/local/nvme/ds006401_05.783919/ds/tmp/mriqc_wf/funcMRIQC/ComputeIQMs/145c1a123eed762b708a75bebbe922af94cfd0b8/timeseries/mapflow/_timeseries0".[0m
2026-03-27 06:14:45 |[34;20m INFO     [0m|[34;20m nipype.workflow  [0m|[34;20m [Node] Setting-up "_ds_report_carpet0" in "/local/nvme/ds006401_05.783919/ds/tmp/mriqc_wf/funcMRIQC/func_report_wf/c9bb361b21db266c9deba86f6b9699bb80c85aa8/ds_report_carpet/mapflow/_ds_report_carpet0".[0m
2026-03-27 06:14:45 |[34;20m INFO     [0m|[34;20m nipype.workflow  [0m|[34;20m [Node] Executing "_timeseries0" <mriqc.interfaces.functional.GatherTimeseries>[0m
2026-03-27 06:14:45 |[34;20m INFO     [0m|[34;20m nipype.workflow  [0m|[34;20m [Node] Executing "_ds_report_carpet0" <mriqc.interfaces.DerivativesDataSink>[0m
2026-03-27 06:14:45 |[34;20m INFO     [0m|[34;20m nipype.workflow  [0m|[34;20m [Node] Finished "_ds_report_carpet0", elapsed time 0.005236s.[0m
2026-03-27 06:14:45 |[34;20m INFO     [0m|[34;20m nipype.workflow  [0m|[34;20m [Node] Finished "_timeseries0", elapsed time 0.02082s.[0m
2026-03-27 06:14:46 |[34;20m INFO     [0m|[34;20m nipype.workflow  [0m|[34;20m [Node] Finished "ResampleSegmentation", elapsed time 2.997973s.[0m
2026-03-27 06:14:46 |[34;20m INFO     [0m|[34;20m nipype.workflow  [0m|[34;20m [Node] Finished "ResampleSegmentation", elapsed time 3.116128s.[0m
2026-03-27 06:14:47 |[34;20m INFO     [0m|[34;20m nipype.workflow  [0m|[34;20m [Node] Setting-up "mriqc_wf.funcMRIQC.func_report_wf.parcels" in "/local/nvme/ds006401_05.783919/ds/tmp/mriqc_wf/funcMRIQC/func_report_wf/b0b6aadfc54e2fb9398a626cd357282e3c6e5cf9/parcels".[0m
2026-03-27 06:14:47 |[34;20m INFO     [0m|[34;20m nipype.workflow  [0m|[34;20m [Node] Executing "parcels" <nipype.interfaces.utility.wrappers.Function>[0m
2026-03-27 06:14:47 |[34;20m INFO     [0m|[34;20m nipype.workflow  [0m|[34;20m [Node] Setting-up "_ds_timeseries0" in "/local/nvme/ds006401_05.783919/ds/tmp/mriqc_wf/funcMRIQC/ComputeIQMs/145c1a123eed762b708a75bebbe922af94cfd0b8/ds_timeseries/mapflow/_ds_timeseries0".[0m
2026-03-27 06:14:47 |[34;20m INFO     [0m|[34;20m nipype.workflow  [0m|[34;20m [Node] Executing "_ds_timeseries0" <mriqc.interfaces.DerivativesDataSink>[0m
2026-03-27 06:14:47 |[34;20m INFO     [0m|[34;20m nipype.workflow  [0m|[34;20m [Node] Finished "_ds_timeseries0", elapsed time 0.004207s.[0m
2026-03-27 06:14:47 |[34;20m INFO     [0m|[34;20m nipype.workflow  [0m|[34;20m [Node] Finished "parcels", elapsed time 0.028773s.[0m
2026-03-27 06:14:47 |[34;20m INFO     [0m|[34;20m nipype.workflow  [0m|[34;20m [Node] Setting-up "mriqc_wf.funcMRIQC.func_report_wf.parcels" in "/local/nvme/ds006401_05.783919/ds/tmp/mriqc_wf/funcMRIQC/func_report_wf/145c1a123eed762b708a75bebbe922af94cfd0b8/parcels".[0m
2026-03-27 06:14:47 |[34;20m INFO     [0m|[34;20m nipype.workflow  [0m|[34;20m [Node] Executing "parcels" <nipype.interfaces.utility.wrappers.Function>[0m
2026-03-27 06:14:47 |[34;20m INFO     [0m|[34;20m nipype.workflow  [0m|[34;20m [Node] Finished "parcels", elapsed time 0.026939s.[0m
2026-03-27 06:14:47 |[34;20m INFO     [0m|[34;20m nipype.workflow  [0m|[34;20m [Node] Finished "_measures0", elapsed time 4.172535s.[0m
2026-03-27 06:14:49 |[34;20m INFO     [0m|[34;20m nipype.workflow  [0m|[34;20m [Node] Setting-up "_datasink0" in "/local/nvme/ds006401_05.783919/ds/tmp/mriqc_wf/funcMRIQC/ComputeIQMs/145c1a123eed762b708a75bebbe922af94cfd0b8/datasink/mapflow/_datasink0".[0m
2026-03-27 06:14:49 |[34;20m INFO     [0m|[34;20m nipype.workflow  [0m|[34;20m [Node] Executing "_datasink0" <mriqc.interfaces.bids.IQMFileSink>[0m
2026-03-27 06:14:49 |[34;20m INFO     [0m|[34;20m nipype.workflow  [0m|[34;20m [Node] Finished "_datasink0", elapsed time 0.000676s.[0m
2026-03-27 06:14:49 |[34;20m INFO     [0m|[34;20m nipype.workflow  [0m|[34;20m [Node] Setting-up "_BigPlot0" in "/local/nvme/ds006401_05.783919/ds/tmp/mriqc_wf/funcMRIQC/func_report_wf/b0b6aadfc54e2fb9398a626cd357282e3c6e5cf9/BigPlot/mapflow/_BigPlot0".[0m
2026-03-27 06:14:49 |[34;20m INFO     [0m|[34;20m nipype.workflow  [0m|[34;20m [Node] Executing "_BigPlot0" <nireports.interfaces.fmri.FMRISummary>[0m
2026-03-27 06:14:49 |[34;20m INFO     [0m|[34;20m nipype.workflow  [0m|[34;20m [Node] Setting-up "_BigPlot0" in "/local/nvme/ds006401_05.783919/ds/tmp/mriqc_wf/funcMRIQC/func_report_wf/145c1a123eed762b708a75bebbe922af94cfd0b8/BigPlot/mapflow/_BigPlot0".[0m
2026-03-27 06:14:49 |[34;20m INFO     [0m|[34;20m nipype.workflow  [0m|[34;20m [Node] Executing "_BigPlot0" <nireports.interfaces.fmri.FMRISummary>[0m
2026-03-27 06:14:55 |[34;20m INFO     [0m|[34;20m nipype.workflow  [0m|[34;20m [Node] Finished "_BigPlot0", elapsed time 5.91455s.[0m
2026-03-27 06:14:56 |[34;20m INFO     [0m|[34;20m nipype.workflow  [0m|[34;20m [Node] Finished "_BigPlot0", elapsed time 7.492547s.[0m
2026-03-27 06:14:57 |[34;20m INFO     [0m|[34;20m nipype.workflow  [0m|[34;20m [Node] Setting-up "_ds_report_carpet0" in "/local/nvme/ds006401_05.783919/ds/tmp/mriqc_wf/funcMRIQC/func_report_wf/b0b6aadfc54e2fb9398a626cd357282e3c6e5cf9/ds_report_carpet/mapflow/_ds_report_carpet0".[0m
2026-03-27 06:14:57 |[34;20m INFO     [0m|[34;20m nipype.workflow  [0m|[34;20m [Node] Executing "_ds_report_carpet0" <mriqc.interfaces.DerivativesDataSink>[0m
2026-03-27 06:14:57 |[34;20m INFO     [0m|[34;20m nipype.workflow  [0m|[34;20m [Node] Finished "_ds_report_carpet0", elapsed time 0.005105s.[0m
2026-03-27 06:14:57 |[34;20m INFO     [0m|[34;20m nipype.workflow  [0m|[34;20m [Node] Setting-up "_ds_report_carpet0" in "/local/nvme/ds006401_05.783919/ds/tmp/mriqc_wf/funcMRIQC/func_report_wf/145c1a123eed762b708a75bebbe922af94cfd0b8/ds_report_carpet/mapflow/_ds_report_carpet0".[0m
2026-03-27 06:14:57 |[34;20m INFO     [0m|[34;20m nipype.workflow  [0m|[34;20m [Node] Executing "_ds_report_carpet0" <mriqc.interfaces.DerivativesDataSink>[0m
2026-03-27 06:14:57 |[34;20m INFO     [0m|[34;20m nipype.workflow  [0m|[34;20m [Node] Finished "_ds_report_carpet0", elapsed time 0.005145s.[0m
2026-03-27 06:14:59 |[34;20m INFO     [0m|[34;20m nipype.workflow  [0m|[34;20m Generating reports...[0m
2026-03-27 06:14:59 |[34;20m INFO     [0m|[34;20m nipype.workflow  [0m|[34;20m Report generation finished (3 reports).[0m
2026-03-27 06:14:59 |[33;20m IMPORTANT [0m|[33;20m mriqc            [0m|[33;20m Participant level finished successfully averaging 00h 07min 47s per subject.[0m
2026-03-27 06:14:59 |[34;20m INFO     [0m|[34;20m mriqc            [0m|[34;20m Generating BIDS derivatives metadata.[0m
----------------------------------------------------------------
  MRIQC completed (elapsed time 00h 23min 22s).
----------------------------------------------------------------

