------------------------------------------------------------------
  Running MRIQC version 24.1.0.dev0+gd5b13cb5.d20240826
  ----------------------------------------------------------------

  NOTICE
  Copyright © The NiPreps Developers.
  
  This product includes software developed by
  the NiPreps Community (https://nipreps.org/).
  
  Portions of this software were developed at the Department of
  Psychology at Stanford University, Stanford, CA, US.
  
  This software contains code ultimately derived from the
  PCP Quality Assessment Protocol (QAP;
  http://preprocessed-connectomes-project.org/quality-assessment-protocol)
  by C. Craddock, S. Giavasis, D. Clark, Z. Shezhad, and J. Pellman.
  
  This software is also distributed as a Docker container image.
  The bootstrapping file for the image ("Dockerfile") is licensed
  under the MIT License.

  ----------------------------------------------------------------

  * BIDS dataset path: /local/nvme/ds006401_03.783919/ds/sourcedata/raw.
  * Output folder: mriqc.
  * Analysis levels: ['participant'].
------------------------------------------------------------------

2026-03-27 05:51:41 |[33;20m IMPORTANT [0m|[33;20m mriqc            [0m|[33;20m Extracting metadata and entities for 3 input runs of modality 'bold'...[0m
2026-03-27 05:51:41 |[33;20m IMPORTANT [0m|[33;20m mriqc            [0m|[33;20m File size ('bold'): 0.25|0.21 GB [maximum|average].[0m
2026-03-27 05:51:41 |[34;20m INFO     [0m|[34;20m mriqc            [0m|[34;20m MRIQC config file: /local/nvme/ds006401_03.783919/ds/tmp/config-20260327-055140_0a6d615d-5494-4727-810d-488514771a49.toml.[0m
2026-03-27 05:51:45 |[34;20m INFO     [0m|[34;20m matplotlib.font_manager [0m|[34;20m generated new fontManager[0m
2026-03-27 05:51:47 |[33;20m IMPORTANT [0m|[33;20m mriqc            [0m|[33;20m Building MRIQC's workflows...[0m
2026-03-27 05:51:47 |[34;20m INFO     [0m|[34;20m nipype.workflow  [0m|[34;20m Building functional MRIQC workflow for 3 BOLD runs..[0m
2026-03-27 05:51:52 |[33;20m IMPORTANT [0m|[33;20m mriqc            [0m|[33;20m Workflow building finished (exit code 0).[0m
2026-03-27 05:51:57 |[34;20m INFO     [0m|[34;20m nipype.workflow  [0m|[34;20m Workflow mriqc_wf settings: ['check', 'execution', 'logging', 'monitoring'][0m
2026-03-27 05:51:57 |[34;20m INFO     [0m|[34;20m nipype.workflow  [0m|[34;20m [Node] Setting-up "mriqc_wf.funcMRIQC.pick_echo" in "/local/nvme/ds006401_03.783919/ds/tmp/mriqc_wf/funcMRIQC/a96279fa47cf6cab612b02b2c20661e95e117a47/pick_echo".[0m
2026-03-27 05:51:57 |[34;20m INFO     [0m|[34;20m nipype.workflow  [0m|[34;20m [Node] Setting-up "_provenance0" in "/local/nvme/ds006401_03.783919/ds/tmp/mriqc_wf/funcMRIQC/ComputeIQMs/a96279fa47cf6cab612b02b2c20661e95e117a47/provenance/mapflow/_provenance0".[0m
2026-03-27 05:51:57 |[34;20m INFO     [0m|[34;20m nipype.workflow  [0m|[34;20m [Node] Executing "_provenance0" <mriqc.interfaces.reports.AddProvenance>[0m
2026-03-27 05:51:57 |[34;20m INFO     [0m|[34;20m nipype.workflow  [0m|[34;20m [Node] Executing "pick_echo" <mriqc.interfaces.functional.SelectEcho>[0m
2026-03-27 05:51:57 |[34;20m INFO     [0m|[34;20m nipype.workflow  [0m|[34;20m [Node] Finished "pick_echo", elapsed time 0.000502s.[0m
2026-03-27 05:51:57 |[34;20m INFO     [0m|[34;20m nipype.workflow  [0m|[34;20m [Node] Finished "_provenance0", elapsed time 0.368154s.[0m
2026-03-27 05:51:58 |[34;20m INFO     [0m|[34;20m nipype.workflow  [0m|[34;20m [Node] Setting-up "mriqc_wf.funcMRIQC.pick_echo" in "/local/nvme/ds006401_03.783919/ds/tmp/mriqc_wf/funcMRIQC/004b2e173077cc78524b80b0cb08627134c5ab27/pick_echo".[0m
2026-03-27 05:51:58 |[34;20m INFO     [0m|[34;20m nipype.workflow  [0m|[34;20m [Node] Setting-up "_provenance0" in "/local/nvme/ds006401_03.783919/ds/tmp/mriqc_wf/funcMRIQC/ComputeIQMs/004b2e173077cc78524b80b0cb08627134c5ab27/provenance/mapflow/_provenance0".[0m
2026-03-27 05:51:58 |[34;20m INFO     [0m|[34;20m nipype.workflow  [0m|[34;20m [Node] Executing "_provenance0" <mriqc.interfaces.reports.AddProvenance>[0m
2026-03-27 05:51:58 |[34;20m INFO     [0m|[34;20m nipype.workflow  [0m|[34;20m [Node] Executing "pick_echo" <mriqc.interfaces.functional.SelectEcho>[0m
2026-03-27 05:51:58 |[34;20m INFO     [0m|[34;20m nipype.workflow  [0m|[34;20m [Node] Finished "pick_echo", elapsed time 0.0008s.[0m
2026-03-27 05:51:58 |[34;20m INFO     [0m|[34;20m nipype.workflow  [0m|[34;20m [Node] Finished "_provenance0", elapsed time 0.375118s.[0m
2026-03-27 05:51:58 |[34;20m INFO     [0m|[34;20m nipype.workflow  [0m|[34;20m [Node] Setting-up "_provenance0" in "/local/nvme/ds006401_03.783919/ds/tmp/mriqc_wf/funcMRIQC/ComputeIQMs/878eda798647c459b4832f63220b744d421a50f7/provenance/mapflow/_provenance0".[0m
2026-03-27 05:51:58 |[34;20m INFO     [0m|[34;20m nipype.workflow  [0m|[34;20m [Node] Setting-up "mriqc_wf.funcMRIQC.pick_echo" in "/local/nvme/ds006401_03.783919/ds/tmp/mriqc_wf/funcMRIQC/878eda798647c459b4832f63220b744d421a50f7/pick_echo".[0m
2026-03-27 05:51:58 |[34;20m INFO     [0m|[34;20m nipype.workflow  [0m|[34;20m [Node] Executing "_provenance0" <mriqc.interfaces.reports.AddProvenance>[0m
2026-03-27 05:51:58 |[34;20m INFO     [0m|[34;20m nipype.workflow  [0m|[34;20m [Node] Executing "pick_echo" <mriqc.interfaces.functional.SelectEcho>[0m
2026-03-27 05:51:58 |[34;20m INFO     [0m|[34;20m nipype.workflow  [0m|[34;20m [Node] Finished "pick_echo", elapsed time 0.000568s.[0m
2026-03-27 05:51:59 |[34;20m INFO     [0m|[34;20m nipype.workflow  [0m|[34;20m [Node] Finished "_provenance0", elapsed time 0.484539s.[0m
2026-03-27 05:51:59 |[34;20m INFO     [0m|[34;20m nipype.workflow  [0m|[34;20m [Node] Setting-up "mriqc_wf.funcMRIQC.non_steady_state_detector" in "/local/nvme/ds006401_03.783919/ds/tmp/mriqc_wf/funcMRIQC/a96279fa47cf6cab612b02b2c20661e95e117a47/non_steady_state_detector".[0m
2026-03-27 05:51:59 |[34;20m INFO     [0m|[34;20m nipype.workflow  [0m|[34;20m [Node] Setting-up "mriqc_wf.funcMRIQC.non_steady_state_detector" in "/local/nvme/ds006401_03.783919/ds/tmp/mriqc_wf/funcMRIQC/004b2e173077cc78524b80b0cb08627134c5ab27/non_steady_state_detector".[0m
2026-03-27 05:51:59 |[34;20m INFO     [0m|[34;20m nipype.workflow  [0m|[34;20m [Node] Setting-up "mriqc_wf.funcMRIQC.non_steady_state_detector" in "/local/nvme/ds006401_03.783919/ds/tmp/mriqc_wf/funcMRIQC/878eda798647c459b4832f63220b744d421a50f7/non_steady_state_detector".[0m
2026-03-27 05:51:59 |[34;20m INFO     [0m|[34;20m nipype.workflow  [0m|[34;20m [Node] Executing "non_steady_state_detector" <nipype.algorithms.confounds.NonSteadyStateDetector>[0m
2026-03-27 05:51:59 |[34;20m INFO     [0m|[34;20m nipype.workflow  [0m|[34;20m [Node] Executing "non_steady_state_detector" <nipype.algorithms.confounds.NonSteadyStateDetector>[0m
2026-03-27 05:51:59 |[34;20m INFO     [0m|[34;20m nipype.workflow  [0m|[34;20m [Node] Executing "non_steady_state_detector" <nipype.algorithms.confounds.NonSteadyStateDetector>[0m
2026-03-27 05:51:59 |[34;20m INFO     [0m|[34;20m nipype.workflow  [0m|[34;20m [Node] Finished "non_steady_state_detector", elapsed time 0.434791s.[0m
2026-03-27 05:51:59 |[34;20m INFO     [0m|[34;20m nipype.workflow  [0m|[34;20m [Node] Finished "non_steady_state_detector", elapsed time 0.444529s.[0m
2026-03-27 05:51:59 |[34;20m INFO     [0m|[34;20m nipype.workflow  [0m|[34;20m [Node] Finished "non_steady_state_detector", elapsed time 0.445346s.[0m
2026-03-27 05:52:01 |[34;20m INFO     [0m|[34;20m nipype.workflow  [0m|[34;20m [Node] Setting-up "_sanitize0" in "/local/nvme/ds006401_03.783919/ds/tmp/mriqc_wf/funcMRIQC/878eda798647c459b4832f63220b744d421a50f7/sanitize/mapflow/_sanitize0".[0m
2026-03-27 05:52:01 |[34;20m INFO     [0m|[34;20m nipype.workflow  [0m|[34;20m [Node] Setting-up "_sanitize0" in "/local/nvme/ds006401_03.783919/ds/tmp/mriqc_wf/funcMRIQC/a96279fa47cf6cab612b02b2c20661e95e117a47/sanitize/mapflow/_sanitize0".[0m
2026-03-27 05:52:01 |[34;20m INFO     [0m|[34;20m nipype.workflow  [0m|[34;20m [Node] Setting-up "_sanitize0" in "/local/nvme/ds006401_03.783919/ds/tmp/mriqc_wf/funcMRIQC/004b2e173077cc78524b80b0cb08627134c5ab27/sanitize/mapflow/_sanitize0".[0m
2026-03-27 05:52:01 |[34;20m INFO     [0m|[34;20m nipype.workflow  [0m|[34;20m [Node] Executing "_sanitize0" <niworkflows.interfaces.header.SanitizeImage>[0m
2026-03-27 05:52:01 |[34;20m INFO     [0m|[34;20m nipype.workflow  [0m|[34;20m [Node] Executing "_sanitize0" <niworkflows.interfaces.header.SanitizeImage>[0m
2026-03-27 05:52:01 |[34;20m INFO     [0m|[34;20m nipype.workflow  [0m|[34;20m [Node] Executing "_sanitize0" <niworkflows.interfaces.header.SanitizeImage>[0m
2026-03-27 05:52:10 |[34;20m INFO     [0m|[34;20m nipype.workflow  [0m|[34;20m [Node] Finished "_sanitize0", elapsed time 9.279855s.[0m
2026-03-27 05:52:11 |[34;20m INFO     [0m|[34;20m nipype.workflow  [0m|[34;20m [Node] Finished "_sanitize0", elapsed time 9.415159s.[0m
2026-03-27 05:52:11 |[34;20m INFO     [0m|[34;20m nipype.workflow  [0m|[34;20m [Node] Setting-up "mriqc_wf.funcMRIQC.fMRI_HMC.estimate_hm" in "/local/nvme/ds006401_03.783919/ds/tmp/mriqc_wf/funcMRIQC/fMRI_HMC/a96279fa47cf6cab612b02b2c20661e95e117a47/estimate_hm".[0m
2026-03-27 05:52:11 |[34;20m INFO     [0m|[34;20m nipype.workflow  [0m|[34;20m [Node] Setting-up "mriqc_wf.funcMRIQC.fMRI_HMC.estimate_hm" in "/local/nvme/ds006401_03.783919/ds/tmp/mriqc_wf/funcMRIQC/fMRI_HMC/004b2e173077cc78524b80b0cb08627134c5ab27/estimate_hm".[0m
2026-03-27 05:52:11 |[34;20m INFO     [0m|[34;20m nipype.workflow  [0m|[34;20m [Node] Executing "estimate_hm" <nipype.interfaces.afni.preprocess.Volreg>[0m
2026-03-27 05:52:11 |[34;20m INFO     [0m|[34;20m nipype.workflow  [0m|[34;20m [Node] Executing "estimate_hm" <nipype.interfaces.afni.preprocess.Volreg>[0m
2026-03-27 05:52:11 |[34;20m INFO     [0m|[34;20m nipype.workflow  [0m|[34;20m [Node] Setting-up "_SpikesMask0" in "/local/nvme/ds006401_03.783919/ds/tmp/mriqc_wf/funcMRIQC/func_report_wf/a96279fa47cf6cab612b02b2c20661e95e117a47/SpikesMask/mapflow/_SpikesMask0".[0m
2026-03-27 05:52:11 |[34;20m INFO     [0m|[34;20m nipype.workflow  [0m|[34;20m [Node] Setting-up "_SpikesMask0" in "/local/nvme/ds006401_03.783919/ds/tmp/mriqc_wf/funcMRIQC/func_report_wf/004b2e173077cc78524b80b0cb08627134c5ab27/SpikesMask/mapflow/_SpikesMask0".[0m
2026-03-27 05:52:11 |[34;20m INFO     [0m|[34;20m nipype.workflow  [0m|[34;20m [Node] Executing "_SpikesMask0" <nipype.interfaces.utility.wrappers.Function>[0m
2026-03-27 05:52:11 |[34;20m INFO     [0m|[34;20m nipype.workflow  [0m|[34;20m [Node] Executing "_SpikesMask0" <nipype.interfaces.utility.wrappers.Function>[0m
2026-03-27 05:52:13 |[34;20m INFO     [0m|[34;20m nipype.workflow  [0m|[34;20m [Node] Finished "_sanitize0", elapsed time 12.207324s.[0m
2026-03-27 05:52:15 |[34;20m INFO     [0m|[34;20m nipype.workflow  [0m|[34;20m [Node] Finished "_SpikesMask0", elapsed time 3.636647s.[0m
2026-03-27 05:52:15 |[34;20m INFO     [0m|[34;20m nipype.workflow  [0m|[34;20m [Node] Finished "_SpikesMask0", elapsed time 3.6460369999999998s.[0m
2026-03-27 05:52:15 |[34;20m INFO     [0m|[34;20m nipype.workflow  [0m|[34;20m [Node] Setting-up "mriqc_wf.funcMRIQC.fMRI_HMC.estimate_hm" in "/local/nvme/ds006401_03.783919/ds/tmp/mriqc_wf/funcMRIQC/fMRI_HMC/878eda798647c459b4832f63220b744d421a50f7/estimate_hm".[0m
2026-03-27 05:52:15 |[34;20m INFO     [0m|[34;20m nipype.workflow  [0m|[34;20m [Node] Executing "estimate_hm" <nipype.interfaces.afni.preprocess.Volreg>[0m
2026-03-27 05:52:15 |[34;20m INFO     [0m|[34;20m nipype.workflow  [0m|[34;20m [Node] Setting-up "_SpikesMask0" in "/local/nvme/ds006401_03.783919/ds/tmp/mriqc_wf/funcMRIQC/func_report_wf/878eda798647c459b4832f63220b744d421a50f7/SpikesMask/mapflow/_SpikesMask0".[0m
2026-03-27 05:52:15 |[34;20m INFO     [0m|[34;20m nipype.workflow  [0m|[34;20m [Node] Executing "_SpikesMask0" <nipype.interfaces.utility.wrappers.Function>[0m
2026-03-27 05:52:15 |[34;20m INFO     [0m|[34;20m nipype.workflow  [0m|[34;20m [Node] Setting-up "_SpikesFinderBgMask0" in "/local/nvme/ds006401_03.783919/ds/tmp/mriqc_wf/funcMRIQC/func_report_wf/a96279fa47cf6cab612b02b2c20661e95e117a47/SpikesFinderBgMask/mapflow/_SpikesFinderBgMask0".[0m
2026-03-27 05:52:15 |[34;20m INFO     [0m|[34;20m nipype.workflow  [0m|[34;20m [Node] Setting-up "_SpikesFinderBgMask0" in "/local/nvme/ds006401_03.783919/ds/tmp/mriqc_wf/funcMRIQC/func_report_wf/004b2e173077cc78524b80b0cb08627134c5ab27/SpikesFinderBgMask/mapflow/_SpikesFinderBgMask0".[0m
2026-03-27 05:52:15 |[34;20m INFO     [0m|[34;20m nipype.workflow  [0m|[34;20m [Node] Executing "_SpikesFinderBgMask0" <mriqc.interfaces.functional.Spikes>[0m
2026-03-27 05:52:15 |[34;20m INFO     [0m|[34;20m nipype.workflow  [0m|[34;20m [Node] Executing "_SpikesFinderBgMask0" <mriqc.interfaces.functional.Spikes>[0m
2026-03-27 05:52:19 |[34;20m INFO     [0m|[34;20m nipype.workflow  [0m|[34;20m [Node] Finished "_SpikesMask0", elapsed time 4.275152s.[0m
2026-03-27 05:52:20 |[34;20m INFO     [0m|[34;20m nipype.workflow  [0m|[34;20m [Node] Finished "_SpikesFinderBgMask0", elapsed time 5.066495s.[0m
2026-03-27 05:52:21 |[34;20m INFO     [0m|[34;20m nipype.workflow  [0m|[34;20m [Node] Finished "_SpikesFinderBgMask0", elapsed time 5.879333s.[0m
2026-03-27 05:52:21 |[34;20m INFO     [0m|[34;20m nipype.workflow  [0m|[34;20m [Node] Setting-up "_SpikesFinderBgMask0" in "/local/nvme/ds006401_03.783919/ds/tmp/mriqc_wf/funcMRIQC/func_report_wf/878eda798647c459b4832f63220b744d421a50f7/SpikesFinderBgMask/mapflow/_SpikesFinderBgMask0".[0m
2026-03-27 05:52:21 |[34;20m INFO     [0m|[34;20m nipype.workflow  [0m|[34;20m [Node] Executing "_SpikesFinderBgMask0" <mriqc.interfaces.functional.Spikes>[0m
2026-03-27 05:52:29 |[34;20m INFO     [0m|[34;20m nipype.workflow  [0m|[34;20m [Node] Finished "_SpikesFinderBgMask0", elapsed time 7.822027s.[0m
2026-03-27 06:06:29 |[34;20m INFO     [0m|[34;20m nipype.workflow  [0m|[34;20m [Node] Finished "estimate_hm", elapsed time 858.438732s.[0m
2026-03-27 06:06:31 |[34;20m INFO     [0m|[34;20m nipype.workflow  [0m|[34;20m [Node] Setting-up "mriqc_wf.funcMRIQC.fMRI_HMC.ComputeFD" in "/local/nvme/ds006401_03.783919/ds/tmp/mriqc_wf/funcMRIQC/fMRI_HMC/a96279fa47cf6cab612b02b2c20661e95e117a47/ComputeFD".[0m
2026-03-27 06:06:31 |[34;20m INFO     [0m|[34;20m nipype.workflow  [0m|[34;20m [Node] Executing "ComputeFD" <nipype.algorithms.confounds.FramewiseDisplacement>[0m
2026-03-27 06:06:31 |[34;20m INFO     [0m|[34;20m nipype.workflow  [0m|[34;20m [Node] Finished "ComputeFD", elapsed time 0.006194s.[0m
2026-03-27 06:06:34 |[34;20m INFO     [0m|[34;20m nipype.workflow  [0m|[34;20m [Node] Finished "estimate_hm", elapsed time 862.619732s.[0m
2026-03-27 06:06:35 |[34;20m INFO     [0m|[34;20m nipype.workflow  [0m|[34;20m [Node] Setting-up "mriqc_wf.funcMRIQC.fMRI_HMC.ComputeFD" in "/local/nvme/ds006401_03.783919/ds/tmp/mriqc_wf/funcMRIQC/fMRI_HMC/004b2e173077cc78524b80b0cb08627134c5ab27/ComputeFD".[0m
2026-03-27 06:06:35 |[34;20m INFO     [0m|[34;20m nipype.workflow  [0m|[34;20m [Node] Executing "ComputeFD" <nipype.algorithms.confounds.FramewiseDisplacement>[0m
2026-03-27 06:06:35 |[34;20m INFO     [0m|[34;20m nipype.workflow  [0m|[34;20m [Node] Finished "ComputeFD", elapsed time 0.005965s.[0m
2026-03-27 06:10:41 |[34;20m INFO     [0m|[34;20m nipype.workflow  [0m|[34;20m [Node] Finished "estimate_hm", elapsed time 1106.260801s.[0m
2026-03-27 06:10:43 |[34;20m INFO     [0m|[34;20m nipype.workflow  [0m|[34;20m [Node] Setting-up "_apply_hmc0" in "/local/nvme/ds006401_03.783919/ds/tmp/mriqc_wf/funcMRIQC/fMRI_HMC/a96279fa47cf6cab612b02b2c20661e95e117a47/apply_hmc/mapflow/_apply_hmc0".[0m
2026-03-27 06:10:43 |[34;20m INFO     [0m|[34;20m nipype.workflow  [0m|[34;20m [Node] Executing "_apply_hmc0" <nipype.interfaces.utility.wrappers.Function>[0m
2026-03-27 06:11:13 |[34;20m INFO     [0m|[34;20m nipype.workflow  [0m|[34;20m [Node] Finished "_apply_hmc0", elapsed time 30.24853s.[0m
2026-03-27 06:11:15 |[34;20m INFO     [0m|[34;20m nipype.workflow  [0m|[34;20m [Node] Setting-up "_apply_hmc0" in "/local/nvme/ds006401_03.783919/ds/tmp/mriqc_wf/funcMRIQC/fMRI_HMC/004b2e173077cc78524b80b0cb08627134c5ab27/apply_hmc/mapflow/_apply_hmc0".[0m
2026-03-27 06:11:15 |[34;20m INFO     [0m|[34;20m nipype.workflow  [0m|[34;20m [Node] Executing "_apply_hmc0" <nipype.interfaces.utility.wrappers.Function>[0m
2026-03-27 06:11:46 |[34;20m INFO     [0m|[34;20m nipype.workflow  [0m|[34;20m [Node] Finished "_apply_hmc0", elapsed time 30.976095s.[0m
2026-03-27 06:11:47 |[34;20m INFO     [0m|[34;20m nipype.workflow  [0m|[34;20m [Node] Setting-up "_apply_hmc0" in "/local/nvme/ds006401_03.783919/ds/tmp/mriqc_wf/funcMRIQC/fMRI_HMC/878eda798647c459b4832f63220b744d421a50f7/apply_hmc/mapflow/_apply_hmc0".[0m
2026-03-27 06:11:47 |[34;20m INFO     [0m|[34;20m nipype.workflow  [0m|[34;20m [Node] Executing "_apply_hmc0" <nipype.interfaces.utility.wrappers.Function>[0m
2026-03-27 06:12:28 |[34;20m INFO     [0m|[34;20m nipype.workflow  [0m|[34;20m [Node] Finished "_apply_hmc0", elapsed time 40.403203s.[0m
2026-03-27 06:12:29 |[34;20m INFO     [0m|[34;20m nipype.workflow  [0m|[34;20m [Node] Setting-up "mriqc_wf.funcMRIQC.fMRI_HMC.ComputeFD" in "/local/nvme/ds006401_03.783919/ds/tmp/mriqc_wf/funcMRIQC/fMRI_HMC/878eda798647c459b4832f63220b744d421a50f7/ComputeFD".[0m
2026-03-27 06:12:29 |[34;20m INFO     [0m|[34;20m nipype.workflow  [0m|[34;20m [Node] Executing "ComputeFD" <nipype.algorithms.confounds.FramewiseDisplacement>[0m
2026-03-27 06:12:29 |[34;20m INFO     [0m|[34;20m nipype.workflow  [0m|[34;20m [Node] Setting-up "_mean0" in "/local/nvme/ds006401_03.783919/ds/tmp/mriqc_wf/funcMRIQC/a96279fa47cf6cab612b02b2c20661e95e117a47/mean/mapflow/_mean0".[0m
2026-03-27 06:12:29 |[34;20m INFO     [0m|[34;20m nipype.workflow  [0m|[34;20m [Node] Setting-up "_compute_tsnr0" in "/local/nvme/ds006401_03.783919/ds/tmp/mriqc_wf/funcMRIQC/a96279fa47cf6cab612b02b2c20661e95e117a47/compute_tsnr/mapflow/_compute_tsnr0".[0m
2026-03-27 06:12:29 |[34;20m INFO     [0m|[34;20m nipype.workflow  [0m|[34;20m [Node] Executing "_compute_tsnr0" <nipype.algorithms.confounds.TSNR>[0m
2026-03-27 06:12:29 |[34;20m INFO     [0m|[34;20m nipype.workflow  [0m|[34;20m [Node] Setting-up "_quality0" in "/local/nvme/ds006401_03.783919/ds/tmp/mriqc_wf/funcMRIQC/ComputeIQMs/a96279fa47cf6cab612b02b2c20661e95e117a47/quality/mapflow/_quality0".[0m
2026-03-27 06:12:29 |[34;20m INFO     [0m|[34;20m nipype.workflow  [0m|[34;20m [Node] Executing "_mean0" <nipype.interfaces.afni.utils.TStat>[0m
2026-03-27 06:12:29 |[34;20m INFO     [0m|[34;20m nipype.workflow  [0m|[34;20m [Node] Setting-up "_mean0" in "/local/nvme/ds006401_03.783919/ds/tmp/mriqc_wf/funcMRIQC/004b2e173077cc78524b80b0cb08627134c5ab27/mean/mapflow/_mean0".[0m
2026-03-27 06:12:29 |[34;20m INFO     [0m|[34;20m nipype.workflow  [0m|[34;20m [Node] Setting-up "_compute_tsnr0" in "/local/nvme/ds006401_03.783919/ds/tmp/mriqc_wf/funcMRIQC/004b2e173077cc78524b80b0cb08627134c5ab27/compute_tsnr/mapflow/_compute_tsnr0".[0m
2026-03-27 06:12:29 |[34;20m INFO     [0m|[34;20m nipype.workflow  [0m|[34;20m [Node] Executing "_quality0" <nipype.interfaces.afni.preprocess.QualityIndex>[0m
2026-03-27 06:12:29 |[34;20m INFO     [0m|[34;20m nipype.workflow  [0m|[34;20m [Node] Executing "_mean0" <nipype.interfaces.afni.utils.TStat>[0m
2026-03-27 06:12:29 |[34;20m INFO     [0m|[34;20m nipype.workflow  [0m|[34;20m [Node] Setting-up "_quality0" in "/local/nvme/ds006401_03.783919/ds/tmp/mriqc_wf/funcMRIQC/ComputeIQMs/004b2e173077cc78524b80b0cb08627134c5ab27/quality/mapflow/_quality0".[0m
2026-03-27 06:12:29 |[34;20m INFO     [0m|[34;20m nipype.workflow  [0m|[34;20m [Node] Executing "_compute_tsnr0" <nipype.algorithms.confounds.TSNR>[0m
2026-03-27 06:12:29 |[34;20m INFO     [0m|[34;20m nipype.workflow  [0m|[34;20m [Node] Setting-up "_mean0" in "/local/nvme/ds006401_03.783919/ds/tmp/mriqc_wf/funcMRIQC/878eda798647c459b4832f63220b744d421a50f7/mean/mapflow/_mean0".[0m
2026-03-27 06:12:29 |[34;20m INFO     [0m|[34;20m nipype.workflow  [0m|[34;20m [Node] Executing "_quality0" <nipype.interfaces.afni.preprocess.QualityIndex>[0m
2026-03-27 06:12:29 |[34;20m INFO     [0m|[34;20m nipype.workflow  [0m|[34;20m [Node] Executing "_mean0" <nipype.interfaces.afni.utils.TStat>[0m
2026-03-27 06:12:29 |[34;20m INFO     [0m|[34;20m nipype.workflow  [0m|[34;20m [Node] Finished "ComputeFD", elapsed time 0.011548s.[0m
2026-03-27 06:12:31 |[34;20m INFO     [0m|[34;20m nipype.workflow  [0m|[34;20m [Node] Setting-up "_compute_tsnr0" in "/local/nvme/ds006401_03.783919/ds/tmp/mriqc_wf/funcMRIQC/878eda798647c459b4832f63220b744d421a50f7/compute_tsnr/mapflow/_compute_tsnr0".[0m
2026-03-27 06:12:31 |[34;20m INFO     [0m|[34;20m nipype.workflow  [0m|[34;20m [Node] Executing "_compute_tsnr0" <nipype.algorithms.confounds.TSNR>[0m
2026-03-27 06:12:32 |[34;20m INFO     [0m|[34;20m nipype.workflow  [0m|[34;20m [Node] Finished "_compute_tsnr0", elapsed time 3.249755s.[0m
2026-03-27 06:12:33 |[34;20m INFO     [0m|[34;20m nipype.workflow  [0m|[34;20m [Node] Setting-up "_quality0" in "/local/nvme/ds006401_03.783919/ds/tmp/mriqc_wf/funcMRIQC/ComputeIQMs/878eda798647c459b4832f63220b744d421a50f7/quality/mapflow/_quality0".[0m
2026-03-27 06:12:33 |[34;20m INFO     [0m|[34;20m nipype.workflow  [0m|[34;20m [Node] Executing "_quality0" <nipype.interfaces.afni.preprocess.QualityIndex>[0m
2026-03-27 06:12:33 |[34;20m INFO     [0m|[34;20m nipype.workflow  [0m|[34;20m [Node] Finished "_compute_tsnr0", elapsed time 4.077318s.[0m
2026-03-27 06:12:34 |[34;20m INFO     [0m|[34;20m nipype.workflow  [0m|[34;20m [Node] Finished "_mean0", elapsed time 4.472454s.[0m
2026-03-27 06:12:34 |[34;20m INFO     [0m|[34;20m nipype.workflow  [0m|[34;20m [Node] Finished "_mean0", elapsed time 4.735124s.[0m
2026-03-27 06:12:35 |[34;20m INFO     [0m|[34;20m nipype.workflow  [0m|[34;20m [Node] Setting-up "mriqc_wf.funcMRIQC.synthstrip_wf.pre_clip" in "/local/nvme/ds006401_03.783919/ds/tmp/mriqc_wf/funcMRIQC/synthstrip_wf/a96279fa47cf6cab612b02b2c20661e95e117a47/pre_clip".[0m
2026-03-27 06:12:35 |[34;20m INFO     [0m|[34;20m nipype.workflow  [0m|[34;20m [Node] Setting-up "mriqc_wf.funcMRIQC.SpatialNormalization.SharpenEPI" in "/local/nvme/ds006401_03.783919/ds/tmp/mriqc_wf/funcMRIQC/SpatialNormalization/a96279fa47cf6cab612b02b2c20661e95e117a47/SharpenEPI".[0m
2026-03-27 06:12:35 |[34;20m INFO     [0m|[34;20m nipype.workflow  [0m|[34;20m [Node] Executing "pre_clip" <niworkflows.interfaces.nibabel.IntensityClip>[0m
2026-03-27 06:12:35 |[34;20m INFO     [0m|[34;20m nipype.workflow  [0m|[34;20m [Node] Executing "SharpenEPI" <nipype.interfaces.ants.segmentation.N4BiasFieldCorrection>[0m
2026-03-27 06:12:35 |[34;20m INFO     [0m|[34;20m nipype.workflow  [0m|[34;20m [Node] Setting-up "_PlotMosaicMean0" in "/local/nvme/ds006401_03.783919/ds/tmp/mriqc_wf/funcMRIQC/func_report_wf/a96279fa47cf6cab612b02b2c20661e95e117a47/PlotMosaicMean/mapflow/_PlotMosaicMean0".[0m
2026-03-27 06:12:35 |[34;20m INFO     [0m|[34;20m nipype.workflow  [0m|[34;20m [Node] Executing "_PlotMosaicMean0" <nireports.interfaces.mosaic.PlotMosaic>[0m
2026-03-27 06:12:36 |[34;20m INFO     [0m|[34;20m nipype.workflow  [0m|[34;20m [Node] Finished "_mean0", elapsed time 6.398683s.[0m
2026-03-27 06:12:36 |[34;20m INFO     [0m|[34;20m nipype.workflow  [0m|[34;20m [Node] Finished "_compute_tsnr0", elapsed time 4.495211s.[0m
2026-03-27 06:12:36 |[34;20m INFO     [0m|[34;20m nipype.workflow  [0m|[34;20m [Node] Finished "pre_clip", elapsed time 0.957169s.[0m
2026-03-27 06:12:37 |[34;20m INFO     [0m|[34;20m nipype.workflow  [0m|[34;20m [Node] Finished "_PlotMosaicMean0", elapsed time 1.6338439999999999s.[0m
2026-03-27 06:12:37 |[34;20m INFO     [0m|[34;20m nipype.workflow  [0m|[34;20m [Node] Setting-up "mriqc_wf.funcMRIQC.synthstrip_wf.pre_clip" in "/local/nvme/ds006401_03.783919/ds/tmp/mriqc_wf/funcMRIQC/synthstrip_wf/004b2e173077cc78524b80b0cb08627134c5ab27/pre_clip".[0m
2026-03-27 06:12:37 |[34;20m INFO     [0m|[34;20m nipype.workflow  [0m|[34;20m [Node] Executing "pre_clip" <niworkflows.interfaces.nibabel.IntensityClip>[0m
2026-03-27 06:12:37 |[34;20m INFO     [0m|[34;20m nipype.workflow  [0m|[34;20m [Node] Setting-up "_PlotMosaicNoise0" in "/local/nvme/ds006401_03.783919/ds/tmp/mriqc_wf/funcMRIQC/func_report_wf/a96279fa47cf6cab612b02b2c20661e95e117a47/PlotMosaicNoise/mapflow/_PlotMosaicNoise0".[0m
2026-03-27 06:12:37 |[34;20m INFO     [0m|[34;20m nipype.workflow  [0m|[34;20m [Node] Executing "_PlotMosaicNoise0" <nireports.interfaces.mosaic.PlotMosaic>[0m
2026-03-27 06:12:37 |[34;20m INFO     [0m|[34;20m nipype.workflow  [0m|[34;20m [Node] Setting-up "_PlotMosaicSD0" in "/local/nvme/ds006401_03.783919/ds/tmp/mriqc_wf/funcMRIQC/func_report_wf/a96279fa47cf6cab612b02b2c20661e95e117a47/PlotMosaicSD/mapflow/_PlotMosaicSD0".[0m
2026-03-27 06:12:37 |[34;20m INFO     [0m|[34;20m nipype.workflow  [0m|[34;20m [Node] Executing "_PlotMosaicSD0" <nireports.interfaces.mosaic.PlotMosaic>[0m
2026-03-27 06:12:37 |[34;20m INFO     [0m|[34;20m nipype.workflow  [0m|[34;20m [Node] Setting-up "mriqc_wf.funcMRIQC.SpatialNormalization.SharpenEPI" in "/local/nvme/ds006401_03.783919/ds/tmp/mriqc_wf/funcMRIQC/SpatialNormalization/004b2e173077cc78524b80b0cb08627134c5ab27/SharpenEPI".[0m
2026-03-27 06:12:37 |[34;20m INFO     [0m|[34;20m nipype.workflow  [0m|[34;20m [Node] Executing "SharpenEPI" <nipype.interfaces.ants.segmentation.N4BiasFieldCorrection>[0m
2026-03-27 06:12:38 |[34;20m INFO     [0m|[34;20m nipype.workflow  [0m|[34;20m [Node] Finished "pre_clip", elapsed time 0.856336s.[0m
2026-03-27 06:12:39 |[34;20m INFO     [0m|[34;20m nipype.workflow  [0m|[34;20m [Node] Finished "_PlotMosaicSD0", elapsed time 1.660478s.[0m
2026-03-27 06:12:39 |[34;20m INFO     [0m|[34;20m nipype.workflow  [0m|[34;20m [Node] Finished "_PlotMosaicNoise0", elapsed time 1.702458s.[0m
2026-03-27 06:12:39 |[34;20m INFO     [0m|[34;20m nipype.workflow  [0m|[34;20m [Node] Setting-up "_PlotMosaicNoise0" in "/local/nvme/ds006401_03.783919/ds/tmp/mriqc_wf/funcMRIQC/func_report_wf/004b2e173077cc78524b80b0cb08627134c5ab27/PlotMosaicNoise/mapflow/_PlotMosaicNoise0".[0m
2026-03-27 06:12:39 |[34;20m INFO     [0m|[34;20m nipype.workflow  [0m|[34;20m [Node] Setting-up "_PlotMosaicMean0" in "/local/nvme/ds006401_03.783919/ds/tmp/mriqc_wf/funcMRIQC/func_report_wf/004b2e173077cc78524b80b0cb08627134c5ab27/PlotMosaicMean/mapflow/_PlotMosaicMean0".[0m
2026-03-27 06:12:39 |[34;20m INFO     [0m|[34;20m nipype.workflow  [0m|[34;20m [Node] Executing "_PlotMosaicNoise0" <nireports.interfaces.mosaic.PlotMosaic>[0m
2026-03-27 06:12:39 |[34;20m INFO     [0m|[34;20m nipype.workflow  [0m|[34;20m [Node] Executing "_PlotMosaicMean0" <nireports.interfaces.mosaic.PlotMosaic>[0m
2026-03-27 06:12:39 |[34;20m INFO     [0m|[34;20m nipype.workflow  [0m|[34;20m [Node] Setting-up "_PlotMosaicSD0" in "/local/nvme/ds006401_03.783919/ds/tmp/mriqc_wf/funcMRIQC/func_report_wf/004b2e173077cc78524b80b0cb08627134c5ab27/PlotMosaicSD/mapflow/_PlotMosaicSD0".[0m
2026-03-27 06:12:39 |[34;20m INFO     [0m|[34;20m nipype.workflow  [0m|[34;20m [Node] Executing "_PlotMosaicSD0" <nireports.interfaces.mosaic.PlotMosaic>[0m
2026-03-27 06:12:41 |[34;20m INFO     [0m|[34;20m nipype.workflow  [0m|[34;20m [Node] Finished "_quality0", elapsed time 11.424019s.[0m
2026-03-27 06:12:41 |[34;20m INFO     [0m|[34;20m nipype.workflow  [0m|[34;20m [Node] Finished "SharpenEPI", elapsed time 5.170598s.[0m
2026-03-27 06:12:41 |[34;20m INFO     [0m|[34;20m nipype.workflow  [0m|[34;20m [Node] Finished "_quality0", elapsed time 11.702481s.[0m
2026-03-27 06:12:41 |[34;20m INFO     [0m|[34;20m nipype.workflow  [0m|[34;20m [Node] Finished "_PlotMosaicNoise0", elapsed time 1.873056s.[0m
2026-03-27 06:12:41 |[34;20m INFO     [0m|[34;20m nipype.workflow  [0m|[34;20m [Node] Finished "_PlotMosaicSD0", elapsed time 1.904844s.[0m
2026-03-27 06:12:41 |[34;20m INFO     [0m|[34;20m nipype.workflow  [0m|[34;20m [Node] Finished "_PlotMosaicMean0", elapsed time 1.947133s.[0m
2026-03-27 06:12:41 |[34;20m INFO     [0m|[34;20m nipype.workflow  [0m|[34;20m [Node] Setting-up "mriqc_wf.funcMRIQC.synthstrip_wf.pre_clip" in "/local/nvme/ds006401_03.783919/ds/tmp/mriqc_wf/funcMRIQC/synthstrip_wf/878eda798647c459b4832f63220b744d421a50f7/pre_clip".[0m
2026-03-27 06:12:41 |[34;20m INFO     [0m|[34;20m nipype.workflow  [0m|[34;20m [Node] Setting-up "mriqc_wf.funcMRIQC.SpatialNormalization.SharpenEPI" in "/local/nvme/ds006401_03.783919/ds/tmp/mriqc_wf/funcMRIQC/SpatialNormalization/878eda798647c459b4832f63220b744d421a50f7/SharpenEPI".[0m
2026-03-27 06:12:41 |[34;20m INFO     [0m|[34;20m nipype.workflow  [0m|[34;20m [Node] Executing "pre_clip" <niworkflows.interfaces.nibabel.IntensityClip>[0m
2026-03-27 06:12:41 |[34;20m INFO     [0m|[34;20m nipype.workflow  [0m|[34;20m [Node] Executing "SharpenEPI" <nipype.interfaces.ants.segmentation.N4BiasFieldCorrection>[0m
2026-03-27 06:12:41 |[34;20m INFO     [0m|[34;20m nipype.workflow  [0m|[34;20m [Node] Setting-up "_PlotMosaicMean0" in "/local/nvme/ds006401_03.783919/ds/tmp/mriqc_wf/funcMRIQC/func_report_wf/878eda798647c459b4832f63220b744d421a50f7/PlotMosaicMean/mapflow/_PlotMosaicMean0".[0m
2026-03-27 06:12:41 |[34;20m INFO     [0m|[34;20m nipype.workflow  [0m|[34;20m [Node] Executing "_PlotMosaicMean0" <nireports.interfaces.mosaic.PlotMosaic>[0m
2026-03-27 06:12:42 |[34;20m INFO     [0m|[34;20m nipype.workflow  [0m|[34;20m [Node] Finished "pre_clip", elapsed time 0.889931s.[0m
2026-03-27 06:12:43 |[34;20m INFO     [0m|[34;20m nipype.workflow  [0m|[34;20m [Node] Finished "SharpenEPI", elapsed time 5.151866s.[0m
2026-03-27 06:12:43 |[34;20m INFO     [0m|[34;20m nipype.workflow  [0m|[34;20m [Node] Finished "_PlotMosaicMean0", elapsed time 1.6102859999999999s.[0m
2026-03-27 06:12:43 |[34;20m INFO     [0m|[34;20m nipype.workflow  [0m|[34;20m [Node] Setting-up "_PlotMosaicNoise0" in "/local/nvme/ds006401_03.783919/ds/tmp/mriqc_wf/funcMRIQC/func_report_wf/878eda798647c459b4832f63220b744d421a50f7/PlotMosaicNoise/mapflow/_PlotMosaicNoise0".[0m
2026-03-27 06:12:43 |[34;20m INFO     [0m|[34;20m nipype.workflow  [0m|[34;20m [Node] Executing "_PlotMosaicNoise0" <nireports.interfaces.mosaic.PlotMosaic>[0m
2026-03-27 06:12:43 |[34;20m INFO     [0m|[34;20m nipype.workflow  [0m|[34;20m [Node] Setting-up "_PlotMosaicSD0" in "/local/nvme/ds006401_03.783919/ds/tmp/mriqc_wf/funcMRIQC/func_report_wf/878eda798647c459b4832f63220b744d421a50f7/PlotMosaicSD/mapflow/_PlotMosaicSD0".[0m
2026-03-27 06:12:43 |[34;20m INFO     [0m|[34;20m nipype.workflow  [0m|[34;20m [Node] Executing "_PlotMosaicSD0" <nireports.interfaces.mosaic.PlotMosaic>[0m
2026-03-27 06:12:43 |[34;20m INFO     [0m|[34;20m nipype.workflow  [0m|[34;20m [Node] Setting-up "_ds_report_mean0" in "/local/nvme/ds006401_03.783919/ds/tmp/mriqc_wf/funcMRIQC/func_report_wf/a96279fa47cf6cab612b02b2c20661e95e117a47/ds_report_mean/mapflow/_ds_report_mean0".[0m
2026-03-27 06:12:43 |[34;20m INFO     [0m|[34;20m nipype.workflow  [0m|[34;20m [Node] Executing "_ds_report_mean0" <mriqc.interfaces.DerivativesDataSink>[0m
2026-03-27 06:12:43 |[34;20m INFO     [0m|[34;20m nipype.workflow  [0m|[34;20m [Node] Finished "_ds_report_mean0", elapsed time 0.009616s.[0m
2026-03-27 06:12:43 |[34;20m INFO     [0m|[34;20m nipype.workflow  [0m|[34;20m [Node] Setting-up "_ds_report_background0" in "/local/nvme/ds006401_03.783919/ds/tmp/mriqc_wf/funcMRIQC/func_report_wf/a96279fa47cf6cab612b02b2c20661e95e117a47/ds_report_background/mapflow/_ds_report_background0".[0m
2026-03-27 06:12:43 |[34;20m INFO     [0m|[34;20m nipype.workflow  [0m|[34;20m [Node] Executing "_ds_report_background0" <mriqc.interfaces.DerivativesDataSink>[0m
2026-03-27 06:12:43 |[34;20m INFO     [0m|[34;20m nipype.workflow  [0m|[34;20m [Node] Finished "_ds_report_background0", elapsed time 0.005532s.[0m
2026-03-27 06:12:43 |[34;20m INFO     [0m|[34;20m nipype.workflow  [0m|[34;20m [Node] Setting-up "_ds_report_stdev0" in "/local/nvme/ds006401_03.783919/ds/tmp/mriqc_wf/funcMRIQC/func_report_wf/a96279fa47cf6cab612b02b2c20661e95e117a47/ds_report_stdev/mapflow/_ds_report_stdev0".[0m
2026-03-27 06:12:43 |[34;20m INFO     [0m|[34;20m nipype.workflow  [0m|[34;20m [Node] Executing "_ds_report_stdev0" <mriqc.interfaces.DerivativesDataSink>[0m
2026-03-27 06:12:43 |[34;20m INFO     [0m|[34;20m nipype.workflow  [0m|[34;20m [Node] Finished "_ds_report_stdev0", elapsed time 0.005799s.[0m
2026-03-27 06:12:44 |[34;20m INFO     [0m|[34;20m nipype.workflow  [0m|[34;20m [Node] Setting-up "_ds_report_mean0" in "/local/nvme/ds006401_03.783919/ds/tmp/mriqc_wf/funcMRIQC/func_report_wf/004b2e173077cc78524b80b0cb08627134c5ab27/ds_report_mean/mapflow/_ds_report_mean0".[0m
2026-03-27 06:12:44 |[34;20m INFO     [0m|[34;20m nipype.workflow  [0m|[34;20m [Node] Executing "_ds_report_mean0" <mriqc.interfaces.DerivativesDataSink>[0m
2026-03-27 06:12:44 |[34;20m INFO     [0m|[34;20m nipype.workflow  [0m|[34;20m [Node] Finished "_ds_report_mean0", elapsed time 0.005597s.[0m
2026-03-27 06:12:44 |[34;20m INFO     [0m|[34;20m nipype.workflow  [0m|[34;20m [Node] Setting-up "_ds_report_background0" in "/local/nvme/ds006401_03.783919/ds/tmp/mriqc_wf/funcMRIQC/func_report_wf/004b2e173077cc78524b80b0cb08627134c5ab27/ds_report_background/mapflow/_ds_report_background0".[0m
2026-03-27 06:12:44 |[34;20m INFO     [0m|[34;20m nipype.workflow  [0m|[34;20m [Node] Executing "_ds_report_background0" <mriqc.interfaces.DerivativesDataSink>[0m
2026-03-27 06:12:44 |[34;20m INFO     [0m|[34;20m nipype.workflow  [0m|[34;20m [Node] Finished "_ds_report_background0", elapsed time 0.005578s.[0m
2026-03-27 06:12:44 |[34;20m INFO     [0m|[34;20m nipype.workflow  [0m|[34;20m [Node] Setting-up "_ds_report_stdev0" in "/local/nvme/ds006401_03.783919/ds/tmp/mriqc_wf/funcMRIQC/func_report_wf/004b2e173077cc78524b80b0cb08627134c5ab27/ds_report_stdev/mapflow/_ds_report_stdev0".[0m
2026-03-27 06:12:44 |[34;20m INFO     [0m|[34;20m nipype.workflow  [0m|[34;20m [Node] Executing "_ds_report_stdev0" <mriqc.interfaces.DerivativesDataSink>[0m
2026-03-27 06:12:44 |[34;20m INFO     [0m|[34;20m nipype.workflow  [0m|[34;20m [Node] Finished "_ds_report_stdev0", elapsed time 0.005557s.[0m
2026-03-27 06:12:44 |[34;20m INFO     [0m|[34;20m nipype.workflow  [0m|[34;20m [Node] Setting-up "_ds_report_mean0" in "/local/nvme/ds006401_03.783919/ds/tmp/mriqc_wf/funcMRIQC/func_report_wf/878eda798647c459b4832f63220b744d421a50f7/ds_report_mean/mapflow/_ds_report_mean0".[0m
2026-03-27 06:12:44 |[34;20m INFO     [0m|[34;20m nipype.workflow  [0m|[34;20m [Node] Executing "_ds_report_mean0" <mriqc.interfaces.DerivativesDataSink>[0m
2026-03-27 06:12:44 |[34;20m INFO     [0m|[34;20m nipype.workflow  [0m|[34;20m [Node] Finished "_ds_report_mean0", elapsed time 0.005094s.[0m
2026-03-27 06:12:45 |[34;20m INFO     [0m|[34;20m nipype.workflow  [0m|[34;20m [Node] Finished "_PlotMosaicNoise0", elapsed time 1.819435s.[0m
2026-03-27 06:12:45 |[34;20m INFO     [0m|[34;20m nipype.workflow  [0m|[34;20m [Node] Setting-up "_ds_report_background0" in "/local/nvme/ds006401_03.783919/ds/tmp/mriqc_wf/funcMRIQC/func_report_wf/878eda798647c459b4832f63220b744d421a50f7/ds_report_background/mapflow/_ds_report_background0".[0m
2026-03-27 06:12:45 |[34;20m INFO     [0m|[34;20m nipype.workflow  [0m|[34;20m [Node] Executing "_ds_report_background0" <mriqc.interfaces.DerivativesDataSink>[0m
2026-03-27 06:12:45 |[34;20m INFO     [0m|[34;20m nipype.workflow  [0m|[34;20m [Node] Finished "_ds_report_background0", elapsed time 0.005615s.[0m
2026-03-27 06:12:45 |[34;20m INFO     [0m|[34;20m nipype.workflow  [0m|[34;20m [Node] Finished "_PlotMosaicSD0", elapsed time 2.084842s.[0m
2026-03-27 06:12:46 |[34;20m INFO     [0m|[34;20m nipype.workflow  [0m|[34;20m [Node] Finished "SharpenEPI", elapsed time 5.023674s.[0m
2026-03-27 06:12:47 |[34;20m INFO     [0m|[34;20m nipype.workflow  [0m|[34;20m [Node] Setting-up "_ds_report_stdev0" in "/local/nvme/ds006401_03.783919/ds/tmp/mriqc_wf/funcMRIQC/func_report_wf/878eda798647c459b4832f63220b744d421a50f7/ds_report_stdev/mapflow/_ds_report_stdev0".[0m
2026-03-27 06:12:47 |[34;20m INFO     [0m|[34;20m nipype.workflow  [0m|[34;20m [Node] Executing "_ds_report_stdev0" <mriqc.interfaces.DerivativesDataSink>[0m
2026-03-27 06:12:47 |[34;20m INFO     [0m|[34;20m nipype.workflow  [0m|[34;20m [Node] Finished "_ds_report_stdev0", elapsed time 0.005034s.[0m
2026-03-27 06:12:48 |[34;20m INFO     [0m|[34;20m nipype.workflow  [0m|[34;20m [Node] Finished "_quality0", elapsed time 14.8441s.[0m
2026-03-27 06:12:49 |[34;20m INFO     [0m|[34;20m nipype.workflow  [0m|[34;20m [Node] Setting-up "mriqc_wf.funcMRIQC.synthstrip_wf.pre_n4" in "/local/nvme/ds006401_03.783919/ds/tmp/mriqc_wf/funcMRIQC/synthstrip_wf/a96279fa47cf6cab612b02b2c20661e95e117a47/pre_n4".[0m
2026-03-27 06:12:49 |[34;20m INFO     [0m|[34;20m nipype.workflow  [0m|[34;20m [Node] Executing "pre_n4" <nipype.interfaces.ants.segmentation.N4BiasFieldCorrection>[0m
2026-03-27 06:12:51 |[34;20m INFO     [0m|[34;20m nipype.workflow  [0m|[34;20m [Node] Finished "pre_n4", elapsed time 1.433477s.[0m
2026-03-27 06:12:51 |[34;20m INFO     [0m|[34;20m nipype.workflow  [0m|[34;20m [Node] Setting-up "mriqc_wf.funcMRIQC.synthstrip_wf.pre_n4" in "/local/nvme/ds006401_03.783919/ds/tmp/mriqc_wf/funcMRIQC/synthstrip_wf/004b2e173077cc78524b80b0cb08627134c5ab27/pre_n4".[0m
2026-03-27 06:12:51 |[34;20m INFO     [0m|[34;20m nipype.workflow  [0m|[34;20m [Node] Executing "pre_n4" <nipype.interfaces.ants.segmentation.N4BiasFieldCorrection>[0m
2026-03-27 06:12:53 |[34;20m INFO     [0m|[34;20m nipype.workflow  [0m|[34;20m [Node] Finished "pre_n4", elapsed time 1.3347609999999999s.[0m
2026-03-27 06:12:53 |[34;20m INFO     [0m|[34;20m nipype.workflow  [0m|[34;20m [Node] Setting-up "mriqc_wf.funcMRIQC.synthstrip_wf.pre_n4" in "/local/nvme/ds006401_03.783919/ds/tmp/mriqc_wf/funcMRIQC/synthstrip_wf/878eda798647c459b4832f63220b744d421a50f7/pre_n4".[0m
2026-03-27 06:12:53 |[34;20m INFO     [0m|[34;20m nipype.workflow  [0m|[34;20m [Node] Executing "pre_n4" <nipype.interfaces.ants.segmentation.N4BiasFieldCorrection>[0m
2026-03-27 06:12:55 |[34;20m INFO     [0m|[34;20m nipype.workflow  [0m|[34;20m [Node] Finished "pre_n4", elapsed time 1.3470659999999999s.[0m
2026-03-27 06:12:55 |[34;20m INFO     [0m|[34;20m nipype.workflow  [0m|[34;20m [Node] Setting-up "mriqc_wf.funcMRIQC.synthstrip_wf.synthstrip" in "/local/nvme/ds006401_03.783919/ds/tmp/mriqc_wf/funcMRIQC/synthstrip_wf/a96279fa47cf6cab612b02b2c20661e95e117a47/synthstrip".[0m
2026-03-27 06:12:55 |[34;20m INFO     [0m|[34;20m nipype.workflow  [0m|[34;20m [Node] Executing "synthstrip" <mriqc.interfaces.synthstrip.SynthStrip>[0m
2026-03-27 06:13:13 |[34;20m INFO     [0m|[34;20m nipype.workflow  [0m|[34;20m [Node] Finished "synthstrip", elapsed time 17.910347s.[0m
2026-03-27 06:13:15 |[34;20m INFO     [0m|[34;20m nipype.workflow  [0m|[34;20m [Node] Setting-up "mriqc_wf.funcMRIQC.synthstrip_wf.synthstrip" in "/local/nvme/ds006401_03.783919/ds/tmp/mriqc_wf/funcMRIQC/synthstrip_wf/004b2e173077cc78524b80b0cb08627134c5ab27/synthstrip".[0m
2026-03-27 06:13:15 |[34;20m INFO     [0m|[34;20m nipype.workflow  [0m|[34;20m [Node] Executing "synthstrip" <mriqc.interfaces.synthstrip.SynthStrip>[0m
2026-03-27 06:13:29 |[34;20m INFO     [0m|[34;20m nipype.workflow  [0m|[34;20m [Node] Finished "synthstrip", elapsed time 14.150744s.[0m
2026-03-27 06:13:31 |[34;20m INFO     [0m|[34;20m nipype.workflow  [0m|[34;20m [Node] Setting-up "mriqc_wf.funcMRIQC.synthstrip_wf.synthstrip" in "/local/nvme/ds006401_03.783919/ds/tmp/mriqc_wf/funcMRIQC/synthstrip_wf/878eda798647c459b4832f63220b744d421a50f7/synthstrip".[0m
2026-03-27 06:13:31 |[34;20m INFO     [0m|[34;20m nipype.workflow  [0m|[34;20m [Node] Executing "synthstrip" <mriqc.interfaces.synthstrip.SynthStrip>[0m
2026-03-27 06:13:47 |[34;20m INFO     [0m|[34;20m nipype.workflow  [0m|[34;20m [Node] Finished "synthstrip", elapsed time 16.039832s.[0m
2026-03-27 06:13:49 |[34;20m INFO     [0m|[34;20m nipype.workflow  [0m|[34;20m [Node] Setting-up "mriqc_wf.funcMRIQC.synthstrip_wf.post_n4" in "/local/nvme/ds006401_03.783919/ds/tmp/mriqc_wf/funcMRIQC/synthstrip_wf/a96279fa47cf6cab612b02b2c20661e95e117a47/post_n4".[0m
2026-03-27 06:13:49 |[34;20m INFO     [0m|[34;20m nipype.workflow  [0m|[34;20m [Node] Executing "post_n4" <nipype.interfaces.ants.segmentation.N4BiasFieldCorrection>[0m
2026-03-27 06:13:50 |[34;20m INFO     [0m|[34;20m nipype.workflow  [0m|[34;20m [Node] Finished "post_n4", elapsed time 1.108647s.[0m
2026-03-27 06:13:51 |[34;20m INFO     [0m|[34;20m nipype.workflow  [0m|[34;20m [Node] Setting-up "mriqc_wf.funcMRIQC.SpatialNormalization.EPI2MNI" in "/local/nvme/ds006401_03.783919/ds/tmp/mriqc_wf/funcMRIQC/SpatialNormalization/a96279fa47cf6cab612b02b2c20661e95e117a47/EPI2MNI".[0m
2026-03-27 06:13:51 |[34;20m INFO     [0m|[34;20m nipype.workflow  [0m|[34;20m [Node] Executing "EPI2MNI" <niworkflows.interfaces.reportlets.registration.SpatialNormalizationRPT>[0m
2026-03-27 06:13:51 |[34;20m INFO     [0m|[34;20m niworkflows      [0m|[34;20m Estimating initial transform using AffineInitializer[0m
2026-03-27 06:13:57 |[34;20m INFO     [0m|[34;20m niworkflows      [0m|[34;20m Terminal outputs of initialization saved (/local/nvme/ds006401_03.783919/ds/tmp/mriqc_wf/funcMRIQC/SpatialNormalization/a96279fa47cf6cab612b02b2c20661e95e117a47/EPI2MNI/stderr.nipype-init).[0m
2026-03-27 06:13:57 |[34;20m INFO     [0m|[34;20m niworkflows      [0m|[34;20m Loading settings from file /opt/conda/lib/python3.11/site-packages/niworkflows/data/boldref-mni_registration_precise_000.json.[0m
2026-03-27 06:13:57 |[34;20m INFO     [0m|[34;20m niworkflows      [0m|[34;20m Retry #1, commandline: 
antsRegistration --collapse-output-transforms 1 --dimensionality 3 --float 0 --initial-moving-transform [ /local/nvme/ds006401_03.783919/ds/tmp/mriqc_wf/funcMRIQC/SpatialNormalization/a96279fa47cf6cab612b02b2c20661e95e117a47/EPI2MNI/transform.mat, 0 ] --initialize-transforms-per-stage 0 --interpolation LanczosWindowedSinc --output [ epi_to_mni, epi_to_mni_Warped.nii.gz ] --transform Rigid[ 0.05 ] --metric Mattes[ /templateflow/tpl-MNI152NLin2009cAsym/tpl-MNI152NLin2009cAsym_res-02_desc-fMRIPrep_boldref.nii.gz, /local/nvme/ds006401_03.783919/ds/tmp/mriqc_wf/funcMRIQC/SpatialNormalization/a96279fa47cf6cab612b02b2c20661e95e117a47/SharpenEPI/sub-03_ses-01_task-mid_run-01_bold_desc-realigned_valid_tstat_corrected.nii.gz, 1, 56, Regular, 0.25 ] --convergence [ 10000x1000x100, 1e-06, 20 ] --smoothing-sigmas 4.0x2.0x1.0vox --shrink-factors 4x2x1 --use-histogram-matching 1 --masks [ /templateflow/tpl-MNI152NLin2009cAsym/tpl-MNI152NLin2009cAsym_res-02_desc-brain_mask.nii.gz, /local/nvme/ds006401_03.783919/ds/tmp/mriqc_wf/funcMRIQC/synthstrip_wf/a96279fa47cf6cab612b02b2c20661e95e117a47/synthstrip/clipped_corrected_desc-brain_mask.nii.gz ] --transform Affine[ 0.08 ] --metric Mattes[ /templateflow/tpl-MNI152NLin2009cAsym/tpl-MNI152NLin2009cAsym_res-02_desc-fMRIPrep_boldref.nii.gz, /local/nvme/ds006401_03.783919/ds/tmp/mriqc_wf/funcMRIQC/SpatialNormalization/a96279fa47cf6cab612b02b2c20661e95e117a47/SharpenEPI/sub-03_ses-01_task-mid_run-01_bold_desc-realigned_valid_tstat_corrected.nii.gz, 1, 56, Regular, 0.25 ] --convergence [ 500x250x100, 1e-06, 20 ] --smoothing-sigmas 4.0x2.0x1.0vox --shrink-factors 8x4x2 --use-histogram-matching 1 --masks [ /templateflow/tpl-MNI152NLin2009cAsym/tpl-MNI152NLin2009cAsym_res-02_desc-brain_mask.nii.gz, /local/nvme/ds006401_03.783919/ds/tmp/mriqc_wf/funcMRIQC/synthstrip_wf/a96279fa47cf6cab612b02b2c20661e95e117a47/synthstrip/clipped_corrected_desc-brain_mask.nii.gz ] --transform SyN[ 0.1, 3.0, 0.0 ] --metric CC[ /templateflow/tpl-MNI152NLin2009cAsym/tpl-MNI152NLin2009cAsym_res-02_desc-fMRIPrep_boldref.nii.gz, /local/nvme/ds006401_03.783919/ds/tmp/mriqc_wf/funcMRIQC/SpatialNormalization/a96279fa47cf6cab612b02b2c20661e95e117a47/SharpenEPI/sub-03_ses-01_task-mid_run-01_bold_desc-realigned_valid_tstat_corrected.nii.gz, 1, 4, None, 1 ] --convergence [ 100x30x20, 1e-06, 10 ] --smoothing-sigmas 3.0x2.0x1.0vox --shrink-factors 8x4x2 --use-histogram-matching 1 --masks [ /templateflow/tpl-MNI152NLin2009cAsym/tpl-MNI152NLin2009cAsym_res-02_desc-brain_mask.nii.gz, /local/nvme/ds006401_03.783919/ds/tmp/mriqc_wf/funcMRIQC/synthstrip_wf/a96279fa47cf6cab612b02b2c20661e95e117a47/synthstrip/clipped_corrected_desc-brain_mask.nii.gz ] --winsorize-image-intensities [ 0.005, 0.995 ]  --write-composite-transform 1[0m
2026-03-27 06:14:09 |[34;20m INFO     [0m|[34;20m niworkflows      [0m|[34;20m Successful spatial normalization (retry #1).[0m
2026-03-27 06:14:09 |[34;20m INFO     [0m|[34;20m niworkflows      [0m|[34;20m Report - setting fixed (/templateflow/tpl-MNI152NLin2009cAsym/tpl-MNI152NLin2009cAsym_res-02_desc-fMRIPrep_boldref.nii.gz) and moving (/local/nvme/ds006401_03.783919/ds/tmp/mriqc_wf/funcMRIQC/SpatialNormalization/a96279fa47cf6cab612b02b2c20661e95e117a47/EPI2MNI/epi_to_mni_Warped.nii.gz) images[0m
2026-03-27 06:14:09 |[34;20m INFO     [0m|[34;20m niworkflows      [0m|[34;20m Generating visual report[0m
2026-03-27 06:14:25 |[34;20m INFO     [0m|[34;20m nipype.workflow  [0m|[34;20m [Node] Finished "EPI2MNI", elapsed time 34.006873s.[0m
2026-03-27 06:14:27 |[34;20m INFO     [0m|[34;20m nipype.workflow  [0m|[34;20m [Node] Setting-up "mriqc_wf.funcMRIQC.func_report_wf.dilated_mask" in "/local/nvme/ds006401_03.783919/ds/tmp/mriqc_wf/funcMRIQC/func_report_wf/a96279fa47cf6cab612b02b2c20661e95e117a47/dilated_mask".[0m
2026-03-27 06:14:27 |[34;20m INFO     [0m|[34;20m nipype.workflow  [0m|[34;20m [Node] Setting-up "_ComputeDVARS0" in "/local/nvme/ds006401_03.783919/ds/tmp/mriqc_wf/funcMRIQC/ComputeIQMs/a96279fa47cf6cab612b02b2c20661e95e117a47/ComputeDVARS/mapflow/_ComputeDVARS0".[0m
2026-03-27 06:14:27 |[34;20m INFO     [0m|[34;20m nipype.workflow  [0m|[34;20m [Node] Executing "_ComputeDVARS0" <nipype.algorithms.confounds.ComputeDVARS>[0m
2026-03-27 06:14:27 |[34;20m INFO     [0m|[34;20m nipype.workflow  [0m|[34;20m [Node] Setting-up "mriqc_wf.funcMRIQC.func_report_wf.PlotBrainmask" in "/local/nvme/ds006401_03.783919/ds/tmp/mriqc_wf/funcMRIQC/func_report_wf/a96279fa47cf6cab612b02b2c20661e95e117a47/PlotBrainmask".[0m
2026-03-27 06:14:27 |[34;20m INFO     [0m|[34;20m nipype.workflow  [0m|[34;20m [Node] Executing "dilated_mask" <niworkflows.interfaces.morphology.BinaryDilation>[0m
2026-03-27 06:14:27 |[34;20m INFO     [0m|[34;20m nipype.workflow  [0m|[34;20m [Node] Setting-up "_outliers0" in "/local/nvme/ds006401_03.783919/ds/tmp/mriqc_wf/funcMRIQC/ComputeIQMs/a96279fa47cf6cab612b02b2c20661e95e117a47/outliers/mapflow/_outliers0".[0m
2026-03-27 06:14:27 |[34;20m INFO     [0m|[34;20m nipype.workflow  [0m|[34;20m [Node] Setting-up "_smoothness0" in "/local/nvme/ds006401_03.783919/ds/tmp/mriqc_wf/funcMRIQC/ComputeIQMs/a96279fa47cf6cab612b02b2c20661e95e117a47/smoothness/mapflow/_smoothness0".[0m
2026-03-27 06:14:27 |[34;20m INFO     [0m|[34;20m nipype.workflow  [0m|[34;20m [Node] Setting-up "_gcor0" in "/local/nvme/ds006401_03.783919/ds/tmp/mriqc_wf/funcMRIQC/ComputeIQMs/a96279fa47cf6cab612b02b2c20661e95e117a47/gcor/mapflow/_gcor0".[0m
2026-03-27 06:14:27 |[34;20m INFO     [0m|[34;20m nipype.workflow  [0m|[34;20m [Node] Executing "_outliers0" <nipype.interfaces.afni.preprocess.OutlierCount>[0m
2026-03-27 06:14:27 |[34;20m INFO     [0m|[34;20m nipype.workflow  [0m|[34;20m [Node] Executing "_smoothness0" <nipype.interfaces.afni.utils.FWHMx>[0m
2026-03-27 06:14:27 |[34;20m INFO     [0m|[34;20m nipype.workflow  [0m|[34;20m [Node] Executing "PlotBrainmask" <nireports.interfaces.mosaic.PlotContours>[0m
2026-03-27 06:14:27 |[34;20m INFO     [0m|[34;20m nipype.workflow  [0m|[34;20m [Node] Executing "_gcor0" <mriqc.interfaces.transitional.GCOR>[0m
2026-03-27 06:14:27 |[34;20m INFO     [0m|[34;20m nipype.workflow  [0m|[34;20m [Node] Setting-up "_PlotMosaicZoomed0" in "/local/nvme/ds006401_03.783919/ds/tmp/mriqc_wf/funcMRIQC/func_report_wf/a96279fa47cf6cab612b02b2c20661e95e117a47/PlotMosaicZoomed/mapflow/_PlotMosaicZoomed0".[0m
2026-03-27 06:14:27 |[34;20m INFO     [0m|[34;20m nipype.workflow  [0m|[34;20m [Node] Executing "_PlotMosaicZoomed0" <nireports.interfaces.mosaic.PlotMosaic>[0m
2026-03-27 06:14:27 |[34;20m INFO     [0m|[34;20m nipype.workflow  [0m|[34;20m [Node] Setting-up "_ComputeDVARS0" in "/local/nvme/ds006401_03.783919/ds/tmp/mriqc_wf/funcMRIQC/ComputeIQMs/004b2e173077cc78524b80b0cb08627134c5ab27/ComputeDVARS/mapflow/_ComputeDVARS0".[0m
2026-03-27 06:14:27 |[34;20m INFO     [0m|[34;20m nipype.workflow  [0m|[34;20m [Node] Executing "_ComputeDVARS0" <nipype.algorithms.confounds.ComputeDVARS>[0m
2026-03-27 06:14:27 |[34;20m INFO     [0m|[34;20m nipype.workflow  [0m|[34;20m [Node] Finished "dilated_mask", elapsed time 0.043531s.[0m
2026-03-27 06:14:28 |[34;20m INFO     [0m|[34;20m nipype.workflow  [0m|[34;20m [Node] Finished "_smoothness0", elapsed time 0.581915s.[0m
2026-03-27 06:14:28 |[34;20m INFO     [0m|[34;20m nipype.workflow  [0m|[34;20m [Node] Finished "PlotBrainmask", elapsed time 1.2518340000000001s.[0m
2026-03-27 06:14:29 |[34;20m INFO     [0m|[34;20m nipype.workflow  [0m|[34;20m [Node] Finished "_PlotMosaicZoomed0", elapsed time 1.521214s.[0m
2026-03-27 06:14:29 |[34;20m INFO     [0m|[34;20m nipype.workflow  [0m|[34;20m [Node] Setting-up "mriqc_wf.funcMRIQC.func_report_wf.dilated_mask" in "/local/nvme/ds006401_03.783919/ds/tmp/mriqc_wf/funcMRIQC/func_report_wf/004b2e173077cc78524b80b0cb08627134c5ab27/dilated_mask".[0m
2026-03-27 06:14:29 |[34;20m INFO     [0m|[34;20m nipype.workflow  [0m|[34;20m [Node] Setting-up "_smoothness0" in "/local/nvme/ds006401_03.783919/ds/tmp/mriqc_wf/funcMRIQC/ComputeIQMs/004b2e173077cc78524b80b0cb08627134c5ab27/smoothness/mapflow/_smoothness0".[0m
2026-03-27 06:14:29 |[34;20m INFO     [0m|[34;20m nipype.workflow  [0m|[34;20m [Node] Executing "dilated_mask" <niworkflows.interfaces.morphology.BinaryDilation>[0m
2026-03-27 06:14:29 |[34;20m INFO     [0m|[34;20m nipype.workflow  [0m|[34;20m [Node] Setting-up "_gcor0" in "/local/nvme/ds006401_03.783919/ds/tmp/mriqc_wf/funcMRIQC/ComputeIQMs/004b2e173077cc78524b80b0cb08627134c5ab27/gcor/mapflow/_gcor0".[0m
2026-03-27 06:14:29 |[34;20m INFO     [0m|[34;20m nipype.workflow  [0m|[34;20m [Node] Setting-up "_outliers0" in "/local/nvme/ds006401_03.783919/ds/tmp/mriqc_wf/funcMRIQC/ComputeIQMs/004b2e173077cc78524b80b0cb08627134c5ab27/outliers/mapflow/_outliers0".[0m
2026-03-27 06:14:29 |[34;20m INFO     [0m|[34;20m nipype.workflow  [0m|[34;20m [Node] Executing "_smoothness0" <nipype.interfaces.afni.utils.FWHMx>[0m
2026-03-27 06:14:29 |[34;20m INFO     [0m|[34;20m nipype.workflow  [0m|[34;20m [Node] Executing "_outliers0" <nipype.interfaces.afni.preprocess.OutlierCount>[0m
2026-03-27 06:14:29 |[34;20m INFO     [0m|[34;20m nipype.workflow  [0m|[34;20m [Node] Executing "_gcor0" <mriqc.interfaces.transitional.GCOR>[0m
2026-03-27 06:14:29 |[34;20m INFO     [0m|[34;20m nipype.workflow  [0m|[34;20m [Node] Finished "dilated_mask", elapsed time 0.046698s.[0m
2026-03-27 06:14:30 |[34;20m INFO     [0m|[34;20m nipype.workflow  [0m|[34;20m [Node] Finished "_smoothness0", elapsed time 0.514014s.[0m
2026-03-27 06:14:31 |[34;20m INFO     [0m|[34;20m nipype.workflow  [0m|[34;20m [Node] Setting-up "mriqc_wf.funcMRIQC.func_report_wf.PlotBrainmask" in "/local/nvme/ds006401_03.783919/ds/tmp/mriqc_wf/funcMRIQC/func_report_wf/004b2e173077cc78524b80b0cb08627134c5ab27/PlotBrainmask".[0m
2026-03-27 06:14:31 |[34;20m INFO     [0m|[34;20m nipype.workflow  [0m|[34;20m [Node] Executing "PlotBrainmask" <nireports.interfaces.mosaic.PlotContours>[0m
2026-03-27 06:14:31 |[34;20m INFO     [0m|[34;20m nipype.workflow  [0m|[34;20m [Node] Setting-up "_PlotMosaicZoomed0" in "/local/nvme/ds006401_03.783919/ds/tmp/mriqc_wf/funcMRIQC/func_report_wf/004b2e173077cc78524b80b0cb08627134c5ab27/PlotMosaicZoomed/mapflow/_PlotMosaicZoomed0".[0m
2026-03-27 06:14:31 |[34;20m INFO     [0m|[34;20m nipype.workflow  [0m|[34;20m [Node] Executing "_PlotMosaicZoomed0" <nireports.interfaces.mosaic.PlotMosaic>[0m
2026-03-27 06:14:33 |[34;20m INFO     [0m|[34;20m nipype.workflow  [0m|[34;20m [Node] Finished "_outliers0", elapsed time 5.4774s.[0m
2026-03-27 06:14:33 |[34;20m INFO     [0m|[34;20m nipype.workflow  [0m|[34;20m [Node] Finished "PlotBrainmask", elapsed time 1.555358s.[0m
2026-03-27 06:14:33 |[34;20m INFO     [0m|[34;20m nipype.workflow  [0m|[34;20m [Node] Finished "_PlotMosaicZoomed0", elapsed time 1.683197s.[0m
2026-03-27 06:14:33 |[34;20m INFO     [0m|[34;20m nipype.workflow  [0m|[34;20m [Node] Setting-up "_ComputeDVARS0" in "/local/nvme/ds006401_03.783919/ds/tmp/mriqc_wf/funcMRIQC/ComputeIQMs/878eda798647c459b4832f63220b744d421a50f7/ComputeDVARS/mapflow/_ComputeDVARS0".[0m
2026-03-27 06:14:33 |[34;20m INFO     [0m|[34;20m nipype.workflow  [0m|[34;20m [Node] Setting-up "_outliers0" in "/local/nvme/ds006401_03.783919/ds/tmp/mriqc_wf/funcMRIQC/ComputeIQMs/878eda798647c459b4832f63220b744d421a50f7/outliers/mapflow/_outliers0".[0m
2026-03-27 06:14:33 |[34;20m INFO     [0m|[34;20m nipype.workflow  [0m|[34;20m [Node] Setting-up "_smoothness0" in "/local/nvme/ds006401_03.783919/ds/tmp/mriqc_wf/funcMRIQC/ComputeIQMs/878eda798647c459b4832f63220b744d421a50f7/smoothness/mapflow/_smoothness0".[0m
2026-03-27 06:14:33 |[34;20m INFO     [0m|[34;20m nipype.workflow  [0m|[34;20m [Node] Executing "_ComputeDVARS0" <nipype.algorithms.confounds.ComputeDVARS>[0m
2026-03-27 06:14:33 |[34;20m INFO     [0m|[34;20m nipype.workflow  [0m|[34;20m [Node] Executing "_outliers0" <nipype.interfaces.afni.preprocess.OutlierCount>[0m
2026-03-27 06:14:33 |[34;20m INFO     [0m|[34;20m nipype.workflow  [0m|[34;20m [Node] Executing "_smoothness0" <nipype.interfaces.afni.utils.FWHMx>[0m
2026-03-27 06:14:34 |[34;20m INFO     [0m|[34;20m nipype.workflow  [0m|[34;20m [Node] Finished "_smoothness0", elapsed time 0.528928s.[0m
2026-03-27 06:14:35 |[34;20m INFO     [0m|[34;20m nipype.workflow  [0m|[34;20m [Node] Finished "_outliers0", elapsed time 5.560349s.[0m
2026-03-27 06:14:35 |[34;20m INFO     [0m|[34;20m nipype.workflow  [0m|[34;20m [Node] Setting-up "mriqc_wf.funcMRIQC.func_report_wf.dilated_mask" in "/local/nvme/ds006401_03.783919/ds/tmp/mriqc_wf/funcMRIQC/func_report_wf/878eda798647c459b4832f63220b744d421a50f7/dilated_mask".[0m
2026-03-27 06:14:35 |[34;20m INFO     [0m|[34;20m nipype.workflow  [0m|[34;20m [Node] Setting-up "_gcor0" in "/local/nvme/ds006401_03.783919/ds/tmp/mriqc_wf/funcMRIQC/ComputeIQMs/878eda798647c459b4832f63220b744d421a50f7/gcor/mapflow/_gcor0".[0m
2026-03-27 06:14:35 |[34;20m INFO     [0m|[34;20m nipype.workflow  [0m|[34;20m [Node] Executing "dilated_mask" <niworkflows.interfaces.morphology.BinaryDilation>[0m
2026-03-27 06:14:35 |[34;20m INFO     [0m|[34;20m nipype.workflow  [0m|[34;20m [Node] Executing "_gcor0" <mriqc.interfaces.transitional.GCOR>[0m
2026-03-27 06:14:35 |[34;20m INFO     [0m|[34;20m nipype.workflow  [0m|[34;20m [Node] Finished "dilated_mask", elapsed time 0.023839s.[0m
2026-03-27 06:14:37 |[34;20m INFO     [0m|[34;20m nipype.workflow  [0m|[34;20m [Node] Setting-up "_PlotMosaicZoomed0" in "/local/nvme/ds006401_03.783919/ds/tmp/mriqc_wf/funcMRIQC/func_report_wf/878eda798647c459b4832f63220b744d421a50f7/PlotMosaicZoomed/mapflow/_PlotMosaicZoomed0".[0m
2026-03-27 06:14:37 |[34;20m INFO     [0m|[34;20m nipype.workflow  [0m|[34;20m [Node] Executing "_PlotMosaicZoomed0" <nireports.interfaces.mosaic.PlotMosaic>[0m
2026-03-27 06:14:37 |[34;20m INFO     [0m|[34;20m nipype.workflow  [0m|[34;20m [Node] Finished "_gcor0", elapsed time 10.016724s.[0m
2026-03-27 06:14:39 |[34;20m INFO     [0m|[34;20m nipype.workflow  [0m|[34;20m [Node] Finished "_PlotMosaicZoomed0", elapsed time 1.4913910000000001s.[0m
2026-03-27 06:14:39 |[34;20m INFO     [0m|[34;20m nipype.workflow  [0m|[34;20m [Node] Finished "_gcor0", elapsed time 9.845547s.[0m
2026-03-27 06:14:39 |[34;20m INFO     [0m|[34;20m nipype.workflow  [0m|[34;20m [Node] Setting-up "mriqc_wf.funcMRIQC.func_report_wf.PlotBrainmask" in "/local/nvme/ds006401_03.783919/ds/tmp/mriqc_wf/funcMRIQC/func_report_wf/878eda798647c459b4832f63220b744d421a50f7/PlotBrainmask".[0m
2026-03-27 06:14:39 |[34;20m INFO     [0m|[34;20m nipype.workflow  [0m|[34;20m [Node] Setting-up "mriqc_wf.funcMRIQC.synthstrip_wf.final_masked" in "/local/nvme/ds006401_03.783919/ds/tmp/mriqc_wf/funcMRIQC/synthstrip_wf/a96279fa47cf6cab612b02b2c20661e95e117a47/final_masked".[0m
2026-03-27 06:14:39 |[34;20m INFO     [0m|[34;20m nipype.workflow  [0m|[34;20m [Node] Executing "PlotBrainmask" <nireports.interfaces.mosaic.PlotContours>[0m
2026-03-27 06:14:39 |[34;20m INFO     [0m|[34;20m nipype.workflow  [0m|[34;20m [Node] Executing "final_masked" <niworkflows.interfaces.nibabel.ApplyMask>[0m
2026-03-27 06:14:39 |[34;20m INFO     [0m|[34;20m nipype.workflow  [0m|[34;20m [Node] Finished "final_masked", elapsed time 0.039557s.[0m
2026-03-27 06:14:40 |[34;20m INFO     [0m|[34;20m nipype.workflow  [0m|[34;20m [Node] Finished "PlotBrainmask", elapsed time 1.227172s.[0m
2026-03-27 06:14:41 |[34;20m INFO     [0m|[34;20m nipype.workflow  [0m|[34;20m [Node] Finished "_outliers0", elapsed time 7.929732s.[0m
2026-03-27 06:14:41 |[34;20m INFO     [0m|[34;20m nipype.workflow  [0m|[34;20m [Node] Setting-up "mriqc_wf.funcMRIQC.func_report_wf.ds_report_norm" in "/local/nvme/ds006401_03.783919/ds/tmp/mriqc_wf/funcMRIQC/func_report_wf/a96279fa47cf6cab612b02b2c20661e95e117a47/ds_report_norm".[0m
2026-03-27 06:14:41 |[34;20m INFO     [0m|[34;20m nipype.workflow  [0m|[34;20m [Node] Setting-up "mriqc_wf.funcMRIQC.SpatialNormalization.ResampleSegmentation" in "/local/nvme/ds006401_03.783919/ds/tmp/mriqc_wf/funcMRIQC/SpatialNormalization/a96279fa47cf6cab612b02b2c20661e95e117a47/ResampleSegmentation".[0m
2026-03-27 06:14:41 |[34;20m INFO     [0m|[34;20m nipype.workflow  [0m|[34;20m [Node] Executing "ds_report_norm" <mriqc.interfaces.DerivativesDataSink>[0m
2026-03-27 06:14:41 |[34;20m INFO     [0m|[34;20m nipype.workflow  [0m|[34;20m [Node] Executing "ResampleSegmentation" <nipype.interfaces.ants.resampling.ApplyTransforms>[0m
2026-03-27 06:14:41 |[34;20m INFO     [0m|[34;20m nipype.workflow  [0m|[34;20m [Node] Finished "ds_report_norm", elapsed time 0.005414s.[0m
2026-03-27 06:14:41 |[34;20m INFO     [0m|[34;20m nipype.workflow  [0m|[34;20m [Node] Setting-up "mriqc_wf.funcMRIQC.func_report_wf.subtract_mask" in "/local/nvme/ds006401_03.783919/ds/tmp/mriqc_wf/funcMRIQC/func_report_wf/a96279fa47cf6cab612b02b2c20661e95e117a47/subtract_mask".[0m
2026-03-27 06:14:41 |[34;20m INFO     [0m|[34;20m nipype.workflow  [0m|[34;20m [Node] Executing "subtract_mask" <niworkflows.interfaces.morphology.BinarySubtraction>[0m
2026-03-27 06:14:41 |[34;20m INFO     [0m|[34;20m nipype.workflow  [0m|[34;20m [Node] Setting-up "_ds_report_zoomed0" in "/local/nvme/ds006401_03.783919/ds/tmp/mriqc_wf/funcMRIQC/func_report_wf/a96279fa47cf6cab612b02b2c20661e95e117a47/ds_report_zoomed/mapflow/_ds_report_zoomed0".[0m
2026-03-27 06:14:41 |[34;20m INFO     [0m|[34;20m nipype.workflow  [0m|[34;20m [Node] Executing "_ds_report_zoomed0" <mriqc.interfaces.DerivativesDataSink>[0m
2026-03-27 06:14:41 |[34;20m INFO     [0m|[34;20m nipype.workflow  [0m|[34;20m [Node] Finished "_ds_report_zoomed0", elapsed time 0.005387s.[0m
2026-03-27 06:14:41 |[34;20m INFO     [0m|[34;20m nipype.workflow  [0m|[34;20m [Node] Finished "subtract_mask", elapsed time 0.018359s.[0m
2026-03-27 06:14:41 |[34;20m INFO     [0m|[34;20m nipype.workflow  [0m|[34;20m [Node] Setting-up "mriqc_wf.funcMRIQC.func_report_wf.ds_report_bmask" in "/local/nvme/ds006401_03.783919/ds/tmp/mriqc_wf/funcMRIQC/func_report_wf/a96279fa47cf6cab612b02b2c20661e95e117a47/ds_report_bmask".[0m
2026-03-27 06:14:41 |[34;20m INFO     [0m|[34;20m nipype.workflow  [0m|[34;20m [Node] Executing "ds_report_bmask" <mriqc.interfaces.DerivativesDataSink>[0m
2026-03-27 06:14:41 |[34;20m INFO     [0m|[34;20m nipype.workflow  [0m|[34;20m [Node] Finished "ds_report_bmask", elapsed time 0.005178s.[0m
2026-03-27 06:14:42 |[34;20m INFO     [0m|[34;20m nipype.workflow  [0m|[34;20m [Node] Setting-up "mriqc_wf.funcMRIQC.func_report_wf.subtract_mask" in "/local/nvme/ds006401_03.783919/ds/tmp/mriqc_wf/funcMRIQC/func_report_wf/004b2e173077cc78524b80b0cb08627134c5ab27/subtract_mask".[0m
2026-03-27 06:14:42 |[34;20m INFO     [0m|[34;20m nipype.workflow  [0m|[34;20m [Node] Executing "subtract_mask" <niworkflows.interfaces.morphology.BinarySubtraction>[0m
2026-03-27 06:14:42 |[34;20m INFO     [0m|[34;20m nipype.workflow  [0m|[34;20m [Node] Finished "subtract_mask", elapsed time 0.015693s.[0m
2026-03-27 06:14:43 |[34;20m INFO     [0m|[34;20m nipype.workflow  [0m|[34;20m [Node] Setting-up "_ds_report_zoomed0" in "/local/nvme/ds006401_03.783919/ds/tmp/mriqc_wf/funcMRIQC/func_report_wf/004b2e173077cc78524b80b0cb08627134c5ab27/ds_report_zoomed/mapflow/_ds_report_zoomed0".[0m
2026-03-27 06:14:43 |[34;20m INFO     [0m|[34;20m nipype.workflow  [0m|[34;20m [Node] Executing "_ds_report_zoomed0" <mriqc.interfaces.DerivativesDataSink>[0m
2026-03-27 06:14:43 |[34;20m INFO     [0m|[34;20m nipype.workflow  [0m|[34;20m [Node] Finished "_ds_report_zoomed0", elapsed time 0.00529s.[0m
2026-03-27 06:14:43 |[34;20m INFO     [0m|[34;20m nipype.workflow  [0m|[34;20m [Node] Setting-up "mriqc_wf.funcMRIQC.func_report_wf.ds_report_bmask" in "/local/nvme/ds006401_03.783919/ds/tmp/mriqc_wf/funcMRIQC/func_report_wf/004b2e173077cc78524b80b0cb08627134c5ab27/ds_report_bmask".[0m
2026-03-27 06:14:43 |[34;20m INFO     [0m|[34;20m nipype.workflow  [0m|[34;20m [Node] Executing "ds_report_bmask" <mriqc.interfaces.DerivativesDataSink>[0m
2026-03-27 06:14:43 |[34;20m INFO     [0m|[34;20m nipype.workflow  [0m|[34;20m [Node] Finished "ds_report_bmask", elapsed time 0.005301s.[0m
2026-03-27 06:14:43 |[34;20m INFO     [0m|[34;20m nipype.workflow  [0m|[34;20m [Node] Setting-up "mriqc_wf.funcMRIQC.func_report_wf.subtract_mask" in "/local/nvme/ds006401_03.783919/ds/tmp/mriqc_wf/funcMRIQC/func_report_wf/878eda798647c459b4832f63220b744d421a50f7/subtract_mask".[0m
2026-03-27 06:14:43 |[34;20m INFO     [0m|[34;20m nipype.workflow  [0m|[34;20m [Node] Setting-up "_ds_report_zoomed0" in "/local/nvme/ds006401_03.783919/ds/tmp/mriqc_wf/funcMRIQC/func_report_wf/878eda798647c459b4832f63220b744d421a50f7/ds_report_zoomed/mapflow/_ds_report_zoomed0".[0m
2026-03-27 06:14:43 |[34;20m INFO     [0m|[34;20m nipype.workflow  [0m|[34;20m [Node] Executing "_ds_report_zoomed0" <mriqc.interfaces.DerivativesDataSink>[0m
2026-03-27 06:14:43 |[34;20m INFO     [0m|[34;20m nipype.workflow  [0m|[34;20m [Node] Executing "subtract_mask" <niworkflows.interfaces.morphology.BinarySubtraction>[0m
2026-03-27 06:14:43 |[34;20m INFO     [0m|[34;20m nipype.workflow  [0m|[34;20m [Node] Finished "_ds_report_zoomed0", elapsed time 0.005112s.[0m
2026-03-27 06:14:43 |[34;20m INFO     [0m|[34;20m nipype.workflow  [0m|[34;20m [Node] Finished "subtract_mask", elapsed time 0.015625s.[0m
2026-03-27 06:14:44 |[34;20m INFO     [0m|[34;20m nipype.workflow  [0m|[34;20m [Node] Setting-up "mriqc_wf.funcMRIQC.func_report_wf.ds_report_bmask" in "/local/nvme/ds006401_03.783919/ds/tmp/mriqc_wf/funcMRIQC/func_report_wf/878eda798647c459b4832f63220b744d421a50f7/ds_report_bmask".[0m
2026-03-27 06:14:44 |[34;20m INFO     [0m|[34;20m nipype.workflow  [0m|[34;20m [Node] Executing "ds_report_bmask" <mriqc.interfaces.DerivativesDataSink>[0m
2026-03-27 06:14:44 |[34;20m INFO     [0m|[34;20m nipype.workflow  [0m|[34;20m [Node] Finished "ds_report_bmask", elapsed time 0.005382s.[0m
2026-03-27 06:14:44 |[34;20m INFO     [0m|[34;20m nipype.workflow  [0m|[34;20m [Node] Finished "ResampleSegmentation", elapsed time 3.214069s.[0m
2026-03-27 06:14:45 |[34;20m INFO     [0m|[34;20m nipype.workflow  [0m|[34;20m [Node] Setting-up "mriqc_wf.funcMRIQC.func_report_wf.parcels" in "/local/nvme/ds006401_03.783919/ds/tmp/mriqc_wf/funcMRIQC/func_report_wf/a96279fa47cf6cab612b02b2c20661e95e117a47/parcels".[0m
2026-03-27 06:14:45 |[34;20m INFO     [0m|[34;20m nipype.workflow  [0m|[34;20m [Node] Executing "parcels" <nipype.interfaces.utility.wrappers.Function>[0m
2026-03-27 06:14:45 |[34;20m INFO     [0m|[34;20m nipype.workflow  [0m|[34;20m [Node] Finished "parcels", elapsed time 0.033161s.[0m
2026-03-27 06:14:49 |[34;20m INFO     [0m|[34;20m nipype.workflow  [0m|[34;20m [Node] Finished "_ComputeDVARS0", elapsed time 21.658559s.[0m
2026-03-27 06:14:49 |[34;20m INFO     [0m|[34;20m nipype.workflow  [0m|[34;20m [Node] Finished "_ComputeDVARS0", elapsed time 21.951678s.[0m
2026-03-27 06:14:49 |[34;20m INFO     [0m|[34;20m nipype.workflow  [0m|[34;20m [Node] Setting-up "_measures0" in "/local/nvme/ds006401_03.783919/ds/tmp/mriqc_wf/funcMRIQC/ComputeIQMs/a96279fa47cf6cab612b02b2c20661e95e117a47/measures/mapflow/_measures0".[0m
2026-03-27 06:14:49 |[34;20m INFO     [0m|[34;20m nipype.workflow  [0m|[34;20m [Node] Setting-up "_timeseries0" in "/local/nvme/ds006401_03.783919/ds/tmp/mriqc_wf/funcMRIQC/ComputeIQMs/a96279fa47cf6cab612b02b2c20661e95e117a47/timeseries/mapflow/_timeseries0".[0m
2026-03-27 06:14:49 |[34;20m INFO     [0m|[34;20m nipype.workflow  [0m|[34;20m [Node] Executing "_timeseries0" <mriqc.interfaces.functional.GatherTimeseries>[0m
2026-03-27 06:14:49 |[34;20m INFO     [0m|[34;20m nipype.workflow  [0m|[34;20m [Node] Executing "_measures0" <mriqc.interfaces.functional.FunctionalQC>[0m
2026-03-27 06:14:49 |[34;20m INFO     [0m|[34;20m nipype.workflow  [0m|[34;20m [Node] Finished "_timeseries0", elapsed time 0.026525s.[0m
2026-03-27 06:14:49 |[34;20m INFO     [0m|[34;20m nipype.workflow  [0m|[34;20m [Node] Finished "_gcor0", elapsed time 14.187855s.[0m
2026-03-27 06:14:51 |[34;20m INFO     [0m|[34;20m nipype.workflow  [0m|[34;20m [Node] Setting-up "_timeseries0" in "/local/nvme/ds006401_03.783919/ds/tmp/mriqc_wf/funcMRIQC/ComputeIQMs/004b2e173077cc78524b80b0cb08627134c5ab27/timeseries/mapflow/_timeseries0".[0m
2026-03-27 06:14:51 |[34;20m INFO     [0m|[34;20m nipype.workflow  [0m|[34;20m [Node] Executing "_timeseries0" <mriqc.interfaces.functional.GatherTimeseries>[0m
2026-03-27 06:14:51 |[34;20m INFO     [0m|[34;20m nipype.workflow  [0m|[34;20m [Node] Setting-up "_ds_timeseries0" in "/local/nvme/ds006401_03.783919/ds/tmp/mriqc_wf/funcMRIQC/ComputeIQMs/a96279fa47cf6cab612b02b2c20661e95e117a47/ds_timeseries/mapflow/_ds_timeseries0".[0m
2026-03-27 06:14:51 |[34;20m INFO     [0m|[34;20m nipype.workflow  [0m|[34;20m [Node] Executing "_ds_timeseries0" <mriqc.interfaces.DerivativesDataSink>[0m
2026-03-27 06:14:51 |[34;20m INFO     [0m|[34;20m nipype.workflow  [0m|[34;20m [Node] Finished "_ds_timeseries0", elapsed time 0.004957s.[0m
2026-03-27 06:14:51 |[34;20m INFO     [0m|[34;20m nipype.workflow  [0m|[34;20m [Node] Finished "_timeseries0", elapsed time 0.019248s.[0m
2026-03-27 06:14:51 |[34;20m INFO     [0m|[34;20m nipype.workflow  [0m|[34;20m [Node] Setting-up "_BigPlot0" in "/local/nvme/ds006401_03.783919/ds/tmp/mriqc_wf/funcMRIQC/func_report_wf/a96279fa47cf6cab612b02b2c20661e95e117a47/BigPlot/mapflow/_BigPlot0".[0m
2026-03-27 06:14:51 |[34;20m INFO     [0m|[34;20m nipype.workflow  [0m|[34;20m [Node] Executing "_BigPlot0" <nireports.interfaces.fmri.FMRISummary>[0m
2026-03-27 06:14:53 |[34;20m INFO     [0m|[34;20m nipype.workflow  [0m|[34;20m [Node] Setting-up "_ds_timeseries0" in "/local/nvme/ds006401_03.783919/ds/tmp/mriqc_wf/funcMRIQC/ComputeIQMs/004b2e173077cc78524b80b0cb08627134c5ab27/ds_timeseries/mapflow/_ds_timeseries0".[0m
2026-03-27 06:14:53 |[34;20m INFO     [0m|[34;20m nipype.workflow  [0m|[34;20m [Node] Executing "_ds_timeseries0" <mriqc.interfaces.DerivativesDataSink>[0m
2026-03-27 06:14:53 |[34;20m INFO     [0m|[34;20m nipype.workflow  [0m|[34;20m [Node] Finished "_ds_timeseries0", elapsed time 0.004342s.[0m
2026-03-27 06:14:53 |[34;20m INFO     [0m|[34;20m nipype.workflow  [0m|[34;20m [Node] Finished "_measures0", elapsed time 3.983674s.[0m
2026-03-27 06:14:55 |[34;20m INFO     [0m|[34;20m nipype.workflow  [0m|[34;20m [Node] Setting-up "_measures0" in "/local/nvme/ds006401_03.783919/ds/tmp/mriqc_wf/funcMRIQC/ComputeIQMs/004b2e173077cc78524b80b0cb08627134c5ab27/measures/mapflow/_measures0".[0m
2026-03-27 06:14:55 |[34;20m INFO     [0m|[34;20m nipype.workflow  [0m|[34;20m [Node] Executing "_measures0" <mriqc.interfaces.functional.FunctionalQC>[0m
2026-03-27 06:14:55 |[34;20m INFO     [0m|[34;20m nipype.workflow  [0m|[34;20m [Node] Setting-up "_datasink0" in "/local/nvme/ds006401_03.783919/ds/tmp/mriqc_wf/funcMRIQC/ComputeIQMs/a96279fa47cf6cab612b02b2c20661e95e117a47/datasink/mapflow/_datasink0".[0m
2026-03-27 06:14:55 |[34;20m INFO     [0m|[34;20m nipype.workflow  [0m|[34;20m [Node] Executing "_datasink0" <mriqc.interfaces.bids.IQMFileSink>[0m
2026-03-27 06:14:55 |[34;20m INFO     [0m|[34;20m nipype.workflow  [0m|[34;20m [Node] Finished "_datasink0", elapsed time 0.001841s.[0m
2026-03-27 06:14:58 |[34;20m INFO     [0m|[34;20m nipype.workflow  [0m|[34;20m [Node] Finished "_measures0", elapsed time 3.031918s.[0m
2026-03-27 06:14:58 |[34;20m INFO     [0m|[34;20m nipype.workflow  [0m|[34;20m [Node] Finished "_BigPlot0", elapsed time 6.908117s.[0m
2026-03-27 06:14:59 |[34;20m INFO     [0m|[34;20m nipype.workflow  [0m|[34;20m [Node] Setting-up "_datasink0" in "/local/nvme/ds006401_03.783919/ds/tmp/mriqc_wf/funcMRIQC/ComputeIQMs/004b2e173077cc78524b80b0cb08627134c5ab27/datasink/mapflow/_datasink0".[0m
2026-03-27 06:14:59 |[34;20m INFO     [0m|[34;20m nipype.workflow  [0m|[34;20m [Node] Executing "_datasink0" <mriqc.interfaces.bids.IQMFileSink>[0m
2026-03-27 06:14:59 |[34;20m INFO     [0m|[34;20m nipype.workflow  [0m|[34;20m [Node] Finished "_datasink0", elapsed time 0.000644s.[0m
2026-03-27 06:14:59 |[34;20m INFO     [0m|[34;20m nipype.workflow  [0m|[34;20m [Node] Setting-up "_ds_report_carpet0" in "/local/nvme/ds006401_03.783919/ds/tmp/mriqc_wf/funcMRIQC/func_report_wf/a96279fa47cf6cab612b02b2c20661e95e117a47/ds_report_carpet/mapflow/_ds_report_carpet0".[0m
2026-03-27 06:14:59 |[34;20m INFO     [0m|[34;20m nipype.workflow  [0m|[34;20m [Node] Executing "_ds_report_carpet0" <mriqc.interfaces.DerivativesDataSink>[0m
2026-03-27 06:14:59 |[34;20m INFO     [0m|[34;20m nipype.workflow  [0m|[34;20m [Node] Finished "_ds_report_carpet0", elapsed time 0.005232s.[0m
2026-03-27 06:14:59 |[34;20m INFO     [0m|[34;20m nipype.workflow  [0m|[34;20m [Node] Finished "_ComputeDVARS0", elapsed time 26.248583s.[0m
2026-03-27 06:15:01 |[34;20m INFO     [0m|[34;20m nipype.workflow  [0m|[34;20m [Node] Setting-up "mriqc_wf.funcMRIQC.synthstrip_wf.post_n4" in "/local/nvme/ds006401_03.783919/ds/tmp/mriqc_wf/funcMRIQC/synthstrip_wf/004b2e173077cc78524b80b0cb08627134c5ab27/post_n4".[0m
2026-03-27 06:15:01 |[34;20m INFO     [0m|[34;20m nipype.workflow  [0m|[34;20m [Node] Executing "post_n4" <nipype.interfaces.ants.segmentation.N4BiasFieldCorrection>[0m
2026-03-27 06:15:02 |[34;20m INFO     [0m|[34;20m nipype.workflow  [0m|[34;20m [Node] Finished "post_n4", elapsed time 1.045926s.[0m
2026-03-27 06:15:03 |[34;20m INFO     [0m|[34;20m nipype.workflow  [0m|[34;20m [Node] Setting-up "mriqc_wf.funcMRIQC.SpatialNormalization.EPI2MNI" in "/local/nvme/ds006401_03.783919/ds/tmp/mriqc_wf/funcMRIQC/SpatialNormalization/004b2e173077cc78524b80b0cb08627134c5ab27/EPI2MNI".[0m
2026-03-27 06:15:03 |[34;20m INFO     [0m|[34;20m nipype.workflow  [0m|[34;20m [Node] Executing "EPI2MNI" <niworkflows.interfaces.reportlets.registration.SpatialNormalizationRPT>[0m
2026-03-27 06:15:03 |[34;20m INFO     [0m|[34;20m niworkflows      [0m|[34;20m Estimating initial transform using AffineInitializer[0m
2026-03-27 06:15:08 |[34;20m INFO     [0m|[34;20m niworkflows      [0m|[34;20m Terminal outputs of initialization saved (/local/nvme/ds006401_03.783919/ds/tmp/mriqc_wf/funcMRIQC/SpatialNormalization/004b2e173077cc78524b80b0cb08627134c5ab27/EPI2MNI/stderr.nipype-init).[0m
2026-03-27 06:15:08 |[34;20m INFO     [0m|[34;20m niworkflows      [0m|[34;20m Loading settings from file /opt/conda/lib/python3.11/site-packages/niworkflows/data/boldref-mni_registration_precise_000.json.[0m
2026-03-27 06:15:08 |[34;20m INFO     [0m|[34;20m niworkflows      [0m|[34;20m Retry #1, commandline: 
antsRegistration --collapse-output-transforms 1 --dimensionality 3 --float 0 --initial-moving-transform [ /local/nvme/ds006401_03.783919/ds/tmp/mriqc_wf/funcMRIQC/SpatialNormalization/004b2e173077cc78524b80b0cb08627134c5ab27/EPI2MNI/transform.mat, 0 ] --initialize-transforms-per-stage 0 --interpolation LanczosWindowedSinc --output [ epi_to_mni, epi_to_mni_Warped.nii.gz ] --transform Rigid[ 0.05 ] --metric Mattes[ /templateflow/tpl-MNI152NLin2009cAsym/tpl-MNI152NLin2009cAsym_res-02_desc-fMRIPrep_boldref.nii.gz, /local/nvme/ds006401_03.783919/ds/tmp/mriqc_wf/funcMRIQC/SpatialNormalization/004b2e173077cc78524b80b0cb08627134c5ab27/SharpenEPI/sub-03_ses-01_task-mid_run-02_bold_desc-realigned_valid_tstat_corrected.nii.gz, 1, 56, Regular, 0.25 ] --convergence [ 10000x1000x100, 1e-06, 20 ] --smoothing-sigmas 4.0x2.0x1.0vox --shrink-factors 4x2x1 --use-histogram-matching 1 --masks [ /templateflow/tpl-MNI152NLin2009cAsym/tpl-MNI152NLin2009cAsym_res-02_desc-brain_mask.nii.gz, /local/nvme/ds006401_03.783919/ds/tmp/mriqc_wf/funcMRIQC/synthstrip_wf/004b2e173077cc78524b80b0cb08627134c5ab27/synthstrip/clipped_corrected_desc-brain_mask.nii.gz ] --transform Affine[ 0.08 ] --metric Mattes[ /templateflow/tpl-MNI152NLin2009cAsym/tpl-MNI152NLin2009cAsym_res-02_desc-fMRIPrep_boldref.nii.gz, /local/nvme/ds006401_03.783919/ds/tmp/mriqc_wf/funcMRIQC/SpatialNormalization/004b2e173077cc78524b80b0cb08627134c5ab27/SharpenEPI/sub-03_ses-01_task-mid_run-02_bold_desc-realigned_valid_tstat_corrected.nii.gz, 1, 56, Regular, 0.25 ] --convergence [ 500x250x100, 1e-06, 20 ] --smoothing-sigmas 4.0x2.0x1.0vox --shrink-factors 8x4x2 --use-histogram-matching 1 --masks [ /templateflow/tpl-MNI152NLin2009cAsym/tpl-MNI152NLin2009cAsym_res-02_desc-brain_mask.nii.gz, /local/nvme/ds006401_03.783919/ds/tmp/mriqc_wf/funcMRIQC/synthstrip_wf/004b2e173077cc78524b80b0cb08627134c5ab27/synthstrip/clipped_corrected_desc-brain_mask.nii.gz ] --transform SyN[ 0.1, 3.0, 0.0 ] --metric CC[ /templateflow/tpl-MNI152NLin2009cAsym/tpl-MNI152NLin2009cAsym_res-02_desc-fMRIPrep_boldref.nii.gz, /local/nvme/ds006401_03.783919/ds/tmp/mriqc_wf/funcMRIQC/SpatialNormalization/004b2e173077cc78524b80b0cb08627134c5ab27/SharpenEPI/sub-03_ses-01_task-mid_run-02_bold_desc-realigned_valid_tstat_corrected.nii.gz, 1, 4, None, 1 ] --convergence [ 100x30x20, 1e-06, 10 ] --smoothing-sigmas 3.0x2.0x1.0vox --shrink-factors 8x4x2 --use-histogram-matching 1 --masks [ /templateflow/tpl-MNI152NLin2009cAsym/tpl-MNI152NLin2009cAsym_res-02_desc-brain_mask.nii.gz, /local/nvme/ds006401_03.783919/ds/tmp/mriqc_wf/funcMRIQC/synthstrip_wf/004b2e173077cc78524b80b0cb08627134c5ab27/synthstrip/clipped_corrected_desc-brain_mask.nii.gz ] --winsorize-image-intensities [ 0.005, 0.995 ]  --write-composite-transform 1[0m
2026-03-27 06:15:20 |[34;20m INFO     [0m|[34;20m niworkflows      [0m|[34;20m Successful spatial normalization (retry #1).[0m
2026-03-27 06:15:20 |[34;20m INFO     [0m|[34;20m niworkflows      [0m|[34;20m Report - setting fixed (/templateflow/tpl-MNI152NLin2009cAsym/tpl-MNI152NLin2009cAsym_res-02_desc-fMRIPrep_boldref.nii.gz) and moving (/local/nvme/ds006401_03.783919/ds/tmp/mriqc_wf/funcMRIQC/SpatialNormalization/004b2e173077cc78524b80b0cb08627134c5ab27/EPI2MNI/epi_to_mni_Warped.nii.gz) images[0m
2026-03-27 06:15:20 |[34;20m INFO     [0m|[34;20m niworkflows      [0m|[34;20m Generating visual report[0m
2026-03-27 06:15:36 |[34;20m INFO     [0m|[34;20m nipype.workflow  [0m|[34;20m [Node] Finished "EPI2MNI", elapsed time 32.538404s.[0m
2026-03-27 06:15:37 |[34;20m INFO     [0m|[34;20m nipype.workflow  [0m|[34;20m [Node] Setting-up "mriqc_wf.funcMRIQC.synthstrip_wf.post_n4" in "/local/nvme/ds006401_03.783919/ds/tmp/mriqc_wf/funcMRIQC/synthstrip_wf/878eda798647c459b4832f63220b744d421a50f7/post_n4".[0m
2026-03-27 06:15:37 |[34;20m INFO     [0m|[34;20m nipype.workflow  [0m|[34;20m [Node] Executing "post_n4" <nipype.interfaces.ants.segmentation.N4BiasFieldCorrection>[0m
2026-03-27 06:15:38 |[34;20m INFO     [0m|[34;20m nipype.workflow  [0m|[34;20m [Node] Finished "post_n4", elapsed time 1.06811s.[0m
2026-03-27 06:15:39 |[34;20m INFO     [0m|[34;20m nipype.workflow  [0m|[34;20m [Node] Setting-up "mriqc_wf.funcMRIQC.SpatialNormalization.EPI2MNI" in "/local/nvme/ds006401_03.783919/ds/tmp/mriqc_wf/funcMRIQC/SpatialNormalization/878eda798647c459b4832f63220b744d421a50f7/EPI2MNI".[0m
2026-03-27 06:15:39 |[34;20m INFO     [0m|[34;20m nipype.workflow  [0m|[34;20m [Node] Executing "EPI2MNI" <niworkflows.interfaces.reportlets.registration.SpatialNormalizationRPT>[0m
2026-03-27 06:15:39 |[34;20m INFO     [0m|[34;20m niworkflows      [0m|[34;20m Estimating initial transform using AffineInitializer[0m
2026-03-27 06:15:44 |[34;20m INFO     [0m|[34;20m niworkflows      [0m|[34;20m Terminal outputs of initialization saved (/local/nvme/ds006401_03.783919/ds/tmp/mriqc_wf/funcMRIQC/SpatialNormalization/878eda798647c459b4832f63220b744d421a50f7/EPI2MNI/stderr.nipype-init).[0m
2026-03-27 06:15:44 |[34;20m INFO     [0m|[34;20m niworkflows      [0m|[34;20m Loading settings from file /opt/conda/lib/python3.11/site-packages/niworkflows/data/boldref-mni_registration_precise_000.json.[0m
2026-03-27 06:15:44 |[34;20m INFO     [0m|[34;20m niworkflows      [0m|[34;20m Retry #1, commandline: 
antsRegistration --collapse-output-transforms 1 --dimensionality 3 --float 0 --initial-moving-transform [ /local/nvme/ds006401_03.783919/ds/tmp/mriqc_wf/funcMRIQC/SpatialNormalization/878eda798647c459b4832f63220b744d421a50f7/EPI2MNI/transform.mat, 0 ] --initialize-transforms-per-stage 0 --interpolation LanczosWindowedSinc --output [ epi_to_mni, epi_to_mni_Warped.nii.gz ] --transform Rigid[ 0.05 ] --metric Mattes[ /templateflow/tpl-MNI152NLin2009cAsym/tpl-MNI152NLin2009cAsym_res-02_desc-fMRIPrep_boldref.nii.gz, /local/nvme/ds006401_03.783919/ds/tmp/mriqc_wf/funcMRIQC/SpatialNormalization/878eda798647c459b4832f63220b744d421a50f7/SharpenEPI/sub-03_ses-01_task-tom_bold_desc-realigned_valid_tstat_corrected.nii.gz, 1, 56, Regular, 0.25 ] --convergence [ 10000x1000x100, 1e-06, 20 ] --smoothing-sigmas 4.0x2.0x1.0vox --shrink-factors 4x2x1 --use-histogram-matching 1 --masks [ /templateflow/tpl-MNI152NLin2009cAsym/tpl-MNI152NLin2009cAsym_res-02_desc-brain_mask.nii.gz, /local/nvme/ds006401_03.783919/ds/tmp/mriqc_wf/funcMRIQC/synthstrip_wf/878eda798647c459b4832f63220b744d421a50f7/synthstrip/clipped_corrected_desc-brain_mask.nii.gz ] --transform Affine[ 0.08 ] --metric Mattes[ /templateflow/tpl-MNI152NLin2009cAsym/tpl-MNI152NLin2009cAsym_res-02_desc-fMRIPrep_boldref.nii.gz, /local/nvme/ds006401_03.783919/ds/tmp/mriqc_wf/funcMRIQC/SpatialNormalization/878eda798647c459b4832f63220b744d421a50f7/SharpenEPI/sub-03_ses-01_task-tom_bold_desc-realigned_valid_tstat_corrected.nii.gz, 1, 56, Regular, 0.25 ] --convergence [ 500x250x100, 1e-06, 20 ] --smoothing-sigmas 4.0x2.0x1.0vox --shrink-factors 8x4x2 --use-histogram-matching 1 --masks [ /templateflow/tpl-MNI152NLin2009cAsym/tpl-MNI152NLin2009cAsym_res-02_desc-brain_mask.nii.gz, /local/nvme/ds006401_03.783919/ds/tmp/mriqc_wf/funcMRIQC/synthstrip_wf/878eda798647c459b4832f63220b744d421a50f7/synthstrip/clipped_corrected_desc-brain_mask.nii.gz ] --transform SyN[ 0.1, 3.0, 0.0 ] --metric CC[ /templateflow/tpl-MNI152NLin2009cAsym/tpl-MNI152NLin2009cAsym_res-02_desc-fMRIPrep_boldref.nii.gz, /local/nvme/ds006401_03.783919/ds/tmp/mriqc_wf/funcMRIQC/SpatialNormalization/878eda798647c459b4832f63220b744d421a50f7/SharpenEPI/sub-03_ses-01_task-tom_bold_desc-realigned_valid_tstat_corrected.nii.gz, 1, 4, None, 1 ] --convergence [ 100x30x20, 1e-06, 10 ] --smoothing-sigmas 3.0x2.0x1.0vox --shrink-factors 8x4x2 --use-histogram-matching 1 --masks [ /templateflow/tpl-MNI152NLin2009cAsym/tpl-MNI152NLin2009cAsym_res-02_desc-brain_mask.nii.gz, /local/nvme/ds006401_03.783919/ds/tmp/mriqc_wf/funcMRIQC/synthstrip_wf/878eda798647c459b4832f63220b744d421a50f7/synthstrip/clipped_corrected_desc-brain_mask.nii.gz ] --winsorize-image-intensities [ 0.005, 0.995 ]  --write-composite-transform 1[0m
2026-03-27 06:15:55 |[34;20m INFO     [0m|[34;20m niworkflows      [0m|[34;20m Successful spatial normalization (retry #1).[0m
2026-03-27 06:15:55 |[34;20m INFO     [0m|[34;20m niworkflows      [0m|[34;20m Report - setting fixed (/templateflow/tpl-MNI152NLin2009cAsym/tpl-MNI152NLin2009cAsym_res-02_desc-fMRIPrep_boldref.nii.gz) and moving (/local/nvme/ds006401_03.783919/ds/tmp/mriqc_wf/funcMRIQC/SpatialNormalization/878eda798647c459b4832f63220b744d421a50f7/EPI2MNI/epi_to_mni_Warped.nii.gz) images[0m
2026-03-27 06:15:55 |[34;20m INFO     [0m|[34;20m niworkflows      [0m|[34;20m Generating visual report[0m
2026-03-27 06:16:10 |[34;20m INFO     [0m|[34;20m nipype.workflow  [0m|[34;20m [Node] Finished "EPI2MNI", elapsed time 31.039043s.[0m
2026-03-27 06:16:11 |[34;20m INFO     [0m|[34;20m nipype.workflow  [0m|[34;20m [Node] Setting-up "mriqc_wf.funcMRIQC.func_report_wf.ds_report_norm" in "/local/nvme/ds006401_03.783919/ds/tmp/mriqc_wf/funcMRIQC/func_report_wf/004b2e173077cc78524b80b0cb08627134c5ab27/ds_report_norm".[0m
2026-03-27 06:16:11 |[34;20m INFO     [0m|[34;20m nipype.workflow  [0m|[34;20m [Node] Setting-up "mriqc_wf.funcMRIQC.synthstrip_wf.final_masked" in "/local/nvme/ds006401_03.783919/ds/tmp/mriqc_wf/funcMRIQC/synthstrip_wf/004b2e173077cc78524b80b0cb08627134c5ab27/final_masked".[0m
2026-03-27 06:16:11 |[34;20m INFO     [0m|[34;20m nipype.workflow  [0m|[34;20m [Node] Setting-up "mriqc_wf.funcMRIQC.SpatialNormalization.ResampleSegmentation" in "/local/nvme/ds006401_03.783919/ds/tmp/mriqc_wf/funcMRIQC/SpatialNormalization/004b2e173077cc78524b80b0cb08627134c5ab27/ResampleSegmentation".[0m
2026-03-27 06:16:11 |[34;20m INFO     [0m|[34;20m nipype.workflow  [0m|[34;20m [Node] Executing "final_masked" <niworkflows.interfaces.nibabel.ApplyMask>[0m
2026-03-27 06:16:11 |[34;20m INFO     [0m|[34;20m nipype.workflow  [0m|[34;20m [Node] Executing "ds_report_norm" <mriqc.interfaces.DerivativesDataSink>[0m
2026-03-27 06:16:11 |[34;20m INFO     [0m|[34;20m nipype.workflow  [0m|[34;20m [Node] Executing "ResampleSegmentation" <nipype.interfaces.ants.resampling.ApplyTransforms>[0m
2026-03-27 06:16:11 |[34;20m INFO     [0m|[34;20m nipype.workflow  [0m|[34;20m [Node] Finished "ds_report_norm", elapsed time 0.005015s.[0m
2026-03-27 06:16:11 |[34;20m INFO     [0m|[34;20m nipype.workflow  [0m|[34;20m [Node] Finished "final_masked", elapsed time 0.036196s.[0m
2026-03-27 06:16:11 |[34;20m INFO     [0m|[34;20m nipype.workflow  [0m|[34;20m [Node] Setting-up "mriqc_wf.funcMRIQC.func_report_wf.ds_report_norm" in "/local/nvme/ds006401_03.783919/ds/tmp/mriqc_wf/funcMRIQC/func_report_wf/878eda798647c459b4832f63220b744d421a50f7/ds_report_norm".[0m
2026-03-27 06:16:11 |[34;20m INFO     [0m|[34;20m nipype.workflow  [0m|[34;20m [Node] Setting-up "mriqc_wf.funcMRIQC.synthstrip_wf.final_masked" in "/local/nvme/ds006401_03.783919/ds/tmp/mriqc_wf/funcMRIQC/synthstrip_wf/878eda798647c459b4832f63220b744d421a50f7/final_masked".[0m
2026-03-27 06:16:11 |[34;20m INFO     [0m|[34;20m nipype.workflow  [0m|[34;20m [Node] Executing "ds_report_norm" <mriqc.interfaces.DerivativesDataSink>[0m
2026-03-27 06:16:11 |[34;20m INFO     [0m|[34;20m nipype.workflow  [0m|[34;20m [Node] Setting-up "mriqc_wf.funcMRIQC.SpatialNormalization.ResampleSegmentation" in "/local/nvme/ds006401_03.783919/ds/tmp/mriqc_wf/funcMRIQC/SpatialNormalization/878eda798647c459b4832f63220b744d421a50f7/ResampleSegmentation".[0m
2026-03-27 06:16:11 |[34;20m INFO     [0m|[34;20m nipype.workflow  [0m|[34;20m [Node] Executing "final_masked" <niworkflows.interfaces.nibabel.ApplyMask>[0m
2026-03-27 06:16:11 |[34;20m INFO     [0m|[34;20m nipype.workflow  [0m|[34;20m [Node] Executing "ResampleSegmentation" <nipype.interfaces.ants.resampling.ApplyTransforms>[0m
2026-03-27 06:16:11 |[34;20m INFO     [0m|[34;20m nipype.workflow  [0m|[34;20m [Node] Finished "ds_report_norm", elapsed time 0.004868s.[0m
2026-03-27 06:16:11 |[34;20m INFO     [0m|[34;20m nipype.workflow  [0m|[34;20m [Node] Finished "final_masked", elapsed time 0.050687s.[0m
2026-03-27 06:16:11 |[34;20m INFO     [0m|[34;20m nipype.workflow  [0m|[34;20m [Node] Setting-up "_measures0" in "/local/nvme/ds006401_03.783919/ds/tmp/mriqc_wf/funcMRIQC/ComputeIQMs/878eda798647c459b4832f63220b744d421a50f7/measures/mapflow/_measures0".[0m
2026-03-27 06:16:11 |[34;20m INFO     [0m|[34;20m nipype.workflow  [0m|[34;20m [Node] Executing "_measures0" <mriqc.interfaces.functional.FunctionalQC>[0m
2026-03-27 06:16:13 |[34;20m INFO     [0m|[34;20m nipype.workflow  [0m|[34;20m [Node] Setting-up "_timeseries0" in "/local/nvme/ds006401_03.783919/ds/tmp/mriqc_wf/funcMRIQC/ComputeIQMs/878eda798647c459b4832f63220b744d421a50f7/timeseries/mapflow/_timeseries0".[0m
2026-03-27 06:16:13 |[34;20m INFO     [0m|[34;20m nipype.workflow  [0m|[34;20m [Node] Executing "_timeseries0" <mriqc.interfaces.functional.GatherTimeseries>[0m
2026-03-27 06:16:13 |[34;20m INFO     [0m|[34;20m nipype.workflow  [0m|[34;20m [Node] Finished "_timeseries0", elapsed time 0.019379s.[0m
2026-03-27 06:16:14 |[34;20m INFO     [0m|[34;20m nipype.workflow  [0m|[34;20m [Node] Finished "ResampleSegmentation", elapsed time 2.858378s.[0m
2026-03-27 06:16:14 |[34;20m INFO     [0m|[34;20m nipype.workflow  [0m|[34;20m [Node] Finished "ResampleSegmentation", elapsed time 2.924704s.[0m
2026-03-27 06:16:15 |[34;20m INFO     [0m|[34;20m nipype.workflow  [0m|[34;20m [Node] Finished "_measures0", elapsed time 3.528161s.[0m
2026-03-27 06:16:15 |[34;20m INFO     [0m|[34;20m nipype.workflow  [0m|[34;20m [Node] Setting-up "mriqc_wf.funcMRIQC.func_report_wf.parcels" in "/local/nvme/ds006401_03.783919/ds/tmp/mriqc_wf/funcMRIQC/func_report_wf/004b2e173077cc78524b80b0cb08627134c5ab27/parcels".[0m
2026-03-27 06:16:15 |[34;20m INFO     [0m|[34;20m nipype.workflow  [0m|[34;20m [Node] Executing "parcels" <nipype.interfaces.utility.wrappers.Function>[0m
2026-03-27 06:16:15 |[34;20m INFO     [0m|[34;20m nipype.workflow  [0m|[34;20m [Node] Setting-up "_datasink0" in "/local/nvme/ds006401_03.783919/ds/tmp/mriqc_wf/funcMRIQC/ComputeIQMs/878eda798647c459b4832f63220b744d421a50f7/datasink/mapflow/_datasink0".[0m
2026-03-27 06:16:15 |[34;20m INFO     [0m|[34;20m nipype.workflow  [0m|[34;20m [Node] Executing "_datasink0" <mriqc.interfaces.bids.IQMFileSink>[0m
2026-03-27 06:16:15 |[34;20m INFO     [0m|[34;20m nipype.workflow  [0m|[34;20m [Node] Finished "_datasink0", elapsed time 0.000628s.[0m
2026-03-27 06:16:15 |[34;20m INFO     [0m|[34;20m nipype.workflow  [0m|[34;20m [Node] Finished "parcels", elapsed time 0.028028s.[0m
2026-03-27 06:16:15 |[34;20m INFO     [0m|[34;20m nipype.workflow  [0m|[34;20m [Node] Setting-up "_ds_timeseries0" in "/local/nvme/ds006401_03.783919/ds/tmp/mriqc_wf/funcMRIQC/ComputeIQMs/878eda798647c459b4832f63220b744d421a50f7/ds_timeseries/mapflow/_ds_timeseries0".[0m
2026-03-27 06:16:15 |[34;20m INFO     [0m|[34;20m nipype.workflow  [0m|[34;20m [Node] Executing "_ds_timeseries0" <mriqc.interfaces.DerivativesDataSink>[0m
2026-03-27 06:16:15 |[34;20m INFO     [0m|[34;20m nipype.workflow  [0m|[34;20m [Node] Finished "_ds_timeseries0", elapsed time 0.004162s.[0m
2026-03-27 06:16:15 |[34;20m INFO     [0m|[34;20m nipype.workflow  [0m|[34;20m [Node] Setting-up "mriqc_wf.funcMRIQC.func_report_wf.parcels" in "/local/nvme/ds006401_03.783919/ds/tmp/mriqc_wf/funcMRIQC/func_report_wf/878eda798647c459b4832f63220b744d421a50f7/parcels".[0m
2026-03-27 06:16:15 |[34;20m INFO     [0m|[34;20m nipype.workflow  [0m|[34;20m [Node] Executing "parcels" <nipype.interfaces.utility.wrappers.Function>[0m
2026-03-27 06:16:15 |[34;20m INFO     [0m|[34;20m nipype.workflow  [0m|[34;20m [Node] Finished "parcels", elapsed time 0.026322s.[0m
2026-03-27 06:16:17 |[34;20m INFO     [0m|[34;20m nipype.workflow  [0m|[34;20m [Node] Setting-up "_BigPlot0" in "/local/nvme/ds006401_03.783919/ds/tmp/mriqc_wf/funcMRIQC/func_report_wf/004b2e173077cc78524b80b0cb08627134c5ab27/BigPlot/mapflow/_BigPlot0".[0m
2026-03-27 06:16:17 |[34;20m INFO     [0m|[34;20m nipype.workflow  [0m|[34;20m [Node] Executing "_BigPlot0" <nireports.interfaces.fmri.FMRISummary>[0m
2026-03-27 06:16:17 |[34;20m INFO     [0m|[34;20m nipype.workflow  [0m|[34;20m [Node] Setting-up "_BigPlot0" in "/local/nvme/ds006401_03.783919/ds/tmp/mriqc_wf/funcMRIQC/func_report_wf/878eda798647c459b4832f63220b744d421a50f7/BigPlot/mapflow/_BigPlot0".[0m
2026-03-27 06:16:17 |[34;20m INFO     [0m|[34;20m nipype.workflow  [0m|[34;20m [Node] Executing "_BigPlot0" <nireports.interfaces.fmri.FMRISummary>[0m
2026-03-27 06:16:24 |[34;20m INFO     [0m|[34;20m nipype.workflow  [0m|[34;20m [Node] Finished "_BigPlot0", elapsed time 6.454447s.[0m
2026-03-27 06:16:25 |[34;20m INFO     [0m|[34;20m nipype.workflow  [0m|[34;20m [Node] Setting-up "_ds_report_carpet0" in "/local/nvme/ds006401_03.783919/ds/tmp/mriqc_wf/funcMRIQC/func_report_wf/004b2e173077cc78524b80b0cb08627134c5ab27/ds_report_carpet/mapflow/_ds_report_carpet0".[0m
2026-03-27 06:16:25 |[34;20m INFO     [0m|[34;20m nipype.workflow  [0m|[34;20m [Node] Executing "_ds_report_carpet0" <mriqc.interfaces.DerivativesDataSink>[0m
2026-03-27 06:16:25 |[34;20m INFO     [0m|[34;20m nipype.workflow  [0m|[34;20m [Node] Finished "_ds_report_carpet0", elapsed time 0.005021s.[0m
2026-03-27 06:16:26 |[34;20m INFO     [0m|[34;20m nipype.workflow  [0m|[34;20m [Node] Finished "_BigPlot0", elapsed time 8.384081s.[0m
2026-03-27 06:16:27 |[34;20m INFO     [0m|[34;20m nipype.workflow  [0m|[34;20m [Node] Setting-up "_ds_report_carpet0" in "/local/nvme/ds006401_03.783919/ds/tmp/mriqc_wf/funcMRIQC/func_report_wf/878eda798647c459b4832f63220b744d421a50f7/ds_report_carpet/mapflow/_ds_report_carpet0".[0m
2026-03-27 06:16:27 |[34;20m INFO     [0m|[34;20m nipype.workflow  [0m|[34;20m [Node] Executing "_ds_report_carpet0" <mriqc.interfaces.DerivativesDataSink>[0m
2026-03-27 06:16:27 |[34;20m INFO     [0m|[34;20m nipype.workflow  [0m|[34;20m [Node] Finished "_ds_report_carpet0", elapsed time 0.004862s.[0m
2026-03-27 06:16:29 |[34;20m INFO     [0m|[34;20m nipype.workflow  [0m|[34;20m Generating reports...[0m
2026-03-27 06:16:30 |[34;20m INFO     [0m|[34;20m nipype.workflow  [0m|[34;20m Report generation finished (3 reports).[0m
2026-03-27 06:16:30 |[33;20m IMPORTANT [0m|[33;20m mriqc            [0m|[33;20m Participant level finished successfully averaging 00h 08min 16s per subject.[0m
2026-03-27 06:16:30 |[34;20m INFO     [0m|[34;20m mriqc            [0m|[34;20m Generating BIDS derivatives metadata.[0m
----------------------------------------------------------------
  MRIQC completed (elapsed time 00h 24min 49s).
----------------------------------------------------------------

