------------------------------------------------------------------
  Running MRIQC version 24.1.0.dev0+gd5b13cb5.d20240826
  ----------------------------------------------------------------

  NOTICE
  Copyright © The NiPreps Developers.
  
  This product includes software developed by
  the NiPreps Community (https://nipreps.org/).
  
  Portions of this software were developed at the Department of
  Psychology at Stanford University, Stanford, CA, US.
  
  This software contains code ultimately derived from the
  PCP Quality Assessment Protocol (QAP;
  http://preprocessed-connectomes-project.org/quality-assessment-protocol)
  by C. Craddock, S. Giavasis, D. Clark, Z. Shezhad, and J. Pellman.
  
  This software is also distributed as a Docker container image.
  The bootstrapping file for the image ("Dockerfile") is licensed
  under the MIT License.

  ----------------------------------------------------------------

  * BIDS dataset path: /local/nvme/ds006401_08.783919/ds/sourcedata/raw.
  * Output folder: mriqc.
  * Analysis levels: ['participant'].
------------------------------------------------------------------

2026-03-27 05:51:27 |[33;20m IMPORTANT [0m|[33;20m mriqc            [0m|[33;20m Extracting metadata and entities for 3 input runs of modality 'bold'...[0m
2026-03-27 05:51:27 |[33;20m IMPORTANT [0m|[33;20m mriqc            [0m|[33;20m File size ('bold'): 0.24|0.21 GB [maximum|average].[0m
2026-03-27 05:51:27 |[34;20m INFO     [0m|[34;20m mriqc            [0m|[34;20m MRIQC config file: /local/nvme/ds006401_08.783919/ds/tmp/config-20260327-055126_947463ca-6177-466b-9b0f-b5f1886b68da.toml.[0m
2026-03-27 05:51:31 |[34;20m INFO     [0m|[34;20m matplotlib.font_manager [0m|[34;20m generated new fontManager[0m
2026-03-27 05:51:32 |[33;20m IMPORTANT [0m|[33;20m mriqc            [0m|[33;20m Building MRIQC's workflows...[0m
2026-03-27 05:51:33 |[34;20m INFO     [0m|[34;20m nipype.workflow  [0m|[34;20m Building functional MRIQC workflow for 3 BOLD runs..[0m
2026-03-27 05:51:38 |[33;20m IMPORTANT [0m|[33;20m mriqc            [0m|[33;20m Workflow building finished (exit code 0).[0m
2026-03-27 05:51:43 |[34;20m INFO     [0m|[34;20m nipype.workflow  [0m|[34;20m Workflow mriqc_wf settings: ['check', 'execution', 'logging', 'monitoring'][0m
2026-03-27 05:51:43 |[34;20m INFO     [0m|[34;20m nipype.workflow  [0m|[34;20m [Node] Setting-up "mriqc_wf.funcMRIQC.pick_echo" in "/local/nvme/ds006401_08.783919/ds/tmp/mriqc_wf/funcMRIQC/cd77ac77c4ca12cfe0f6c71e869a2b872d7d775b/pick_echo".[0m
2026-03-27 05:51:43 |[34;20m INFO     [0m|[34;20m nipype.workflow  [0m|[34;20m [Node] Setting-up "_provenance0" in "/local/nvme/ds006401_08.783919/ds/tmp/mriqc_wf/funcMRIQC/ComputeIQMs/cd77ac77c4ca12cfe0f6c71e869a2b872d7d775b/provenance/mapflow/_provenance0".[0m
2026-03-27 05:51:43 |[34;20m INFO     [0m|[34;20m nipype.workflow  [0m|[34;20m [Node] Executing "_provenance0" <mriqc.interfaces.reports.AddProvenance>[0m
2026-03-27 05:51:43 |[34;20m INFO     [0m|[34;20m nipype.workflow  [0m|[34;20m [Node] Executing "pick_echo" <mriqc.interfaces.functional.SelectEcho>[0m
2026-03-27 05:51:43 |[34;20m INFO     [0m|[34;20m nipype.workflow  [0m|[34;20m [Node] Finished "pick_echo", elapsed time 0.000531s.[0m
2026-03-27 05:51:43 |[34;20m INFO     [0m|[34;20m nipype.workflow  [0m|[34;20m [Node] Finished "_provenance0", elapsed time 0.397728s.[0m
2026-03-27 05:51:44 |[34;20m INFO     [0m|[34;20m nipype.workflow  [0m|[34;20m [Node] Setting-up "mriqc_wf.funcMRIQC.pick_echo" in "/local/nvme/ds006401_08.783919/ds/tmp/mriqc_wf/funcMRIQC/90c33c008f00a32316fce64c840fbce87adfe3ac/pick_echo".[0m
2026-03-27 05:51:44 |[34;20m INFO     [0m|[34;20m nipype.workflow  [0m|[34;20m [Node] Setting-up "_provenance0" in "/local/nvme/ds006401_08.783919/ds/tmp/mriqc_wf/funcMRIQC/ComputeIQMs/90c33c008f00a32316fce64c840fbce87adfe3ac/provenance/mapflow/_provenance0".[0m
2026-03-27 05:51:44 |[34;20m INFO     [0m|[34;20m nipype.workflow  [0m|[34;20m [Node] Executing "_provenance0" <mriqc.interfaces.reports.AddProvenance>[0m
2026-03-27 05:51:44 |[34;20m INFO     [0m|[34;20m nipype.workflow  [0m|[34;20m [Node] Executing "pick_echo" <mriqc.interfaces.functional.SelectEcho>[0m
2026-03-27 05:51:44 |[34;20m INFO     [0m|[34;20m nipype.workflow  [0m|[34;20m [Node] Finished "pick_echo", elapsed time 0.000455s.[0m
2026-03-27 05:51:44 |[34;20m INFO     [0m|[34;20m nipype.workflow  [0m|[34;20m [Node] Finished "_provenance0", elapsed time 0.389367s.[0m
2026-03-27 05:51:44 |[34;20m INFO     [0m|[34;20m nipype.workflow  [0m|[34;20m [Node] Setting-up "_provenance0" in "/local/nvme/ds006401_08.783919/ds/tmp/mriqc_wf/funcMRIQC/ComputeIQMs/da16ef6ba9888a0ee2b27231d637dca176f92f3a/provenance/mapflow/_provenance0".[0m
2026-03-27 05:51:44 |[34;20m INFO     [0m|[34;20m nipype.workflow  [0m|[34;20m [Node] Setting-up "mriqc_wf.funcMRIQC.pick_echo" in "/local/nvme/ds006401_08.783919/ds/tmp/mriqc_wf/funcMRIQC/da16ef6ba9888a0ee2b27231d637dca176f92f3a/pick_echo".[0m
2026-03-27 05:51:44 |[34;20m INFO     [0m|[34;20m nipype.workflow  [0m|[34;20m [Node] Executing "_provenance0" <mriqc.interfaces.reports.AddProvenance>[0m
2026-03-27 05:51:44 |[34;20m INFO     [0m|[34;20m nipype.workflow  [0m|[34;20m [Node] Executing "pick_echo" <mriqc.interfaces.functional.SelectEcho>[0m
2026-03-27 05:51:44 |[34;20m INFO     [0m|[34;20m nipype.workflow  [0m|[34;20m [Node] Finished "pick_echo", elapsed time 0.000553s.[0m
2026-03-27 05:51:45 |[34;20m INFO     [0m|[34;20m nipype.workflow  [0m|[34;20m [Node] Finished "_provenance0", elapsed time 0.488054s.[0m
2026-03-27 05:51:45 |[34;20m INFO     [0m|[34;20m nipype.workflow  [0m|[34;20m [Node] Setting-up "mriqc_wf.funcMRIQC.non_steady_state_detector" in "/local/nvme/ds006401_08.783919/ds/tmp/mriqc_wf/funcMRIQC/cd77ac77c4ca12cfe0f6c71e869a2b872d7d775b/non_steady_state_detector".[0m
2026-03-27 05:51:45 |[34;20m INFO     [0m|[34;20m nipype.workflow  [0m|[34;20m [Node] Setting-up "mriqc_wf.funcMRIQC.non_steady_state_detector" in "/local/nvme/ds006401_08.783919/ds/tmp/mriqc_wf/funcMRIQC/90c33c008f00a32316fce64c840fbce87adfe3ac/non_steady_state_detector".[0m
2026-03-27 05:51:45 |[34;20m INFO     [0m|[34;20m nipype.workflow  [0m|[34;20m [Node] Setting-up "mriqc_wf.funcMRIQC.non_steady_state_detector" in "/local/nvme/ds006401_08.783919/ds/tmp/mriqc_wf/funcMRIQC/da16ef6ba9888a0ee2b27231d637dca176f92f3a/non_steady_state_detector".[0m
2026-03-27 05:51:45 |[34;20m INFO     [0m|[34;20m nipype.workflow  [0m|[34;20m [Node] Executing "non_steady_state_detector" <nipype.algorithms.confounds.NonSteadyStateDetector>[0m
2026-03-27 05:51:45 |[34;20m INFO     [0m|[34;20m nipype.workflow  [0m|[34;20m [Node] Executing "non_steady_state_detector" <nipype.algorithms.confounds.NonSteadyStateDetector>[0m
2026-03-27 05:51:45 |[34;20m INFO     [0m|[34;20m nipype.workflow  [0m|[34;20m [Node] Executing "non_steady_state_detector" <nipype.algorithms.confounds.NonSteadyStateDetector>[0m
2026-03-27 05:51:45 |[34;20m INFO     [0m|[34;20m nipype.workflow  [0m|[34;20m [Node] Finished "non_steady_state_detector", elapsed time 0.442648s.[0m
2026-03-27 05:51:45 |[34;20m INFO     [0m|[34;20m nipype.workflow  [0m|[34;20m [Node] Finished "non_steady_state_detector", elapsed time 0.442597s.[0m
2026-03-27 05:51:45 |[34;20m INFO     [0m|[34;20m nipype.workflow  [0m|[34;20m [Node] Finished "non_steady_state_detector", elapsed time 0.446305s.[0m
2026-03-27 05:51:47 |[34;20m INFO     [0m|[34;20m nipype.workflow  [0m|[34;20m [Node] Setting-up "_sanitize0" in "/local/nvme/ds006401_08.783919/ds/tmp/mriqc_wf/funcMRIQC/da16ef6ba9888a0ee2b27231d637dca176f92f3a/sanitize/mapflow/_sanitize0".[0m
2026-03-27 05:51:47 |[34;20m INFO     [0m|[34;20m nipype.workflow  [0m|[34;20m [Node] Setting-up "_sanitize0" in "/local/nvme/ds006401_08.783919/ds/tmp/mriqc_wf/funcMRIQC/cd77ac77c4ca12cfe0f6c71e869a2b872d7d775b/sanitize/mapflow/_sanitize0".[0m
2026-03-27 05:51:47 |[34;20m INFO     [0m|[34;20m nipype.workflow  [0m|[34;20m [Node] Executing "_sanitize0" <niworkflows.interfaces.header.SanitizeImage>[0m
2026-03-27 05:51:47 |[34;20m INFO     [0m|[34;20m nipype.workflow  [0m|[34;20m [Node] Setting-up "_sanitize0" in "/local/nvme/ds006401_08.783919/ds/tmp/mriqc_wf/funcMRIQC/90c33c008f00a32316fce64c840fbce87adfe3ac/sanitize/mapflow/_sanitize0".[0m
2026-03-27 05:51:47 |[34;20m INFO     [0m|[34;20m nipype.workflow  [0m|[34;20m [Node] Executing "_sanitize0" <niworkflows.interfaces.header.SanitizeImage>[0m
2026-03-27 05:51:47 |[34;20m INFO     [0m|[34;20m nipype.workflow  [0m|[34;20m [Node] Executing "_sanitize0" <niworkflows.interfaces.header.SanitizeImage>[0m
2026-03-27 05:51:58 |[34;20m INFO     [0m|[34;20m nipype.workflow  [0m|[34;20m [Node] Finished "_sanitize0", elapsed time 11.097252s.[0m
2026-03-27 05:51:58 |[34;20m INFO     [0m|[34;20m nipype.workflow  [0m|[34;20m [Node] Finished "_sanitize0", elapsed time 11.244794s.[0m
2026-03-27 05:51:59 |[34;20m INFO     [0m|[34;20m nipype.workflow  [0m|[34;20m [Node] Setting-up "mriqc_wf.funcMRIQC.fMRI_HMC.estimate_hm" in "/local/nvme/ds006401_08.783919/ds/tmp/mriqc_wf/funcMRIQC/fMRI_HMC/cd77ac77c4ca12cfe0f6c71e869a2b872d7d775b/estimate_hm".[0m
2026-03-27 05:51:59 |[34;20m INFO     [0m|[34;20m nipype.workflow  [0m|[34;20m [Node] Setting-up "mriqc_wf.funcMRIQC.fMRI_HMC.estimate_hm" in "/local/nvme/ds006401_08.783919/ds/tmp/mriqc_wf/funcMRIQC/fMRI_HMC/90c33c008f00a32316fce64c840fbce87adfe3ac/estimate_hm".[0m
2026-03-27 05:51:59 |[34;20m INFO     [0m|[34;20m nipype.workflow  [0m|[34;20m [Node] Executing "estimate_hm" <nipype.interfaces.afni.preprocess.Volreg>[0m
2026-03-27 05:51:59 |[34;20m INFO     [0m|[34;20m nipype.workflow  [0m|[34;20m [Node] Executing "estimate_hm" <nipype.interfaces.afni.preprocess.Volreg>[0m
2026-03-27 05:51:59 |[34;20m INFO     [0m|[34;20m nipype.workflow  [0m|[34;20m [Node] Setting-up "_SpikesMask0" in "/local/nvme/ds006401_08.783919/ds/tmp/mriqc_wf/funcMRIQC/func_report_wf/cd77ac77c4ca12cfe0f6c71e869a2b872d7d775b/SpikesMask/mapflow/_SpikesMask0".[0m
2026-03-27 05:51:59 |[34;20m INFO     [0m|[34;20m nipype.workflow  [0m|[34;20m [Node] Executing "_SpikesMask0" <nipype.interfaces.utility.wrappers.Function>[0m
2026-03-27 05:51:59 |[34;20m INFO     [0m|[34;20m nipype.workflow  [0m|[34;20m [Node] Setting-up "_SpikesMask0" in "/local/nvme/ds006401_08.783919/ds/tmp/mriqc_wf/funcMRIQC/func_report_wf/90c33c008f00a32316fce64c840fbce87adfe3ac/SpikesMask/mapflow/_SpikesMask0".[0m
2026-03-27 05:51:59 |[34;20m INFO     [0m|[34;20m nipype.workflow  [0m|[34;20m [Node] Executing "_SpikesMask0" <nipype.interfaces.utility.wrappers.Function>[0m
2026-03-27 05:52:01 |[34;20m INFO     [0m|[34;20m nipype.workflow  [0m|[34;20m [Node] Finished "_sanitize0", elapsed time 14.063403s.[0m
2026-03-27 05:52:02 |[34;20m INFO     [0m|[34;20m nipype.workflow  [0m|[34;20m [Node] Finished "_SpikesMask0", elapsed time 3.391555s.[0m
2026-03-27 05:52:02 |[34;20m INFO     [0m|[34;20m nipype.workflow  [0m|[34;20m [Node] Finished "_SpikesMask0", elapsed time 3.390001s.[0m
2026-03-27 05:52:03 |[34;20m INFO     [0m|[34;20m nipype.workflow  [0m|[34;20m [Node] Setting-up "mriqc_wf.funcMRIQC.fMRI_HMC.estimate_hm" in "/local/nvme/ds006401_08.783919/ds/tmp/mriqc_wf/funcMRIQC/fMRI_HMC/da16ef6ba9888a0ee2b27231d637dca176f92f3a/estimate_hm".[0m
2026-03-27 05:52:03 |[34;20m INFO     [0m|[34;20m nipype.workflow  [0m|[34;20m [Node] Executing "estimate_hm" <nipype.interfaces.afni.preprocess.Volreg>[0m
2026-03-27 05:52:03 |[34;20m INFO     [0m|[34;20m nipype.workflow  [0m|[34;20m [Node] Setting-up "_SpikesFinderBgMask0" in "/local/nvme/ds006401_08.783919/ds/tmp/mriqc_wf/funcMRIQC/func_report_wf/cd77ac77c4ca12cfe0f6c71e869a2b872d7d775b/SpikesFinderBgMask/mapflow/_SpikesFinderBgMask0".[0m
2026-03-27 05:52:03 |[34;20m INFO     [0m|[34;20m nipype.workflow  [0m|[34;20m [Node] Setting-up "_SpikesFinderBgMask0" in "/local/nvme/ds006401_08.783919/ds/tmp/mriqc_wf/funcMRIQC/func_report_wf/90c33c008f00a32316fce64c840fbce87adfe3ac/SpikesFinderBgMask/mapflow/_SpikesFinderBgMask0".[0m
2026-03-27 05:52:03 |[34;20m INFO     [0m|[34;20m nipype.workflow  [0m|[34;20m [Node] Executing "_SpikesFinderBgMask0" <mriqc.interfaces.functional.Spikes>[0m
2026-03-27 05:52:03 |[34;20m INFO     [0m|[34;20m nipype.workflow  [0m|[34;20m [Node] Executing "_SpikesFinderBgMask0" <mriqc.interfaces.functional.Spikes>[0m
2026-03-27 05:52:03 |[34;20m INFO     [0m|[34;20m nipype.workflow  [0m|[34;20m [Node] Setting-up "_SpikesMask0" in "/local/nvme/ds006401_08.783919/ds/tmp/mriqc_wf/funcMRIQC/func_report_wf/da16ef6ba9888a0ee2b27231d637dca176f92f3a/SpikesMask/mapflow/_SpikesMask0".[0m
2026-03-27 05:52:03 |[34;20m INFO     [0m|[34;20m nipype.workflow  [0m|[34;20m [Node] Executing "_SpikesMask0" <nipype.interfaces.utility.wrappers.Function>[0m
2026-03-27 05:52:07 |[34;20m INFO     [0m|[34;20m nipype.workflow  [0m|[34;20m [Node] Finished "_SpikesMask0", elapsed time 4.034684s.[0m
2026-03-27 05:52:09 |[34;20m INFO     [0m|[34;20m nipype.workflow  [0m|[34;20m [Node] Finished "_SpikesFinderBgMask0", elapsed time 5.923363s.[0m
2026-03-27 05:52:09 |[34;20m INFO     [0m|[34;20m nipype.workflow  [0m|[34;20m [Node] Finished "_SpikesFinderBgMask0", elapsed time 6.038272s.[0m
2026-03-27 05:52:09 |[34;20m INFO     [0m|[34;20m nipype.workflow  [0m|[34;20m [Node] Setting-up "_SpikesFinderBgMask0" in "/local/nvme/ds006401_08.783919/ds/tmp/mriqc_wf/funcMRIQC/func_report_wf/da16ef6ba9888a0ee2b27231d637dca176f92f3a/SpikesFinderBgMask/mapflow/_SpikesFinderBgMask0".[0m
2026-03-27 05:52:09 |[34;20m INFO     [0m|[34;20m nipype.workflow  [0m|[34;20m [Node] Executing "_SpikesFinderBgMask0" <mriqc.interfaces.functional.Spikes>[0m
2026-03-27 05:52:15 |[34;20m INFO     [0m|[34;20m nipype.workflow  [0m|[34;20m [Node] Finished "_SpikesFinderBgMask0", elapsed time 6.416425s.[0m
2026-03-27 06:05:47 |[34;20m INFO     [0m|[34;20m nipype.workflow  [0m|[34;20m [Node] Finished "estimate_hm", elapsed time 828.460251s.[0m
2026-03-27 06:05:49 |[34;20m INFO     [0m|[34;20m nipype.workflow  [0m|[34;20m [Node] Setting-up "mriqc_wf.funcMRIQC.fMRI_HMC.ComputeFD" in "/local/nvme/ds006401_08.783919/ds/tmp/mriqc_wf/funcMRIQC/fMRI_HMC/90c33c008f00a32316fce64c840fbce87adfe3ac/ComputeFD".[0m
2026-03-27 06:05:49 |[34;20m INFO     [0m|[34;20m nipype.workflow  [0m|[34;20m [Node] Executing "ComputeFD" <nipype.algorithms.confounds.FramewiseDisplacement>[0m
2026-03-27 06:05:49 |[34;20m INFO     [0m|[34;20m nipype.workflow  [0m|[34;20m [Node] Finished "ComputeFD", elapsed time 0.006742s.[0m
2026-03-27 06:06:09 |[34;20m INFO     [0m|[34;20m nipype.workflow  [0m|[34;20m [Node] Finished "estimate_hm", elapsed time 849.84761s.[0m
2026-03-27 06:06:09 |[34;20m INFO     [0m|[34;20m nipype.workflow  [0m|[34;20m [Node] Setting-up "mriqc_wf.funcMRIQC.fMRI_HMC.ComputeFD" in "/local/nvme/ds006401_08.783919/ds/tmp/mriqc_wf/funcMRIQC/fMRI_HMC/cd77ac77c4ca12cfe0f6c71e869a2b872d7d775b/ComputeFD".[0m
2026-03-27 06:06:09 |[34;20m INFO     [0m|[34;20m nipype.workflow  [0m|[34;20m [Node] Executing "ComputeFD" <nipype.algorithms.confounds.FramewiseDisplacement>[0m
2026-03-27 06:06:09 |[34;20m INFO     [0m|[34;20m nipype.workflow  [0m|[34;20m [Node] Finished "ComputeFD", elapsed time 0.006179s.[0m
2026-03-27 06:10:40 |[34;20m INFO     [0m|[34;20m nipype.workflow  [0m|[34;20m [Node] Finished "estimate_hm", elapsed time 1117.210354s.[0m
2026-03-27 06:10:41 |[34;20m INFO     [0m|[34;20m nipype.workflow  [0m|[34;20m [Node] Setting-up "_apply_hmc0" in "/local/nvme/ds006401_08.783919/ds/tmp/mriqc_wf/funcMRIQC/fMRI_HMC/cd77ac77c4ca12cfe0f6c71e869a2b872d7d775b/apply_hmc/mapflow/_apply_hmc0".[0m
2026-03-27 06:10:41 |[34;20m INFO     [0m|[34;20m nipype.workflow  [0m|[34;20m [Node] Executing "_apply_hmc0" <nipype.interfaces.utility.wrappers.Function>[0m
2026-03-27 06:11:12 |[34;20m INFO     [0m|[34;20m nipype.workflow  [0m|[34;20m [Node] Finished "_apply_hmc0", elapsed time 30.660514s.[0m
2026-03-27 06:11:13 |[34;20m INFO     [0m|[34;20m nipype.workflow  [0m|[34;20m [Node] Setting-up "_apply_hmc0" in "/local/nvme/ds006401_08.783919/ds/tmp/mriqc_wf/funcMRIQC/fMRI_HMC/90c33c008f00a32316fce64c840fbce87adfe3ac/apply_hmc/mapflow/_apply_hmc0".[0m
2026-03-27 06:11:13 |[34;20m INFO     [0m|[34;20m nipype.workflow  [0m|[34;20m [Node] Executing "_apply_hmc0" <nipype.interfaces.utility.wrappers.Function>[0m
2026-03-27 06:11:44 |[34;20m INFO     [0m|[34;20m nipype.workflow  [0m|[34;20m [Node] Finished "_apply_hmc0", elapsed time 30.945016s.[0m
2026-03-27 06:11:45 |[34;20m INFO     [0m|[34;20m nipype.workflow  [0m|[34;20m [Node] Setting-up "_apply_hmc0" in "/local/nvme/ds006401_08.783919/ds/tmp/mriqc_wf/funcMRIQC/fMRI_HMC/da16ef6ba9888a0ee2b27231d637dca176f92f3a/apply_hmc/mapflow/_apply_hmc0".[0m
2026-03-27 06:11:45 |[34;20m INFO     [0m|[34;20m nipype.workflow  [0m|[34;20m [Node] Executing "_apply_hmc0" <nipype.interfaces.utility.wrappers.Function>[0m
2026-03-27 06:12:25 |[34;20m INFO     [0m|[34;20m nipype.workflow  [0m|[34;20m [Node] Finished "_apply_hmc0", elapsed time 39.932922s.[0m
2026-03-27 06:12:27 |[34;20m INFO     [0m|[34;20m nipype.workflow  [0m|[34;20m [Node] Setting-up "mriqc_wf.funcMRIQC.fMRI_HMC.ComputeFD" in "/local/nvme/ds006401_08.783919/ds/tmp/mriqc_wf/funcMRIQC/fMRI_HMC/da16ef6ba9888a0ee2b27231d637dca176f92f3a/ComputeFD".[0m
2026-03-27 06:12:27 |[34;20m INFO     [0m|[34;20m nipype.workflow  [0m|[34;20m [Node] Executing "ComputeFD" <nipype.algorithms.confounds.FramewiseDisplacement>[0m
2026-03-27 06:12:27 |[34;20m INFO     [0m|[34;20m nipype.workflow  [0m|[34;20m [Node] Setting-up "_mean0" in "/local/nvme/ds006401_08.783919/ds/tmp/mriqc_wf/funcMRIQC/cd77ac77c4ca12cfe0f6c71e869a2b872d7d775b/mean/mapflow/_mean0".[0m
2026-03-27 06:12:27 |[34;20m INFO     [0m|[34;20m nipype.workflow  [0m|[34;20m [Node] Setting-up "_compute_tsnr0" in "/local/nvme/ds006401_08.783919/ds/tmp/mriqc_wf/funcMRIQC/cd77ac77c4ca12cfe0f6c71e869a2b872d7d775b/compute_tsnr/mapflow/_compute_tsnr0".[0m
2026-03-27 06:12:27 |[34;20m INFO     [0m|[34;20m nipype.workflow  [0m|[34;20m [Node] Executing "_compute_tsnr0" <nipype.algorithms.confounds.TSNR>[0m
2026-03-27 06:12:27 |[34;20m INFO     [0m|[34;20m nipype.workflow  [0m|[34;20m [Node] Setting-up "_quality0" in "/local/nvme/ds006401_08.783919/ds/tmp/mriqc_wf/funcMRIQC/ComputeIQMs/cd77ac77c4ca12cfe0f6c71e869a2b872d7d775b/quality/mapflow/_quality0".[0m
2026-03-27 06:12:27 |[34;20m INFO     [0m|[34;20m nipype.workflow  [0m|[34;20m [Node] Setting-up "_mean0" in "/local/nvme/ds006401_08.783919/ds/tmp/mriqc_wf/funcMRIQC/90c33c008f00a32316fce64c840fbce87adfe3ac/mean/mapflow/_mean0".[0m
2026-03-27 06:12:27 |[34;20m INFO     [0m|[34;20m nipype.workflow  [0m|[34;20m [Node] Executing "_quality0" <nipype.interfaces.afni.preprocess.QualityIndex>[0m
2026-03-27 06:12:27 |[34;20m INFO     [0m|[34;20m nipype.workflow  [0m|[34;20m [Node] Setting-up "_compute_tsnr0" in "/local/nvme/ds006401_08.783919/ds/tmp/mriqc_wf/funcMRIQC/90c33c008f00a32316fce64c840fbce87adfe3ac/compute_tsnr/mapflow/_compute_tsnr0".[0m
2026-03-27 06:12:27 |[34;20m INFO     [0m|[34;20m nipype.workflow  [0m|[34;20m [Node] Executing "_mean0" <nipype.interfaces.afni.utils.TStat>[0m
2026-03-27 06:12:27 |[34;20m INFO     [0m|[34;20m nipype.workflow  [0m|[34;20m [Node] Executing "_mean0" <nipype.interfaces.afni.utils.TStat>[0m
2026-03-27 06:12:27 |[34;20m INFO     [0m|[34;20m nipype.workflow  [0m|[34;20m [Node] Setting-up "_quality0" in "/local/nvme/ds006401_08.783919/ds/tmp/mriqc_wf/funcMRIQC/ComputeIQMs/90c33c008f00a32316fce64c840fbce87adfe3ac/quality/mapflow/_quality0".[0m
2026-03-27 06:12:27 |[34;20m INFO     [0m|[34;20m nipype.workflow  [0m|[34;20m [Node] Executing "_compute_tsnr0" <nipype.algorithms.confounds.TSNR>[0m
2026-03-27 06:12:27 |[34;20m INFO     [0m|[34;20m nipype.workflow  [0m|[34;20m [Node] Setting-up "_mean0" in "/local/nvme/ds006401_08.783919/ds/tmp/mriqc_wf/funcMRIQC/da16ef6ba9888a0ee2b27231d637dca176f92f3a/mean/mapflow/_mean0".[0m
2026-03-27 06:12:27 |[34;20m INFO     [0m|[34;20m nipype.workflow  [0m|[34;20m [Node] Executing "_quality0" <nipype.interfaces.afni.preprocess.QualityIndex>[0m
2026-03-27 06:12:27 |[34;20m INFO     [0m|[34;20m nipype.workflow  [0m|[34;20m [Node] Executing "_mean0" <nipype.interfaces.afni.utils.TStat>[0m
2026-03-27 06:12:27 |[34;20m INFO     [0m|[34;20m nipype.workflow  [0m|[34;20m [Node] Finished "ComputeFD", elapsed time 0.010767s.[0m
2026-03-27 06:12:29 |[34;20m INFO     [0m|[34;20m nipype.workflow  [0m|[34;20m [Node] Setting-up "_compute_tsnr0" in "/local/nvme/ds006401_08.783919/ds/tmp/mriqc_wf/funcMRIQC/da16ef6ba9888a0ee2b27231d637dca176f92f3a/compute_tsnr/mapflow/_compute_tsnr0".[0m
2026-03-27 06:12:29 |[34;20m INFO     [0m|[34;20m nipype.workflow  [0m|[34;20m [Node] Executing "_compute_tsnr0" <nipype.algorithms.confounds.TSNR>[0m
2026-03-27 06:12:30 |[34;20m INFO     [0m|[34;20m nipype.workflow  [0m|[34;20m [Node] Finished "_compute_tsnr0", elapsed time 3.410417s.[0m
2026-03-27 06:12:31 |[34;20m INFO     [0m|[34;20m nipype.workflow  [0m|[34;20m [Node] Finished "_compute_tsnr0", elapsed time 3.565664s.[0m
2026-03-27 06:12:31 |[34;20m INFO     [0m|[34;20m nipype.workflow  [0m|[34;20m [Node] Setting-up "_quality0" in "/local/nvme/ds006401_08.783919/ds/tmp/mriqc_wf/funcMRIQC/ComputeIQMs/da16ef6ba9888a0ee2b27231d637dca176f92f3a/quality/mapflow/_quality0".[0m
2026-03-27 06:12:31 |[34;20m INFO     [0m|[34;20m nipype.workflow  [0m|[34;20m [Node] Executing "_quality0" <nipype.interfaces.afni.preprocess.QualityIndex>[0m
2026-03-27 06:12:31 |[34;20m INFO     [0m|[34;20m nipype.workflow  [0m|[34;20m [Node] Setting-up "_PlotMosaicSD0" in "/local/nvme/ds006401_08.783919/ds/tmp/mriqc_wf/funcMRIQC/func_report_wf/cd77ac77c4ca12cfe0f6c71e869a2b872d7d775b/PlotMosaicSD/mapflow/_PlotMosaicSD0".[0m
2026-03-27 06:12:31 |[34;20m INFO     [0m|[34;20m nipype.workflow  [0m|[34;20m [Node] Executing "_PlotMosaicSD0" <nireports.interfaces.mosaic.PlotMosaic>[0m
2026-03-27 06:12:32 |[34;20m INFO     [0m|[34;20m nipype.workflow  [0m|[34;20m [Node] Finished "_mean0", elapsed time 4.474801s.[0m
2026-03-27 06:12:32 |[34;20m INFO     [0m|[34;20m nipype.workflow  [0m|[34;20m [Node] Finished "_mean0", elapsed time 4.519525s.[0m
2026-03-27 06:12:33 |[34;20m INFO     [0m|[34;20m nipype.workflow  [0m|[34;20m [Node] Finished "_mean0", elapsed time 5.6353159999999995s.[0m
2026-03-27 06:12:33 |[34;20m INFO     [0m|[34;20m nipype.workflow  [0m|[34;20m [Node] Finished "_PlotMosaicSD0", elapsed time 1.982989s.[0m
2026-03-27 06:12:33 |[34;20m INFO     [0m|[34;20m nipype.workflow  [0m|[34;20m [Node] Setting-up "mriqc_wf.funcMRIQC.synthstrip_wf.pre_clip" in "/local/nvme/ds006401_08.783919/ds/tmp/mriqc_wf/funcMRIQC/synthstrip_wf/cd77ac77c4ca12cfe0f6c71e869a2b872d7d775b/pre_clip".[0m
2026-03-27 06:12:33 |[34;20m INFO     [0m|[34;20m nipype.workflow  [0m|[34;20m [Node] Setting-up "mriqc_wf.funcMRIQC.SpatialNormalization.SharpenEPI" in "/local/nvme/ds006401_08.783919/ds/tmp/mriqc_wf/funcMRIQC/SpatialNormalization/cd77ac77c4ca12cfe0f6c71e869a2b872d7d775b/SharpenEPI".[0m
2026-03-27 06:12:33 |[34;20m INFO     [0m|[34;20m nipype.workflow  [0m|[34;20m [Node] Executing "pre_clip" <niworkflows.interfaces.nibabel.IntensityClip>[0m
2026-03-27 06:12:33 |[34;20m INFO     [0m|[34;20m nipype.workflow  [0m|[34;20m [Node] Executing "SharpenEPI" <nipype.interfaces.ants.segmentation.N4BiasFieldCorrection>[0m
2026-03-27 06:12:33 |[34;20m INFO     [0m|[34;20m nipype.workflow  [0m|[34;20m [Node] Setting-up "_PlotMosaicMean0" in "/local/nvme/ds006401_08.783919/ds/tmp/mriqc_wf/funcMRIQC/func_report_wf/cd77ac77c4ca12cfe0f6c71e869a2b872d7d775b/PlotMosaicMean/mapflow/_PlotMosaicMean0".[0m
2026-03-27 06:12:33 |[34;20m INFO     [0m|[34;20m nipype.workflow  [0m|[34;20m [Node] Executing "_PlotMosaicMean0" <nireports.interfaces.mosaic.PlotMosaic>[0m
2026-03-27 06:12:34 |[34;20m INFO     [0m|[34;20m nipype.workflow  [0m|[34;20m [Node] Finished "pre_clip", elapsed time 0.951307s.[0m
2026-03-27 06:12:34 |[34;20m INFO     [0m|[34;20m nipype.workflow  [0m|[34;20m [Node] Finished "_compute_tsnr0", elapsed time 5.236695s.[0m
2026-03-27 06:12:35 |[34;20m INFO     [0m|[34;20m nipype.workflow  [0m|[34;20m [Node] Finished "_PlotMosaicMean0", elapsed time 1.5894270000000001s.[0m
2026-03-27 06:12:35 |[34;20m INFO     [0m|[34;20m nipype.workflow  [0m|[34;20m [Node] Setting-up "mriqc_wf.funcMRIQC.synthstrip_wf.pre_clip" in "/local/nvme/ds006401_08.783919/ds/tmp/mriqc_wf/funcMRIQC/synthstrip_wf/90c33c008f00a32316fce64c840fbce87adfe3ac/pre_clip".[0m
2026-03-27 06:12:35 |[34;20m INFO     [0m|[34;20m nipype.workflow  [0m|[34;20m [Node] Setting-up "mriqc_wf.funcMRIQC.SpatialNormalization.SharpenEPI" in "/local/nvme/ds006401_08.783919/ds/tmp/mriqc_wf/funcMRIQC/SpatialNormalization/90c33c008f00a32316fce64c840fbce87adfe3ac/SharpenEPI".[0m
2026-03-27 06:12:35 |[34;20m INFO     [0m|[34;20m nipype.workflow  [0m|[34;20m [Node] Setting-up "_PlotMosaicNoise0" in "/local/nvme/ds006401_08.783919/ds/tmp/mriqc_wf/funcMRIQC/func_report_wf/cd77ac77c4ca12cfe0f6c71e869a2b872d7d775b/PlotMosaicNoise/mapflow/_PlotMosaicNoise0".[0m
2026-03-27 06:12:35 |[34;20m INFO     [0m|[34;20m nipype.workflow  [0m|[34;20m [Node] Setting-up "_PlotMosaicMean0" in "/local/nvme/ds006401_08.783919/ds/tmp/mriqc_wf/funcMRIQC/func_report_wf/90c33c008f00a32316fce64c840fbce87adfe3ac/PlotMosaicMean/mapflow/_PlotMosaicMean0".[0m
2026-03-27 06:12:35 |[34;20m INFO     [0m|[34;20m nipype.workflow  [0m|[34;20m [Node] Executing "SharpenEPI" <nipype.interfaces.ants.segmentation.N4BiasFieldCorrection>[0m
2026-03-27 06:12:35 |[34;20m INFO     [0m|[34;20m nipype.workflow  [0m|[34;20m [Node] Executing "_PlotMosaicNoise0" <nireports.interfaces.mosaic.PlotMosaic>[0m
2026-03-27 06:12:35 |[34;20m INFO     [0m|[34;20m nipype.workflow  [0m|[34;20m [Node] Executing "pre_clip" <niworkflows.interfaces.nibabel.IntensityClip>[0m
2026-03-27 06:12:35 |[34;20m INFO     [0m|[34;20m nipype.workflow  [0m|[34;20m [Node] Executing "_PlotMosaicMean0" <nireports.interfaces.mosaic.PlotMosaic>[0m
2026-03-27 06:12:36 |[34;20m INFO     [0m|[34;20m nipype.workflow  [0m|[34;20m [Node] Finished "pre_clip", elapsed time 0.925163s.[0m
2026-03-27 06:12:37 |[34;20m INFO     [0m|[34;20m nipype.workflow  [0m|[34;20m [Node] Finished "_PlotMosaicMean0", elapsed time 1.96211s.[0m
2026-03-27 06:12:37 |[34;20m INFO     [0m|[34;20m nipype.workflow  [0m|[34;20m [Node] Setting-up "_PlotMosaicNoise0" in "/local/nvme/ds006401_08.783919/ds/tmp/mriqc_wf/funcMRIQC/func_report_wf/90c33c008f00a32316fce64c840fbce87adfe3ac/PlotMosaicNoise/mapflow/_PlotMosaicNoise0".[0m
2026-03-27 06:12:37 |[34;20m INFO     [0m|[34;20m nipype.workflow  [0m|[34;20m [Node] Executing "_PlotMosaicNoise0" <nireports.interfaces.mosaic.PlotMosaic>[0m
2026-03-27 06:12:37 |[34;20m INFO     [0m|[34;20m nipype.workflow  [0m|[34;20m [Node] Finished "_PlotMosaicNoise0", elapsed time 2.023419s.[0m
2026-03-27 06:12:39 |[34;20m INFO     [0m|[34;20m nipype.workflow  [0m|[34;20m [Node] Finished "SharpenEPI", elapsed time 5.174158s.[0m
2026-03-27 06:12:39 |[34;20m INFO     [0m|[34;20m nipype.workflow  [0m|[34;20m [Node] Finished "_quality0", elapsed time 11.468678s.[0m
2026-03-27 06:12:39 |[34;20m INFO     [0m|[34;20m nipype.workflow  [0m|[34;20m [Node] Finished "_PlotMosaicNoise0", elapsed time 1.589884s.[0m
2026-03-27 06:12:39 |[34;20m INFO     [0m|[34;20m nipype.workflow  [0m|[34;20m [Node] Finished "_quality0", elapsed time 11.628283s.[0m
2026-03-27 06:12:39 |[34;20m INFO     [0m|[34;20m nipype.workflow  [0m|[34;20m [Node] Setting-up "mriqc_wf.funcMRIQC.synthstrip_wf.pre_clip" in "/local/nvme/ds006401_08.783919/ds/tmp/mriqc_wf/funcMRIQC/synthstrip_wf/da16ef6ba9888a0ee2b27231d637dca176f92f3a/pre_clip".[0m
2026-03-27 06:12:39 |[34;20m INFO     [0m|[34;20m nipype.workflow  [0m|[34;20m [Node] Setting-up "mriqc_wf.funcMRIQC.SpatialNormalization.SharpenEPI" in "/local/nvme/ds006401_08.783919/ds/tmp/mriqc_wf/funcMRIQC/SpatialNormalization/da16ef6ba9888a0ee2b27231d637dca176f92f3a/SharpenEPI".[0m
2026-03-27 06:12:39 |[34;20m INFO     [0m|[34;20m nipype.workflow  [0m|[34;20m [Node] Executing "pre_clip" <niworkflows.interfaces.nibabel.IntensityClip>[0m
2026-03-27 06:12:39 |[34;20m INFO     [0m|[34;20m nipype.workflow  [0m|[34;20m [Node] Executing "SharpenEPI" <nipype.interfaces.ants.segmentation.N4BiasFieldCorrection>[0m
2026-03-27 06:12:39 |[34;20m INFO     [0m|[34;20m nipype.workflow  [0m|[34;20m [Node] Setting-up "_PlotMosaicMean0" in "/local/nvme/ds006401_08.783919/ds/tmp/mriqc_wf/funcMRIQC/func_report_wf/da16ef6ba9888a0ee2b27231d637dca176f92f3a/PlotMosaicMean/mapflow/_PlotMosaicMean0".[0m
2026-03-27 06:12:39 |[34;20m INFO     [0m|[34;20m nipype.workflow  [0m|[34;20m [Node] Setting-up "_PlotMosaicSD0" in "/local/nvme/ds006401_08.783919/ds/tmp/mriqc_wf/funcMRIQC/func_report_wf/90c33c008f00a32316fce64c840fbce87adfe3ac/PlotMosaicSD/mapflow/_PlotMosaicSD0".[0m
2026-03-27 06:12:39 |[34;20m INFO     [0m|[34;20m nipype.workflow  [0m|[34;20m [Node] Executing "_PlotMosaicMean0" <nireports.interfaces.mosaic.PlotMosaic>[0m
2026-03-27 06:12:39 |[34;20m INFO     [0m|[34;20m nipype.workflow  [0m|[34;20m [Node] Executing "_PlotMosaicSD0" <nireports.interfaces.mosaic.PlotMosaic>[0m
2026-03-27 06:12:39 |[34;20m INFO     [0m|[34;20m nipype.workflow  [0m|[34;20m [Node] Setting-up "_PlotMosaicNoise0" in "/local/nvme/ds006401_08.783919/ds/tmp/mriqc_wf/funcMRIQC/func_report_wf/da16ef6ba9888a0ee2b27231d637dca176f92f3a/PlotMosaicNoise/mapflow/_PlotMosaicNoise0".[0m
2026-03-27 06:12:39 |[34;20m INFO     [0m|[34;20m nipype.workflow  [0m|[34;20m [Node] Executing "_PlotMosaicNoise0" <nireports.interfaces.mosaic.PlotMosaic>[0m
2026-03-27 06:12:39 |[34;20m INFO     [0m|[34;20m nipype.workflow  [0m|[34;20m [Node] Setting-up "_PlotMosaicSD0" in "/local/nvme/ds006401_08.783919/ds/tmp/mriqc_wf/funcMRIQC/func_report_wf/da16ef6ba9888a0ee2b27231d637dca176f92f3a/PlotMosaicSD/mapflow/_PlotMosaicSD0".[0m
2026-03-27 06:12:39 |[34;20m INFO     [0m|[34;20m nipype.workflow  [0m|[34;20m [Node] Executing "_PlotMosaicSD0" <nireports.interfaces.mosaic.PlotMosaic>[0m
2026-03-27 06:12:40 |[34;20m INFO     [0m|[34;20m nipype.workflow  [0m|[34;20m [Node] Finished "pre_clip", elapsed time 0.904816s.[0m
2026-03-27 06:12:41 |[34;20m INFO     [0m|[34;20m nipype.workflow  [0m|[34;20m [Node] Finished "SharpenEPI", elapsed time 5.147187s.[0m
2026-03-27 06:12:41 |[34;20m INFO     [0m|[34;20m nipype.workflow  [0m|[34;20m [Node] Finished "_PlotMosaicSD0", elapsed time 1.595971s.[0m
2026-03-27 06:12:41 |[34;20m INFO     [0m|[34;20m nipype.workflow  [0m|[34;20m [Node] Finished "_PlotMosaicMean0", elapsed time 1.7771919999999999s.[0m
2026-03-27 06:12:41 |[34;20m INFO     [0m|[34;20m nipype.workflow  [0m|[34;20m [Node] Finished "_PlotMosaicSD0", elapsed time 1.9243540000000001s.[0m
2026-03-27 06:12:41 |[34;20m INFO     [0m|[34;20m nipype.workflow  [0m|[34;20m [Node] Setting-up "_ds_report_mean0" in "/local/nvme/ds006401_08.783919/ds/tmp/mriqc_wf/funcMRIQC/func_report_wf/cd77ac77c4ca12cfe0f6c71e869a2b872d7d775b/ds_report_mean/mapflow/_ds_report_mean0".[0m
2026-03-27 06:12:41 |[34;20m INFO     [0m|[34;20m nipype.workflow  [0m|[34;20m [Node] Executing "_ds_report_mean0" <mriqc.interfaces.DerivativesDataSink>[0m
2026-03-27 06:12:41 |[34;20m INFO     [0m|[34;20m nipype.workflow  [0m|[34;20m [Node] Finished "_PlotMosaicNoise0", elapsed time 2.060838s.[0m
2026-03-27 06:12:41 |[34;20m INFO     [0m|[34;20m nipype.workflow  [0m|[34;20m [Node] Finished "_ds_report_mean0", elapsed time 0.010742s.[0m
2026-03-27 06:12:41 |[34;20m INFO     [0m|[34;20m nipype.workflow  [0m|[34;20m [Node] Setting-up "_ds_report_background0" in "/local/nvme/ds006401_08.783919/ds/tmp/mriqc_wf/funcMRIQC/func_report_wf/cd77ac77c4ca12cfe0f6c71e869a2b872d7d775b/ds_report_background/mapflow/_ds_report_background0".[0m
2026-03-27 06:12:41 |[34;20m INFO     [0m|[34;20m nipype.workflow  [0m|[34;20m [Node] Executing "_ds_report_background0" <mriqc.interfaces.DerivativesDataSink>[0m
2026-03-27 06:12:41 |[34;20m INFO     [0m|[34;20m nipype.workflow  [0m|[34;20m [Node] Finished "_ds_report_background0", elapsed time 0.006489s.[0m
2026-03-27 06:12:41 |[34;20m INFO     [0m|[34;20m nipype.workflow  [0m|[34;20m [Node] Setting-up "_ds_report_stdev0" in "/local/nvme/ds006401_08.783919/ds/tmp/mriqc_wf/funcMRIQC/func_report_wf/cd77ac77c4ca12cfe0f6c71e869a2b872d7d775b/ds_report_stdev/mapflow/_ds_report_stdev0".[0m
2026-03-27 06:12:41 |[34;20m INFO     [0m|[34;20m nipype.workflow  [0m|[34;20m [Node] Executing "_ds_report_stdev0" <mriqc.interfaces.DerivativesDataSink>[0m
2026-03-27 06:12:41 |[34;20m INFO     [0m|[34;20m nipype.workflow  [0m|[34;20m [Node] Finished "_ds_report_stdev0", elapsed time 0.006687s.[0m
2026-03-27 06:12:42 |[34;20m INFO     [0m|[34;20m nipype.workflow  [0m|[34;20m [Node] Setting-up "_ds_report_mean0" in "/local/nvme/ds006401_08.783919/ds/tmp/mriqc_wf/funcMRIQC/func_report_wf/90c33c008f00a32316fce64c840fbce87adfe3ac/ds_report_mean/mapflow/_ds_report_mean0".[0m
2026-03-27 06:12:42 |[34;20m INFO     [0m|[34;20m nipype.workflow  [0m|[34;20m [Node] Executing "_ds_report_mean0" <mriqc.interfaces.DerivativesDataSink>[0m
2026-03-27 06:12:42 |[34;20m INFO     [0m|[34;20m nipype.workflow  [0m|[34;20m [Node] Finished "_ds_report_mean0", elapsed time 0.006673s.[0m
2026-03-27 06:12:42 |[34;20m INFO     [0m|[34;20m nipype.workflow  [0m|[34;20m [Node] Setting-up "_ds_report_background0" in "/local/nvme/ds006401_08.783919/ds/tmp/mriqc_wf/funcMRIQC/func_report_wf/90c33c008f00a32316fce64c840fbce87adfe3ac/ds_report_background/mapflow/_ds_report_background0".[0m
2026-03-27 06:12:42 |[34;20m INFO     [0m|[34;20m nipype.workflow  [0m|[34;20m [Node] Executing "_ds_report_background0" <mriqc.interfaces.DerivativesDataSink>[0m
2026-03-27 06:12:42 |[34;20m INFO     [0m|[34;20m nipype.workflow  [0m|[34;20m [Node] Finished "_ds_report_background0", elapsed time 0.005418s.[0m
2026-03-27 06:12:42 |[34;20m INFO     [0m|[34;20m nipype.workflow  [0m|[34;20m [Node] Setting-up "_ds_report_mean0" in "/local/nvme/ds006401_08.783919/ds/tmp/mriqc_wf/funcMRIQC/func_report_wf/da16ef6ba9888a0ee2b27231d637dca176f92f3a/ds_report_mean/mapflow/_ds_report_mean0".[0m
2026-03-27 06:12:42 |[34;20m INFO     [0m|[34;20m nipype.workflow  [0m|[34;20m [Node] Executing "_ds_report_mean0" <mriqc.interfaces.DerivativesDataSink>[0m
2026-03-27 06:12:42 |[34;20m INFO     [0m|[34;20m nipype.workflow  [0m|[34;20m [Node] Finished "_ds_report_mean0", elapsed time 0.005247s.[0m
2026-03-27 06:12:42 |[34;20m INFO     [0m|[34;20m nipype.workflow  [0m|[34;20m [Node] Setting-up "_ds_report_stdev0" in "/local/nvme/ds006401_08.783919/ds/tmp/mriqc_wf/funcMRIQC/func_report_wf/da16ef6ba9888a0ee2b27231d637dca176f92f3a/ds_report_stdev/mapflow/_ds_report_stdev0".[0m
2026-03-27 06:12:42 |[34;20m INFO     [0m|[34;20m nipype.workflow  [0m|[34;20m [Node] Executing "_ds_report_stdev0" <mriqc.interfaces.DerivativesDataSink>[0m
2026-03-27 06:12:42 |[34;20m INFO     [0m|[34;20m nipype.workflow  [0m|[34;20m [Node] Finished "_ds_report_stdev0", elapsed time 0.005164s.[0m
2026-03-27 06:12:43 |[34;20m INFO     [0m|[34;20m nipype.workflow  [0m|[34;20m [Node] Setting-up "_ds_report_stdev0" in "/local/nvme/ds006401_08.783919/ds/tmp/mriqc_wf/funcMRIQC/func_report_wf/90c33c008f00a32316fce64c840fbce87adfe3ac/ds_report_stdev/mapflow/_ds_report_stdev0".[0m
2026-03-27 06:12:43 |[34;20m INFO     [0m|[34;20m nipype.workflow  [0m|[34;20m [Node] Executing "_ds_report_stdev0" <mriqc.interfaces.DerivativesDataSink>[0m
2026-03-27 06:12:43 |[34;20m INFO     [0m|[34;20m nipype.workflow  [0m|[34;20m [Node] Finished "_ds_report_stdev0", elapsed time 0.00549s.[0m
2026-03-27 06:12:43 |[34;20m INFO     [0m|[34;20m nipype.workflow  [0m|[34;20m [Node] Setting-up "_ds_report_background0" in "/local/nvme/ds006401_08.783919/ds/tmp/mriqc_wf/funcMRIQC/func_report_wf/da16ef6ba9888a0ee2b27231d637dca176f92f3a/ds_report_background/mapflow/_ds_report_background0".[0m
2026-03-27 06:12:43 |[34;20m INFO     [0m|[34;20m nipype.workflow  [0m|[34;20m [Node] Executing "_ds_report_background0" <mriqc.interfaces.DerivativesDataSink>[0m
2026-03-27 06:12:43 |[34;20m INFO     [0m|[34;20m nipype.workflow  [0m|[34;20m [Node] Finished "_ds_report_background0", elapsed time 0.00548s.[0m
2026-03-27 06:12:44 |[34;20m INFO     [0m|[34;20m nipype.workflow  [0m|[34;20m [Node] Finished "SharpenEPI", elapsed time 5.1196s.[0m
2026-03-27 06:12:46 |[34;20m INFO     [0m|[34;20m nipype.workflow  [0m|[34;20m [Node] Finished "_quality0", elapsed time 14.587204s.[0m
2026-03-27 06:12:47 |[34;20m INFO     [0m|[34;20m nipype.workflow  [0m|[34;20m [Node] Setting-up "mriqc_wf.funcMRIQC.synthstrip_wf.pre_n4" in "/local/nvme/ds006401_08.783919/ds/tmp/mriqc_wf/funcMRIQC/synthstrip_wf/cd77ac77c4ca12cfe0f6c71e869a2b872d7d775b/pre_n4".[0m
2026-03-27 06:12:47 |[34;20m INFO     [0m|[34;20m nipype.workflow  [0m|[34;20m [Node] Executing "pre_n4" <nipype.interfaces.ants.segmentation.N4BiasFieldCorrection>[0m
2026-03-27 06:12:49 |[34;20m INFO     [0m|[34;20m nipype.workflow  [0m|[34;20m [Node] Finished "pre_n4", elapsed time 1.407457s.[0m
2026-03-27 06:12:49 |[34;20m INFO     [0m|[34;20m nipype.workflow  [0m|[34;20m [Node] Setting-up "mriqc_wf.funcMRIQC.synthstrip_wf.pre_n4" in "/local/nvme/ds006401_08.783919/ds/tmp/mriqc_wf/funcMRIQC/synthstrip_wf/90c33c008f00a32316fce64c840fbce87adfe3ac/pre_n4".[0m
2026-03-27 06:12:49 |[34;20m INFO     [0m|[34;20m nipype.workflow  [0m|[34;20m [Node] Executing "pre_n4" <nipype.interfaces.ants.segmentation.N4BiasFieldCorrection>[0m
2026-03-27 06:12:50 |[34;20m INFO     [0m|[34;20m nipype.workflow  [0m|[34;20m [Node] Finished "pre_n4", elapsed time 1.398512s.[0m
2026-03-27 06:12:51 |[34;20m INFO     [0m|[34;20m nipype.workflow  [0m|[34;20m [Node] Setting-up "mriqc_wf.funcMRIQC.synthstrip_wf.pre_n4" in "/local/nvme/ds006401_08.783919/ds/tmp/mriqc_wf/funcMRIQC/synthstrip_wf/da16ef6ba9888a0ee2b27231d637dca176f92f3a/pre_n4".[0m
2026-03-27 06:12:51 |[34;20m INFO     [0m|[34;20m nipype.workflow  [0m|[34;20m [Node] Executing "pre_n4" <nipype.interfaces.ants.segmentation.N4BiasFieldCorrection>[0m
2026-03-27 06:12:53 |[34;20m INFO     [0m|[34;20m nipype.workflow  [0m|[34;20m [Node] Finished "pre_n4", elapsed time 1.418263s.[0m
2026-03-27 06:12:53 |[34;20m INFO     [0m|[34;20m nipype.workflow  [0m|[34;20m [Node] Setting-up "mriqc_wf.funcMRIQC.synthstrip_wf.synthstrip" in "/local/nvme/ds006401_08.783919/ds/tmp/mriqc_wf/funcMRIQC/synthstrip_wf/cd77ac77c4ca12cfe0f6c71e869a2b872d7d775b/synthstrip".[0m
2026-03-27 06:12:53 |[34;20m INFO     [0m|[34;20m nipype.workflow  [0m|[34;20m [Node] Executing "synthstrip" <mriqc.interfaces.synthstrip.SynthStrip>[0m
2026-03-27 06:13:10 |[34;20m INFO     [0m|[34;20m nipype.workflow  [0m|[34;20m [Node] Finished "synthstrip", elapsed time 16.832916s.[0m
2026-03-27 06:13:11 |[34;20m INFO     [0m|[34;20m nipype.workflow  [0m|[34;20m [Node] Setting-up "mriqc_wf.funcMRIQC.synthstrip_wf.synthstrip" in "/local/nvme/ds006401_08.783919/ds/tmp/mriqc_wf/funcMRIQC/synthstrip_wf/90c33c008f00a32316fce64c840fbce87adfe3ac/synthstrip".[0m
2026-03-27 06:13:11 |[34;20m INFO     [0m|[34;20m nipype.workflow  [0m|[34;20m [Node] Executing "synthstrip" <mriqc.interfaces.synthstrip.SynthStrip>[0m
2026-03-27 06:13:26 |[34;20m INFO     [0m|[34;20m nipype.workflow  [0m|[34;20m [Node] Finished "synthstrip", elapsed time 14.648681s.[0m
2026-03-27 06:13:27 |[34;20m INFO     [0m|[34;20m nipype.workflow  [0m|[34;20m [Node] Setting-up "mriqc_wf.funcMRIQC.synthstrip_wf.synthstrip" in "/local/nvme/ds006401_08.783919/ds/tmp/mriqc_wf/funcMRIQC/synthstrip_wf/da16ef6ba9888a0ee2b27231d637dca176f92f3a/synthstrip".[0m
2026-03-27 06:13:27 |[34;20m INFO     [0m|[34;20m nipype.workflow  [0m|[34;20m [Node] Executing "synthstrip" <mriqc.interfaces.synthstrip.SynthStrip>[0m
2026-03-27 06:13:43 |[34;20m INFO     [0m|[34;20m nipype.workflow  [0m|[34;20m [Node] Finished "synthstrip", elapsed time 15.338704s.[0m
2026-03-27 06:13:43 |[34;20m INFO     [0m|[34;20m nipype.workflow  [0m|[34;20m [Node] Setting-up "mriqc_wf.funcMRIQC.synthstrip_wf.post_n4" in "/local/nvme/ds006401_08.783919/ds/tmp/mriqc_wf/funcMRIQC/synthstrip_wf/cd77ac77c4ca12cfe0f6c71e869a2b872d7d775b/post_n4".[0m
2026-03-27 06:13:43 |[34;20m INFO     [0m|[34;20m nipype.workflow  [0m|[34;20m [Node] Executing "post_n4" <nipype.interfaces.ants.segmentation.N4BiasFieldCorrection>[0m
2026-03-27 06:13:44 |[34;20m INFO     [0m|[34;20m nipype.workflow  [0m|[34;20m [Node] Finished "post_n4", elapsed time 1.203712s.[0m
2026-03-27 06:13:45 |[34;20m INFO     [0m|[34;20m nipype.workflow  [0m|[34;20m [Node] Setting-up "mriqc_wf.funcMRIQC.SpatialNormalization.EPI2MNI" in "/local/nvme/ds006401_08.783919/ds/tmp/mriqc_wf/funcMRIQC/SpatialNormalization/cd77ac77c4ca12cfe0f6c71e869a2b872d7d775b/EPI2MNI".[0m
2026-03-27 06:13:45 |[34;20m INFO     [0m|[34;20m nipype.workflow  [0m|[34;20m [Node] Executing "EPI2MNI" <niworkflows.interfaces.reportlets.registration.SpatialNormalizationRPT>[0m
2026-03-27 06:13:45 |[34;20m INFO     [0m|[34;20m niworkflows      [0m|[34;20m Estimating initial transform using AffineInitializer[0m
2026-03-27 06:13:51 |[34;20m INFO     [0m|[34;20m niworkflows      [0m|[34;20m Loading settings from file /opt/conda/lib/python3.11/site-packages/niworkflows/data/boldref-mni_registration_precise_000.json.[0m
2026-03-27 06:13:51 |[34;20m INFO     [0m|[34;20m niworkflows      [0m|[34;20m Retry #1, commandline: 
antsRegistration --collapse-output-transforms 1 --dimensionality 3 --float 0 --initial-moving-transform [ /local/nvme/ds006401_08.783919/ds/tmp/mriqc_wf/funcMRIQC/SpatialNormalization/cd77ac77c4ca12cfe0f6c71e869a2b872d7d775b/EPI2MNI/transform.mat, 0 ] --initialize-transforms-per-stage 0 --interpolation LanczosWindowedSinc --output [ epi_to_mni, epi_to_mni_Warped.nii.gz ] --transform Rigid[ 0.05 ] --metric Mattes[ /templateflow/tpl-MNI152NLin2009cAsym/tpl-MNI152NLin2009cAsym_res-02_desc-fMRIPrep_boldref.nii.gz, /local/nvme/ds006401_08.783919/ds/tmp/mriqc_wf/funcMRIQC/SpatialNormalization/cd77ac77c4ca12cfe0f6c71e869a2b872d7d775b/SharpenEPI/sub-08_ses-01_task-mid_run-01_bold_desc-realigned_valid_tstat_corrected.nii.gz, 1, 56, Regular, 0.25 ] --convergence [ 10000x1000x100, 1e-06, 20 ] --smoothing-sigmas 4.0x2.0x1.0vox --shrink-factors 4x2x1 --use-histogram-matching 1 --masks [ /templateflow/tpl-MNI152NLin2009cAsym/tpl-MNI152NLin2009cAsym_res-02_desc-brain_mask.nii.gz, /local/nvme/ds006401_08.783919/ds/tmp/mriqc_wf/funcMRIQC/synthstrip_wf/cd77ac77c4ca12cfe0f6c71e869a2b872d7d775b/synthstrip/clipped_corrected_desc-brain_mask.nii.gz ] --transform Affine[ 0.08 ] --metric Mattes[ /templateflow/tpl-MNI152NLin2009cAsym/tpl-MNI152NLin2009cAsym_res-02_desc-fMRIPrep_boldref.nii.gz, /local/nvme/ds006401_08.783919/ds/tmp/mriqc_wf/funcMRIQC/SpatialNormalization/cd77ac77c4ca12cfe0f6c71e869a2b872d7d775b/SharpenEPI/sub-08_ses-01_task-mid_run-01_bold_desc-realigned_valid_tstat_corrected.nii.gz, 1, 56, Regular, 0.25 ] --convergence [ 500x250x100, 1e-06, 20 ] --smoothing-sigmas 4.0x2.0x1.0vox --shrink-factors 8x4x2 --use-histogram-matching 1 --masks [ /templateflow/tpl-MNI152NLin2009cAsym/tpl-MNI152NLin2009cAsym_res-02_desc-brain_mask.nii.gz, /local/nvme/ds006401_08.783919/ds/tmp/mriqc_wf/funcMRIQC/synthstrip_wf/cd77ac77c4ca12cfe0f6c71e869a2b872d7d775b/synthstrip/clipped_corrected_desc-brain_mask.nii.gz ] --transform SyN[ 0.1, 3.0, 0.0 ] --metric CC[ /templateflow/tpl-MNI152NLin2009cAsym/tpl-MNI152NLin2009cAsym_res-02_desc-fMRIPrep_boldref.nii.gz, /local/nvme/ds006401_08.783919/ds/tmp/mriqc_wf/funcMRIQC/SpatialNormalization/cd77ac77c4ca12cfe0f6c71e869a2b872d7d775b/SharpenEPI/sub-08_ses-01_task-mid_run-01_bold_desc-realigned_valid_tstat_corrected.nii.gz, 1, 4, None, 1 ] --convergence [ 100x30x20, 1e-06, 10 ] --smoothing-sigmas 3.0x2.0x1.0vox --shrink-factors 8x4x2 --use-histogram-matching 1 --masks [ /templateflow/tpl-MNI152NLin2009cAsym/tpl-MNI152NLin2009cAsym_res-02_desc-brain_mask.nii.gz, /local/nvme/ds006401_08.783919/ds/tmp/mriqc_wf/funcMRIQC/synthstrip_wf/cd77ac77c4ca12cfe0f6c71e869a2b872d7d775b/synthstrip/clipped_corrected_desc-brain_mask.nii.gz ] --winsorize-image-intensities [ 0.005, 0.995 ]  --write-composite-transform 1[0m
2026-03-27 06:14:03 |[34;20m INFO     [0m|[34;20m niworkflows      [0m|[34;20m Successful spatial normalization (retry #1).[0m
2026-03-27 06:14:03 |[34;20m INFO     [0m|[34;20m niworkflows      [0m|[34;20m Report - setting fixed (/templateflow/tpl-MNI152NLin2009cAsym/tpl-MNI152NLin2009cAsym_res-02_desc-fMRIPrep_boldref.nii.gz) and moving (/local/nvme/ds006401_08.783919/ds/tmp/mriqc_wf/funcMRIQC/SpatialNormalization/cd77ac77c4ca12cfe0f6c71e869a2b872d7d775b/EPI2MNI/epi_to_mni_Warped.nii.gz) images[0m
2026-03-27 06:14:03 |[34;20m INFO     [0m|[34;20m niworkflows      [0m|[34;20m Generating visual report[0m
2026-03-27 06:14:19 |[34;20m INFO     [0m|[34;20m nipype.workflow  [0m|[34;20m [Node] Finished "EPI2MNI", elapsed time 34.079083s.[0m
2026-03-27 06:14:21 |[34;20m INFO     [0m|[34;20m nipype.workflow  [0m|[34;20m [Node] Setting-up "mriqc_wf.funcMRIQC.func_report_wf.dilated_mask" in "/local/nvme/ds006401_08.783919/ds/tmp/mriqc_wf/funcMRIQC/func_report_wf/cd77ac77c4ca12cfe0f6c71e869a2b872d7d775b/dilated_mask".[0m
2026-03-27 06:14:21 |[34;20m INFO     [0m|[34;20m nipype.workflow  [0m|[34;20m [Node] Setting-up "_smoothness0" in "/local/nvme/ds006401_08.783919/ds/tmp/mriqc_wf/funcMRIQC/ComputeIQMs/cd77ac77c4ca12cfe0f6c71e869a2b872d7d775b/smoothness/mapflow/_smoothness0".[0m
2026-03-27 06:14:21 |[34;20m INFO     [0m|[34;20m nipype.workflow  [0m|[34;20m [Node] Setting-up "mriqc_wf.funcMRIQC.func_report_wf.PlotBrainmask" in "/local/nvme/ds006401_08.783919/ds/tmp/mriqc_wf/funcMRIQC/func_report_wf/cd77ac77c4ca12cfe0f6c71e869a2b872d7d775b/PlotBrainmask".[0m
2026-03-27 06:14:21 |[34;20m INFO     [0m|[34;20m nipype.workflow  [0m|[34;20m [Node] Executing "dilated_mask" <niworkflows.interfaces.morphology.BinaryDilation>[0m
2026-03-27 06:14:21 |[34;20m INFO     [0m|[34;20m nipype.workflow  [0m|[34;20m [Node] Setting-up "_gcor0" in "/local/nvme/ds006401_08.783919/ds/tmp/mriqc_wf/funcMRIQC/ComputeIQMs/cd77ac77c4ca12cfe0f6c71e869a2b872d7d775b/gcor/mapflow/_gcor0".[0m
2026-03-27 06:14:21 |[34;20m INFO     [0m|[34;20m nipype.workflow  [0m|[34;20m [Node] Executing "_smoothness0" <nipype.interfaces.afni.utils.FWHMx>[0m
2026-03-27 06:14:21 |[34;20m INFO     [0m|[34;20m nipype.workflow  [0m|[34;20m [Node] Executing "_gcor0" <mriqc.interfaces.transitional.GCOR>[0m
2026-03-27 06:14:21 |[34;20m INFO     [0m|[34;20m nipype.workflow  [0m|[34;20m [Node] Executing "PlotBrainmask" <nireports.interfaces.mosaic.PlotContours>[0m
2026-03-27 06:14:21 |[34;20m INFO     [0m|[34;20m nipype.workflow  [0m|[34;20m [Node] Setting-up "_PlotMosaicZoomed0" in "/local/nvme/ds006401_08.783919/ds/tmp/mriqc_wf/funcMRIQC/func_report_wf/cd77ac77c4ca12cfe0f6c71e869a2b872d7d775b/PlotMosaicZoomed/mapflow/_PlotMosaicZoomed0".[0m
2026-03-27 06:14:21 |[34;20m INFO     [0m|[34;20m nipype.workflow  [0m|[34;20m [Node] Setting-up "_outliers0" in "/local/nvme/ds006401_08.783919/ds/tmp/mriqc_wf/funcMRIQC/ComputeIQMs/cd77ac77c4ca12cfe0f6c71e869a2b872d7d775b/outliers/mapflow/_outliers0".[0m
2026-03-27 06:14:21 |[34;20m INFO     [0m|[34;20m nipype.workflow  [0m|[34;20m [Node] Executing "_PlotMosaicZoomed0" <nireports.interfaces.mosaic.PlotMosaic>[0m
2026-03-27 06:14:21 |[34;20m INFO     [0m|[34;20m nipype.workflow  [0m|[34;20m [Node] Executing "_outliers0" <nipype.interfaces.afni.preprocess.OutlierCount>[0m
2026-03-27 06:14:21 |[34;20m INFO     [0m|[34;20m nipype.workflow  [0m|[34;20m [Node] Setting-up "_ComputeDVARS0" in "/local/nvme/ds006401_08.783919/ds/tmp/mriqc_wf/funcMRIQC/ComputeIQMs/90c33c008f00a32316fce64c840fbce87adfe3ac/ComputeDVARS/mapflow/_ComputeDVARS0".[0m
2026-03-27 06:14:21 |[34;20m INFO     [0m|[34;20m nipype.workflow  [0m|[34;20m [Node] Setting-up "_ComputeDVARS0" in "/local/nvme/ds006401_08.783919/ds/tmp/mriqc_wf/funcMRIQC/ComputeIQMs/cd77ac77c4ca12cfe0f6c71e869a2b872d7d775b/ComputeDVARS/mapflow/_ComputeDVARS0".[0m
2026-03-27 06:14:21 |[34;20m INFO     [0m|[34;20m nipype.workflow  [0m|[34;20m [Node] Executing "_ComputeDVARS0" <nipype.algorithms.confounds.ComputeDVARS>[0m
2026-03-27 06:14:21 |[34;20m INFO     [0m|[34;20m nipype.workflow  [0m|[34;20m [Node] Executing "_ComputeDVARS0" <nipype.algorithms.confounds.ComputeDVARS>[0m
2026-03-27 06:14:21 |[34;20m INFO     [0m|[34;20m nipype.workflow  [0m|[34;20m [Node] Finished "dilated_mask", elapsed time 0.058267s.[0m
2026-03-27 06:14:22 |[34;20m INFO     [0m|[34;20m nipype.workflow  [0m|[34;20m [Node] Finished "_smoothness0", elapsed time 0.761333s.[0m
2026-03-27 06:14:23 |[34;20m INFO     [0m|[34;20m nipype.workflow  [0m|[34;20m [Node] Finished "PlotBrainmask", elapsed time 1.424594s.[0m
2026-03-27 06:14:23 |[34;20m INFO     [0m|[34;20m nipype.workflow  [0m|[34;20m [Node] Finished "_PlotMosaicZoomed0", elapsed time 1.914601s.[0m
2026-03-27 06:14:23 |[34;20m INFO     [0m|[34;20m nipype.workflow  [0m|[34;20m [Node] Setting-up "_smoothness0" in "/local/nvme/ds006401_08.783919/ds/tmp/mriqc_wf/funcMRIQC/ComputeIQMs/90c33c008f00a32316fce64c840fbce87adfe3ac/smoothness/mapflow/_smoothness0".[0m
2026-03-27 06:14:23 |[34;20m INFO     [0m|[34;20m nipype.workflow  [0m|[34;20m [Node] Setting-up "_outliers0" in "/local/nvme/ds006401_08.783919/ds/tmp/mriqc_wf/funcMRIQC/ComputeIQMs/90c33c008f00a32316fce64c840fbce87adfe3ac/outliers/mapflow/_outliers0".[0m
2026-03-27 06:14:23 |[34;20m INFO     [0m|[34;20m nipype.workflow  [0m|[34;20m [Node] Setting-up "_gcor0" in "/local/nvme/ds006401_08.783919/ds/tmp/mriqc_wf/funcMRIQC/ComputeIQMs/90c33c008f00a32316fce64c840fbce87adfe3ac/gcor/mapflow/_gcor0".[0m
2026-03-27 06:14:23 |[34;20m INFO     [0m|[34;20m nipype.workflow  [0m|[34;20m [Node] Executing "_smoothness0" <nipype.interfaces.afni.utils.FWHMx>[0m
2026-03-27 06:14:23 |[34;20m INFO     [0m|[34;20m nipype.workflow  [0m|[34;20m [Node] Executing "_outliers0" <nipype.interfaces.afni.preprocess.OutlierCount>[0m
2026-03-27 06:14:23 |[34;20m INFO     [0m|[34;20m nipype.workflow  [0m|[34;20m [Node] Executing "_gcor0" <mriqc.interfaces.transitional.GCOR>[0m
2026-03-27 06:14:24 |[34;20m INFO     [0m|[34;20m nipype.workflow  [0m|[34;20m [Node] Finished "_smoothness0", elapsed time 0.601328s.[0m
2026-03-27 06:14:25 |[34;20m INFO     [0m|[34;20m nipype.workflow  [0m|[34;20m [Node] Setting-up "mriqc_wf.funcMRIQC.func_report_wf.dilated_mask" in "/local/nvme/ds006401_08.783919/ds/tmp/mriqc_wf/funcMRIQC/func_report_wf/90c33c008f00a32316fce64c840fbce87adfe3ac/dilated_mask".[0m
2026-03-27 06:14:25 |[34;20m INFO     [0m|[34;20m nipype.workflow  [0m|[34;20m [Node] Executing "dilated_mask" <niworkflows.interfaces.morphology.BinaryDilation>[0m
2026-03-27 06:14:25 |[34;20m INFO     [0m|[34;20m nipype.workflow  [0m|[34;20m [Node] Setting-up "_PlotMosaicZoomed0" in "/local/nvme/ds006401_08.783919/ds/tmp/mriqc_wf/funcMRIQC/func_report_wf/90c33c008f00a32316fce64c840fbce87adfe3ac/PlotMosaicZoomed/mapflow/_PlotMosaicZoomed0".[0m
2026-03-27 06:14:25 |[34;20m INFO     [0m|[34;20m nipype.workflow  [0m|[34;20m [Node] Executing "_PlotMosaicZoomed0" <nireports.interfaces.mosaic.PlotMosaic>[0m
2026-03-27 06:14:25 |[34;20m INFO     [0m|[34;20m nipype.workflow  [0m|[34;20m [Node] Finished "dilated_mask", elapsed time 0.023512s.[0m
2026-03-27 06:14:26 |[34;20m INFO     [0m|[34;20m nipype.workflow  [0m|[34;20m [Node] Finished "_PlotMosaicZoomed0", elapsed time 1.350453s.[0m
2026-03-27 06:14:27 |[34;20m INFO     [0m|[34;20m nipype.workflow  [0m|[34;20m [Node] Finished "_outliers0", elapsed time 5.834637s.[0m
2026-03-27 06:14:27 |[34;20m INFO     [0m|[34;20m nipype.workflow  [0m|[34;20m [Node] Setting-up "mriqc_wf.funcMRIQC.func_report_wf.PlotBrainmask" in "/local/nvme/ds006401_08.783919/ds/tmp/mriqc_wf/funcMRIQC/func_report_wf/90c33c008f00a32316fce64c840fbce87adfe3ac/PlotBrainmask".[0m
2026-03-27 06:14:27 |[34;20m INFO     [0m|[34;20m nipype.workflow  [0m|[34;20m [Node] Executing "PlotBrainmask" <nireports.interfaces.mosaic.PlotContours>[0m
2026-03-27 06:14:27 |[34;20m INFO     [0m|[34;20m nipype.workflow  [0m|[34;20m [Node] Setting-up "_ComputeDVARS0" in "/local/nvme/ds006401_08.783919/ds/tmp/mriqc_wf/funcMRIQC/ComputeIQMs/da16ef6ba9888a0ee2b27231d637dca176f92f3a/ComputeDVARS/mapflow/_ComputeDVARS0".[0m
2026-03-27 06:14:27 |[34;20m INFO     [0m|[34;20m nipype.workflow  [0m|[34;20m [Node] Executing "_ComputeDVARS0" <nipype.algorithms.confounds.ComputeDVARS>[0m
2026-03-27 06:14:27 |[34;20m INFO     [0m|[34;20m nipype.workflow  [0m|[34;20m [Node] Setting-up "_smoothness0" in "/local/nvme/ds006401_08.783919/ds/tmp/mriqc_wf/funcMRIQC/ComputeIQMs/da16ef6ba9888a0ee2b27231d637dca176f92f3a/smoothness/mapflow/_smoothness0".[0m
2026-03-27 06:14:27 |[34;20m INFO     [0m|[34;20m nipype.workflow  [0m|[34;20m [Node] Executing "_smoothness0" <nipype.interfaces.afni.utils.FWHMx>[0m
2026-03-27 06:14:28 |[34;20m INFO     [0m|[34;20m nipype.workflow  [0m|[34;20m [Node] Finished "_smoothness0", elapsed time 0.623448s.[0m
2026-03-27 06:14:29 |[34;20m INFO     [0m|[34;20m nipype.workflow  [0m|[34;20m [Node] Finished "PlotBrainmask", elapsed time 1.455574s.[0m
2026-03-27 06:14:29 |[34;20m INFO     [0m|[34;20m nipype.workflow  [0m|[34;20m [Node] Finished "_outliers0", elapsed time 5.65843s.[0m
2026-03-27 06:14:29 |[34;20m INFO     [0m|[34;20m nipype.workflow  [0m|[34;20m [Node] Setting-up "mriqc_wf.funcMRIQC.func_report_wf.dilated_mask" in "/local/nvme/ds006401_08.783919/ds/tmp/mriqc_wf/funcMRIQC/func_report_wf/da16ef6ba9888a0ee2b27231d637dca176f92f3a/dilated_mask".[0m
2026-03-27 06:14:29 |[34;20m INFO     [0m|[34;20m nipype.workflow  [0m|[34;20m [Node] Setting-up "_gcor0" in "/local/nvme/ds006401_08.783919/ds/tmp/mriqc_wf/funcMRIQC/ComputeIQMs/da16ef6ba9888a0ee2b27231d637dca176f92f3a/gcor/mapflow/_gcor0".[0m
2026-03-27 06:14:29 |[34;20m INFO     [0m|[34;20m nipype.workflow  [0m|[34;20m [Node] Setting-up "_outliers0" in "/local/nvme/ds006401_08.783919/ds/tmp/mriqc_wf/funcMRIQC/ComputeIQMs/da16ef6ba9888a0ee2b27231d637dca176f92f3a/outliers/mapflow/_outliers0".[0m
2026-03-27 06:14:29 |[34;20m INFO     [0m|[34;20m nipype.workflow  [0m|[34;20m [Node] Executing "dilated_mask" <niworkflows.interfaces.morphology.BinaryDilation>[0m
2026-03-27 06:14:29 |[34;20m INFO     [0m|[34;20m nipype.workflow  [0m|[34;20m [Node] Executing "_outliers0" <nipype.interfaces.afni.preprocess.OutlierCount>[0m
2026-03-27 06:14:29 |[34;20m INFO     [0m|[34;20m nipype.workflow  [0m|[34;20m [Node] Executing "_gcor0" <mriqc.interfaces.transitional.GCOR>[0m
2026-03-27 06:14:29 |[34;20m INFO     [0m|[34;20m nipype.workflow  [0m|[34;20m [Node] Finished "dilated_mask", elapsed time 0.046331s.[0m
2026-03-27 06:14:31 |[34;20m INFO     [0m|[34;20m nipype.workflow  [0m|[34;20m [Node] Setting-up "_PlotMosaicZoomed0" in "/local/nvme/ds006401_08.783919/ds/tmp/mriqc_wf/funcMRIQC/func_report_wf/da16ef6ba9888a0ee2b27231d637dca176f92f3a/PlotMosaicZoomed/mapflow/_PlotMosaicZoomed0".[0m
2026-03-27 06:14:31 |[34;20m INFO     [0m|[34;20m nipype.workflow  [0m|[34;20m [Node] Executing "_PlotMosaicZoomed0" <nireports.interfaces.mosaic.PlotMosaic>[0m
2026-03-27 06:14:31 |[34;20m INFO     [0m|[34;20m nipype.workflow  [0m|[34;20m [Node] Finished "_gcor0", elapsed time 10.10726s.[0m
2026-03-27 06:14:33 |[34;20m INFO     [0m|[34;20m nipype.workflow  [0m|[34;20m [Node] Finished "_PlotMosaicZoomed0", elapsed time 1.410128s.[0m
2026-03-27 06:14:33 |[34;20m INFO     [0m|[34;20m nipype.workflow  [0m|[34;20m [Node] Setting-up "mriqc_wf.funcMRIQC.func_report_wf.PlotBrainmask" in "/local/nvme/ds006401_08.783919/ds/tmp/mriqc_wf/funcMRIQC/func_report_wf/da16ef6ba9888a0ee2b27231d637dca176f92f3a/PlotBrainmask".[0m
2026-03-27 06:14:33 |[34;20m INFO     [0m|[34;20m nipype.workflow  [0m|[34;20m [Node] Setting-up "mriqc_wf.funcMRIQC.synthstrip_wf.final_masked" in "/local/nvme/ds006401_08.783919/ds/tmp/mriqc_wf/funcMRIQC/synthstrip_wf/cd77ac77c4ca12cfe0f6c71e869a2b872d7d775b/final_masked".[0m
2026-03-27 06:14:33 |[34;20m INFO     [0m|[34;20m nipype.workflow  [0m|[34;20m [Node] Executing "PlotBrainmask" <nireports.interfaces.mosaic.PlotContours>[0m
2026-03-27 06:14:33 |[34;20m INFO     [0m|[34;20m nipype.workflow  [0m|[34;20m [Node] Executing "final_masked" <niworkflows.interfaces.nibabel.ApplyMask>[0m
2026-03-27 06:14:33 |[34;20m INFO     [0m|[34;20m nipype.workflow  [0m|[34;20m [Node] Finished "final_masked", elapsed time 0.046119s.[0m
2026-03-27 06:14:33 |[34;20m INFO     [0m|[34;20m nipype.workflow  [0m|[34;20m [Node] Finished "_gcor0", elapsed time 10.109935s.[0m
2026-03-27 06:14:34 |[34;20m INFO     [0m|[34;20m nipype.workflow  [0m|[34;20m [Node] Finished "PlotBrainmask", elapsed time 1.334182s.[0m
2026-03-27 06:14:35 |[34;20m INFO     [0m|[34;20m nipype.workflow  [0m|[34;20m [Node] Setting-up "mriqc_wf.funcMRIQC.func_report_wf.ds_report_norm" in "/local/nvme/ds006401_08.783919/ds/tmp/mriqc_wf/funcMRIQC/func_report_wf/cd77ac77c4ca12cfe0f6c71e869a2b872d7d775b/ds_report_norm".[0m
2026-03-27 06:14:35 |[34;20m INFO     [0m|[34;20m nipype.workflow  [0m|[34;20m [Node] Setting-up "mriqc_wf.funcMRIQC.SpatialNormalization.ResampleSegmentation" in "/local/nvme/ds006401_08.783919/ds/tmp/mriqc_wf/funcMRIQC/SpatialNormalization/cd77ac77c4ca12cfe0f6c71e869a2b872d7d775b/ResampleSegmentation".[0m
2026-03-27 06:14:35 |[34;20m INFO     [0m|[34;20m nipype.workflow  [0m|[34;20m [Node] Executing "ResampleSegmentation" <nipype.interfaces.ants.resampling.ApplyTransforms>[0m
2026-03-27 06:14:35 |[34;20m INFO     [0m|[34;20m nipype.workflow  [0m|[34;20m [Node] Executing "ds_report_norm" <mriqc.interfaces.DerivativesDataSink>[0m
2026-03-27 06:14:35 |[34;20m INFO     [0m|[34;20m nipype.workflow  [0m|[34;20m [Node] Finished "ds_report_norm", elapsed time 0.005886s.[0m
2026-03-27 06:14:35 |[34;20m INFO     [0m|[34;20m nipype.workflow  [0m|[34;20m [Node] Setting-up "mriqc_wf.funcMRIQC.func_report_wf.subtract_mask" in "/local/nvme/ds006401_08.783919/ds/tmp/mriqc_wf/funcMRIQC/func_report_wf/cd77ac77c4ca12cfe0f6c71e869a2b872d7d775b/subtract_mask".[0m
2026-03-27 06:14:35 |[34;20m INFO     [0m|[34;20m nipype.workflow  [0m|[34;20m [Node] Setting-up "_ds_report_zoomed0" in "/local/nvme/ds006401_08.783919/ds/tmp/mriqc_wf/funcMRIQC/func_report_wf/cd77ac77c4ca12cfe0f6c71e869a2b872d7d775b/ds_report_zoomed/mapflow/_ds_report_zoomed0".[0m
2026-03-27 06:14:35 |[34;20m INFO     [0m|[34;20m nipype.workflow  [0m|[34;20m [Node] Executing "subtract_mask" <niworkflows.interfaces.morphology.BinarySubtraction>[0m
2026-03-27 06:14:35 |[34;20m INFO     [0m|[34;20m nipype.workflow  [0m|[34;20m [Node] Executing "_ds_report_zoomed0" <mriqc.interfaces.DerivativesDataSink>[0m
2026-03-27 06:14:35 |[34;20m INFO     [0m|[34;20m nipype.workflow  [0m|[34;20m [Node] Finished "_ds_report_zoomed0", elapsed time 0.006107s.[0m
2026-03-27 06:14:35 |[34;20m INFO     [0m|[34;20m nipype.workflow  [0m|[34;20m [Node] Finished "subtract_mask", elapsed time 0.017594s.[0m
2026-03-27 06:14:35 |[34;20m INFO     [0m|[34;20m nipype.workflow  [0m|[34;20m [Node] Setting-up "mriqc_wf.funcMRIQC.func_report_wf.ds_report_bmask" in "/local/nvme/ds006401_08.783919/ds/tmp/mriqc_wf/funcMRIQC/func_report_wf/cd77ac77c4ca12cfe0f6c71e869a2b872d7d775b/ds_report_bmask".[0m
2026-03-27 06:14:35 |[34;20m INFO     [0m|[34;20m nipype.workflow  [0m|[34;20m [Node] Executing "ds_report_bmask" <mriqc.interfaces.DerivativesDataSink>[0m
2026-03-27 06:14:35 |[34;20m INFO     [0m|[34;20m nipype.workflow  [0m|[34;20m [Node] Finished "ds_report_bmask", elapsed time 0.005196s.[0m
2026-03-27 06:14:35 |[34;20m INFO     [0m|[34;20m nipype.workflow  [0m|[34;20m [Node] Setting-up "mriqc_wf.funcMRIQC.func_report_wf.subtract_mask" in "/local/nvme/ds006401_08.783919/ds/tmp/mriqc_wf/funcMRIQC/func_report_wf/90c33c008f00a32316fce64c840fbce87adfe3ac/subtract_mask".[0m
2026-03-27 06:14:35 |[34;20m INFO     [0m|[34;20m nipype.workflow  [0m|[34;20m [Node] Executing "subtract_mask" <niworkflows.interfaces.morphology.BinarySubtraction>[0m
2026-03-27 06:14:35 |[34;20m INFO     [0m|[34;20m nipype.workflow  [0m|[34;20m [Node] Finished "subtract_mask", elapsed time 0.011459s.[0m
2026-03-27 06:14:37 |[34;20m INFO     [0m|[34;20m nipype.workflow  [0m|[34;20m [Node] Finished "_outliers0", elapsed time 7.402457s.[0m
2026-03-27 06:14:37 |[34;20m INFO     [0m|[34;20m nipype.workflow  [0m|[34;20m [Node] Setting-up "_ds_report_zoomed0" in "/local/nvme/ds006401_08.783919/ds/tmp/mriqc_wf/funcMRIQC/func_report_wf/90c33c008f00a32316fce64c840fbce87adfe3ac/ds_report_zoomed/mapflow/_ds_report_zoomed0".[0m
2026-03-27 06:14:37 |[34;20m INFO     [0m|[34;20m nipype.workflow  [0m|[34;20m [Node] Executing "_ds_report_zoomed0" <mriqc.interfaces.DerivativesDataSink>[0m
2026-03-27 06:14:37 |[34;20m INFO     [0m|[34;20m nipype.workflow  [0m|[34;20m [Node] Finished "_ds_report_zoomed0", elapsed time 0.006319s.[0m
2026-03-27 06:14:37 |[34;20m INFO     [0m|[34;20m nipype.workflow  [0m|[34;20m [Node] Setting-up "mriqc_wf.funcMRIQC.func_report_wf.ds_report_bmask" in "/local/nvme/ds006401_08.783919/ds/tmp/mriqc_wf/funcMRIQC/func_report_wf/90c33c008f00a32316fce64c840fbce87adfe3ac/ds_report_bmask".[0m
2026-03-27 06:14:37 |[34;20m INFO     [0m|[34;20m nipype.workflow  [0m|[34;20m [Node] Executing "ds_report_bmask" <mriqc.interfaces.DerivativesDataSink>[0m
2026-03-27 06:14:37 |[34;20m INFO     [0m|[34;20m nipype.workflow  [0m|[34;20m [Node] Finished "ds_report_bmask", elapsed time 0.005456s.[0m
2026-03-27 06:14:37 |[34;20m INFO     [0m|[34;20m nipype.workflow  [0m|[34;20m [Node] Setting-up "mriqc_wf.funcMRIQC.func_report_wf.subtract_mask" in "/local/nvme/ds006401_08.783919/ds/tmp/mriqc_wf/funcMRIQC/func_report_wf/da16ef6ba9888a0ee2b27231d637dca176f92f3a/subtract_mask".[0m
2026-03-27 06:14:37 |[34;20m INFO     [0m|[34;20m nipype.workflow  [0m|[34;20m [Node] Executing "subtract_mask" <niworkflows.interfaces.morphology.BinarySubtraction>[0m
2026-03-27 06:14:37 |[34;20m INFO     [0m|[34;20m nipype.workflow  [0m|[34;20m [Node] Setting-up "_ds_report_zoomed0" in "/local/nvme/ds006401_08.783919/ds/tmp/mriqc_wf/funcMRIQC/func_report_wf/da16ef6ba9888a0ee2b27231d637dca176f92f3a/ds_report_zoomed/mapflow/_ds_report_zoomed0".[0m
2026-03-27 06:14:37 |[34;20m INFO     [0m|[34;20m nipype.workflow  [0m|[34;20m [Node] Executing "_ds_report_zoomed0" <mriqc.interfaces.DerivativesDataSink>[0m
2026-03-27 06:14:37 |[34;20m INFO     [0m|[34;20m nipype.workflow  [0m|[34;20m [Node] Finished "_ds_report_zoomed0", elapsed time 0.005743s.[0m
2026-03-27 06:14:37 |[34;20m INFO     [0m|[34;20m nipype.workflow  [0m|[34;20m [Node] Finished "subtract_mask", elapsed time 0.01515s.[0m
2026-03-27 06:14:37 |[34;20m INFO     [0m|[34;20m nipype.workflow  [0m|[34;20m [Node] Setting-up "mriqc_wf.funcMRIQC.func_report_wf.ds_report_bmask" in "/local/nvme/ds006401_08.783919/ds/tmp/mriqc_wf/funcMRIQC/func_report_wf/da16ef6ba9888a0ee2b27231d637dca176f92f3a/ds_report_bmask".[0m
2026-03-27 06:14:37 |[34;20m INFO     [0m|[34;20m nipype.workflow  [0m|[34;20m [Node] Executing "ds_report_bmask" <mriqc.interfaces.DerivativesDataSink>[0m
2026-03-27 06:14:37 |[34;20m INFO     [0m|[34;20m nipype.workflow  [0m|[34;20m [Node] Finished "ds_report_bmask", elapsed time 0.005778s.[0m
2026-03-27 06:14:39 |[34;20m INFO     [0m|[34;20m nipype.workflow  [0m|[34;20m [Node] Finished "ResampleSegmentation", elapsed time 3.513747s.[0m
2026-03-27 06:14:39 |[34;20m INFO     [0m|[34;20m nipype.workflow  [0m|[34;20m [Node] Setting-up "mriqc_wf.funcMRIQC.func_report_wf.parcels" in "/local/nvme/ds006401_08.783919/ds/tmp/mriqc_wf/funcMRIQC/func_report_wf/cd77ac77c4ca12cfe0f6c71e869a2b872d7d775b/parcels".[0m
2026-03-27 06:14:39 |[34;20m INFO     [0m|[34;20m nipype.workflow  [0m|[34;20m [Node] Executing "parcels" <nipype.interfaces.utility.wrappers.Function>[0m
2026-03-27 06:14:39 |[34;20m INFO     [0m|[34;20m nipype.workflow  [0m|[34;20m [Node] Finished "parcels", elapsed time 0.031112s.[0m
2026-03-27 06:14:42 |[34;20m INFO     [0m|[34;20m nipype.workflow  [0m|[34;20m [Node] Finished "_gcor0", elapsed time 12.396009s.[0m
2026-03-27 06:14:44 |[34;20m INFO     [0m|[34;20m nipype.workflow  [0m|[34;20m [Node] Finished "_ComputeDVARS0", elapsed time 22.889948s.[0m
2026-03-27 06:14:44 |[34;20m INFO     [0m|[34;20m nipype.workflow  [0m|[34;20m [Node] Finished "_ComputeDVARS0", elapsed time 22.898402s.[0m
2026-03-27 06:14:45 |[34;20m INFO     [0m|[34;20m nipype.workflow  [0m|[34;20m [Node] Setting-up "_measures0" in "/local/nvme/ds006401_08.783919/ds/tmp/mriqc_wf/funcMRIQC/ComputeIQMs/cd77ac77c4ca12cfe0f6c71e869a2b872d7d775b/measures/mapflow/_measures0".[0m
2026-03-27 06:14:45 |[34;20m INFO     [0m|[34;20m nipype.workflow  [0m|[34;20m [Node] Setting-up "_timeseries0" in "/local/nvme/ds006401_08.783919/ds/tmp/mriqc_wf/funcMRIQC/ComputeIQMs/cd77ac77c4ca12cfe0f6c71e869a2b872d7d775b/timeseries/mapflow/_timeseries0".[0m
2026-03-27 06:14:45 |[34;20m INFO     [0m|[34;20m nipype.workflow  [0m|[34;20m [Node] Executing "_measures0" <mriqc.interfaces.functional.FunctionalQC>[0m
2026-03-27 06:14:45 |[34;20m INFO     [0m|[34;20m nipype.workflow  [0m|[34;20m [Node] Executing "_timeseries0" <mriqc.interfaces.functional.GatherTimeseries>[0m
2026-03-27 06:14:45 |[34;20m INFO     [0m|[34;20m nipype.workflow  [0m|[34;20m [Node] Setting-up "_timeseries0" in "/local/nvme/ds006401_08.783919/ds/tmp/mriqc_wf/funcMRIQC/ComputeIQMs/90c33c008f00a32316fce64c840fbce87adfe3ac/timeseries/mapflow/_timeseries0".[0m
2026-03-27 06:14:45 |[34;20m INFO     [0m|[34;20m nipype.workflow  [0m|[34;20m [Node] Executing "_timeseries0" <mriqc.interfaces.functional.GatherTimeseries>[0m
2026-03-27 06:14:45 |[34;20m INFO     [0m|[34;20m nipype.workflow  [0m|[34;20m [Node] Finished "_timeseries0", elapsed time 0.02408s.[0m
2026-03-27 06:14:45 |[34;20m INFO     [0m|[34;20m nipype.workflow  [0m|[34;20m [Node] Finished "_timeseries0", elapsed time 0.027414s.[0m
2026-03-27 06:14:47 |[34;20m INFO     [0m|[34;20m nipype.workflow  [0m|[34;20m [Node] Setting-up "_ds_timeseries0" in "/local/nvme/ds006401_08.783919/ds/tmp/mriqc_wf/funcMRIQC/ComputeIQMs/cd77ac77c4ca12cfe0f6c71e869a2b872d7d775b/ds_timeseries/mapflow/_ds_timeseries0".[0m
2026-03-27 06:14:47 |[34;20m INFO     [0m|[34;20m nipype.workflow  [0m|[34;20m [Node] Executing "_ds_timeseries0" <mriqc.interfaces.DerivativesDataSink>[0m
2026-03-27 06:14:47 |[34;20m INFO     [0m|[34;20m nipype.workflow  [0m|[34;20m [Node] Finished "_ds_timeseries0", elapsed time 0.004537s.[0m
2026-03-27 06:14:47 |[34;20m INFO     [0m|[34;20m nipype.workflow  [0m|[34;20m [Node] Setting-up "_ds_timeseries0" in "/local/nvme/ds006401_08.783919/ds/tmp/mriqc_wf/funcMRIQC/ComputeIQMs/90c33c008f00a32316fce64c840fbce87adfe3ac/ds_timeseries/mapflow/_ds_timeseries0".[0m
2026-03-27 06:14:47 |[34;20m INFO     [0m|[34;20m nipype.workflow  [0m|[34;20m [Node] Executing "_ds_timeseries0" <mriqc.interfaces.DerivativesDataSink>[0m
2026-03-27 06:14:47 |[34;20m INFO     [0m|[34;20m nipype.workflow  [0m|[34;20m [Node] Finished "_ds_timeseries0", elapsed time 0.004192s.[0m
2026-03-27 06:14:47 |[34;20m INFO     [0m|[34;20m nipype.workflow  [0m|[34;20m [Node] Setting-up "_BigPlot0" in "/local/nvme/ds006401_08.783919/ds/tmp/mriqc_wf/funcMRIQC/func_report_wf/cd77ac77c4ca12cfe0f6c71e869a2b872d7d775b/BigPlot/mapflow/_BigPlot0".[0m
2026-03-27 06:14:47 |[34;20m INFO     [0m|[34;20m nipype.workflow  [0m|[34;20m [Node] Executing "_BigPlot0" <nireports.interfaces.fmri.FMRISummary>[0m
2026-03-27 06:14:48 |[34;20m INFO     [0m|[34;20m nipype.workflow  [0m|[34;20m [Node] Finished "_measures0", elapsed time 3.252193s.[0m
2026-03-27 06:14:49 |[34;20m INFO     [0m|[34;20m nipype.workflow  [0m|[34;20m [Node] Setting-up "_measures0" in "/local/nvme/ds006401_08.783919/ds/tmp/mriqc_wf/funcMRIQC/ComputeIQMs/90c33c008f00a32316fce64c840fbce87adfe3ac/measures/mapflow/_measures0".[0m
2026-03-27 06:14:49 |[34;20m INFO     [0m|[34;20m nipype.workflow  [0m|[34;20m [Node] Executing "_measures0" <mriqc.interfaces.functional.FunctionalQC>[0m
2026-03-27 06:14:49 |[34;20m INFO     [0m|[34;20m nipype.workflow  [0m|[34;20m [Node] Setting-up "_datasink0" in "/local/nvme/ds006401_08.783919/ds/tmp/mriqc_wf/funcMRIQC/ComputeIQMs/cd77ac77c4ca12cfe0f6c71e869a2b872d7d775b/datasink/mapflow/_datasink0".[0m
2026-03-27 06:14:49 |[34;20m INFO     [0m|[34;20m nipype.workflow  [0m|[34;20m [Node] Executing "_datasink0" <mriqc.interfaces.bids.IQMFileSink>[0m
2026-03-27 06:14:49 |[34;20m INFO     [0m|[34;20m nipype.workflow  [0m|[34;20m [Node] Finished "_datasink0", elapsed time 0.001691s.[0m
2026-03-27 06:14:53 |[34;20m INFO     [0m|[34;20m nipype.workflow  [0m|[34;20m [Node] Finished "_measures0", elapsed time 3.979973s.[0m
2026-03-27 06:14:55 |[34;20m INFO     [0m|[34;20m nipype.workflow  [0m|[34;20m [Node] Finished "_BigPlot0", elapsed time 7.250373s.[0m
2026-03-27 06:14:55 |[34;20m INFO     [0m|[34;20m nipype.workflow  [0m|[34;20m [Node] Setting-up "_datasink0" in "/local/nvme/ds006401_08.783919/ds/tmp/mriqc_wf/funcMRIQC/ComputeIQMs/90c33c008f00a32316fce64c840fbce87adfe3ac/datasink/mapflow/_datasink0".[0m
2026-03-27 06:14:55 |[34;20m INFO     [0m|[34;20m nipype.workflow  [0m|[34;20m [Node] Executing "_datasink0" <mriqc.interfaces.bids.IQMFileSink>[0m
2026-03-27 06:14:55 |[34;20m INFO     [0m|[34;20m nipype.workflow  [0m|[34;20m [Node] Finished "_datasink0", elapsed time 0.000712s.[0m
2026-03-27 06:14:55 |[34;20m INFO     [0m|[34;20m nipype.workflow  [0m|[34;20m [Node] Finished "_ComputeDVARS0", elapsed time 28.119398s.[0m
2026-03-27 06:14:55 |[34;20m INFO     [0m|[34;20m nipype.workflow  [0m|[34;20m [Node] Setting-up "_ds_report_carpet0" in "/local/nvme/ds006401_08.783919/ds/tmp/mriqc_wf/funcMRIQC/func_report_wf/cd77ac77c4ca12cfe0f6c71e869a2b872d7d775b/ds_report_carpet/mapflow/_ds_report_carpet0".[0m
2026-03-27 06:14:55 |[34;20m INFO     [0m|[34;20m nipype.workflow  [0m|[34;20m [Node] Executing "_ds_report_carpet0" <mriqc.interfaces.DerivativesDataSink>[0m
2026-03-27 06:14:55 |[34;20m INFO     [0m|[34;20m nipype.workflow  [0m|[34;20m [Node] Finished "_ds_report_carpet0", elapsed time 0.005411s.[0m
2026-03-27 06:14:57 |[34;20m INFO     [0m|[34;20m nipype.workflow  [0m|[34;20m [Node] Setting-up "mriqc_wf.funcMRIQC.synthstrip_wf.post_n4" in "/local/nvme/ds006401_08.783919/ds/tmp/mriqc_wf/funcMRIQC/synthstrip_wf/90c33c008f00a32316fce64c840fbce87adfe3ac/post_n4".[0m
2026-03-27 06:14:57 |[34;20m INFO     [0m|[34;20m nipype.workflow  [0m|[34;20m [Node] Executing "post_n4" <nipype.interfaces.ants.segmentation.N4BiasFieldCorrection>[0m
2026-03-27 06:14:58 |[34;20m INFO     [0m|[34;20m nipype.workflow  [0m|[34;20m [Node] Finished "post_n4", elapsed time 1.111279s.[0m
2026-03-27 06:14:59 |[34;20m INFO     [0m|[34;20m nipype.workflow  [0m|[34;20m [Node] Setting-up "mriqc_wf.funcMRIQC.SpatialNormalization.EPI2MNI" in "/local/nvme/ds006401_08.783919/ds/tmp/mriqc_wf/funcMRIQC/SpatialNormalization/90c33c008f00a32316fce64c840fbce87adfe3ac/EPI2MNI".[0m
2026-03-27 06:14:59 |[34;20m INFO     [0m|[34;20m nipype.workflow  [0m|[34;20m [Node] Executing "EPI2MNI" <niworkflows.interfaces.reportlets.registration.SpatialNormalizationRPT>[0m
2026-03-27 06:14:59 |[34;20m INFO     [0m|[34;20m niworkflows      [0m|[34;20m Estimating initial transform using AffineInitializer[0m
2026-03-27 06:15:04 |[34;20m INFO     [0m|[34;20m niworkflows      [0m|[34;20m Terminal outputs of initialization saved (/local/nvme/ds006401_08.783919/ds/tmp/mriqc_wf/funcMRIQC/SpatialNormalization/90c33c008f00a32316fce64c840fbce87adfe3ac/EPI2MNI/stderr.nipype-init).[0m
2026-03-27 06:15:04 |[34;20m INFO     [0m|[34;20m niworkflows      [0m|[34;20m Loading settings from file /opt/conda/lib/python3.11/site-packages/niworkflows/data/boldref-mni_registration_precise_000.json.[0m
2026-03-27 06:15:04 |[34;20m INFO     [0m|[34;20m niworkflows      [0m|[34;20m Retry #1, commandline: 
antsRegistration --collapse-output-transforms 1 --dimensionality 3 --float 0 --initial-moving-transform [ /local/nvme/ds006401_08.783919/ds/tmp/mriqc_wf/funcMRIQC/SpatialNormalization/90c33c008f00a32316fce64c840fbce87adfe3ac/EPI2MNI/transform.mat, 0 ] --initialize-transforms-per-stage 0 --interpolation LanczosWindowedSinc --output [ epi_to_mni, epi_to_mni_Warped.nii.gz ] --transform Rigid[ 0.05 ] --metric Mattes[ /templateflow/tpl-MNI152NLin2009cAsym/tpl-MNI152NLin2009cAsym_res-02_desc-fMRIPrep_boldref.nii.gz, /local/nvme/ds006401_08.783919/ds/tmp/mriqc_wf/funcMRIQC/SpatialNormalization/90c33c008f00a32316fce64c840fbce87adfe3ac/SharpenEPI/sub-08_ses-01_task-mid_run-02_bold_desc-realigned_valid_tstat_corrected.nii.gz, 1, 56, Regular, 0.25 ] --convergence [ 10000x1000x100, 1e-06, 20 ] --smoothing-sigmas 4.0x2.0x1.0vox --shrink-factors 4x2x1 --use-histogram-matching 1 --masks [ /templateflow/tpl-MNI152NLin2009cAsym/tpl-MNI152NLin2009cAsym_res-02_desc-brain_mask.nii.gz, /local/nvme/ds006401_08.783919/ds/tmp/mriqc_wf/funcMRIQC/synthstrip_wf/90c33c008f00a32316fce64c840fbce87adfe3ac/synthstrip/clipped_corrected_desc-brain_mask.nii.gz ] --transform Affine[ 0.08 ] --metric Mattes[ /templateflow/tpl-MNI152NLin2009cAsym/tpl-MNI152NLin2009cAsym_res-02_desc-fMRIPrep_boldref.nii.gz, /local/nvme/ds006401_08.783919/ds/tmp/mriqc_wf/funcMRIQC/SpatialNormalization/90c33c008f00a32316fce64c840fbce87adfe3ac/SharpenEPI/sub-08_ses-01_task-mid_run-02_bold_desc-realigned_valid_tstat_corrected.nii.gz, 1, 56, Regular, 0.25 ] --convergence [ 500x250x100, 1e-06, 20 ] --smoothing-sigmas 4.0x2.0x1.0vox --shrink-factors 8x4x2 --use-histogram-matching 1 --masks [ /templateflow/tpl-MNI152NLin2009cAsym/tpl-MNI152NLin2009cAsym_res-02_desc-brain_mask.nii.gz, /local/nvme/ds006401_08.783919/ds/tmp/mriqc_wf/funcMRIQC/synthstrip_wf/90c33c008f00a32316fce64c840fbce87adfe3ac/synthstrip/clipped_corrected_desc-brain_mask.nii.gz ] --transform SyN[ 0.1, 3.0, 0.0 ] --metric CC[ /templateflow/tpl-MNI152NLin2009cAsym/tpl-MNI152NLin2009cAsym_res-02_desc-fMRIPrep_boldref.nii.gz, /local/nvme/ds006401_08.783919/ds/tmp/mriqc_wf/funcMRIQC/SpatialNormalization/90c33c008f00a32316fce64c840fbce87adfe3ac/SharpenEPI/sub-08_ses-01_task-mid_run-02_bold_desc-realigned_valid_tstat_corrected.nii.gz, 1, 4, None, 1 ] --convergence [ 100x30x20, 1e-06, 10 ] --smoothing-sigmas 3.0x2.0x1.0vox --shrink-factors 8x4x2 --use-histogram-matching 1 --masks [ /templateflow/tpl-MNI152NLin2009cAsym/tpl-MNI152NLin2009cAsym_res-02_desc-brain_mask.nii.gz, /local/nvme/ds006401_08.783919/ds/tmp/mriqc_wf/funcMRIQC/synthstrip_wf/90c33c008f00a32316fce64c840fbce87adfe3ac/synthstrip/clipped_corrected_desc-brain_mask.nii.gz ] --winsorize-image-intensities [ 0.005, 0.995 ]  --write-composite-transform 1[0m
2026-03-27 06:15:15 |[34;20m INFO     [0m|[34;20m niworkflows      [0m|[34;20m Successful spatial normalization (retry #1).[0m
2026-03-27 06:15:15 |[34;20m INFO     [0m|[34;20m niworkflows      [0m|[34;20m Report - setting fixed (/templateflow/tpl-MNI152NLin2009cAsym/tpl-MNI152NLin2009cAsym_res-02_desc-fMRIPrep_boldref.nii.gz) and moving (/local/nvme/ds006401_08.783919/ds/tmp/mriqc_wf/funcMRIQC/SpatialNormalization/90c33c008f00a32316fce64c840fbce87adfe3ac/EPI2MNI/epi_to_mni_Warped.nii.gz) images[0m
2026-03-27 06:15:15 |[34;20m INFO     [0m|[34;20m niworkflows      [0m|[34;20m Generating visual report[0m
2026-03-27 06:15:31 |[34;20m INFO     [0m|[34;20m nipype.workflow  [0m|[34;20m [Node] Finished "EPI2MNI", elapsed time 32.382829s.[0m
2026-03-27 06:15:33 |[34;20m INFO     [0m|[34;20m nipype.workflow  [0m|[34;20m [Node] Setting-up "mriqc_wf.funcMRIQC.synthstrip_wf.post_n4" in "/local/nvme/ds006401_08.783919/ds/tmp/mriqc_wf/funcMRIQC/synthstrip_wf/da16ef6ba9888a0ee2b27231d637dca176f92f3a/post_n4".[0m
2026-03-27 06:15:33 |[34;20m INFO     [0m|[34;20m nipype.workflow  [0m|[34;20m [Node] Executing "post_n4" <nipype.interfaces.ants.segmentation.N4BiasFieldCorrection>[0m
2026-03-27 06:15:34 |[34;20m INFO     [0m|[34;20m nipype.workflow  [0m|[34;20m [Node] Finished "post_n4", elapsed time 1.1377220000000001s.[0m
2026-03-27 06:15:35 |[34;20m INFO     [0m|[34;20m nipype.workflow  [0m|[34;20m [Node] Setting-up "mriqc_wf.funcMRIQC.SpatialNormalization.EPI2MNI" in "/local/nvme/ds006401_08.783919/ds/tmp/mriqc_wf/funcMRIQC/SpatialNormalization/da16ef6ba9888a0ee2b27231d637dca176f92f3a/EPI2MNI".[0m
2026-03-27 06:15:35 |[34;20m INFO     [0m|[34;20m nipype.workflow  [0m|[34;20m [Node] Executing "EPI2MNI" <niworkflows.interfaces.reportlets.registration.SpatialNormalizationRPT>[0m
2026-03-27 06:15:35 |[34;20m INFO     [0m|[34;20m niworkflows      [0m|[34;20m Estimating initial transform using AffineInitializer[0m
2026-03-27 06:15:40 |[34;20m INFO     [0m|[34;20m niworkflows      [0m|[34;20m Terminal outputs of initialization saved (/local/nvme/ds006401_08.783919/ds/tmp/mriqc_wf/funcMRIQC/SpatialNormalization/da16ef6ba9888a0ee2b27231d637dca176f92f3a/EPI2MNI/stderr.nipype-init).[0m
2026-03-27 06:15:40 |[34;20m INFO     [0m|[34;20m niworkflows      [0m|[34;20m Loading settings from file /opt/conda/lib/python3.11/site-packages/niworkflows/data/boldref-mni_registration_precise_000.json.[0m
2026-03-27 06:15:40 |[34;20m INFO     [0m|[34;20m niworkflows      [0m|[34;20m Retry #1, commandline: 
antsRegistration --collapse-output-transforms 1 --dimensionality 3 --float 0 --initial-moving-transform [ /local/nvme/ds006401_08.783919/ds/tmp/mriqc_wf/funcMRIQC/SpatialNormalization/da16ef6ba9888a0ee2b27231d637dca176f92f3a/EPI2MNI/transform.mat, 0 ] --initialize-transforms-per-stage 0 --interpolation LanczosWindowedSinc --output [ epi_to_mni, epi_to_mni_Warped.nii.gz ] --transform Rigid[ 0.05 ] --metric Mattes[ /templateflow/tpl-MNI152NLin2009cAsym/tpl-MNI152NLin2009cAsym_res-02_desc-fMRIPrep_boldref.nii.gz, /local/nvme/ds006401_08.783919/ds/tmp/mriqc_wf/funcMRIQC/SpatialNormalization/da16ef6ba9888a0ee2b27231d637dca176f92f3a/SharpenEPI/sub-08_ses-01_task-tom_bold_desc-realigned_valid_tstat_corrected.nii.gz, 1, 56, Regular, 0.25 ] --convergence [ 10000x1000x100, 1e-06, 20 ] --smoothing-sigmas 4.0x2.0x1.0vox --shrink-factors 4x2x1 --use-histogram-matching 1 --masks [ /templateflow/tpl-MNI152NLin2009cAsym/tpl-MNI152NLin2009cAsym_res-02_desc-brain_mask.nii.gz, /local/nvme/ds006401_08.783919/ds/tmp/mriqc_wf/funcMRIQC/synthstrip_wf/da16ef6ba9888a0ee2b27231d637dca176f92f3a/synthstrip/clipped_corrected_desc-brain_mask.nii.gz ] --transform Affine[ 0.08 ] --metric Mattes[ /templateflow/tpl-MNI152NLin2009cAsym/tpl-MNI152NLin2009cAsym_res-02_desc-fMRIPrep_boldref.nii.gz, /local/nvme/ds006401_08.783919/ds/tmp/mriqc_wf/funcMRIQC/SpatialNormalization/da16ef6ba9888a0ee2b27231d637dca176f92f3a/SharpenEPI/sub-08_ses-01_task-tom_bold_desc-realigned_valid_tstat_corrected.nii.gz, 1, 56, Regular, 0.25 ] --convergence [ 500x250x100, 1e-06, 20 ] --smoothing-sigmas 4.0x2.0x1.0vox --shrink-factors 8x4x2 --use-histogram-matching 1 --masks [ /templateflow/tpl-MNI152NLin2009cAsym/tpl-MNI152NLin2009cAsym_res-02_desc-brain_mask.nii.gz, /local/nvme/ds006401_08.783919/ds/tmp/mriqc_wf/funcMRIQC/synthstrip_wf/da16ef6ba9888a0ee2b27231d637dca176f92f3a/synthstrip/clipped_corrected_desc-brain_mask.nii.gz ] --transform SyN[ 0.1, 3.0, 0.0 ] --metric CC[ /templateflow/tpl-MNI152NLin2009cAsym/tpl-MNI152NLin2009cAsym_res-02_desc-fMRIPrep_boldref.nii.gz, /local/nvme/ds006401_08.783919/ds/tmp/mriqc_wf/funcMRIQC/SpatialNormalization/da16ef6ba9888a0ee2b27231d637dca176f92f3a/SharpenEPI/sub-08_ses-01_task-tom_bold_desc-realigned_valid_tstat_corrected.nii.gz, 1, 4, None, 1 ] --convergence [ 100x30x20, 1e-06, 10 ] --smoothing-sigmas 3.0x2.0x1.0vox --shrink-factors 8x4x2 --use-histogram-matching 1 --masks [ /templateflow/tpl-MNI152NLin2009cAsym/tpl-MNI152NLin2009cAsym_res-02_desc-brain_mask.nii.gz, /local/nvme/ds006401_08.783919/ds/tmp/mriqc_wf/funcMRIQC/synthstrip_wf/da16ef6ba9888a0ee2b27231d637dca176f92f3a/synthstrip/clipped_corrected_desc-brain_mask.nii.gz ] --winsorize-image-intensities [ 0.005, 0.995 ]  --write-composite-transform 1[0m
2026-03-27 06:15:51 |[34;20m INFO     [0m|[34;20m niworkflows      [0m|[34;20m Successful spatial normalization (retry #1).[0m
2026-03-27 06:15:51 |[34;20m INFO     [0m|[34;20m niworkflows      [0m|[34;20m Report - setting fixed (/templateflow/tpl-MNI152NLin2009cAsym/tpl-MNI152NLin2009cAsym_res-02_desc-fMRIPrep_boldref.nii.gz) and moving (/local/nvme/ds006401_08.783919/ds/tmp/mriqc_wf/funcMRIQC/SpatialNormalization/da16ef6ba9888a0ee2b27231d637dca176f92f3a/EPI2MNI/epi_to_mni_Warped.nii.gz) images[0m
2026-03-27 06:15:51 |[34;20m INFO     [0m|[34;20m niworkflows      [0m|[34;20m Generating visual report[0m
2026-03-27 06:16:06 |[34;20m INFO     [0m|[34;20m nipype.workflow  [0m|[34;20m [Node] Finished "EPI2MNI", elapsed time 31.194002s.[0m
2026-03-27 06:16:07 |[34;20m INFO     [0m|[34;20m nipype.workflow  [0m|[34;20m [Node] Setting-up "mriqc_wf.funcMRIQC.func_report_wf.ds_report_norm" in "/local/nvme/ds006401_08.783919/ds/tmp/mriqc_wf/funcMRIQC/func_report_wf/90c33c008f00a32316fce64c840fbce87adfe3ac/ds_report_norm".[0m
2026-03-27 06:16:07 |[34;20m INFO     [0m|[34;20m nipype.workflow  [0m|[34;20m [Node] Setting-up "mriqc_wf.funcMRIQC.synthstrip_wf.final_masked" in "/local/nvme/ds006401_08.783919/ds/tmp/mriqc_wf/funcMRIQC/synthstrip_wf/90c33c008f00a32316fce64c840fbce87adfe3ac/final_masked".[0m
2026-03-27 06:16:07 |[34;20m INFO     [0m|[34;20m nipype.workflow  [0m|[34;20m [Node] Setting-up "mriqc_wf.funcMRIQC.SpatialNormalization.ResampleSegmentation" in "/local/nvme/ds006401_08.783919/ds/tmp/mriqc_wf/funcMRIQC/SpatialNormalization/90c33c008f00a32316fce64c840fbce87adfe3ac/ResampleSegmentation".[0m
2026-03-27 06:16:07 |[34;20m INFO     [0m|[34;20m nipype.workflow  [0m|[34;20m [Node] Executing "ResampleSegmentation" <nipype.interfaces.ants.resampling.ApplyTransforms>[0m
2026-03-27 06:16:07 |[34;20m INFO     [0m|[34;20m nipype.workflow  [0m|[34;20m [Node] Executing "ds_report_norm" <mriqc.interfaces.DerivativesDataSink>[0m
2026-03-27 06:16:07 |[34;20m INFO     [0m|[34;20m nipype.workflow  [0m|[34;20m [Node] Executing "final_masked" <niworkflows.interfaces.nibabel.ApplyMask>[0m
2026-03-27 06:16:07 |[34;20m INFO     [0m|[34;20m nipype.workflow  [0m|[34;20m [Node] Finished "ds_report_norm", elapsed time 0.005092s.[0m
2026-03-27 06:16:07 |[34;20m INFO     [0m|[34;20m nipype.workflow  [0m|[34;20m [Node] Finished "final_masked", elapsed time 0.039117s.[0m
2026-03-27 06:16:07 |[34;20m INFO     [0m|[34;20m nipype.workflow  [0m|[34;20m [Node] Setting-up "mriqc_wf.funcMRIQC.func_report_wf.ds_report_norm" in "/local/nvme/ds006401_08.783919/ds/tmp/mriqc_wf/funcMRIQC/func_report_wf/da16ef6ba9888a0ee2b27231d637dca176f92f3a/ds_report_norm".[0m
2026-03-27 06:16:07 |[34;20m INFO     [0m|[34;20m nipype.workflow  [0m|[34;20m [Node] Setting-up "mriqc_wf.funcMRIQC.synthstrip_wf.final_masked" in "/local/nvme/ds006401_08.783919/ds/tmp/mriqc_wf/funcMRIQC/synthstrip_wf/da16ef6ba9888a0ee2b27231d637dca176f92f3a/final_masked".[0m
2026-03-27 06:16:07 |[34;20m INFO     [0m|[34;20m nipype.workflow  [0m|[34;20m [Node] Setting-up "mriqc_wf.funcMRIQC.SpatialNormalization.ResampleSegmentation" in "/local/nvme/ds006401_08.783919/ds/tmp/mriqc_wf/funcMRIQC/SpatialNormalization/da16ef6ba9888a0ee2b27231d637dca176f92f3a/ResampleSegmentation".[0m
2026-03-27 06:16:07 |[34;20m INFO     [0m|[34;20m nipype.workflow  [0m|[34;20m [Node] Executing "final_masked" <niworkflows.interfaces.nibabel.ApplyMask>[0m
2026-03-27 06:16:07 |[34;20m INFO     [0m|[34;20m nipype.workflow  [0m|[34;20m [Node] Executing "ds_report_norm" <mriqc.interfaces.DerivativesDataSink>[0m
2026-03-27 06:16:07 |[34;20m INFO     [0m|[34;20m nipype.workflow  [0m|[34;20m [Node] Executing "ResampleSegmentation" <nipype.interfaces.ants.resampling.ApplyTransforms>[0m
2026-03-27 06:16:07 |[34;20m INFO     [0m|[34;20m nipype.workflow  [0m|[34;20m [Node] Finished "ds_report_norm", elapsed time 0.005147s.[0m
2026-03-27 06:16:07 |[34;20m INFO     [0m|[34;20m nipype.workflow  [0m|[34;20m [Node] Finished "final_masked", elapsed time 0.038508s.[0m
2026-03-27 06:16:07 |[34;20m INFO     [0m|[34;20m nipype.workflow  [0m|[34;20m [Node] Setting-up "_measures0" in "/local/nvme/ds006401_08.783919/ds/tmp/mriqc_wf/funcMRIQC/ComputeIQMs/da16ef6ba9888a0ee2b27231d637dca176f92f3a/measures/mapflow/_measures0".[0m
2026-03-27 06:16:07 |[34;20m INFO     [0m|[34;20m nipype.workflow  [0m|[34;20m [Node] Executing "_measures0" <mriqc.interfaces.functional.FunctionalQC>[0m
2026-03-27 06:16:09 |[34;20m INFO     [0m|[34;20m nipype.workflow  [0m|[34;20m [Node] Setting-up "_timeseries0" in "/local/nvme/ds006401_08.783919/ds/tmp/mriqc_wf/funcMRIQC/ComputeIQMs/da16ef6ba9888a0ee2b27231d637dca176f92f3a/timeseries/mapflow/_timeseries0".[0m
2026-03-27 06:16:09 |[34;20m INFO     [0m|[34;20m nipype.workflow  [0m|[34;20m [Node] Executing "_timeseries0" <mriqc.interfaces.functional.GatherTimeseries>[0m
2026-03-27 06:16:09 |[34;20m INFO     [0m|[34;20m nipype.workflow  [0m|[34;20m [Node] Finished "_timeseries0", elapsed time 0.019706s.[0m
2026-03-27 06:16:10 |[34;20m INFO     [0m|[34;20m nipype.workflow  [0m|[34;20m [Node] Finished "ResampleSegmentation", elapsed time 3.156264s.[0m
2026-03-27 06:16:11 |[34;20m INFO     [0m|[34;20m nipype.workflow  [0m|[34;20m [Node] Finished "ResampleSegmentation", elapsed time 3.120232s.[0m
2026-03-27 06:16:11 |[34;20m INFO     [0m|[34;20m nipype.workflow  [0m|[34;20m [Node] Finished "_measures0", elapsed time 3.582727s.[0m
2026-03-27 06:16:11 |[34;20m INFO     [0m|[34;20m nipype.workflow  [0m|[34;20m [Node] Setting-up "mriqc_wf.funcMRIQC.func_report_wf.parcels" in "/local/nvme/ds006401_08.783919/ds/tmp/mriqc_wf/funcMRIQC/func_report_wf/90c33c008f00a32316fce64c840fbce87adfe3ac/parcels".[0m
2026-03-27 06:16:11 |[34;20m INFO     [0m|[34;20m nipype.workflow  [0m|[34;20m [Node] Executing "parcels" <nipype.interfaces.utility.wrappers.Function>[0m
2026-03-27 06:16:11 |[34;20m INFO     [0m|[34;20m nipype.workflow  [0m|[34;20m [Node] Setting-up "_datasink0" in "/local/nvme/ds006401_08.783919/ds/tmp/mriqc_wf/funcMRIQC/ComputeIQMs/da16ef6ba9888a0ee2b27231d637dca176f92f3a/datasink/mapflow/_datasink0".[0m
2026-03-27 06:16:11 |[34;20m INFO     [0m|[34;20m nipype.workflow  [0m|[34;20m [Node] Executing "_datasink0" <mriqc.interfaces.bids.IQMFileSink>[0m
2026-03-27 06:16:11 |[34;20m INFO     [0m|[34;20m nipype.workflow  [0m|[34;20m [Node] Finished "_datasink0", elapsed time 0.000613s.[0m
2026-03-27 06:16:11 |[34;20m INFO     [0m|[34;20m nipype.workflow  [0m|[34;20m [Node] Finished "parcels", elapsed time 0.027764s.[0m
2026-03-27 06:16:11 |[34;20m INFO     [0m|[34;20m nipype.workflow  [0m|[34;20m [Node] Setting-up "_ds_timeseries0" in "/local/nvme/ds006401_08.783919/ds/tmp/mriqc_wf/funcMRIQC/ComputeIQMs/da16ef6ba9888a0ee2b27231d637dca176f92f3a/ds_timeseries/mapflow/_ds_timeseries0".[0m
2026-03-27 06:16:11 |[34;20m INFO     [0m|[34;20m nipype.workflow  [0m|[34;20m [Node] Executing "_ds_timeseries0" <mriqc.interfaces.DerivativesDataSink>[0m
2026-03-27 06:16:11 |[34;20m INFO     [0m|[34;20m nipype.workflow  [0m|[34;20m [Node] Finished "_ds_timeseries0", elapsed time 0.004166s.[0m
2026-03-27 06:16:11 |[34;20m INFO     [0m|[34;20m nipype.workflow  [0m|[34;20m [Node] Setting-up "mriqc_wf.funcMRIQC.func_report_wf.parcels" in "/local/nvme/ds006401_08.783919/ds/tmp/mriqc_wf/funcMRIQC/func_report_wf/da16ef6ba9888a0ee2b27231d637dca176f92f3a/parcels".[0m
2026-03-27 06:16:11 |[34;20m INFO     [0m|[34;20m nipype.workflow  [0m|[34;20m [Node] Executing "parcels" <nipype.interfaces.utility.wrappers.Function>[0m
2026-03-27 06:16:11 |[34;20m INFO     [0m|[34;20m nipype.workflow  [0m|[34;20m [Node] Finished "parcels", elapsed time 0.025999s.[0m
2026-03-27 06:16:13 |[34;20m INFO     [0m|[34;20m nipype.workflow  [0m|[34;20m [Node] Setting-up "_BigPlot0" in "/local/nvme/ds006401_08.783919/ds/tmp/mriqc_wf/funcMRIQC/func_report_wf/90c33c008f00a32316fce64c840fbce87adfe3ac/BigPlot/mapflow/_BigPlot0".[0m
2026-03-27 06:16:13 |[34;20m INFO     [0m|[34;20m nipype.workflow  [0m|[34;20m [Node] Executing "_BigPlot0" <nireports.interfaces.fmri.FMRISummary>[0m
2026-03-27 06:16:13 |[34;20m INFO     [0m|[34;20m nipype.workflow  [0m|[34;20m [Node] Setting-up "_BigPlot0" in "/local/nvme/ds006401_08.783919/ds/tmp/mriqc_wf/funcMRIQC/func_report_wf/da16ef6ba9888a0ee2b27231d637dca176f92f3a/BigPlot/mapflow/_BigPlot0".[0m
2026-03-27 06:16:13 |[34;20m INFO     [0m|[34;20m nipype.workflow  [0m|[34;20m [Node] Executing "_BigPlot0" <nireports.interfaces.fmri.FMRISummary>[0m
2026-03-27 06:16:19 |[34;20m INFO     [0m|[34;20m nipype.workflow  [0m|[34;20m [Node] Finished "_BigPlot0", elapsed time 5.898938s.[0m
2026-03-27 06:16:21 |[34;20m INFO     [0m|[34;20m nipype.workflow  [0m|[34;20m [Node] Finished "_BigPlot0", elapsed time 7.775606s.[0m
2026-03-27 06:16:21 |[34;20m INFO     [0m|[34;20m nipype.workflow  [0m|[34;20m [Node] Setting-up "_ds_report_carpet0" in "/local/nvme/ds006401_08.783919/ds/tmp/mriqc_wf/funcMRIQC/func_report_wf/90c33c008f00a32316fce64c840fbce87adfe3ac/ds_report_carpet/mapflow/_ds_report_carpet0".[0m
2026-03-27 06:16:21 |[34;20m INFO     [0m|[34;20m nipype.workflow  [0m|[34;20m [Node] Executing "_ds_report_carpet0" <mriqc.interfaces.DerivativesDataSink>[0m
2026-03-27 06:16:21 |[34;20m INFO     [0m|[34;20m nipype.workflow  [0m|[34;20m [Node] Finished "_ds_report_carpet0", elapsed time 0.005072s.[0m
2026-03-27 06:16:21 |[34;20m INFO     [0m|[34;20m nipype.workflow  [0m|[34;20m [Node] Setting-up "_ds_report_carpet0" in "/local/nvme/ds006401_08.783919/ds/tmp/mriqc_wf/funcMRIQC/func_report_wf/da16ef6ba9888a0ee2b27231d637dca176f92f3a/ds_report_carpet/mapflow/_ds_report_carpet0".[0m
2026-03-27 06:16:21 |[34;20m INFO     [0m|[34;20m nipype.workflow  [0m|[34;20m [Node] Executing "_ds_report_carpet0" <mriqc.interfaces.DerivativesDataSink>[0m
2026-03-27 06:16:21 |[34;20m INFO     [0m|[34;20m nipype.workflow  [0m|[34;20m [Node] Finished "_ds_report_carpet0", elapsed time 0.004757s.[0m
2026-03-27 06:16:23 |[34;20m INFO     [0m|[34;20m nipype.workflow  [0m|[34;20m Generating reports...[0m
2026-03-27 06:16:24 |[34;20m INFO     [0m|[34;20m nipype.workflow  [0m|[34;20m Report generation finished (3 reports).[0m
2026-03-27 06:16:24 |[33;20m IMPORTANT [0m|[33;20m mriqc            [0m|[33;20m Participant level finished successfully averaging 00h 08min 19s per subject.[0m
2026-03-27 06:16:24 |[34;20m INFO     [0m|[34;20m mriqc            [0m|[34;20m Generating BIDS derivatives metadata.[0m
----------------------------------------------------------------
  MRIQC completed (elapsed time 00h 24min 58s).
----------------------------------------------------------------

