------------------------------------------------------------------
  Running MRIQC version 24.1.0.dev0+gd5b13cb5.d20240826
  ----------------------------------------------------------------

  NOTICE
  Copyright © The NiPreps Developers.
  
  This product includes software developed by
  the NiPreps Community (https://nipreps.org/).
  
  Portions of this software were developed at the Department of
  Psychology at Stanford University, Stanford, CA, US.
  
  This software contains code ultimately derived from the
  PCP Quality Assessment Protocol (QAP;
  http://preprocessed-connectomes-project.org/quality-assessment-protocol)
  by C. Craddock, S. Giavasis, D. Clark, Z. Shezhad, and J. Pellman.
  
  This software is also distributed as a Docker container image.
  The bootstrapping file for the image ("Dockerfile") is licensed
  under the MIT License.

  ----------------------------------------------------------------

  * BIDS dataset path: /local/nvme/ds006401_14.783919/ds/sourcedata/raw.
  * Output folder: mriqc.
  * Analysis levels: ['participant'].
------------------------------------------------------------------

2026-03-27 05:51:39 |[33;20m IMPORTANT [0m|[33;20m mriqc            [0m|[33;20m Extracting metadata and entities for 3 input runs of modality 'bold'...[0m
2026-03-27 05:51:39 |[33;20m IMPORTANT [0m|[33;20m mriqc            [0m|[33;20m File size ('bold'): 0.26|0.22 GB [maximum|average].[0m
2026-03-27 05:51:39 |[34;20m INFO     [0m|[34;20m mriqc            [0m|[34;20m MRIQC config file: /local/nvme/ds006401_14.783919/ds/tmp/config-20260327-055137_57be0718-9634-47c2-84d9-350db704398a.toml.[0m
2026-03-27 05:51:43 |[34;20m INFO     [0m|[34;20m matplotlib.font_manager [0m|[34;20m generated new fontManager[0m
2026-03-27 05:51:44 |[33;20m IMPORTANT [0m|[33;20m mriqc            [0m|[33;20m Building MRIQC's workflows...[0m
2026-03-27 05:51:44 |[34;20m INFO     [0m|[34;20m nipype.workflow  [0m|[34;20m Building functional MRIQC workflow for 3 BOLD runs..[0m
2026-03-27 05:51:50 |[33;20m IMPORTANT [0m|[33;20m mriqc            [0m|[33;20m Workflow building finished (exit code 0).[0m
2026-03-27 05:51:55 |[34;20m INFO     [0m|[34;20m nipype.workflow  [0m|[34;20m Workflow mriqc_wf settings: ['check', 'execution', 'logging', 'monitoring'][0m
2026-03-27 05:51:55 |[34;20m INFO     [0m|[34;20m nipype.workflow  [0m|[34;20m [Node] Setting-up "mriqc_wf.funcMRIQC.pick_echo" in "/local/nvme/ds006401_14.783919/ds/tmp/mriqc_wf/funcMRIQC/6eea51b0593547a6c4a22c75552deb415d16c9a8/pick_echo".[0m
2026-03-27 05:51:55 |[34;20m INFO     [0m|[34;20m nipype.workflow  [0m|[34;20m [Node] Setting-up "_provenance0" in "/local/nvme/ds006401_14.783919/ds/tmp/mriqc_wf/funcMRIQC/ComputeIQMs/6eea51b0593547a6c4a22c75552deb415d16c9a8/provenance/mapflow/_provenance0".[0m
2026-03-27 05:51:55 |[34;20m INFO     [0m|[34;20m nipype.workflow  [0m|[34;20m [Node] Executing "_provenance0" <mriqc.interfaces.reports.AddProvenance>[0m
2026-03-27 05:51:55 |[34;20m INFO     [0m|[34;20m nipype.workflow  [0m|[34;20m [Node] Executing "pick_echo" <mriqc.interfaces.functional.SelectEcho>[0m
2026-03-27 05:51:55 |[34;20m INFO     [0m|[34;20m nipype.workflow  [0m|[34;20m [Node] Finished "pick_echo", elapsed time 0.000724s.[0m
2026-03-27 05:51:55 |[34;20m INFO     [0m|[34;20m nipype.workflow  [0m|[34;20m [Node] Finished "_provenance0", elapsed time 0.391477s.[0m
2026-03-27 05:51:55 |[34;20m INFO     [0m|[34;20m nipype.workflow  [0m|[34;20m [Node] Setting-up "_provenance0" in "/local/nvme/ds006401_14.783919/ds/tmp/mriqc_wf/funcMRIQC/ComputeIQMs/9fc9e8970be9ce7e4af1a56f95e7c01148bc41a4/provenance/mapflow/_provenance0".[0m
2026-03-27 05:51:55 |[34;20m INFO     [0m|[34;20m nipype.workflow  [0m|[34;20m [Node] Setting-up "mriqc_wf.funcMRIQC.pick_echo" in "/local/nvme/ds006401_14.783919/ds/tmp/mriqc_wf/funcMRIQC/9fc9e8970be9ce7e4af1a56f95e7c01148bc41a4/pick_echo".[0m
2026-03-27 05:51:55 |[34;20m INFO     [0m|[34;20m nipype.workflow  [0m|[34;20m [Node] Executing "_provenance0" <mriqc.interfaces.reports.AddProvenance>[0m
2026-03-27 05:51:55 |[34;20m INFO     [0m|[34;20m nipype.workflow  [0m|[34;20m [Node] Executing "pick_echo" <mriqc.interfaces.functional.SelectEcho>[0m
2026-03-27 05:51:55 |[34;20m INFO     [0m|[34;20m nipype.workflow  [0m|[34;20m [Node] Finished "pick_echo", elapsed time 0.000441s.[0m
2026-03-27 05:51:56 |[34;20m INFO     [0m|[34;20m nipype.workflow  [0m|[34;20m [Node] Finished "_provenance0", elapsed time 0.386112s.[0m
2026-03-27 05:51:56 |[34;20m INFO     [0m|[34;20m nipype.workflow  [0m|[34;20m [Node] Setting-up "_provenance0" in "/local/nvme/ds006401_14.783919/ds/tmp/mriqc_wf/funcMRIQC/ComputeIQMs/eb434404b604ef7fed1ad73f83d1bfe6c74011bc/provenance/mapflow/_provenance0".[0m
2026-03-27 05:51:56 |[34;20m INFO     [0m|[34;20m nipype.workflow  [0m|[34;20m [Node] Setting-up "mriqc_wf.funcMRIQC.pick_echo" in "/local/nvme/ds006401_14.783919/ds/tmp/mriqc_wf/funcMRIQC/eb434404b604ef7fed1ad73f83d1bfe6c74011bc/pick_echo".[0m
2026-03-27 05:51:56 |[34;20m INFO     [0m|[34;20m nipype.workflow  [0m|[34;20m [Node] Executing "_provenance0" <mriqc.interfaces.reports.AddProvenance>[0m
2026-03-27 05:51:56 |[34;20m INFO     [0m|[34;20m nipype.workflow  [0m|[34;20m [Node] Executing "pick_echo" <mriqc.interfaces.functional.SelectEcho>[0m
2026-03-27 05:51:56 |[34;20m INFO     [0m|[34;20m nipype.workflow  [0m|[34;20m [Node] Finished "pick_echo", elapsed time 0.000538s.[0m
2026-03-27 05:51:56 |[34;20m INFO     [0m|[34;20m nipype.workflow  [0m|[34;20m [Node] Finished "_provenance0", elapsed time 0.499291s.[0m
2026-03-27 05:51:57 |[34;20m INFO     [0m|[34;20m nipype.workflow  [0m|[34;20m [Node] Setting-up "mriqc_wf.funcMRIQC.non_steady_state_detector" in "/local/nvme/ds006401_14.783919/ds/tmp/mriqc_wf/funcMRIQC/eb434404b604ef7fed1ad73f83d1bfe6c74011bc/non_steady_state_detector".[0m
2026-03-27 05:51:57 |[34;20m INFO     [0m|[34;20m nipype.workflow  [0m|[34;20m [Node] Setting-up "mriqc_wf.funcMRIQC.non_steady_state_detector" in "/local/nvme/ds006401_14.783919/ds/tmp/mriqc_wf/funcMRIQC/9fc9e8970be9ce7e4af1a56f95e7c01148bc41a4/non_steady_state_detector".[0m
2026-03-27 05:51:57 |[34;20m INFO     [0m|[34;20m nipype.workflow  [0m|[34;20m [Node] Setting-up "mriqc_wf.funcMRIQC.non_steady_state_detector" in "/local/nvme/ds006401_14.783919/ds/tmp/mriqc_wf/funcMRIQC/6eea51b0593547a6c4a22c75552deb415d16c9a8/non_steady_state_detector".[0m
2026-03-27 05:51:57 |[34;20m INFO     [0m|[34;20m nipype.workflow  [0m|[34;20m [Node] Executing "non_steady_state_detector" <nipype.algorithms.confounds.NonSteadyStateDetector>[0m
2026-03-27 05:51:57 |[34;20m INFO     [0m|[34;20m nipype.workflow  [0m|[34;20m [Node] Executing "non_steady_state_detector" <nipype.algorithms.confounds.NonSteadyStateDetector>[0m
2026-03-27 05:51:57 |[34;20m INFO     [0m|[34;20m nipype.workflow  [0m|[34;20m [Node] Executing "non_steady_state_detector" <nipype.algorithms.confounds.NonSteadyStateDetector>[0m
2026-03-27 05:51:57 |[34;20m INFO     [0m|[34;20m nipype.workflow  [0m|[34;20m [Node] Finished "non_steady_state_detector", elapsed time 0.443478s.[0m
2026-03-27 05:51:57 |[34;20m INFO     [0m|[34;20m nipype.workflow  [0m|[34;20m [Node] Finished "non_steady_state_detector", elapsed time 0.444398s.[0m
2026-03-27 05:51:57 |[34;20m INFO     [0m|[34;20m nipype.workflow  [0m|[34;20m [Node] Finished "non_steady_state_detector", elapsed time 0.443975s.[0m
2026-03-27 05:51:59 |[34;20m INFO     [0m|[34;20m nipype.workflow  [0m|[34;20m [Node] Setting-up "_sanitize0" in "/local/nvme/ds006401_14.783919/ds/tmp/mriqc_wf/funcMRIQC/eb434404b604ef7fed1ad73f83d1bfe6c74011bc/sanitize/mapflow/_sanitize0".[0m
2026-03-27 05:51:59 |[34;20m INFO     [0m|[34;20m nipype.workflow  [0m|[34;20m [Node] Setting-up "_sanitize0" in "/local/nvme/ds006401_14.783919/ds/tmp/mriqc_wf/funcMRIQC/6eea51b0593547a6c4a22c75552deb415d16c9a8/sanitize/mapflow/_sanitize0".[0m
2026-03-27 05:51:59 |[34;20m INFO     [0m|[34;20m nipype.workflow  [0m|[34;20m [Node] Setting-up "_sanitize0" in "/local/nvme/ds006401_14.783919/ds/tmp/mriqc_wf/funcMRIQC/9fc9e8970be9ce7e4af1a56f95e7c01148bc41a4/sanitize/mapflow/_sanitize0".[0m
2026-03-27 05:51:59 |[34;20m INFO     [0m|[34;20m nipype.workflow  [0m|[34;20m [Node] Executing "_sanitize0" <niworkflows.interfaces.header.SanitizeImage>[0m
2026-03-27 05:51:59 |[34;20m INFO     [0m|[34;20m nipype.workflow  [0m|[34;20m [Node] Executing "_sanitize0" <niworkflows.interfaces.header.SanitizeImage>[0m
2026-03-27 05:51:59 |[34;20m INFO     [0m|[34;20m nipype.workflow  [0m|[34;20m [Node] Executing "_sanitize0" <niworkflows.interfaces.header.SanitizeImage>[0m
2026-03-27 05:51:59 |[34;20m INFO     [0m|[34;20m nipype.workflow  [0m|[34;20m [Node] Finished "_sanitize0", elapsed time 0.041114s.[0m
2026-03-27 05:52:01 |[34;20m INFO     [0m|[34;20m nipype.workflow  [0m|[34;20m [Node] Setting-up "mriqc_wf.funcMRIQC.fMRI_HMC.estimate_hm" in "/local/nvme/ds006401_14.783919/ds/tmp/mriqc_wf/funcMRIQC/fMRI_HMC/9fc9e8970be9ce7e4af1a56f95e7c01148bc41a4/estimate_hm".[0m
2026-03-27 05:52:01 |[34;20m INFO     [0m|[34;20m nipype.workflow  [0m|[34;20m [Node] Executing "estimate_hm" <nipype.interfaces.afni.preprocess.Volreg>[0m
2026-03-27 05:52:01 |[34;20m INFO     [0m|[34;20m nipype.workflow  [0m|[34;20m [Node] Setting-up "_SpikesMask0" in "/local/nvme/ds006401_14.783919/ds/tmp/mriqc_wf/funcMRIQC/func_report_wf/9fc9e8970be9ce7e4af1a56f95e7c01148bc41a4/SpikesMask/mapflow/_SpikesMask0".[0m
2026-03-27 05:52:01 |[34;20m INFO     [0m|[34;20m nipype.workflow  [0m|[34;20m [Node] Executing "_SpikesMask0" <nipype.interfaces.utility.wrappers.Function>[0m
2026-03-27 05:52:04 |[34;20m INFO     [0m|[34;20m nipype.workflow  [0m|[34;20m [Node] Finished "_SpikesMask0", elapsed time 3.236275s.[0m
2026-03-27 05:52:05 |[34;20m INFO     [0m|[34;20m nipype.workflow  [0m|[34;20m [Node] Setting-up "_SpikesFinderBgMask0" in "/local/nvme/ds006401_14.783919/ds/tmp/mriqc_wf/funcMRIQC/func_report_wf/9fc9e8970be9ce7e4af1a56f95e7c01148bc41a4/SpikesFinderBgMask/mapflow/_SpikesFinderBgMask0".[0m
2026-03-27 05:52:05 |[34;20m INFO     [0m|[34;20m nipype.workflow  [0m|[34;20m [Node] Executing "_SpikesFinderBgMask0" <mriqc.interfaces.functional.Spikes>[0m
2026-03-27 05:52:10 |[34;20m INFO     [0m|[34;20m nipype.workflow  [0m|[34;20m [Node] Finished "_sanitize0", elapsed time 11.150098s.[0m
2026-03-27 05:52:10 |[34;20m INFO     [0m|[34;20m nipype.workflow  [0m|[34;20m [Node] Finished "_SpikesFinderBgMask0", elapsed time 5.610981s.[0m
2026-03-27 05:52:11 |[34;20m INFO     [0m|[34;20m nipype.workflow  [0m|[34;20m [Node] Setting-up "mriqc_wf.funcMRIQC.fMRI_HMC.estimate_hm" in "/local/nvme/ds006401_14.783919/ds/tmp/mriqc_wf/funcMRIQC/fMRI_HMC/6eea51b0593547a6c4a22c75552deb415d16c9a8/estimate_hm".[0m
2026-03-27 05:52:11 |[34;20m INFO     [0m|[34;20m nipype.workflow  [0m|[34;20m [Node] Executing "estimate_hm" <nipype.interfaces.afni.preprocess.Volreg>[0m
2026-03-27 05:52:11 |[34;20m INFO     [0m|[34;20m nipype.workflow  [0m|[34;20m [Node] Setting-up "_SpikesMask0" in "/local/nvme/ds006401_14.783919/ds/tmp/mriqc_wf/funcMRIQC/func_report_wf/6eea51b0593547a6c4a22c75552deb415d16c9a8/SpikesMask/mapflow/_SpikesMask0".[0m
2026-03-27 05:52:11 |[34;20m INFO     [0m|[34;20m nipype.workflow  [0m|[34;20m [Node] Executing "_SpikesMask0" <nipype.interfaces.utility.wrappers.Function>[0m
2026-03-27 05:52:13 |[34;20m INFO     [0m|[34;20m nipype.workflow  [0m|[34;20m [Node] Finished "_sanitize0", elapsed time 14.543881s.[0m
2026-03-27 05:52:14 |[34;20m INFO     [0m|[34;20m nipype.workflow  [0m|[34;20m [Node] Finished "_SpikesMask0", elapsed time 3.60829s.[0m
2026-03-27 05:52:15 |[34;20m INFO     [0m|[34;20m nipype.workflow  [0m|[34;20m [Node] Setting-up "mriqc_wf.funcMRIQC.fMRI_HMC.estimate_hm" in "/local/nvme/ds006401_14.783919/ds/tmp/mriqc_wf/funcMRIQC/fMRI_HMC/eb434404b604ef7fed1ad73f83d1bfe6c74011bc/estimate_hm".[0m
2026-03-27 05:52:15 |[34;20m INFO     [0m|[34;20m nipype.workflow  [0m|[34;20m [Node] Executing "estimate_hm" <nipype.interfaces.afni.preprocess.Volreg>[0m
2026-03-27 05:52:15 |[34;20m INFO     [0m|[34;20m nipype.workflow  [0m|[34;20m [Node] Setting-up "_SpikesMask0" in "/local/nvme/ds006401_14.783919/ds/tmp/mriqc_wf/funcMRIQC/func_report_wf/eb434404b604ef7fed1ad73f83d1bfe6c74011bc/SpikesMask/mapflow/_SpikesMask0".[0m
2026-03-27 05:52:15 |[34;20m INFO     [0m|[34;20m nipype.workflow  [0m|[34;20m [Node] Executing "_SpikesMask0" <nipype.interfaces.utility.wrappers.Function>[0m
2026-03-27 05:52:15 |[34;20m INFO     [0m|[34;20m nipype.workflow  [0m|[34;20m [Node] Setting-up "_SpikesFinderBgMask0" in "/local/nvme/ds006401_14.783919/ds/tmp/mriqc_wf/funcMRIQC/func_report_wf/6eea51b0593547a6c4a22c75552deb415d16c9a8/SpikesFinderBgMask/mapflow/_SpikesFinderBgMask0".[0m
2026-03-27 05:52:15 |[34;20m INFO     [0m|[34;20m nipype.workflow  [0m|[34;20m [Node] Executing "_SpikesFinderBgMask0" <mriqc.interfaces.functional.Spikes>[0m
2026-03-27 05:52:20 |[34;20m INFO     [0m|[34;20m nipype.workflow  [0m|[34;20m [Node] Finished "_SpikesMask0", elapsed time 4.95197s.[0m
2026-03-27 05:52:20 |[34;20m INFO     [0m|[34;20m nipype.workflow  [0m|[34;20m [Node] Finished "_SpikesFinderBgMask0", elapsed time 5.313466s.[0m
2026-03-27 05:52:21 |[34;20m INFO     [0m|[34;20m nipype.workflow  [0m|[34;20m [Node] Setting-up "_SpikesFinderBgMask0" in "/local/nvme/ds006401_14.783919/ds/tmp/mriqc_wf/funcMRIQC/func_report_wf/eb434404b604ef7fed1ad73f83d1bfe6c74011bc/SpikesFinderBgMask/mapflow/_SpikesFinderBgMask0".[0m
2026-03-27 05:52:21 |[34;20m INFO     [0m|[34;20m nipype.workflow  [0m|[34;20m [Node] Executing "_SpikesFinderBgMask0" <mriqc.interfaces.functional.Spikes>[0m
2026-03-27 05:52:29 |[34;20m INFO     [0m|[34;20m nipype.workflow  [0m|[34;20m [Node] Finished "_SpikesFinderBgMask0", elapsed time 7.67807s.[0m
2026-03-27 06:06:08 |[34;20m INFO     [0m|[34;20m nipype.workflow  [0m|[34;20m [Node] Finished "estimate_hm", elapsed time 837.239331s.[0m
2026-03-27 06:06:09 |[34;20m INFO     [0m|[34;20m nipype.workflow  [0m|[34;20m [Node] Setting-up "mriqc_wf.funcMRIQC.fMRI_HMC.ComputeFD" in "/local/nvme/ds006401_14.783919/ds/tmp/mriqc_wf/funcMRIQC/fMRI_HMC/6eea51b0593547a6c4a22c75552deb415d16c9a8/ComputeFD".[0m
2026-03-27 06:06:09 |[34;20m INFO     [0m|[34;20m nipype.workflow  [0m|[34;20m [Node] Executing "ComputeFD" <nipype.algorithms.confounds.FramewiseDisplacement>[0m
2026-03-27 06:06:09 |[34;20m INFO     [0m|[34;20m nipype.workflow  [0m|[34;20m [Node] Finished "ComputeFD", elapsed time 0.006481s.[0m
2026-03-27 06:06:11 |[34;20m INFO     [0m|[34;20m nipype.workflow  [0m|[34;20m [Node] Finished "estimate_hm", elapsed time 850.165421s.[0m
2026-03-27 06:06:13 |[34;20m INFO     [0m|[34;20m nipype.workflow  [0m|[34;20m [Node] Setting-up "mriqc_wf.funcMRIQC.fMRI_HMC.ComputeFD" in "/local/nvme/ds006401_14.783919/ds/tmp/mriqc_wf/funcMRIQC/fMRI_HMC/9fc9e8970be9ce7e4af1a56f95e7c01148bc41a4/ComputeFD".[0m
2026-03-27 06:06:13 |[34;20m INFO     [0m|[34;20m nipype.workflow  [0m|[34;20m [Node] Executing "ComputeFD" <nipype.algorithms.confounds.FramewiseDisplacement>[0m
2026-03-27 06:06:13 |[34;20m INFO     [0m|[34;20m nipype.workflow  [0m|[34;20m [Node] Finished "ComputeFD", elapsed time 0.006181s.[0m
2026-03-27 06:09:51 |[34;20m INFO     [0m|[34;20m nipype.workflow  [0m|[34;20m [Node] Finished "estimate_hm", elapsed time 1055.786352s.[0m
2026-03-27 06:09:51 |[34;20m INFO     [0m|[34;20m nipype.workflow  [0m|[34;20m [Node] Setting-up "_apply_hmc0" in "/local/nvme/ds006401_14.783919/ds/tmp/mriqc_wf/funcMRIQC/fMRI_HMC/6eea51b0593547a6c4a22c75552deb415d16c9a8/apply_hmc/mapflow/_apply_hmc0".[0m
2026-03-27 06:09:51 |[34;20m INFO     [0m|[34;20m nipype.workflow  [0m|[34;20m [Node] Executing "_apply_hmc0" <nipype.interfaces.utility.wrappers.Function>[0m
2026-03-27 06:10:21 |[34;20m INFO     [0m|[34;20m nipype.workflow  [0m|[34;20m [Node] Finished "_apply_hmc0", elapsed time 29.848803s.[0m
2026-03-27 06:10:21 |[34;20m INFO     [0m|[34;20m nipype.workflow  [0m|[34;20m [Node] Setting-up "_apply_hmc0" in "/local/nvme/ds006401_14.783919/ds/tmp/mriqc_wf/funcMRIQC/fMRI_HMC/9fc9e8970be9ce7e4af1a56f95e7c01148bc41a4/apply_hmc/mapflow/_apply_hmc0".[0m
2026-03-27 06:10:21 |[34;20m INFO     [0m|[34;20m nipype.workflow  [0m|[34;20m [Node] Executing "_apply_hmc0" <nipype.interfaces.utility.wrappers.Function>[0m
2026-03-27 06:10:51 |[34;20m INFO     [0m|[34;20m nipype.workflow  [0m|[34;20m [Node] Finished "_apply_hmc0", elapsed time 30.349275s.[0m
2026-03-27 06:10:53 |[34;20m INFO     [0m|[34;20m nipype.workflow  [0m|[34;20m [Node] Setting-up "_apply_hmc0" in "/local/nvme/ds006401_14.783919/ds/tmp/mriqc_wf/funcMRIQC/fMRI_HMC/eb434404b604ef7fed1ad73f83d1bfe6c74011bc/apply_hmc/mapflow/_apply_hmc0".[0m
2026-03-27 06:10:53 |[34;20m INFO     [0m|[34;20m nipype.workflow  [0m|[34;20m [Node] Executing "_apply_hmc0" <nipype.interfaces.utility.wrappers.Function>[0m
2026-03-27 06:11:32 |[34;20m INFO     [0m|[34;20m nipype.workflow  [0m|[34;20m [Node] Finished "_apply_hmc0", elapsed time 39.534342s.[0m
2026-03-27 06:11:33 |[34;20m INFO     [0m|[34;20m nipype.workflow  [0m|[34;20m [Node] Setting-up "mriqc_wf.funcMRIQC.fMRI_HMC.ComputeFD" in "/local/nvme/ds006401_14.783919/ds/tmp/mriqc_wf/funcMRIQC/fMRI_HMC/eb434404b604ef7fed1ad73f83d1bfe6c74011bc/ComputeFD".[0m
2026-03-27 06:11:33 |[34;20m INFO     [0m|[34;20m nipype.workflow  [0m|[34;20m [Node] Executing "ComputeFD" <nipype.algorithms.confounds.FramewiseDisplacement>[0m
2026-03-27 06:11:33 |[34;20m INFO     [0m|[34;20m nipype.workflow  [0m|[34;20m [Node] Setting-up "_mean0" in "/local/nvme/ds006401_14.783919/ds/tmp/mriqc_wf/funcMRIQC/6eea51b0593547a6c4a22c75552deb415d16c9a8/mean/mapflow/_mean0".[0m
2026-03-27 06:11:33 |[34;20m INFO     [0m|[34;20m nipype.workflow  [0m|[34;20m [Node] Setting-up "_compute_tsnr0" in "/local/nvme/ds006401_14.783919/ds/tmp/mriqc_wf/funcMRIQC/6eea51b0593547a6c4a22c75552deb415d16c9a8/compute_tsnr/mapflow/_compute_tsnr0".[0m
2026-03-27 06:11:33 |[34;20m INFO     [0m|[34;20m nipype.workflow  [0m|[34;20m [Node] Executing "_mean0" <nipype.interfaces.afni.utils.TStat>[0m
2026-03-27 06:11:33 |[34;20m INFO     [0m|[34;20m nipype.workflow  [0m|[34;20m [Node] Executing "_compute_tsnr0" <nipype.algorithms.confounds.TSNR>[0m
2026-03-27 06:11:33 |[34;20m INFO     [0m|[34;20m nipype.workflow  [0m|[34;20m [Node] Setting-up "_mean0" in "/local/nvme/ds006401_14.783919/ds/tmp/mriqc_wf/funcMRIQC/9fc9e8970be9ce7e4af1a56f95e7c01148bc41a4/mean/mapflow/_mean0".[0m
2026-03-27 06:11:33 |[34;20m INFO     [0m|[34;20m nipype.workflow  [0m|[34;20m [Node] Executing "_mean0" <nipype.interfaces.afni.utils.TStat>[0m
2026-03-27 06:11:33 |[34;20m INFO     [0m|[34;20m nipype.workflow  [0m|[34;20m [Node] Setting-up "_quality0" in "/local/nvme/ds006401_14.783919/ds/tmp/mriqc_wf/funcMRIQC/ComputeIQMs/6eea51b0593547a6c4a22c75552deb415d16c9a8/quality/mapflow/_quality0".[0m
2026-03-27 06:11:33 |[34;20m INFO     [0m|[34;20m nipype.workflow  [0m|[34;20m [Node] Setting-up "_compute_tsnr0" in "/local/nvme/ds006401_14.783919/ds/tmp/mriqc_wf/funcMRIQC/9fc9e8970be9ce7e4af1a56f95e7c01148bc41a4/compute_tsnr/mapflow/_compute_tsnr0".[0m
2026-03-27 06:11:33 |[34;20m INFO     [0m|[34;20m nipype.workflow  [0m|[34;20m [Node] Executing "_quality0" <nipype.interfaces.afni.preprocess.QualityIndex>[0m
2026-03-27 06:11:33 |[34;20m INFO     [0m|[34;20m nipype.workflow  [0m|[34;20m [Node] Executing "_compute_tsnr0" <nipype.algorithms.confounds.TSNR>[0m
2026-03-27 06:11:33 |[34;20m INFO     [0m|[34;20m nipype.workflow  [0m|[34;20m [Node] Setting-up "_mean0" in "/local/nvme/ds006401_14.783919/ds/tmp/mriqc_wf/funcMRIQC/eb434404b604ef7fed1ad73f83d1bfe6c74011bc/mean/mapflow/_mean0".[0m
2026-03-27 06:11:33 |[34;20m INFO     [0m|[34;20m nipype.workflow  [0m|[34;20m [Node] Finished "ComputeFD", elapsed time 0.009752s.[0m
2026-03-27 06:11:33 |[34;20m INFO     [0m|[34;20m nipype.workflow  [0m|[34;20m [Node] Executing "_mean0" <nipype.interfaces.afni.utils.TStat>[0m
2026-03-27 06:11:33 |[34;20m INFO     [0m|[34;20m nipype.workflow  [0m|[34;20m [Node] Setting-up "_quality0" in "/local/nvme/ds006401_14.783919/ds/tmp/mriqc_wf/funcMRIQC/ComputeIQMs/9fc9e8970be9ce7e4af1a56f95e7c01148bc41a4/quality/mapflow/_quality0".[0m
2026-03-27 06:11:33 |[34;20m INFO     [0m|[34;20m nipype.workflow  [0m|[34;20m [Node] Executing "_quality0" <nipype.interfaces.afni.preprocess.QualityIndex>[0m
2026-03-27 06:11:35 |[34;20m INFO     [0m|[34;20m nipype.workflow  [0m|[34;20m [Node] Setting-up "_compute_tsnr0" in "/local/nvme/ds006401_14.783919/ds/tmp/mriqc_wf/funcMRIQC/eb434404b604ef7fed1ad73f83d1bfe6c74011bc/compute_tsnr/mapflow/_compute_tsnr0".[0m
2026-03-27 06:11:35 |[34;20m INFO     [0m|[34;20m nipype.workflow  [0m|[34;20m [Node] Executing "_compute_tsnr0" <nipype.algorithms.confounds.TSNR>[0m
2026-03-27 06:11:36 |[34;20m INFO     [0m|[34;20m nipype.workflow  [0m|[34;20m [Node] Finished "_compute_tsnr0", elapsed time 3.317746s.[0m
2026-03-27 06:11:36 |[34;20m INFO     [0m|[34;20m nipype.workflow  [0m|[34;20m [Node] Finished "_compute_tsnr0", elapsed time 3.348027s.[0m
2026-03-27 06:11:37 |[34;20m INFO     [0m|[34;20m nipype.workflow  [0m|[34;20m [Node] Setting-up "_PlotMosaicSD0" in "/local/nvme/ds006401_14.783919/ds/tmp/mriqc_wf/funcMRIQC/func_report_wf/6eea51b0593547a6c4a22c75552deb415d16c9a8/PlotMosaicSD/mapflow/_PlotMosaicSD0".[0m
2026-03-27 06:11:37 |[34;20m INFO     [0m|[34;20m nipype.workflow  [0m|[34;20m [Node] Setting-up "_quality0" in "/local/nvme/ds006401_14.783919/ds/tmp/mriqc_wf/funcMRIQC/ComputeIQMs/eb434404b604ef7fed1ad73f83d1bfe6c74011bc/quality/mapflow/_quality0".[0m
2026-03-27 06:11:37 |[34;20m INFO     [0m|[34;20m nipype.workflow  [0m|[34;20m [Node] Executing "_PlotMosaicSD0" <nireports.interfaces.mosaic.PlotMosaic>[0m
2026-03-27 06:11:37 |[34;20m INFO     [0m|[34;20m nipype.workflow  [0m|[34;20m [Node] Executing "_quality0" <nipype.interfaces.afni.preprocess.QualityIndex>[0m
2026-03-27 06:11:37 |[34;20m INFO     [0m|[34;20m nipype.workflow  [0m|[34;20m [Node] Finished "_mean0", elapsed time 4.442711s.[0m
2026-03-27 06:11:37 |[34;20m INFO     [0m|[34;20m nipype.workflow  [0m|[34;20m [Node] Finished "_mean0", elapsed time 4.504099s.[0m
2026-03-27 06:11:39 |[34;20m INFO     [0m|[34;20m nipype.workflow  [0m|[34;20m [Node] Finished "_mean0", elapsed time 5.662087s.[0m
2026-03-27 06:11:39 |[34;20m INFO     [0m|[34;20m nipype.workflow  [0m|[34;20m [Node] Finished "_PlotMosaicSD0", elapsed time 1.6816200000000001s.[0m
2026-03-27 06:11:39 |[34;20m INFO     [0m|[34;20m nipype.workflow  [0m|[34;20m [Node] Setting-up "mriqc_wf.funcMRIQC.synthstrip_wf.pre_clip" in "/local/nvme/ds006401_14.783919/ds/tmp/mriqc_wf/funcMRIQC/synthstrip_wf/6eea51b0593547a6c4a22c75552deb415d16c9a8/pre_clip".[0m
2026-03-27 06:11:39 |[34;20m INFO     [0m|[34;20m nipype.workflow  [0m|[34;20m [Node] Setting-up "mriqc_wf.funcMRIQC.SpatialNormalization.SharpenEPI" in "/local/nvme/ds006401_14.783919/ds/tmp/mriqc_wf/funcMRIQC/SpatialNormalization/6eea51b0593547a6c4a22c75552deb415d16c9a8/SharpenEPI".[0m
2026-03-27 06:11:39 |[34;20m INFO     [0m|[34;20m nipype.workflow  [0m|[34;20m [Node] Executing "pre_clip" <niworkflows.interfaces.nibabel.IntensityClip>[0m
2026-03-27 06:11:39 |[34;20m INFO     [0m|[34;20m nipype.workflow  [0m|[34;20m [Node] Executing "SharpenEPI" <nipype.interfaces.ants.segmentation.N4BiasFieldCorrection>[0m
2026-03-27 06:11:39 |[34;20m INFO     [0m|[34;20m nipype.workflow  [0m|[34;20m [Node] Setting-up "_PlotMosaicMean0" in "/local/nvme/ds006401_14.783919/ds/tmp/mriqc_wf/funcMRIQC/func_report_wf/6eea51b0593547a6c4a22c75552deb415d16c9a8/PlotMosaicMean/mapflow/_PlotMosaicMean0".[0m
2026-03-27 06:11:39 |[34;20m INFO     [0m|[34;20m nipype.workflow  [0m|[34;20m [Node] Executing "_PlotMosaicMean0" <nireports.interfaces.mosaic.PlotMosaic>[0m
2026-03-27 06:11:39 |[34;20m INFO     [0m|[34;20m nipype.workflow  [0m|[34;20m [Node] Setting-up "_PlotMosaicNoise0" in "/local/nvme/ds006401_14.783919/ds/tmp/mriqc_wf/funcMRIQC/func_report_wf/6eea51b0593547a6c4a22c75552deb415d16c9a8/PlotMosaicNoise/mapflow/_PlotMosaicNoise0".[0m
2026-03-27 06:11:39 |[34;20m INFO     [0m|[34;20m nipype.workflow  [0m|[34;20m [Node] Executing "_PlotMosaicNoise0" <nireports.interfaces.mosaic.PlotMosaic>[0m
2026-03-27 06:11:39 |[34;20m INFO     [0m|[34;20m nipype.workflow  [0m|[34;20m [Node] Finished "_compute_tsnr0", elapsed time 4.259333s.[0m
2026-03-27 06:11:40 |[34;20m INFO     [0m|[34;20m nipype.workflow  [0m|[34;20m [Node] Finished "pre_clip", elapsed time 0.902481s.[0m
2026-03-27 06:11:40 |[34;20m INFO     [0m|[34;20m nipype.workflow  [0m|[34;20m [Node] Finished "_PlotMosaicMean0", elapsed time 1.543656s.[0m
2026-03-27 06:11:41 |[34;20m INFO     [0m|[34;20m nipype.workflow  [0m|[34;20m [Node] Finished "_PlotMosaicNoise0", elapsed time 1.605837s.[0m
2026-03-27 06:11:41 |[34;20m INFO     [0m|[34;20m nipype.workflow  [0m|[34;20m [Node] Setting-up "mriqc_wf.funcMRIQC.SpatialNormalization.SharpenEPI" in "/local/nvme/ds006401_14.783919/ds/tmp/mriqc_wf/funcMRIQC/SpatialNormalization/9fc9e8970be9ce7e4af1a56f95e7c01148bc41a4/SharpenEPI".[0m
2026-03-27 06:11:41 |[34;20m INFO     [0m|[34;20m nipype.workflow  [0m|[34;20m [Node] Setting-up "mriqc_wf.funcMRIQC.synthstrip_wf.pre_clip" in "/local/nvme/ds006401_14.783919/ds/tmp/mriqc_wf/funcMRIQC/synthstrip_wf/9fc9e8970be9ce7e4af1a56f95e7c01148bc41a4/pre_clip".[0m
2026-03-27 06:11:41 |[34;20m INFO     [0m|[34;20m nipype.workflow  [0m|[34;20m [Node] Executing "SharpenEPI" <nipype.interfaces.ants.segmentation.N4BiasFieldCorrection>[0m
2026-03-27 06:11:41 |[34;20m INFO     [0m|[34;20m nipype.workflow  [0m|[34;20m [Node] Executing "pre_clip" <niworkflows.interfaces.nibabel.IntensityClip>[0m
2026-03-27 06:11:41 |[34;20m INFO     [0m|[34;20m nipype.workflow  [0m|[34;20m [Node] Setting-up "_PlotMosaicNoise0" in "/local/nvme/ds006401_14.783919/ds/tmp/mriqc_wf/funcMRIQC/func_report_wf/9fc9e8970be9ce7e4af1a56f95e7c01148bc41a4/PlotMosaicNoise/mapflow/_PlotMosaicNoise0".[0m
2026-03-27 06:11:41 |[34;20m INFO     [0m|[34;20m nipype.workflow  [0m|[34;20m [Node] Setting-up "_PlotMosaicMean0" in "/local/nvme/ds006401_14.783919/ds/tmp/mriqc_wf/funcMRIQC/func_report_wf/9fc9e8970be9ce7e4af1a56f95e7c01148bc41a4/PlotMosaicMean/mapflow/_PlotMosaicMean0".[0m
2026-03-27 06:11:41 |[34;20m INFO     [0m|[34;20m nipype.workflow  [0m|[34;20m [Node] Executing "_PlotMosaicMean0" <nireports.interfaces.mosaic.PlotMosaic>[0m
2026-03-27 06:11:41 |[34;20m INFO     [0m|[34;20m nipype.workflow  [0m|[34;20m [Node] Executing "_PlotMosaicNoise0" <nireports.interfaces.mosaic.PlotMosaic>[0m
2026-03-27 06:11:42 |[34;20m INFO     [0m|[34;20m nipype.workflow  [0m|[34;20m [Node] Finished "pre_clip", elapsed time 0.88531s.[0m
2026-03-27 06:11:43 |[34;20m INFO     [0m|[34;20m nipype.workflow  [0m|[34;20m [Node] Finished "_PlotMosaicNoise0", elapsed time 1.696587s.[0m
2026-03-27 06:11:43 |[34;20m INFO     [0m|[34;20m nipype.workflow  [0m|[34;20m [Node] Finished "_PlotMosaicMean0", elapsed time 1.8666559999999999s.[0m
2026-03-27 06:11:43 |[34;20m INFO     [0m|[34;20m nipype.workflow  [0m|[34;20m [Node] Setting-up "mriqc_wf.funcMRIQC.synthstrip_wf.pre_clip" in "/local/nvme/ds006401_14.783919/ds/tmp/mriqc_wf/funcMRIQC/synthstrip_wf/eb434404b604ef7fed1ad73f83d1bfe6c74011bc/pre_clip".[0m
2026-03-27 06:11:43 |[34;20m INFO     [0m|[34;20m nipype.workflow  [0m|[34;20m [Node] Setting-up "mriqc_wf.funcMRIQC.SpatialNormalization.SharpenEPI" in "/local/nvme/ds006401_14.783919/ds/tmp/mriqc_wf/funcMRIQC/SpatialNormalization/eb434404b604ef7fed1ad73f83d1bfe6c74011bc/SharpenEPI".[0m
2026-03-27 06:11:43 |[34;20m INFO     [0m|[34;20m nipype.workflow  [0m|[34;20m [Node] Executing "pre_clip" <niworkflows.interfaces.nibabel.IntensityClip>[0m
2026-03-27 06:11:43 |[34;20m INFO     [0m|[34;20m nipype.workflow  [0m|[34;20m [Node] Executing "SharpenEPI" <nipype.interfaces.ants.segmentation.N4BiasFieldCorrection>[0m
2026-03-27 06:11:43 |[34;20m INFO     [0m|[34;20m nipype.workflow  [0m|[34;20m [Node] Setting-up "_PlotMosaicSD0" in "/local/nvme/ds006401_14.783919/ds/tmp/mriqc_wf/funcMRIQC/func_report_wf/9fc9e8970be9ce7e4af1a56f95e7c01148bc41a4/PlotMosaicSD/mapflow/_PlotMosaicSD0".[0m
2026-03-27 06:11:43 |[34;20m INFO     [0m|[34;20m nipype.workflow  [0m|[34;20m [Node] Executing "_PlotMosaicSD0" <nireports.interfaces.mosaic.PlotMosaic>[0m
2026-03-27 06:11:44 |[34;20m INFO     [0m|[34;20m nipype.workflow  [0m|[34;20m [Node] Finished "pre_clip", elapsed time 0.850625s.[0m
2026-03-27 06:11:44 |[34;20m INFO     [0m|[34;20m nipype.workflow  [0m|[34;20m [Node] Finished "_quality0", elapsed time 10.997953s.[0m
2026-03-27 06:11:44 |[34;20m INFO     [0m|[34;20m nipype.workflow  [0m|[34;20m [Node] Finished "SharpenEPI", elapsed time 4.944889s.[0m
2026-03-27 06:11:45 |[34;20m INFO     [0m|[34;20m nipype.workflow  [0m|[34;20m [Node] Finished "_PlotMosaicSD0", elapsed time 1.654443s.[0m
2026-03-27 06:11:45 |[34;20m INFO     [0m|[34;20m nipype.workflow  [0m|[34;20m [Node] Finished "_quality0", elapsed time 11.700061s.[0m
2026-03-27 06:11:45 |[34;20m INFO     [0m|[34;20m nipype.workflow  [0m|[34;20m [Node] Setting-up "_PlotMosaicMean0" in "/local/nvme/ds006401_14.783919/ds/tmp/mriqc_wf/funcMRIQC/func_report_wf/eb434404b604ef7fed1ad73f83d1bfe6c74011bc/PlotMosaicMean/mapflow/_PlotMosaicMean0".[0m
2026-03-27 06:11:45 |[34;20m INFO     [0m|[34;20m nipype.workflow  [0m|[34;20m [Node] Executing "_PlotMosaicMean0" <nireports.interfaces.mosaic.PlotMosaic>[0m
2026-03-27 06:11:45 |[34;20m INFO     [0m|[34;20m nipype.workflow  [0m|[34;20m [Node] Setting-up "_PlotMosaicNoise0" in "/local/nvme/ds006401_14.783919/ds/tmp/mriqc_wf/funcMRIQC/func_report_wf/eb434404b604ef7fed1ad73f83d1bfe6c74011bc/PlotMosaicNoise/mapflow/_PlotMosaicNoise0".[0m
2026-03-27 06:11:45 |[34;20m INFO     [0m|[34;20m nipype.workflow  [0m|[34;20m [Node] Executing "_PlotMosaicNoise0" <nireports.interfaces.mosaic.PlotMosaic>[0m
2026-03-27 06:11:45 |[34;20m INFO     [0m|[34;20m nipype.workflow  [0m|[34;20m [Node] Setting-up "_PlotMosaicSD0" in "/local/nvme/ds006401_14.783919/ds/tmp/mriqc_wf/funcMRIQC/func_report_wf/eb434404b604ef7fed1ad73f83d1bfe6c74011bc/PlotMosaicSD/mapflow/_PlotMosaicSD0".[0m
2026-03-27 06:11:45 |[34;20m INFO     [0m|[34;20m nipype.workflow  [0m|[34;20m [Node] Setting-up "_ds_report_mean0" in "/local/nvme/ds006401_14.783919/ds/tmp/mriqc_wf/funcMRIQC/func_report_wf/6eea51b0593547a6c4a22c75552deb415d16c9a8/ds_report_mean/mapflow/_ds_report_mean0".[0m
2026-03-27 06:11:45 |[34;20m INFO     [0m|[34;20m nipype.workflow  [0m|[34;20m [Node] Executing "_PlotMosaicSD0" <nireports.interfaces.mosaic.PlotMosaic>[0m
2026-03-27 06:11:45 |[34;20m INFO     [0m|[34;20m nipype.workflow  [0m|[34;20m [Node] Executing "_ds_report_mean0" <mriqc.interfaces.DerivativesDataSink>[0m
2026-03-27 06:11:45 |[34;20m INFO     [0m|[34;20m nipype.workflow  [0m|[34;20m [Node] Finished "_ds_report_mean0", elapsed time 0.009232s.[0m
2026-03-27 06:11:45 |[34;20m INFO     [0m|[34;20m nipype.workflow  [0m|[34;20m [Node] Setting-up "_ds_report_background0" in "/local/nvme/ds006401_14.783919/ds/tmp/mriqc_wf/funcMRIQC/func_report_wf/6eea51b0593547a6c4a22c75552deb415d16c9a8/ds_report_background/mapflow/_ds_report_background0".[0m
2026-03-27 06:11:45 |[34;20m INFO     [0m|[34;20m nipype.workflow  [0m|[34;20m [Node] Executing "_ds_report_background0" <mriqc.interfaces.DerivativesDataSink>[0m
2026-03-27 06:11:45 |[34;20m INFO     [0m|[34;20m nipype.workflow  [0m|[34;20m [Node] Finished "_ds_report_background0", elapsed time 0.005399s.[0m
2026-03-27 06:11:45 |[34;20m INFO     [0m|[34;20m nipype.workflow  [0m|[34;20m [Node] Setting-up "_ds_report_stdev0" in "/local/nvme/ds006401_14.783919/ds/tmp/mriqc_wf/funcMRIQC/func_report_wf/6eea51b0593547a6c4a22c75552deb415d16c9a8/ds_report_stdev/mapflow/_ds_report_stdev0".[0m
2026-03-27 06:11:45 |[34;20m INFO     [0m|[34;20m nipype.workflow  [0m|[34;20m [Node] Executing "_ds_report_stdev0" <mriqc.interfaces.DerivativesDataSink>[0m
2026-03-27 06:11:45 |[34;20m INFO     [0m|[34;20m nipype.workflow  [0m|[34;20m [Node] Finished "_ds_report_stdev0", elapsed time 0.005438s.[0m
2026-03-27 06:11:45 |[34;20m INFO     [0m|[34;20m nipype.workflow  [0m|[34;20m [Node] Setting-up "_ds_report_mean0" in "/local/nvme/ds006401_14.783919/ds/tmp/mriqc_wf/funcMRIQC/func_report_wf/9fc9e8970be9ce7e4af1a56f95e7c01148bc41a4/ds_report_mean/mapflow/_ds_report_mean0".[0m
2026-03-27 06:11:45 |[34;20m INFO     [0m|[34;20m nipype.workflow  [0m|[34;20m [Node] Executing "_ds_report_mean0" <mriqc.interfaces.DerivativesDataSink>[0m
2026-03-27 06:11:45 |[34;20m INFO     [0m|[34;20m nipype.workflow  [0m|[34;20m [Node] Finished "_ds_report_mean0", elapsed time 0.005381s.[0m
2026-03-27 06:11:45 |[34;20m INFO     [0m|[34;20m nipype.workflow  [0m|[34;20m [Node] Setting-up "_ds_report_background0" in "/local/nvme/ds006401_14.783919/ds/tmp/mriqc_wf/funcMRIQC/func_report_wf/9fc9e8970be9ce7e4af1a56f95e7c01148bc41a4/ds_report_background/mapflow/_ds_report_background0".[0m
2026-03-27 06:11:45 |[34;20m INFO     [0m|[34;20m nipype.workflow  [0m|[34;20m [Node] Executing "_ds_report_background0" <mriqc.interfaces.DerivativesDataSink>[0m
2026-03-27 06:11:45 |[34;20m INFO     [0m|[34;20m nipype.workflow  [0m|[34;20m [Node] Finished "_ds_report_background0", elapsed time 0.00546s.[0m
2026-03-27 06:11:46 |[34;20m INFO     [0m|[34;20m nipype.workflow  [0m|[34;20m [Node] Setting-up "_ds_report_stdev0" in "/local/nvme/ds006401_14.783919/ds/tmp/mriqc_wf/funcMRIQC/func_report_wf/9fc9e8970be9ce7e4af1a56f95e7c01148bc41a4/ds_report_stdev/mapflow/_ds_report_stdev0".[0m
2026-03-27 06:11:46 |[34;20m INFO     [0m|[34;20m nipype.workflow  [0m|[34;20m [Node] Executing "_ds_report_stdev0" <mriqc.interfaces.DerivativesDataSink>[0m
2026-03-27 06:11:46 |[34;20m INFO     [0m|[34;20m nipype.workflow  [0m|[34;20m [Node] Finished "_ds_report_stdev0", elapsed time 0.005358s.[0m
2026-03-27 06:11:46 |[34;20m INFO     [0m|[34;20m nipype.workflow  [0m|[34;20m [Node] Finished "SharpenEPI", elapsed time 4.845548s.[0m
2026-03-27 06:11:47 |[34;20m INFO     [0m|[34;20m nipype.workflow  [0m|[34;20m [Node] Finished "_PlotMosaicSD0", elapsed time 1.576514s.[0m
2026-03-27 06:11:47 |[34;20m INFO     [0m|[34;20m nipype.workflow  [0m|[34;20m [Node] Finished "_PlotMosaicNoise0", elapsed time 1.60534s.[0m
2026-03-27 06:11:47 |[34;20m INFO     [0m|[34;20m nipype.workflow  [0m|[34;20m [Node] Finished "_PlotMosaicMean0", elapsed time 1.621272s.[0m
2026-03-27 06:11:47 |[34;20m INFO     [0m|[34;20m nipype.workflow  [0m|[34;20m [Node] Setting-up "_ds_report_mean0" in "/local/nvme/ds006401_14.783919/ds/tmp/mriqc_wf/funcMRIQC/func_report_wf/eb434404b604ef7fed1ad73f83d1bfe6c74011bc/ds_report_mean/mapflow/_ds_report_mean0".[0m
2026-03-27 06:11:47 |[34;20m INFO     [0m|[34;20m nipype.workflow  [0m|[34;20m [Node] Executing "_ds_report_mean0" <mriqc.interfaces.DerivativesDataSink>[0m
2026-03-27 06:11:47 |[34;20m INFO     [0m|[34;20m nipype.workflow  [0m|[34;20m [Node] Finished "_ds_report_mean0", elapsed time 0.005106s.[0m
2026-03-27 06:11:47 |[34;20m INFO     [0m|[34;20m nipype.workflow  [0m|[34;20m [Node] Setting-up "_ds_report_background0" in "/local/nvme/ds006401_14.783919/ds/tmp/mriqc_wf/funcMRIQC/func_report_wf/eb434404b604ef7fed1ad73f83d1bfe6c74011bc/ds_report_background/mapflow/_ds_report_background0".[0m
2026-03-27 06:11:47 |[34;20m INFO     [0m|[34;20m nipype.workflow  [0m|[34;20m [Node] Executing "_ds_report_background0" <mriqc.interfaces.DerivativesDataSink>[0m
2026-03-27 06:11:47 |[34;20m INFO     [0m|[34;20m nipype.workflow  [0m|[34;20m [Node] Finished "_ds_report_background0", elapsed time 0.005047s.[0m
2026-03-27 06:11:47 |[34;20m INFO     [0m|[34;20m nipype.workflow  [0m|[34;20m [Node] Setting-up "_ds_report_stdev0" in "/local/nvme/ds006401_14.783919/ds/tmp/mriqc_wf/funcMRIQC/func_report_wf/eb434404b604ef7fed1ad73f83d1bfe6c74011bc/ds_report_stdev/mapflow/_ds_report_stdev0".[0m
2026-03-27 06:11:47 |[34;20m INFO     [0m|[34;20m nipype.workflow  [0m|[34;20m [Node] Executing "_ds_report_stdev0" <mriqc.interfaces.DerivativesDataSink>[0m
2026-03-27 06:11:47 |[34;20m INFO     [0m|[34;20m nipype.workflow  [0m|[34;20m [Node] Finished "_ds_report_stdev0", elapsed time 0.00497s.[0m
2026-03-27 06:11:48 |[34;20m INFO     [0m|[34;20m nipype.workflow  [0m|[34;20m [Node] Finished "SharpenEPI", elapsed time 4.802155s.[0m
2026-03-27 06:11:51 |[34;20m INFO     [0m|[34;20m nipype.workflow  [0m|[34;20m [Node] Finished "_quality0", elapsed time 14.217894s.[0m
2026-03-27 06:11:53 |[34;20m INFO     [0m|[34;20m nipype.workflow  [0m|[34;20m [Node] Setting-up "mriqc_wf.funcMRIQC.synthstrip_wf.pre_n4" in "/local/nvme/ds006401_14.783919/ds/tmp/mriqc_wf/funcMRIQC/synthstrip_wf/6eea51b0593547a6c4a22c75552deb415d16c9a8/pre_n4".[0m
2026-03-27 06:11:53 |[34;20m INFO     [0m|[34;20m nipype.workflow  [0m|[34;20m [Node] Executing "pre_n4" <nipype.interfaces.ants.segmentation.N4BiasFieldCorrection>[0m
2026-03-27 06:11:55 |[34;20m INFO     [0m|[34;20m nipype.workflow  [0m|[34;20m [Node] Finished "pre_n4", elapsed time 1.324784s.[0m
2026-03-27 06:11:55 |[34;20m INFO     [0m|[34;20m nipype.workflow  [0m|[34;20m [Node] Setting-up "mriqc_wf.funcMRIQC.synthstrip_wf.pre_n4" in "/local/nvme/ds006401_14.783919/ds/tmp/mriqc_wf/funcMRIQC/synthstrip_wf/9fc9e8970be9ce7e4af1a56f95e7c01148bc41a4/pre_n4".[0m
2026-03-27 06:11:55 |[34;20m INFO     [0m|[34;20m nipype.workflow  [0m|[34;20m [Node] Executing "pre_n4" <nipype.interfaces.ants.segmentation.N4BiasFieldCorrection>[0m
2026-03-27 06:11:57 |[34;20m INFO     [0m|[34;20m nipype.workflow  [0m|[34;20m [Node] Finished "pre_n4", elapsed time 1.42906s.[0m
2026-03-27 06:11:57 |[34;20m INFO     [0m|[34;20m nipype.workflow  [0m|[34;20m [Node] Setting-up "mriqc_wf.funcMRIQC.synthstrip_wf.pre_n4" in "/local/nvme/ds006401_14.783919/ds/tmp/mriqc_wf/funcMRIQC/synthstrip_wf/eb434404b604ef7fed1ad73f83d1bfe6c74011bc/pre_n4".[0m
2026-03-27 06:11:57 |[34;20m INFO     [0m|[34;20m nipype.workflow  [0m|[34;20m [Node] Executing "pre_n4" <nipype.interfaces.ants.segmentation.N4BiasFieldCorrection>[0m
2026-03-27 06:11:58 |[34;20m INFO     [0m|[34;20m nipype.workflow  [0m|[34;20m [Node] Finished "pre_n4", elapsed time 1.251713s.[0m
2026-03-27 06:11:59 |[34;20m INFO     [0m|[34;20m nipype.workflow  [0m|[34;20m [Node] Setting-up "mriqc_wf.funcMRIQC.synthstrip_wf.synthstrip" in "/local/nvme/ds006401_14.783919/ds/tmp/mriqc_wf/funcMRIQC/synthstrip_wf/6eea51b0593547a6c4a22c75552deb415d16c9a8/synthstrip".[0m
2026-03-27 06:11:59 |[34;20m INFO     [0m|[34;20m nipype.workflow  [0m|[34;20m [Node] Executing "synthstrip" <mriqc.interfaces.synthstrip.SynthStrip>[0m
2026-03-27 06:12:15 |[34;20m INFO     [0m|[34;20m nipype.workflow  [0m|[34;20m [Node] Finished "synthstrip", elapsed time 15.954744999999999s.[0m
2026-03-27 06:12:17 |[34;20m INFO     [0m|[34;20m nipype.workflow  [0m|[34;20m [Node] Setting-up "mriqc_wf.funcMRIQC.synthstrip_wf.synthstrip" in "/local/nvme/ds006401_14.783919/ds/tmp/mriqc_wf/funcMRIQC/synthstrip_wf/9fc9e8970be9ce7e4af1a56f95e7c01148bc41a4/synthstrip".[0m
2026-03-27 06:12:17 |[34;20m INFO     [0m|[34;20m nipype.workflow  [0m|[34;20m [Node] Executing "synthstrip" <mriqc.interfaces.synthstrip.SynthStrip>[0m
2026-03-27 06:12:31 |[34;20m INFO     [0m|[34;20m nipype.workflow  [0m|[34;20m [Node] Finished "synthstrip", elapsed time 14.443692s.[0m
2026-03-27 06:12:33 |[34;20m INFO     [0m|[34;20m nipype.workflow  [0m|[34;20m [Node] Setting-up "mriqc_wf.funcMRIQC.synthstrip_wf.synthstrip" in "/local/nvme/ds006401_14.783919/ds/tmp/mriqc_wf/funcMRIQC/synthstrip_wf/eb434404b604ef7fed1ad73f83d1bfe6c74011bc/synthstrip".[0m
2026-03-27 06:12:33 |[34;20m INFO     [0m|[34;20m nipype.workflow  [0m|[34;20m [Node] Executing "synthstrip" <mriqc.interfaces.synthstrip.SynthStrip>[0m
2026-03-27 06:12:47 |[34;20m INFO     [0m|[34;20m nipype.workflow  [0m|[34;20m [Node] Finished "synthstrip", elapsed time 14.468154s.[0m
2026-03-27 06:12:49 |[34;20m INFO     [0m|[34;20m nipype.workflow  [0m|[34;20m [Node] Setting-up "mriqc_wf.funcMRIQC.synthstrip_wf.post_n4" in "/local/nvme/ds006401_14.783919/ds/tmp/mriqc_wf/funcMRIQC/synthstrip_wf/6eea51b0593547a6c4a22c75552deb415d16c9a8/post_n4".[0m
2026-03-27 06:12:49 |[34;20m INFO     [0m|[34;20m nipype.workflow  [0m|[34;20m [Node] Executing "post_n4" <nipype.interfaces.ants.segmentation.N4BiasFieldCorrection>[0m
2026-03-27 06:12:50 |[34;20m INFO     [0m|[34;20m nipype.workflow  [0m|[34;20m [Node] Finished "post_n4", elapsed time 1.190511s.[0m
2026-03-27 06:12:51 |[34;20m INFO     [0m|[34;20m nipype.workflow  [0m|[34;20m [Node] Setting-up "mriqc_wf.funcMRIQC.SpatialNormalization.EPI2MNI" in "/local/nvme/ds006401_14.783919/ds/tmp/mriqc_wf/funcMRIQC/SpatialNormalization/6eea51b0593547a6c4a22c75552deb415d16c9a8/EPI2MNI".[0m
2026-03-27 06:12:51 |[34;20m INFO     [0m|[34;20m nipype.workflow  [0m|[34;20m [Node] Executing "EPI2MNI" <niworkflows.interfaces.reportlets.registration.SpatialNormalizationRPT>[0m
2026-03-27 06:12:51 |[34;20m INFO     [0m|[34;20m niworkflows      [0m|[34;20m Estimating initial transform using AffineInitializer[0m
2026-03-27 06:12:56 |[34;20m INFO     [0m|[34;20m niworkflows      [0m|[34;20m Loading settings from file /opt/conda/lib/python3.11/site-packages/niworkflows/data/boldref-mni_registration_precise_000.json.[0m
2026-03-27 06:12:56 |[34;20m INFO     [0m|[34;20m niworkflows      [0m|[34;20m Retry #1, commandline: 
antsRegistration --collapse-output-transforms 1 --dimensionality 3 --float 0 --initial-moving-transform [ /local/nvme/ds006401_14.783919/ds/tmp/mriqc_wf/funcMRIQC/SpatialNormalization/6eea51b0593547a6c4a22c75552deb415d16c9a8/EPI2MNI/transform.mat, 0 ] --initialize-transforms-per-stage 0 --interpolation LanczosWindowedSinc --output [ epi_to_mni, epi_to_mni_Warped.nii.gz ] --transform Rigid[ 0.05 ] --metric Mattes[ /templateflow/tpl-MNI152NLin2009cAsym/tpl-MNI152NLin2009cAsym_res-02_desc-fMRIPrep_boldref.nii.gz, /local/nvme/ds006401_14.783919/ds/tmp/mriqc_wf/funcMRIQC/SpatialNormalization/6eea51b0593547a6c4a22c75552deb415d16c9a8/SharpenEPI/sub-14_ses-01_task-mid_run-01_bold_desc-realigned_valid_tstat_corrected.nii.gz, 1, 56, Regular, 0.25 ] --convergence [ 10000x1000x100, 1e-06, 20 ] --smoothing-sigmas 4.0x2.0x1.0vox --shrink-factors 4x2x1 --use-histogram-matching 1 --masks [ /templateflow/tpl-MNI152NLin2009cAsym/tpl-MNI152NLin2009cAsym_res-02_desc-brain_mask.nii.gz, /local/nvme/ds006401_14.783919/ds/tmp/mriqc_wf/funcMRIQC/synthstrip_wf/6eea51b0593547a6c4a22c75552deb415d16c9a8/synthstrip/clipped_corrected_desc-brain_mask.nii.gz ] --transform Affine[ 0.08 ] --metric Mattes[ /templateflow/tpl-MNI152NLin2009cAsym/tpl-MNI152NLin2009cAsym_res-02_desc-fMRIPrep_boldref.nii.gz, /local/nvme/ds006401_14.783919/ds/tmp/mriqc_wf/funcMRIQC/SpatialNormalization/6eea51b0593547a6c4a22c75552deb415d16c9a8/SharpenEPI/sub-14_ses-01_task-mid_run-01_bold_desc-realigned_valid_tstat_corrected.nii.gz, 1, 56, Regular, 0.25 ] --convergence [ 500x250x100, 1e-06, 20 ] --smoothing-sigmas 4.0x2.0x1.0vox --shrink-factors 8x4x2 --use-histogram-matching 1 --masks [ /templateflow/tpl-MNI152NLin2009cAsym/tpl-MNI152NLin2009cAsym_res-02_desc-brain_mask.nii.gz, /local/nvme/ds006401_14.783919/ds/tmp/mriqc_wf/funcMRIQC/synthstrip_wf/6eea51b0593547a6c4a22c75552deb415d16c9a8/synthstrip/clipped_corrected_desc-brain_mask.nii.gz ] --transform SyN[ 0.1, 3.0, 0.0 ] --metric CC[ /templateflow/tpl-MNI152NLin2009cAsym/tpl-MNI152NLin2009cAsym_res-02_desc-fMRIPrep_boldref.nii.gz, /local/nvme/ds006401_14.783919/ds/tmp/mriqc_wf/funcMRIQC/SpatialNormalization/6eea51b0593547a6c4a22c75552deb415d16c9a8/SharpenEPI/sub-14_ses-01_task-mid_run-01_bold_desc-realigned_valid_tstat_corrected.nii.gz, 1, 4, None, 1 ] --convergence [ 100x30x20, 1e-06, 10 ] --smoothing-sigmas 3.0x2.0x1.0vox --shrink-factors 8x4x2 --use-histogram-matching 1 --masks [ /templateflow/tpl-MNI152NLin2009cAsym/tpl-MNI152NLin2009cAsym_res-02_desc-brain_mask.nii.gz, /local/nvme/ds006401_14.783919/ds/tmp/mriqc_wf/funcMRIQC/synthstrip_wf/6eea51b0593547a6c4a22c75552deb415d16c9a8/synthstrip/clipped_corrected_desc-brain_mask.nii.gz ] --winsorize-image-intensities [ 0.005, 0.995 ]  --write-composite-transform 1[0m
2026-03-27 06:13:09 |[34;20m INFO     [0m|[34;20m niworkflows      [0m|[34;20m Successful spatial normalization (retry #1).[0m
2026-03-27 06:13:09 |[34;20m INFO     [0m|[34;20m niworkflows      [0m|[34;20m Report - setting fixed (/templateflow/tpl-MNI152NLin2009cAsym/tpl-MNI152NLin2009cAsym_res-02_desc-fMRIPrep_boldref.nii.gz) and moving (/local/nvme/ds006401_14.783919/ds/tmp/mriqc_wf/funcMRIQC/SpatialNormalization/6eea51b0593547a6c4a22c75552deb415d16c9a8/EPI2MNI/epi_to_mni_Warped.nii.gz) images[0m
2026-03-27 06:13:09 |[34;20m INFO     [0m|[34;20m niworkflows      [0m|[34;20m Generating visual report[0m
2026-03-27 06:13:27 |[34;20m INFO     [0m|[34;20m nipype.workflow  [0m|[34;20m [Node] Finished "EPI2MNI", elapsed time 35.551563s.[0m
2026-03-27 06:13:27 |[34;20m INFO     [0m|[34;20m nipype.workflow  [0m|[34;20m [Node] Setting-up "_ComputeDVARS0" in "/local/nvme/ds006401_14.783919/ds/tmp/mriqc_wf/funcMRIQC/ComputeIQMs/6eea51b0593547a6c4a22c75552deb415d16c9a8/ComputeDVARS/mapflow/_ComputeDVARS0".[0m
2026-03-27 06:13:27 |[34;20m INFO     [0m|[34;20m nipype.workflow  [0m|[34;20m [Node] Setting-up "mriqc_wf.funcMRIQC.func_report_wf.dilated_mask" in "/local/nvme/ds006401_14.783919/ds/tmp/mriqc_wf/funcMRIQC/func_report_wf/6eea51b0593547a6c4a22c75552deb415d16c9a8/dilated_mask".[0m
2026-03-27 06:13:27 |[34;20m INFO     [0m|[34;20m nipype.workflow  [0m|[34;20m [Node] Executing "_ComputeDVARS0" <nipype.algorithms.confounds.ComputeDVARS>[0m
2026-03-27 06:13:27 |[34;20m INFO     [0m|[34;20m nipype.workflow  [0m|[34;20m [Node] Setting-up "_smoothness0" in "/local/nvme/ds006401_14.783919/ds/tmp/mriqc_wf/funcMRIQC/ComputeIQMs/6eea51b0593547a6c4a22c75552deb415d16c9a8/smoothness/mapflow/_smoothness0".[0m
2026-03-27 06:13:27 |[34;20m INFO     [0m|[34;20m nipype.workflow  [0m|[34;20m [Node] Setting-up "_outliers0" in "/local/nvme/ds006401_14.783919/ds/tmp/mriqc_wf/funcMRIQC/ComputeIQMs/6eea51b0593547a6c4a22c75552deb415d16c9a8/outliers/mapflow/_outliers0".[0m
2026-03-27 06:13:27 |[34;20m INFO     [0m|[34;20m nipype.workflow  [0m|[34;20m [Node] Setting-up "mriqc_wf.funcMRIQC.func_report_wf.PlotBrainmask" in "/local/nvme/ds006401_14.783919/ds/tmp/mriqc_wf/funcMRIQC/func_report_wf/6eea51b0593547a6c4a22c75552deb415d16c9a8/PlotBrainmask".[0m
2026-03-27 06:13:27 |[34;20m INFO     [0m|[34;20m nipype.workflow  [0m|[34;20m [Node] Setting-up "_gcor0" in "/local/nvme/ds006401_14.783919/ds/tmp/mriqc_wf/funcMRIQC/ComputeIQMs/6eea51b0593547a6c4a22c75552deb415d16c9a8/gcor/mapflow/_gcor0".[0m
2026-03-27 06:13:27 |[34;20m INFO     [0m|[34;20m nipype.workflow  [0m|[34;20m [Node] Executing "dilated_mask" <niworkflows.interfaces.morphology.BinaryDilation>[0m
2026-03-27 06:13:27 |[34;20m INFO     [0m|[34;20m nipype.workflow  [0m|[34;20m [Node] Executing "_smoothness0" <nipype.interfaces.afni.utils.FWHMx>[0m
2026-03-27 06:13:27 |[34;20m INFO     [0m|[34;20m nipype.workflow  [0m|[34;20m [Node] Executing "_outliers0" <nipype.interfaces.afni.preprocess.OutlierCount>[0m
2026-03-27 06:13:27 |[34;20m INFO     [0m|[34;20m nipype.workflow  [0m|[34;20m [Node] Executing "_gcor0" <mriqc.interfaces.transitional.GCOR>[0m
2026-03-27 06:13:27 |[34;20m INFO     [0m|[34;20m nipype.workflow  [0m|[34;20m [Node] Executing "PlotBrainmask" <nireports.interfaces.mosaic.PlotContours>[0m
2026-03-27 06:13:27 |[34;20m INFO     [0m|[34;20m nipype.workflow  [0m|[34;20m [Node] Setting-up "_PlotMosaicZoomed0" in "/local/nvme/ds006401_14.783919/ds/tmp/mriqc_wf/funcMRIQC/func_report_wf/6eea51b0593547a6c4a22c75552deb415d16c9a8/PlotMosaicZoomed/mapflow/_PlotMosaicZoomed0".[0m
2026-03-27 06:13:27 |[34;20m INFO     [0m|[34;20m nipype.workflow  [0m|[34;20m [Node] Executing "_PlotMosaicZoomed0" <nireports.interfaces.mosaic.PlotMosaic>[0m
2026-03-27 06:13:27 |[34;20m INFO     [0m|[34;20m nipype.workflow  [0m|[34;20m [Node] Setting-up "_ComputeDVARS0" in "/local/nvme/ds006401_14.783919/ds/tmp/mriqc_wf/funcMRIQC/ComputeIQMs/9fc9e8970be9ce7e4af1a56f95e7c01148bc41a4/ComputeDVARS/mapflow/_ComputeDVARS0".[0m
2026-03-27 06:13:27 |[34;20m INFO     [0m|[34;20m nipype.workflow  [0m|[34;20m [Node] Executing "_ComputeDVARS0" <nipype.algorithms.confounds.ComputeDVARS>[0m
2026-03-27 06:13:27 |[34;20m INFO     [0m|[34;20m nipype.workflow  [0m|[34;20m [Node] Finished "dilated_mask", elapsed time 0.053261s.[0m
2026-03-27 06:13:28 |[34;20m INFO     [0m|[34;20m nipype.workflow  [0m|[34;20m [Node] Finished "_smoothness0", elapsed time 0.62608s.[0m
2026-03-27 06:13:28 |[34;20m INFO     [0m|[34;20m nipype.workflow  [0m|[34;20m [Node] Finished "PlotBrainmask", elapsed time 1.337421s.[0m
2026-03-27 06:13:29 |[34;20m INFO     [0m|[34;20m nipype.workflow  [0m|[34;20m [Node] Finished "_PlotMosaicZoomed0", elapsed time 1.5279989999999999s.[0m
2026-03-27 06:13:29 |[34;20m INFO     [0m|[34;20m nipype.workflow  [0m|[34;20m [Node] Setting-up "mriqc_wf.funcMRIQC.func_report_wf.dilated_mask" in "/local/nvme/ds006401_14.783919/ds/tmp/mriqc_wf/funcMRIQC/func_report_wf/9fc9e8970be9ce7e4af1a56f95e7c01148bc41a4/dilated_mask".[0m
2026-03-27 06:13:29 |[34;20m INFO     [0m|[34;20m nipype.workflow  [0m|[34;20m [Node] Executing "dilated_mask" <niworkflows.interfaces.morphology.BinaryDilation>[0m
2026-03-27 06:13:29 |[34;20m INFO     [0m|[34;20m nipype.workflow  [0m|[34;20m [Node] Setting-up "_smoothness0" in "/local/nvme/ds006401_14.783919/ds/tmp/mriqc_wf/funcMRIQC/ComputeIQMs/9fc9e8970be9ce7e4af1a56f95e7c01148bc41a4/smoothness/mapflow/_smoothness0".[0m
2026-03-27 06:13:29 |[34;20m INFO     [0m|[34;20m nipype.workflow  [0m|[34;20m [Node] Setting-up "_outliers0" in "/local/nvme/ds006401_14.783919/ds/tmp/mriqc_wf/funcMRIQC/ComputeIQMs/9fc9e8970be9ce7e4af1a56f95e7c01148bc41a4/outliers/mapflow/_outliers0".[0m
2026-03-27 06:13:29 |[34;20m INFO     [0m|[34;20m nipype.workflow  [0m|[34;20m [Node] Setting-up "_gcor0" in "/local/nvme/ds006401_14.783919/ds/tmp/mriqc_wf/funcMRIQC/ComputeIQMs/9fc9e8970be9ce7e4af1a56f95e7c01148bc41a4/gcor/mapflow/_gcor0".[0m
2026-03-27 06:13:29 |[34;20m INFO     [0m|[34;20m nipype.workflow  [0m|[34;20m [Node] Executing "_smoothness0" <nipype.interfaces.afni.utils.FWHMx>[0m
2026-03-27 06:13:29 |[34;20m INFO     [0m|[34;20m nipype.workflow  [0m|[34;20m [Node] Executing "_gcor0" <mriqc.interfaces.transitional.GCOR>[0m
2026-03-27 06:13:29 |[34;20m INFO     [0m|[34;20m nipype.workflow  [0m|[34;20m [Node] Executing "_outliers0" <nipype.interfaces.afni.preprocess.OutlierCount>[0m
2026-03-27 06:13:29 |[34;20m INFO     [0m|[34;20m nipype.workflow  [0m|[34;20m [Node] Finished "dilated_mask", elapsed time 0.030428s.[0m
2026-03-27 06:13:30 |[34;20m INFO     [0m|[34;20m nipype.workflow  [0m|[34;20m [Node] Finished "_smoothness0", elapsed time 0.629979s.[0m
2026-03-27 06:13:31 |[34;20m INFO     [0m|[34;20m nipype.workflow  [0m|[34;20m [Node] Setting-up "mriqc_wf.funcMRIQC.func_report_wf.PlotBrainmask" in "/local/nvme/ds006401_14.783919/ds/tmp/mriqc_wf/funcMRIQC/func_report_wf/9fc9e8970be9ce7e4af1a56f95e7c01148bc41a4/PlotBrainmask".[0m
2026-03-27 06:13:31 |[34;20m INFO     [0m|[34;20m nipype.workflow  [0m|[34;20m [Node] Setting-up "_PlotMosaicZoomed0" in "/local/nvme/ds006401_14.783919/ds/tmp/mriqc_wf/funcMRIQC/func_report_wf/9fc9e8970be9ce7e4af1a56f95e7c01148bc41a4/PlotMosaicZoomed/mapflow/_PlotMosaicZoomed0".[0m
2026-03-27 06:13:31 |[34;20m INFO     [0m|[34;20m nipype.workflow  [0m|[34;20m [Node] Executing "_PlotMosaicZoomed0" <nireports.interfaces.mosaic.PlotMosaic>[0m
2026-03-27 06:13:31 |[34;20m INFO     [0m|[34;20m nipype.workflow  [0m|[34;20m [Node] Executing "PlotBrainmask" <nireports.interfaces.mosaic.PlotContours>[0m
2026-03-27 06:13:33 |[34;20m INFO     [0m|[34;20m nipype.workflow  [0m|[34;20m [Node] Finished "_outliers0", elapsed time 5.5533339999999995s.[0m
2026-03-27 06:13:33 |[34;20m INFO     [0m|[34;20m nipype.workflow  [0m|[34;20m [Node] Finished "_PlotMosaicZoomed0", elapsed time 1.742961s.[0m
2026-03-27 06:13:33 |[34;20m INFO     [0m|[34;20m nipype.workflow  [0m|[34;20m [Node] Finished "PlotBrainmask", elapsed time 1.773765s.[0m
2026-03-27 06:13:33 |[34;20m INFO     [0m|[34;20m nipype.workflow  [0m|[34;20m [Node] Setting-up "_smoothness0" in "/local/nvme/ds006401_14.783919/ds/tmp/mriqc_wf/funcMRIQC/ComputeIQMs/eb434404b604ef7fed1ad73f83d1bfe6c74011bc/smoothness/mapflow/_smoothness0".[0m
2026-03-27 06:13:33 |[34;20m INFO     [0m|[34;20m nipype.workflow  [0m|[34;20m [Node] Executing "_smoothness0" <nipype.interfaces.afni.utils.FWHMx>[0m
2026-03-27 06:13:33 |[34;20m INFO     [0m|[34;20m nipype.workflow  [0m|[34;20m [Node] Setting-up "_ComputeDVARS0" in "/local/nvme/ds006401_14.783919/ds/tmp/mriqc_wf/funcMRIQC/ComputeIQMs/eb434404b604ef7fed1ad73f83d1bfe6c74011bc/ComputeDVARS/mapflow/_ComputeDVARS0".[0m
2026-03-27 06:13:33 |[34;20m INFO     [0m|[34;20m nipype.workflow  [0m|[34;20m [Node] Setting-up "_outliers0" in "/local/nvme/ds006401_14.783919/ds/tmp/mriqc_wf/funcMRIQC/ComputeIQMs/eb434404b604ef7fed1ad73f83d1bfe6c74011bc/outliers/mapflow/_outliers0".[0m
2026-03-27 06:13:33 |[34;20m INFO     [0m|[34;20m nipype.workflow  [0m|[34;20m [Node] Executing "_ComputeDVARS0" <nipype.algorithms.confounds.ComputeDVARS>[0m
2026-03-27 06:13:33 |[34;20m INFO     [0m|[34;20m nipype.workflow  [0m|[34;20m [Node] Executing "_outliers0" <nipype.interfaces.afni.preprocess.OutlierCount>[0m
2026-03-27 06:13:34 |[34;20m INFO     [0m|[34;20m nipype.workflow  [0m|[34;20m [Node] Finished "_smoothness0", elapsed time 0.731741s.[0m
2026-03-27 06:13:35 |[34;20m INFO     [0m|[34;20m nipype.workflow  [0m|[34;20m [Node] Finished "_outliers0", elapsed time 5.609242s.[0m
2026-03-27 06:13:35 |[34;20m INFO     [0m|[34;20m nipype.workflow  [0m|[34;20m [Node] Setting-up "mriqc_wf.funcMRIQC.func_report_wf.dilated_mask" in "/local/nvme/ds006401_14.783919/ds/tmp/mriqc_wf/funcMRIQC/func_report_wf/eb434404b604ef7fed1ad73f83d1bfe6c74011bc/dilated_mask".[0m
2026-03-27 06:13:35 |[34;20m INFO     [0m|[34;20m nipype.workflow  [0m|[34;20m [Node] Setting-up "_gcor0" in "/local/nvme/ds006401_14.783919/ds/tmp/mriqc_wf/funcMRIQC/ComputeIQMs/eb434404b604ef7fed1ad73f83d1bfe6c74011bc/gcor/mapflow/_gcor0".[0m
2026-03-27 06:13:35 |[34;20m INFO     [0m|[34;20m nipype.workflow  [0m|[34;20m [Node] Executing "dilated_mask" <niworkflows.interfaces.morphology.BinaryDilation>[0m
2026-03-27 06:13:35 |[34;20m INFO     [0m|[34;20m nipype.workflow  [0m|[34;20m [Node] Executing "_gcor0" <mriqc.interfaces.transitional.GCOR>[0m
2026-03-27 06:13:35 |[34;20m INFO     [0m|[34;20m nipype.workflow  [0m|[34;20m [Node] Finished "dilated_mask", elapsed time 0.05671s.[0m
2026-03-27 06:13:37 |[34;20m INFO     [0m|[34;20m nipype.workflow  [0m|[34;20m [Node] Setting-up "_PlotMosaicZoomed0" in "/local/nvme/ds006401_14.783919/ds/tmp/mriqc_wf/funcMRIQC/func_report_wf/eb434404b604ef7fed1ad73f83d1bfe6c74011bc/PlotMosaicZoomed/mapflow/_PlotMosaicZoomed0".[0m
2026-03-27 06:13:37 |[34;20m INFO     [0m|[34;20m nipype.workflow  [0m|[34;20m [Node] Executing "_PlotMosaicZoomed0" <nireports.interfaces.mosaic.PlotMosaic>[0m
2026-03-27 06:13:38 |[34;20m INFO     [0m|[34;20m nipype.workflow  [0m|[34;20m [Node] Finished "_gcor0", elapsed time 10.751071s.[0m
2026-03-27 06:13:39 |[34;20m INFO     [0m|[34;20m nipype.workflow  [0m|[34;20m [Node] Finished "_PlotMosaicZoomed0", elapsed time 1.72363s.[0m
2026-03-27 06:13:39 |[34;20m INFO     [0m|[34;20m nipype.workflow  [0m|[34;20m [Node] Setting-up "mriqc_wf.funcMRIQC.synthstrip_wf.final_masked" in "/local/nvme/ds006401_14.783919/ds/tmp/mriqc_wf/funcMRIQC/synthstrip_wf/6eea51b0593547a6c4a22c75552deb415d16c9a8/final_masked".[0m
2026-03-27 06:13:39 |[34;20m INFO     [0m|[34;20m nipype.workflow  [0m|[34;20m [Node] Setting-up "mriqc_wf.funcMRIQC.func_report_wf.PlotBrainmask" in "/local/nvme/ds006401_14.783919/ds/tmp/mriqc_wf/funcMRIQC/func_report_wf/eb434404b604ef7fed1ad73f83d1bfe6c74011bc/PlotBrainmask".[0m
2026-03-27 06:13:39 |[34;20m INFO     [0m|[34;20m nipype.workflow  [0m|[34;20m [Node] Executing "final_masked" <niworkflows.interfaces.nibabel.ApplyMask>[0m
2026-03-27 06:13:39 |[34;20m INFO     [0m|[34;20m nipype.workflow  [0m|[34;20m [Node] Executing "PlotBrainmask" <nireports.interfaces.mosaic.PlotContours>[0m
2026-03-27 06:13:39 |[34;20m INFO     [0m|[34;20m nipype.workflow  [0m|[34;20m [Node] Finished "final_masked", elapsed time 0.049613s.[0m
2026-03-27 06:13:39 |[34;20m INFO     [0m|[34;20m nipype.workflow  [0m|[34;20m [Node] Finished "_gcor0", elapsed time 10.10199s.[0m
2026-03-27 06:13:40 |[34;20m INFO     [0m|[34;20m nipype.workflow  [0m|[34;20m [Node] Finished "PlotBrainmask", elapsed time 1.298827s.[0m
2026-03-27 06:13:40 |[34;20m INFO     [0m|[34;20m nipype.workflow  [0m|[34;20m [Node] Finished "_outliers0", elapsed time 7.35057s.[0m
2026-03-27 06:13:41 |[34;20m INFO     [0m|[34;20m nipype.workflow  [0m|[34;20m [Node] Setting-up "mriqc_wf.funcMRIQC.func_report_wf.ds_report_norm" in "/local/nvme/ds006401_14.783919/ds/tmp/mriqc_wf/funcMRIQC/func_report_wf/6eea51b0593547a6c4a22c75552deb415d16c9a8/ds_report_norm".[0m
2026-03-27 06:13:41 |[34;20m INFO     [0m|[34;20m nipype.workflow  [0m|[34;20m [Node] Executing "ds_report_norm" <mriqc.interfaces.DerivativesDataSink>[0m
2026-03-27 06:13:41 |[34;20m INFO     [0m|[34;20m nipype.workflow  [0m|[34;20m [Node] Finished "ds_report_norm", elapsed time 0.006066s.[0m
2026-03-27 06:13:41 |[34;20m INFO     [0m|[34;20m nipype.workflow  [0m|[34;20m [Node] Setting-up "mriqc_wf.funcMRIQC.SpatialNormalization.ResampleSegmentation" in "/local/nvme/ds006401_14.783919/ds/tmp/mriqc_wf/funcMRIQC/SpatialNormalization/6eea51b0593547a6c4a22c75552deb415d16c9a8/ResampleSegmentation".[0m
2026-03-27 06:13:41 |[34;20m INFO     [0m|[34;20m nipype.workflow  [0m|[34;20m [Node] Executing "ResampleSegmentation" <nipype.interfaces.ants.resampling.ApplyTransforms>[0m
2026-03-27 06:13:41 |[34;20m INFO     [0m|[34;20m nipype.workflow  [0m|[34;20m [Node] Setting-up "mriqc_wf.funcMRIQC.func_report_wf.subtract_mask" in "/local/nvme/ds006401_14.783919/ds/tmp/mriqc_wf/funcMRIQC/func_report_wf/6eea51b0593547a6c4a22c75552deb415d16c9a8/subtract_mask".[0m
2026-03-27 06:13:41 |[34;20m INFO     [0m|[34;20m nipype.workflow  [0m|[34;20m [Node] Executing "subtract_mask" <niworkflows.interfaces.morphology.BinarySubtraction>[0m
2026-03-27 06:13:41 |[34;20m INFO     [0m|[34;20m nipype.workflow  [0m|[34;20m [Node] Setting-up "_ds_report_zoomed0" in "/local/nvme/ds006401_14.783919/ds/tmp/mriqc_wf/funcMRIQC/func_report_wf/6eea51b0593547a6c4a22c75552deb415d16c9a8/ds_report_zoomed/mapflow/_ds_report_zoomed0".[0m
2026-03-27 06:13:41 |[34;20m INFO     [0m|[34;20m nipype.workflow  [0m|[34;20m [Node] Executing "_ds_report_zoomed0" <mriqc.interfaces.DerivativesDataSink>[0m
2026-03-27 06:13:41 |[34;20m INFO     [0m|[34;20m nipype.workflow  [0m|[34;20m [Node] Finished "_ds_report_zoomed0", elapsed time 0.005942s.[0m
2026-03-27 06:13:41 |[34;20m INFO     [0m|[34;20m nipype.workflow  [0m|[34;20m [Node] Finished "subtract_mask", elapsed time 0.015701s.[0m
2026-03-27 06:13:41 |[34;20m INFO     [0m|[34;20m nipype.workflow  [0m|[34;20m [Node] Setting-up "mriqc_wf.funcMRIQC.func_report_wf.ds_report_bmask" in "/local/nvme/ds006401_14.783919/ds/tmp/mriqc_wf/funcMRIQC/func_report_wf/6eea51b0593547a6c4a22c75552deb415d16c9a8/ds_report_bmask".[0m
2026-03-27 06:13:41 |[34;20m INFO     [0m|[34;20m nipype.workflow  [0m|[34;20m [Node] Executing "ds_report_bmask" <mriqc.interfaces.DerivativesDataSink>[0m
2026-03-27 06:13:41 |[34;20m INFO     [0m|[34;20m nipype.workflow  [0m|[34;20m [Node] Finished "ds_report_bmask", elapsed time 0.005707s.[0m
2026-03-27 06:13:42 |[34;20m INFO     [0m|[34;20m nipype.workflow  [0m|[34;20m [Node] Setting-up "mriqc_wf.funcMRIQC.func_report_wf.subtract_mask" in "/local/nvme/ds006401_14.783919/ds/tmp/mriqc_wf/funcMRIQC/func_report_wf/9fc9e8970be9ce7e4af1a56f95e7c01148bc41a4/subtract_mask".[0m
2026-03-27 06:13:42 |[34;20m INFO     [0m|[34;20m nipype.workflow  [0m|[34;20m [Node] Executing "subtract_mask" <niworkflows.interfaces.morphology.BinarySubtraction>[0m
2026-03-27 06:13:42 |[34;20m INFO     [0m|[34;20m nipype.workflow  [0m|[34;20m [Node] Setting-up "_ds_report_zoomed0" in "/local/nvme/ds006401_14.783919/ds/tmp/mriqc_wf/funcMRIQC/func_report_wf/9fc9e8970be9ce7e4af1a56f95e7c01148bc41a4/ds_report_zoomed/mapflow/_ds_report_zoomed0".[0m
2026-03-27 06:13:42 |[34;20m INFO     [0m|[34;20m nipype.workflow  [0m|[34;20m [Node] Executing "_ds_report_zoomed0" <mriqc.interfaces.DerivativesDataSink>[0m
2026-03-27 06:13:42 |[34;20m INFO     [0m|[34;20m nipype.workflow  [0m|[34;20m [Node] Finished "_ds_report_zoomed0", elapsed time 0.005947s.[0m
2026-03-27 06:13:42 |[34;20m INFO     [0m|[34;20m nipype.workflow  [0m|[34;20m [Node] Finished "subtract_mask", elapsed time 0.012427s.[0m
2026-03-27 06:13:42 |[34;20m INFO     [0m|[34;20m nipype.workflow  [0m|[34;20m [Node] Setting-up "mriqc_wf.funcMRIQC.func_report_wf.ds_report_bmask" in "/local/nvme/ds006401_14.783919/ds/tmp/mriqc_wf/funcMRIQC/func_report_wf/9fc9e8970be9ce7e4af1a56f95e7c01148bc41a4/ds_report_bmask".[0m
2026-03-27 06:13:42 |[34;20m INFO     [0m|[34;20m nipype.workflow  [0m|[34;20m [Node] Executing "ds_report_bmask" <mriqc.interfaces.DerivativesDataSink>[0m
2026-03-27 06:13:42 |[34;20m INFO     [0m|[34;20m nipype.workflow  [0m|[34;20m [Node] Finished "ds_report_bmask", elapsed time 0.006033s.[0m
2026-03-27 06:13:42 |[34;20m INFO     [0m|[34;20m nipype.workflow  [0m|[34;20m [Node] Setting-up "mriqc_wf.funcMRIQC.func_report_wf.subtract_mask" in "/local/nvme/ds006401_14.783919/ds/tmp/mriqc_wf/funcMRIQC/func_report_wf/eb434404b604ef7fed1ad73f83d1bfe6c74011bc/subtract_mask".[0m
2026-03-27 06:13:42 |[34;20m INFO     [0m|[34;20m nipype.workflow  [0m|[34;20m [Node] Executing "subtract_mask" <niworkflows.interfaces.morphology.BinarySubtraction>[0m
2026-03-27 06:13:42 |[34;20m INFO     [0m|[34;20m nipype.workflow  [0m|[34;20m [Node] Finished "subtract_mask", elapsed time 0.020371s.[0m
2026-03-27 06:13:43 |[34;20m INFO     [0m|[34;20m nipype.workflow  [0m|[34;20m [Node] Setting-up "_ds_report_zoomed0" in "/local/nvme/ds006401_14.783919/ds/tmp/mriqc_wf/funcMRIQC/func_report_wf/eb434404b604ef7fed1ad73f83d1bfe6c74011bc/ds_report_zoomed/mapflow/_ds_report_zoomed0".[0m
2026-03-27 06:13:43 |[34;20m INFO     [0m|[34;20m nipype.workflow  [0m|[34;20m [Node] Executing "_ds_report_zoomed0" <mriqc.interfaces.DerivativesDataSink>[0m
2026-03-27 06:13:43 |[34;20m INFO     [0m|[34;20m nipype.workflow  [0m|[34;20m [Node] Finished "_ds_report_zoomed0", elapsed time 0.007473s.[0m
2026-03-27 06:13:43 |[34;20m INFO     [0m|[34;20m nipype.workflow  [0m|[34;20m [Node] Setting-up "mriqc_wf.funcMRIQC.func_report_wf.ds_report_bmask" in "/local/nvme/ds006401_14.783919/ds/tmp/mriqc_wf/funcMRIQC/func_report_wf/eb434404b604ef7fed1ad73f83d1bfe6c74011bc/ds_report_bmask".[0m
2026-03-27 06:13:43 |[34;20m INFO     [0m|[34;20m nipype.workflow  [0m|[34;20m [Node] Executing "ds_report_bmask" <mriqc.interfaces.DerivativesDataSink>[0m
2026-03-27 06:13:43 |[34;20m INFO     [0m|[34;20m nipype.workflow  [0m|[34;20m [Node] Finished "ds_report_bmask", elapsed time 0.00544s.[0m
2026-03-27 06:13:45 |[34;20m INFO     [0m|[34;20m nipype.workflow  [0m|[34;20m [Node] Finished "ResampleSegmentation", elapsed time 3.758727s.[0m
2026-03-27 06:13:45 |[34;20m INFO     [0m|[34;20m nipype.workflow  [0m|[34;20m [Node] Setting-up "mriqc_wf.funcMRIQC.func_report_wf.parcels" in "/local/nvme/ds006401_14.783919/ds/tmp/mriqc_wf/funcMRIQC/func_report_wf/6eea51b0593547a6c4a22c75552deb415d16c9a8/parcels".[0m
2026-03-27 06:13:45 |[34;20m INFO     [0m|[34;20m nipype.workflow  [0m|[34;20m [Node] Executing "parcels" <nipype.interfaces.utility.wrappers.Function>[0m
2026-03-27 06:13:45 |[34;20m INFO     [0m|[34;20m nipype.workflow  [0m|[34;20m [Node] Finished "parcels", elapsed time 0.033753s.[0m
2026-03-27 06:13:48 |[34;20m INFO     [0m|[34;20m nipype.workflow  [0m|[34;20m [Node] Finished "_ComputeDVARS0", elapsed time 21.261675s.[0m
2026-03-27 06:13:49 |[34;20m INFO     [0m|[34;20m nipype.workflow  [0m|[34;20m [Node] Finished "_ComputeDVARS0", elapsed time 21.689201s.[0m
2026-03-27 06:13:49 |[34;20m INFO     [0m|[34;20m nipype.workflow  [0m|[34;20m [Node] Finished "_gcor0", elapsed time 13.846986s.[0m
2026-03-27 06:13:49 |[34;20m INFO     [0m|[34;20m nipype.workflow  [0m|[34;20m [Node] Setting-up "_timeseries0" in "/local/nvme/ds006401_14.783919/ds/tmp/mriqc_wf/funcMRIQC/ComputeIQMs/6eea51b0593547a6c4a22c75552deb415d16c9a8/timeseries/mapflow/_timeseries0".[0m
2026-03-27 06:13:49 |[34;20m INFO     [0m|[34;20m nipype.workflow  [0m|[34;20m [Node] Executing "_timeseries0" <mriqc.interfaces.functional.GatherTimeseries>[0m
2026-03-27 06:13:49 |[34;20m INFO     [0m|[34;20m nipype.workflow  [0m|[34;20m [Node] Setting-up "_timeseries0" in "/local/nvme/ds006401_14.783919/ds/tmp/mriqc_wf/funcMRIQC/ComputeIQMs/9fc9e8970be9ce7e4af1a56f95e7c01148bc41a4/timeseries/mapflow/_timeseries0".[0m
2026-03-27 06:13:49 |[34;20m INFO     [0m|[34;20m nipype.workflow  [0m|[34;20m [Node] Setting-up "_measures0" in "/local/nvme/ds006401_14.783919/ds/tmp/mriqc_wf/funcMRIQC/ComputeIQMs/6eea51b0593547a6c4a22c75552deb415d16c9a8/measures/mapflow/_measures0".[0m
2026-03-27 06:13:49 |[34;20m INFO     [0m|[34;20m nipype.workflow  [0m|[34;20m [Node] Executing "_timeseries0" <mriqc.interfaces.functional.GatherTimeseries>[0m
2026-03-27 06:13:49 |[34;20m INFO     [0m|[34;20m nipype.workflow  [0m|[34;20m [Node] Executing "_measures0" <mriqc.interfaces.functional.FunctionalQC>[0m
2026-03-27 06:13:49 |[34;20m INFO     [0m|[34;20m nipype.workflow  [0m|[34;20m [Node] Finished "_timeseries0", elapsed time 0.022183s.[0m
2026-03-27 06:13:49 |[34;20m INFO     [0m|[34;20m nipype.workflow  [0m|[34;20m [Node] Finished "_timeseries0", elapsed time 0.025779s.[0m
2026-03-27 06:13:51 |[34;20m INFO     [0m|[34;20m nipype.workflow  [0m|[34;20m [Node] Setting-up "_ds_timeseries0" in "/local/nvme/ds006401_14.783919/ds/tmp/mriqc_wf/funcMRIQC/ComputeIQMs/6eea51b0593547a6c4a22c75552deb415d16c9a8/ds_timeseries/mapflow/_ds_timeseries0".[0m
2026-03-27 06:13:51 |[34;20m INFO     [0m|[34;20m nipype.workflow  [0m|[34;20m [Node] Executing "_ds_timeseries0" <mriqc.interfaces.DerivativesDataSink>[0m
2026-03-27 06:13:51 |[34;20m INFO     [0m|[34;20m nipype.workflow  [0m|[34;20m [Node] Finished "_ds_timeseries0", elapsed time 0.004367s.[0m
2026-03-27 06:13:51 |[34;20m INFO     [0m|[34;20m nipype.workflow  [0m|[34;20m [Node] Setting-up "_ds_timeseries0" in "/local/nvme/ds006401_14.783919/ds/tmp/mriqc_wf/funcMRIQC/ComputeIQMs/9fc9e8970be9ce7e4af1a56f95e7c01148bc41a4/ds_timeseries/mapflow/_ds_timeseries0".[0m
2026-03-27 06:13:51 |[34;20m INFO     [0m|[34;20m nipype.workflow  [0m|[34;20m [Node] Executing "_ds_timeseries0" <mriqc.interfaces.DerivativesDataSink>[0m
2026-03-27 06:13:51 |[34;20m INFO     [0m|[34;20m nipype.workflow  [0m|[34;20m [Node] Finished "_ds_timeseries0", elapsed time 0.004246s.[0m
2026-03-27 06:13:51 |[34;20m INFO     [0m|[34;20m nipype.workflow  [0m|[34;20m [Node] Setting-up "_BigPlot0" in "/local/nvme/ds006401_14.783919/ds/tmp/mriqc_wf/funcMRIQC/func_report_wf/6eea51b0593547a6c4a22c75552deb415d16c9a8/BigPlot/mapflow/_BigPlot0".[0m
2026-03-27 06:13:51 |[34;20m INFO     [0m|[34;20m nipype.workflow  [0m|[34;20m [Node] Executing "_BigPlot0" <nireports.interfaces.fmri.FMRISummary>[0m
2026-03-27 06:13:52 |[34;20m INFO     [0m|[34;20m nipype.workflow  [0m|[34;20m [Node] Finished "_measures0", elapsed time 3.057647s.[0m
2026-03-27 06:13:53 |[34;20m INFO     [0m|[34;20m nipype.workflow  [0m|[34;20m [Node] Setting-up "_measures0" in "/local/nvme/ds006401_14.783919/ds/tmp/mriqc_wf/funcMRIQC/ComputeIQMs/9fc9e8970be9ce7e4af1a56f95e7c01148bc41a4/measures/mapflow/_measures0".[0m
2026-03-27 06:13:53 |[34;20m INFO     [0m|[34;20m nipype.workflow  [0m|[34;20m [Node] Executing "_measures0" <mriqc.interfaces.functional.FunctionalQC>[0m
2026-03-27 06:13:53 |[34;20m INFO     [0m|[34;20m nipype.workflow  [0m|[34;20m [Node] Setting-up "_datasink0" in "/local/nvme/ds006401_14.783919/ds/tmp/mriqc_wf/funcMRIQC/ComputeIQMs/6eea51b0593547a6c4a22c75552deb415d16c9a8/datasink/mapflow/_datasink0".[0m
2026-03-27 06:13:53 |[34;20m INFO     [0m|[34;20m nipype.workflow  [0m|[34;20m [Node] Executing "_datasink0" <mriqc.interfaces.bids.IQMFileSink>[0m
2026-03-27 06:13:53 |[34;20m INFO     [0m|[34;20m nipype.workflow  [0m|[34;20m [Node] Finished "_datasink0", elapsed time 0.001979s.[0m
2026-03-27 06:13:57 |[34;20m INFO     [0m|[34;20m nipype.workflow  [0m|[34;20m [Node] Finished "_measures0", elapsed time 3.7300240000000002s.[0m
2026-03-27 06:13:57 |[34;20m INFO     [0m|[34;20m nipype.workflow  [0m|[34;20m [Node] Setting-up "_datasink0" in "/local/nvme/ds006401_14.783919/ds/tmp/mriqc_wf/funcMRIQC/ComputeIQMs/9fc9e8970be9ce7e4af1a56f95e7c01148bc41a4/datasink/mapflow/_datasink0".[0m
2026-03-27 06:13:57 |[34;20m INFO     [0m|[34;20m nipype.workflow  [0m|[34;20m [Node] Executing "_datasink0" <mriqc.interfaces.bids.IQMFileSink>[0m
2026-03-27 06:13:57 |[34;20m INFO     [0m|[34;20m nipype.workflow  [0m|[34;20m [Node] Finished "_datasink0", elapsed time 0.00075s.[0m
2026-03-27 06:13:58 |[34;20m INFO     [0m|[34;20m nipype.workflow  [0m|[34;20m [Node] Finished "_BigPlot0", elapsed time 6.695354s.[0m
2026-03-27 06:13:59 |[34;20m INFO     [0m|[34;20m nipype.workflow  [0m|[34;20m [Node] Setting-up "_ds_report_carpet0" in "/local/nvme/ds006401_14.783919/ds/tmp/mriqc_wf/funcMRIQC/func_report_wf/6eea51b0593547a6c4a22c75552deb415d16c9a8/ds_report_carpet/mapflow/_ds_report_carpet0".[0m
2026-03-27 06:13:59 |[34;20m INFO     [0m|[34;20m nipype.workflow  [0m|[34;20m [Node] Executing "_ds_report_carpet0" <mriqc.interfaces.DerivativesDataSink>[0m
2026-03-27 06:13:59 |[34;20m INFO     [0m|[34;20m nipype.workflow  [0m|[34;20m [Node] Finished "_ds_report_carpet0", elapsed time 0.005714s.[0m
2026-03-27 06:14:00 |[34;20m INFO     [0m|[34;20m nipype.workflow  [0m|[34;20m [Node] Finished "_ComputeDVARS0", elapsed time 27.227465s.[0m
2026-03-27 06:14:01 |[34;20m INFO     [0m|[34;20m nipype.workflow  [0m|[34;20m [Node] Setting-up "mriqc_wf.funcMRIQC.synthstrip_wf.post_n4" in "/local/nvme/ds006401_14.783919/ds/tmp/mriqc_wf/funcMRIQC/synthstrip_wf/9fc9e8970be9ce7e4af1a56f95e7c01148bc41a4/post_n4".[0m
2026-03-27 06:14:01 |[34;20m INFO     [0m|[34;20m nipype.workflow  [0m|[34;20m [Node] Executing "post_n4" <nipype.interfaces.ants.segmentation.N4BiasFieldCorrection>[0m
2026-03-27 06:14:02 |[34;20m INFO     [0m|[34;20m nipype.workflow  [0m|[34;20m [Node] Finished "post_n4", elapsed time 1.103347s.[0m
2026-03-27 06:14:03 |[34;20m INFO     [0m|[34;20m nipype.workflow  [0m|[34;20m [Node] Setting-up "mriqc_wf.funcMRIQC.SpatialNormalization.EPI2MNI" in "/local/nvme/ds006401_14.783919/ds/tmp/mriqc_wf/funcMRIQC/SpatialNormalization/9fc9e8970be9ce7e4af1a56f95e7c01148bc41a4/EPI2MNI".[0m
2026-03-27 06:14:03 |[34;20m INFO     [0m|[34;20m nipype.workflow  [0m|[34;20m [Node] Executing "EPI2MNI" <niworkflows.interfaces.reportlets.registration.SpatialNormalizationRPT>[0m
2026-03-27 06:14:03 |[34;20m INFO     [0m|[34;20m niworkflows      [0m|[34;20m Estimating initial transform using AffineInitializer[0m
2026-03-27 06:14:09 |[34;20m INFO     [0m|[34;20m niworkflows      [0m|[34;20m Terminal outputs of initialization saved (/local/nvme/ds006401_14.783919/ds/tmp/mriqc_wf/funcMRIQC/SpatialNormalization/9fc9e8970be9ce7e4af1a56f95e7c01148bc41a4/EPI2MNI/stderr.nipype-init).[0m
2026-03-27 06:14:09 |[34;20m INFO     [0m|[34;20m niworkflows      [0m|[34;20m Loading settings from file /opt/conda/lib/python3.11/site-packages/niworkflows/data/boldref-mni_registration_precise_000.json.[0m
2026-03-27 06:14:09 |[34;20m INFO     [0m|[34;20m niworkflows      [0m|[34;20m Retry #1, commandline: 
antsRegistration --collapse-output-transforms 1 --dimensionality 3 --float 0 --initial-moving-transform [ /local/nvme/ds006401_14.783919/ds/tmp/mriqc_wf/funcMRIQC/SpatialNormalization/9fc9e8970be9ce7e4af1a56f95e7c01148bc41a4/EPI2MNI/transform.mat, 0 ] --initialize-transforms-per-stage 0 --interpolation LanczosWindowedSinc --output [ epi_to_mni, epi_to_mni_Warped.nii.gz ] --transform Rigid[ 0.05 ] --metric Mattes[ /templateflow/tpl-MNI152NLin2009cAsym/tpl-MNI152NLin2009cAsym_res-02_desc-fMRIPrep_boldref.nii.gz, /local/nvme/ds006401_14.783919/ds/tmp/mriqc_wf/funcMRIQC/SpatialNormalization/9fc9e8970be9ce7e4af1a56f95e7c01148bc41a4/SharpenEPI/sub-14_ses-01_task-mid_run-02_desc-realigned_bold_tstat_corrected.nii.gz, 1, 56, Regular, 0.25 ] --convergence [ 10000x1000x100, 1e-06, 20 ] --smoothing-sigmas 4.0x2.0x1.0vox --shrink-factors 4x2x1 --use-histogram-matching 1 --masks [ /templateflow/tpl-MNI152NLin2009cAsym/tpl-MNI152NLin2009cAsym_res-02_desc-brain_mask.nii.gz, /local/nvme/ds006401_14.783919/ds/tmp/mriqc_wf/funcMRIQC/synthstrip_wf/9fc9e8970be9ce7e4af1a56f95e7c01148bc41a4/synthstrip/clipped_corrected_desc-brain_mask.nii.gz ] --transform Affine[ 0.08 ] --metric Mattes[ /templateflow/tpl-MNI152NLin2009cAsym/tpl-MNI152NLin2009cAsym_res-02_desc-fMRIPrep_boldref.nii.gz, /local/nvme/ds006401_14.783919/ds/tmp/mriqc_wf/funcMRIQC/SpatialNormalization/9fc9e8970be9ce7e4af1a56f95e7c01148bc41a4/SharpenEPI/sub-14_ses-01_task-mid_run-02_desc-realigned_bold_tstat_corrected.nii.gz, 1, 56, Regular, 0.25 ] --convergence [ 500x250x100, 1e-06, 20 ] --smoothing-sigmas 4.0x2.0x1.0vox --shrink-factors 8x4x2 --use-histogram-matching 1 --masks [ /templateflow/tpl-MNI152NLin2009cAsym/tpl-MNI152NLin2009cAsym_res-02_desc-brain_mask.nii.gz, /local/nvme/ds006401_14.783919/ds/tmp/mriqc_wf/funcMRIQC/synthstrip_wf/9fc9e8970be9ce7e4af1a56f95e7c01148bc41a4/synthstrip/clipped_corrected_desc-brain_mask.nii.gz ] --transform SyN[ 0.1, 3.0, 0.0 ] --metric CC[ /templateflow/tpl-MNI152NLin2009cAsym/tpl-MNI152NLin2009cAsym_res-02_desc-fMRIPrep_boldref.nii.gz, /local/nvme/ds006401_14.783919/ds/tmp/mriqc_wf/funcMRIQC/SpatialNormalization/9fc9e8970be9ce7e4af1a56f95e7c01148bc41a4/SharpenEPI/sub-14_ses-01_task-mid_run-02_desc-realigned_bold_tstat_corrected.nii.gz, 1, 4, None, 1 ] --convergence [ 100x30x20, 1e-06, 10 ] --smoothing-sigmas 3.0x2.0x1.0vox --shrink-factors 8x4x2 --use-histogram-matching 1 --masks [ /templateflow/tpl-MNI152NLin2009cAsym/tpl-MNI152NLin2009cAsym_res-02_desc-brain_mask.nii.gz, /local/nvme/ds006401_14.783919/ds/tmp/mriqc_wf/funcMRIQC/synthstrip_wf/9fc9e8970be9ce7e4af1a56f95e7c01148bc41a4/synthstrip/clipped_corrected_desc-brain_mask.nii.gz ] --winsorize-image-intensities [ 0.005, 0.995 ]  --write-composite-transform 1[0m
2026-03-27 06:14:20 |[34;20m INFO     [0m|[34;20m niworkflows      [0m|[34;20m Successful spatial normalization (retry #1).[0m
2026-03-27 06:14:20 |[34;20m INFO     [0m|[34;20m niworkflows      [0m|[34;20m Report - setting fixed (/templateflow/tpl-MNI152NLin2009cAsym/tpl-MNI152NLin2009cAsym_res-02_desc-fMRIPrep_boldref.nii.gz) and moving (/local/nvme/ds006401_14.783919/ds/tmp/mriqc_wf/funcMRIQC/SpatialNormalization/9fc9e8970be9ce7e4af1a56f95e7c01148bc41a4/EPI2MNI/epi_to_mni_Warped.nii.gz) images[0m
2026-03-27 06:14:20 |[34;20m INFO     [0m|[34;20m niworkflows      [0m|[34;20m Generating visual report[0m
2026-03-27 06:14:36 |[34;20m INFO     [0m|[34;20m nipype.workflow  [0m|[34;20m [Node] Finished "EPI2MNI", elapsed time 33.066317s.[0m
2026-03-27 06:14:37 |[34;20m INFO     [0m|[34;20m nipype.workflow  [0m|[34;20m [Node] Setting-up "mriqc_wf.funcMRIQC.synthstrip_wf.post_n4" in "/local/nvme/ds006401_14.783919/ds/tmp/mriqc_wf/funcMRIQC/synthstrip_wf/eb434404b604ef7fed1ad73f83d1bfe6c74011bc/post_n4".[0m
2026-03-27 06:14:37 |[34;20m INFO     [0m|[34;20m nipype.workflow  [0m|[34;20m [Node] Executing "post_n4" <nipype.interfaces.ants.segmentation.N4BiasFieldCorrection>[0m
2026-03-27 06:14:38 |[34;20m INFO     [0m|[34;20m nipype.workflow  [0m|[34;20m [Node] Finished "post_n4", elapsed time 1.189757s.[0m
2026-03-27 06:14:39 |[34;20m INFO     [0m|[34;20m nipype.workflow  [0m|[34;20m [Node] Setting-up "mriqc_wf.funcMRIQC.SpatialNormalization.EPI2MNI" in "/local/nvme/ds006401_14.783919/ds/tmp/mriqc_wf/funcMRIQC/SpatialNormalization/eb434404b604ef7fed1ad73f83d1bfe6c74011bc/EPI2MNI".[0m
2026-03-27 06:14:39 |[34;20m INFO     [0m|[34;20m nipype.workflow  [0m|[34;20m [Node] Executing "EPI2MNI" <niworkflows.interfaces.reportlets.registration.SpatialNormalizationRPT>[0m
2026-03-27 06:14:39 |[34;20m INFO     [0m|[34;20m niworkflows      [0m|[34;20m Estimating initial transform using AffineInitializer[0m
2026-03-27 06:14:44 |[34;20m INFO     [0m|[34;20m niworkflows      [0m|[34;20m Terminal outputs of initialization saved (/local/nvme/ds006401_14.783919/ds/tmp/mriqc_wf/funcMRIQC/SpatialNormalization/eb434404b604ef7fed1ad73f83d1bfe6c74011bc/EPI2MNI/stderr.nipype-init).[0m
2026-03-27 06:14:44 |[34;20m INFO     [0m|[34;20m niworkflows      [0m|[34;20m Loading settings from file /opt/conda/lib/python3.11/site-packages/niworkflows/data/boldref-mni_registration_precise_000.json.[0m
2026-03-27 06:14:44 |[34;20m INFO     [0m|[34;20m niworkflows      [0m|[34;20m Retry #1, commandline: 
antsRegistration --collapse-output-transforms 1 --dimensionality 3 --float 0 --initial-moving-transform [ /local/nvme/ds006401_14.783919/ds/tmp/mriqc_wf/funcMRIQC/SpatialNormalization/eb434404b604ef7fed1ad73f83d1bfe6c74011bc/EPI2MNI/transform.mat, 0 ] --initialize-transforms-per-stage 0 --interpolation LanczosWindowedSinc --output [ epi_to_mni, epi_to_mni_Warped.nii.gz ] --transform Rigid[ 0.05 ] --metric Mattes[ /templateflow/tpl-MNI152NLin2009cAsym/tpl-MNI152NLin2009cAsym_res-02_desc-fMRIPrep_boldref.nii.gz, /local/nvme/ds006401_14.783919/ds/tmp/mriqc_wf/funcMRIQC/SpatialNormalization/eb434404b604ef7fed1ad73f83d1bfe6c74011bc/SharpenEPI/sub-14_ses-01_task-tom_bold_desc-realigned_valid_tstat_corrected.nii.gz, 1, 56, Regular, 0.25 ] --convergence [ 10000x1000x100, 1e-06, 20 ] --smoothing-sigmas 4.0x2.0x1.0vox --shrink-factors 4x2x1 --use-histogram-matching 1 --masks [ /templateflow/tpl-MNI152NLin2009cAsym/tpl-MNI152NLin2009cAsym_res-02_desc-brain_mask.nii.gz, /local/nvme/ds006401_14.783919/ds/tmp/mriqc_wf/funcMRIQC/synthstrip_wf/eb434404b604ef7fed1ad73f83d1bfe6c74011bc/synthstrip/clipped_corrected_desc-brain_mask.nii.gz ] --transform Affine[ 0.08 ] --metric Mattes[ /templateflow/tpl-MNI152NLin2009cAsym/tpl-MNI152NLin2009cAsym_res-02_desc-fMRIPrep_boldref.nii.gz, /local/nvme/ds006401_14.783919/ds/tmp/mriqc_wf/funcMRIQC/SpatialNormalization/eb434404b604ef7fed1ad73f83d1bfe6c74011bc/SharpenEPI/sub-14_ses-01_task-tom_bold_desc-realigned_valid_tstat_corrected.nii.gz, 1, 56, Regular, 0.25 ] --convergence [ 500x250x100, 1e-06, 20 ] --smoothing-sigmas 4.0x2.0x1.0vox --shrink-factors 8x4x2 --use-histogram-matching 1 --masks [ /templateflow/tpl-MNI152NLin2009cAsym/tpl-MNI152NLin2009cAsym_res-02_desc-brain_mask.nii.gz, /local/nvme/ds006401_14.783919/ds/tmp/mriqc_wf/funcMRIQC/synthstrip_wf/eb434404b604ef7fed1ad73f83d1bfe6c74011bc/synthstrip/clipped_corrected_desc-brain_mask.nii.gz ] --transform SyN[ 0.1, 3.0, 0.0 ] --metric CC[ /templateflow/tpl-MNI152NLin2009cAsym/tpl-MNI152NLin2009cAsym_res-02_desc-fMRIPrep_boldref.nii.gz, /local/nvme/ds006401_14.783919/ds/tmp/mriqc_wf/funcMRIQC/SpatialNormalization/eb434404b604ef7fed1ad73f83d1bfe6c74011bc/SharpenEPI/sub-14_ses-01_task-tom_bold_desc-realigned_valid_tstat_corrected.nii.gz, 1, 4, None, 1 ] --convergence [ 100x30x20, 1e-06, 10 ] --smoothing-sigmas 3.0x2.0x1.0vox --shrink-factors 8x4x2 --use-histogram-matching 1 --masks [ /templateflow/tpl-MNI152NLin2009cAsym/tpl-MNI152NLin2009cAsym_res-02_desc-brain_mask.nii.gz, /local/nvme/ds006401_14.783919/ds/tmp/mriqc_wf/funcMRIQC/synthstrip_wf/eb434404b604ef7fed1ad73f83d1bfe6c74011bc/synthstrip/clipped_corrected_desc-brain_mask.nii.gz ] --winsorize-image-intensities [ 0.005, 0.995 ]  --write-composite-transform 1[0m
2026-03-27 06:14:56 |[34;20m INFO     [0m|[34;20m niworkflows      [0m|[34;20m Successful spatial normalization (retry #1).[0m
2026-03-27 06:14:56 |[34;20m INFO     [0m|[34;20m niworkflows      [0m|[34;20m Report - setting fixed (/templateflow/tpl-MNI152NLin2009cAsym/tpl-MNI152NLin2009cAsym_res-02_desc-fMRIPrep_boldref.nii.gz) and moving (/local/nvme/ds006401_14.783919/ds/tmp/mriqc_wf/funcMRIQC/SpatialNormalization/eb434404b604ef7fed1ad73f83d1bfe6c74011bc/EPI2MNI/epi_to_mni_Warped.nii.gz) images[0m
2026-03-27 06:14:56 |[34;20m INFO     [0m|[34;20m niworkflows      [0m|[34;20m Generating visual report[0m
2026-03-27 06:15:12 |[34;20m INFO     [0m|[34;20m nipype.workflow  [0m|[34;20m [Node] Finished "EPI2MNI", elapsed time 32.696184s.[0m
2026-03-27 06:15:13 |[34;20m INFO     [0m|[34;20m nipype.workflow  [0m|[34;20m [Node] Setting-up "mriqc_wf.funcMRIQC.func_report_wf.ds_report_norm" in "/local/nvme/ds006401_14.783919/ds/tmp/mriqc_wf/funcMRIQC/func_report_wf/9fc9e8970be9ce7e4af1a56f95e7c01148bc41a4/ds_report_norm".[0m
2026-03-27 06:15:13 |[34;20m INFO     [0m|[34;20m nipype.workflow  [0m|[34;20m [Node] Setting-up "mriqc_wf.funcMRIQC.synthstrip_wf.final_masked" in "/local/nvme/ds006401_14.783919/ds/tmp/mriqc_wf/funcMRIQC/synthstrip_wf/9fc9e8970be9ce7e4af1a56f95e7c01148bc41a4/final_masked".[0m
2026-03-27 06:15:13 |[34;20m INFO     [0m|[34;20m nipype.workflow  [0m|[34;20m [Node] Setting-up "mriqc_wf.funcMRIQC.SpatialNormalization.ResampleSegmentation" in "/local/nvme/ds006401_14.783919/ds/tmp/mriqc_wf/funcMRIQC/SpatialNormalization/9fc9e8970be9ce7e4af1a56f95e7c01148bc41a4/ResampleSegmentation".[0m
2026-03-27 06:15:13 |[34;20m INFO     [0m|[34;20m nipype.workflow  [0m|[34;20m [Node] Executing "ds_report_norm" <mriqc.interfaces.DerivativesDataSink>[0m
2026-03-27 06:15:13 |[34;20m INFO     [0m|[34;20m nipype.workflow  [0m|[34;20m [Node] Executing "final_masked" <niworkflows.interfaces.nibabel.ApplyMask>[0m
2026-03-27 06:15:13 |[34;20m INFO     [0m|[34;20m nipype.workflow  [0m|[34;20m [Node] Finished "ds_report_norm", elapsed time 0.005619s.[0m
2026-03-27 06:15:13 |[34;20m INFO     [0m|[34;20m nipype.workflow  [0m|[34;20m [Node] Executing "ResampleSegmentation" <nipype.interfaces.ants.resampling.ApplyTransforms>[0m
2026-03-27 06:15:13 |[34;20m INFO     [0m|[34;20m nipype.workflow  [0m|[34;20m [Node] Finished "final_masked", elapsed time 0.041106s.[0m
2026-03-27 06:15:13 |[34;20m INFO     [0m|[34;20m nipype.workflow  [0m|[34;20m [Node] Setting-up "mriqc_wf.funcMRIQC.synthstrip_wf.final_masked" in "/local/nvme/ds006401_14.783919/ds/tmp/mriqc_wf/funcMRIQC/synthstrip_wf/eb434404b604ef7fed1ad73f83d1bfe6c74011bc/final_masked".[0m
2026-03-27 06:15:13 |[34;20m INFO     [0m|[34;20m nipype.workflow  [0m|[34;20m [Node] Setting-up "mriqc_wf.funcMRIQC.func_report_wf.ds_report_norm" in "/local/nvme/ds006401_14.783919/ds/tmp/mriqc_wf/funcMRIQC/func_report_wf/eb434404b604ef7fed1ad73f83d1bfe6c74011bc/ds_report_norm".[0m
2026-03-27 06:15:13 |[34;20m INFO     [0m|[34;20m nipype.workflow  [0m|[34;20m [Node] Setting-up "mriqc_wf.funcMRIQC.SpatialNormalization.ResampleSegmentation" in "/local/nvme/ds006401_14.783919/ds/tmp/mriqc_wf/funcMRIQC/SpatialNormalization/eb434404b604ef7fed1ad73f83d1bfe6c74011bc/ResampleSegmentation".[0m
2026-03-27 06:15:13 |[34;20m INFO     [0m|[34;20m nipype.workflow  [0m|[34;20m [Node] Executing "final_masked" <niworkflows.interfaces.nibabel.ApplyMask>[0m
2026-03-27 06:15:13 |[34;20m INFO     [0m|[34;20m nipype.workflow  [0m|[34;20m [Node] Executing "ResampleSegmentation" <nipype.interfaces.ants.resampling.ApplyTransforms>[0m
2026-03-27 06:15:13 |[34;20m INFO     [0m|[34;20m nipype.workflow  [0m|[34;20m [Node] Executing "ds_report_norm" <mriqc.interfaces.DerivativesDataSink>[0m
2026-03-27 06:15:13 |[34;20m INFO     [0m|[34;20m nipype.workflow  [0m|[34;20m [Node] Finished "ds_report_norm", elapsed time 0.005945s.[0m
2026-03-27 06:15:13 |[34;20m INFO     [0m|[34;20m nipype.workflow  [0m|[34;20m [Node] Finished "final_masked", elapsed time 0.04922s.[0m
2026-03-27 06:15:13 |[34;20m INFO     [0m|[34;20m nipype.workflow  [0m|[34;20m [Node] Setting-up "_measures0" in "/local/nvme/ds006401_14.783919/ds/tmp/mriqc_wf/funcMRIQC/ComputeIQMs/eb434404b604ef7fed1ad73f83d1bfe6c74011bc/measures/mapflow/_measures0".[0m
2026-03-27 06:15:13 |[34;20m INFO     [0m|[34;20m nipype.workflow  [0m|[34;20m [Node] Executing "_measures0" <mriqc.interfaces.functional.FunctionalQC>[0m
2026-03-27 06:15:15 |[34;20m INFO     [0m|[34;20m nipype.workflow  [0m|[34;20m [Node] Setting-up "_timeseries0" in "/local/nvme/ds006401_14.783919/ds/tmp/mriqc_wf/funcMRIQC/ComputeIQMs/eb434404b604ef7fed1ad73f83d1bfe6c74011bc/timeseries/mapflow/_timeseries0".[0m
2026-03-27 06:15:15 |[34;20m INFO     [0m|[34;20m nipype.workflow  [0m|[34;20m [Node] Executing "_timeseries0" <mriqc.interfaces.functional.GatherTimeseries>[0m
2026-03-27 06:15:15 |[34;20m INFO     [0m|[34;20m nipype.workflow  [0m|[34;20m [Node] Finished "_timeseries0", elapsed time 0.021777s.[0m
2026-03-27 06:15:16 |[34;20m INFO     [0m|[34;20m nipype.workflow  [0m|[34;20m [Node] Finished "ResampleSegmentation", elapsed time 3.186656s.[0m
2026-03-27 06:15:16 |[34;20m INFO     [0m|[34;20m nipype.workflow  [0m|[34;20m [Node] Finished "ResampleSegmentation", elapsed time 3.326408s.[0m
2026-03-27 06:15:17 |[34;20m INFO     [0m|[34;20m nipype.workflow  [0m|[34;20m [Node] Setting-up "mriqc_wf.funcMRIQC.func_report_wf.parcels" in "/local/nvme/ds006401_14.783919/ds/tmp/mriqc_wf/funcMRIQC/func_report_wf/9fc9e8970be9ce7e4af1a56f95e7c01148bc41a4/parcels".[0m
2026-03-27 06:15:17 |[34;20m INFO     [0m|[34;20m nipype.workflow  [0m|[34;20m [Node] Executing "parcels" <nipype.interfaces.utility.wrappers.Function>[0m
2026-03-27 06:15:17 |[34;20m INFO     [0m|[34;20m nipype.workflow  [0m|[34;20m [Node] Setting-up "_ds_timeseries0" in "/local/nvme/ds006401_14.783919/ds/tmp/mriqc_wf/funcMRIQC/ComputeIQMs/eb434404b604ef7fed1ad73f83d1bfe6c74011bc/ds_timeseries/mapflow/_ds_timeseries0".[0m
2026-03-27 06:15:17 |[34;20m INFO     [0m|[34;20m nipype.workflow  [0m|[34;20m [Node] Executing "_ds_timeseries0" <mriqc.interfaces.DerivativesDataSink>[0m
2026-03-27 06:15:17 |[34;20m INFO     [0m|[34;20m nipype.workflow  [0m|[34;20m [Node] Finished "_ds_timeseries0", elapsed time 0.00421s.[0m
2026-03-27 06:15:17 |[34;20m INFO     [0m|[34;20m nipype.workflow  [0m|[34;20m [Node] Finished "parcels", elapsed time 0.027019s.[0m
2026-03-27 06:15:17 |[34;20m INFO     [0m|[34;20m nipype.workflow  [0m|[34;20m [Node] Setting-up "mriqc_wf.funcMRIQC.func_report_wf.parcels" in "/local/nvme/ds006401_14.783919/ds/tmp/mriqc_wf/funcMRIQC/func_report_wf/eb434404b604ef7fed1ad73f83d1bfe6c74011bc/parcels".[0m
2026-03-27 06:15:17 |[34;20m INFO     [0m|[34;20m nipype.workflow  [0m|[34;20m [Node] Executing "parcels" <nipype.interfaces.utility.wrappers.Function>[0m
2026-03-27 06:15:17 |[34;20m INFO     [0m|[34;20m nipype.workflow  [0m|[34;20m [Node] Finished "parcels", elapsed time 0.030614s.[0m
2026-03-27 06:15:17 |[34;20m INFO     [0m|[34;20m nipype.workflow  [0m|[34;20m [Node] Finished "_measures0", elapsed time 4.102777s.[0m
2026-03-27 06:15:19 |[34;20m INFO     [0m|[34;20m nipype.workflow  [0m|[34;20m [Node] Setting-up "_datasink0" in "/local/nvme/ds006401_14.783919/ds/tmp/mriqc_wf/funcMRIQC/ComputeIQMs/eb434404b604ef7fed1ad73f83d1bfe6c74011bc/datasink/mapflow/_datasink0".[0m
2026-03-27 06:15:19 |[34;20m INFO     [0m|[34;20m nipype.workflow  [0m|[34;20m [Node] Executing "_datasink0" <mriqc.interfaces.bids.IQMFileSink>[0m
2026-03-27 06:15:19 |[34;20m INFO     [0m|[34;20m nipype.workflow  [0m|[34;20m [Node] Finished "_datasink0", elapsed time 0.000734s.[0m
2026-03-27 06:15:19 |[34;20m INFO     [0m|[34;20m nipype.workflow  [0m|[34;20m [Node] Setting-up "_BigPlot0" in "/local/nvme/ds006401_14.783919/ds/tmp/mriqc_wf/funcMRIQC/func_report_wf/9fc9e8970be9ce7e4af1a56f95e7c01148bc41a4/BigPlot/mapflow/_BigPlot0".[0m
2026-03-27 06:15:19 |[34;20m INFO     [0m|[34;20m nipype.workflow  [0m|[34;20m [Node] Setting-up "_BigPlot0" in "/local/nvme/ds006401_14.783919/ds/tmp/mriqc_wf/funcMRIQC/func_report_wf/eb434404b604ef7fed1ad73f83d1bfe6c74011bc/BigPlot/mapflow/_BigPlot0".[0m
2026-03-27 06:15:19 |[34;20m INFO     [0m|[34;20m nipype.workflow  [0m|[34;20m [Node] Executing "_BigPlot0" <nireports.interfaces.fmri.FMRISummary>[0m
2026-03-27 06:15:19 |[34;20m INFO     [0m|[34;20m nipype.workflow  [0m|[34;20m [Node] Executing "_BigPlot0" <nireports.interfaces.fmri.FMRISummary>[0m
2026-03-27 06:15:26 |[34;20m INFO     [0m|[34;20m nipype.workflow  [0m|[34;20m [Node] Finished "_BigPlot0", elapsed time 7.345922s.[0m
2026-03-27 06:15:27 |[34;20m INFO     [0m|[34;20m nipype.workflow  [0m|[34;20m [Node] Setting-up "_ds_report_carpet0" in "/local/nvme/ds006401_14.783919/ds/tmp/mriqc_wf/funcMRIQC/func_report_wf/9fc9e8970be9ce7e4af1a56f95e7c01148bc41a4/ds_report_carpet/mapflow/_ds_report_carpet0".[0m
2026-03-27 06:15:27 |[34;20m INFO     [0m|[34;20m nipype.workflow  [0m|[34;20m [Node] Executing "_ds_report_carpet0" <mriqc.interfaces.DerivativesDataSink>[0m
2026-03-27 06:15:27 |[34;20m INFO     [0m|[34;20m nipype.workflow  [0m|[34;20m [Node] Finished "_ds_report_carpet0", elapsed time 0.005257s.[0m
2026-03-27 06:15:28 |[34;20m INFO     [0m|[34;20m nipype.workflow  [0m|[34;20m [Node] Finished "_BigPlot0", elapsed time 8.659079s.[0m
2026-03-27 06:15:29 |[34;20m INFO     [0m|[34;20m nipype.workflow  [0m|[34;20m [Node] Setting-up "_ds_report_carpet0" in "/local/nvme/ds006401_14.783919/ds/tmp/mriqc_wf/funcMRIQC/func_report_wf/eb434404b604ef7fed1ad73f83d1bfe6c74011bc/ds_report_carpet/mapflow/_ds_report_carpet0".[0m
2026-03-27 06:15:29 |[34;20m INFO     [0m|[34;20m nipype.workflow  [0m|[34;20m [Node] Executing "_ds_report_carpet0" <mriqc.interfaces.DerivativesDataSink>[0m
2026-03-27 06:15:29 |[34;20m INFO     [0m|[34;20m nipype.workflow  [0m|[34;20m [Node] Finished "_ds_report_carpet0", elapsed time 0.005017s.[0m
2026-03-27 06:15:31 |[34;20m INFO     [0m|[34;20m nipype.workflow  [0m|[34;20m Generating reports...[0m
2026-03-27 06:15:32 |[34;20m INFO     [0m|[34;20m nipype.workflow  [0m|[34;20m Report generation finished (3 reports).[0m
2026-03-27 06:15:32 |[33;20m IMPORTANT [0m|[33;20m mriqc            [0m|[33;20m Participant level finished successfully averaging 00h 07min 58s per subject.[0m
2026-03-27 06:15:32 |[34;20m INFO     [0m|[34;20m mriqc            [0m|[34;20m Generating BIDS derivatives metadata.[0m
----------------------------------------------------------------
  MRIQC completed (elapsed time 00h 23min 54s).
----------------------------------------------------------------

