------------------------------------------------------------------
  Running MRIQC version 24.1.0.dev0+gd5b13cb5.d20240826
  ----------------------------------------------------------------

  NOTICE
  Copyright © The NiPreps Developers.
  
  This product includes software developed by
  the NiPreps Community (https://nipreps.org/).
  
  Portions of this software were developed at the Department of
  Psychology at Stanford University, Stanford, CA, US.
  
  This software contains code ultimately derived from the
  PCP Quality Assessment Protocol (QAP;
  http://preprocessed-connectomes-project.org/quality-assessment-protocol)
  by C. Craddock, S. Giavasis, D. Clark, Z. Shezhad, and J. Pellman.
  
  This software is also distributed as a Docker container image.
  The bootstrapping file for the image ("Dockerfile") is licensed
  under the MIT License.

  ----------------------------------------------------------------

  * BIDS dataset path: /local/nvme/ds006401_04.783919/ds/sourcedata/raw.
  * Output folder: mriqc.
  * Analysis levels: ['participant'].
------------------------------------------------------------------

2026-03-27 05:51:27 |[33;20m IMPORTANT [0m|[33;20m mriqc            [0m|[33;20m Extracting metadata and entities for 3 input runs of modality 'bold'...[0m
2026-03-27 05:51:27 |[33;20m IMPORTANT [0m|[33;20m mriqc            [0m|[33;20m File size ('bold'): 0.23|0.20 GB [maximum|average].[0m
2026-03-27 05:51:27 |[34;20m INFO     [0m|[34;20m mriqc            [0m|[34;20m MRIQC config file: /local/nvme/ds006401_04.783919/ds/tmp/config-20260327-055126_3906f770-9eb3-461f-a074-bf78f7bb6b55.toml.[0m
2026-03-27 05:51:32 |[34;20m INFO     [0m|[34;20m matplotlib.font_manager [0m|[34;20m generated new fontManager[0m
2026-03-27 05:51:33 |[33;20m IMPORTANT [0m|[33;20m mriqc            [0m|[33;20m Building MRIQC's workflows...[0m
2026-03-27 05:51:33 |[34;20m INFO     [0m|[34;20m nipype.workflow  [0m|[34;20m Building functional MRIQC workflow for 3 BOLD runs..[0m
2026-03-27 05:51:38 |[33;20m IMPORTANT [0m|[33;20m mriqc            [0m|[33;20m Workflow building finished (exit code 0).[0m
2026-03-27 05:51:43 |[34;20m INFO     [0m|[34;20m nipype.workflow  [0m|[34;20m Workflow mriqc_wf settings: ['check', 'execution', 'logging', 'monitoring'][0m
2026-03-27 05:51:43 |[34;20m INFO     [0m|[34;20m nipype.workflow  [0m|[34;20m [Node] Setting-up "mriqc_wf.funcMRIQC.pick_echo" in "/local/nvme/ds006401_04.783919/ds/tmp/mriqc_wf/funcMRIQC/60330b42d5df24239e49c766a8e73e572dcc9223/pick_echo".[0m
2026-03-27 05:51:43 |[34;20m INFO     [0m|[34;20m nipype.workflow  [0m|[34;20m [Node] Setting-up "_provenance0" in "/local/nvme/ds006401_04.783919/ds/tmp/mriqc_wf/funcMRIQC/ComputeIQMs/60330b42d5df24239e49c766a8e73e572dcc9223/provenance/mapflow/_provenance0".[0m
2026-03-27 05:51:43 |[34;20m INFO     [0m|[34;20m nipype.workflow  [0m|[34;20m [Node] Executing "_provenance0" <mriqc.interfaces.reports.AddProvenance>[0m
2026-03-27 05:51:43 |[34;20m INFO     [0m|[34;20m nipype.workflow  [0m|[34;20m [Node] Executing "pick_echo" <mriqc.interfaces.functional.SelectEcho>[0m
2026-03-27 05:51:43 |[34;20m INFO     [0m|[34;20m nipype.workflow  [0m|[34;20m [Node] Finished "pick_echo", elapsed time 0.000594s.[0m
2026-03-27 05:51:43 |[34;20m INFO     [0m|[34;20m nipype.workflow  [0m|[34;20m [Node] Finished "_provenance0", elapsed time 0.349364s.[0m
2026-03-27 05:51:43 |[34;20m INFO     [0m|[34;20m nipype.workflow  [0m|[34;20m [Node] Setting-up "_provenance0" in "/local/nvme/ds006401_04.783919/ds/tmp/mriqc_wf/funcMRIQC/ComputeIQMs/f4b466ad9ed4176c38c86f14d31bdb7d4a50a922/provenance/mapflow/_provenance0".[0m
2026-03-27 05:51:43 |[34;20m INFO     [0m|[34;20m nipype.workflow  [0m|[34;20m [Node] Setting-up "mriqc_wf.funcMRIQC.pick_echo" in "/local/nvme/ds006401_04.783919/ds/tmp/mriqc_wf/funcMRIQC/f4b466ad9ed4176c38c86f14d31bdb7d4a50a922/pick_echo".[0m
2026-03-27 05:51:43 |[34;20m INFO     [0m|[34;20m nipype.workflow  [0m|[34;20m [Node] Executing "_provenance0" <mriqc.interfaces.reports.AddProvenance>[0m
2026-03-27 05:51:43 |[34;20m INFO     [0m|[34;20m nipype.workflow  [0m|[34;20m [Node] Executing "pick_echo" <mriqc.interfaces.functional.SelectEcho>[0m
2026-03-27 05:51:43 |[34;20m INFO     [0m|[34;20m nipype.workflow  [0m|[34;20m [Node] Finished "pick_echo", elapsed time 0.000745s.[0m
2026-03-27 05:51:44 |[34;20m INFO     [0m|[34;20m nipype.workflow  [0m|[34;20m [Node] Finished "_provenance0", elapsed time 0.345761s.[0m
2026-03-27 05:51:44 |[34;20m INFO     [0m|[34;20m nipype.workflow  [0m|[34;20m [Node] Setting-up "_provenance0" in "/local/nvme/ds006401_04.783919/ds/tmp/mriqc_wf/funcMRIQC/ComputeIQMs/eb1abe8bd29eef52f944910b49ea6dc8e85bd8a9/provenance/mapflow/_provenance0".[0m
2026-03-27 05:51:44 |[34;20m INFO     [0m|[34;20m nipype.workflow  [0m|[34;20m [Node] Setting-up "mriqc_wf.funcMRIQC.pick_echo" in "/local/nvme/ds006401_04.783919/ds/tmp/mriqc_wf/funcMRIQC/eb1abe8bd29eef52f944910b49ea6dc8e85bd8a9/pick_echo".[0m
2026-03-27 05:51:44 |[34;20m INFO     [0m|[34;20m nipype.workflow  [0m|[34;20m [Node] Executing "_provenance0" <mriqc.interfaces.reports.AddProvenance>[0m
2026-03-27 05:51:44 |[34;20m INFO     [0m|[34;20m nipype.workflow  [0m|[34;20m [Node] Executing "pick_echo" <mriqc.interfaces.functional.SelectEcho>[0m
2026-03-27 05:51:44 |[34;20m INFO     [0m|[34;20m nipype.workflow  [0m|[34;20m [Node] Finished "pick_echo", elapsed time 0.000604s.[0m
2026-03-27 05:51:44 |[34;20m INFO     [0m|[34;20m nipype.workflow  [0m|[34;20m [Node] Finished "_provenance0", elapsed time 0.446183s.[0m
2026-03-27 05:51:45 |[34;20m INFO     [0m|[34;20m nipype.workflow  [0m|[34;20m [Node] Setting-up "mriqc_wf.funcMRIQC.non_steady_state_detector" in "/local/nvme/ds006401_04.783919/ds/tmp/mriqc_wf/funcMRIQC/60330b42d5df24239e49c766a8e73e572dcc9223/non_steady_state_detector".[0m
2026-03-27 05:51:45 |[34;20m INFO     [0m|[34;20m nipype.workflow  [0m|[34;20m [Node] Setting-up "mriqc_wf.funcMRIQC.non_steady_state_detector" in "/local/nvme/ds006401_04.783919/ds/tmp/mriqc_wf/funcMRIQC/f4b466ad9ed4176c38c86f14d31bdb7d4a50a922/non_steady_state_detector".[0m
2026-03-27 05:51:45 |[34;20m INFO     [0m|[34;20m nipype.workflow  [0m|[34;20m [Node] Setting-up "mriqc_wf.funcMRIQC.non_steady_state_detector" in "/local/nvme/ds006401_04.783919/ds/tmp/mriqc_wf/funcMRIQC/eb1abe8bd29eef52f944910b49ea6dc8e85bd8a9/non_steady_state_detector".[0m
2026-03-27 05:51:45 |[34;20m INFO     [0m|[34;20m nipype.workflow  [0m|[34;20m [Node] Executing "non_steady_state_detector" <nipype.algorithms.confounds.NonSteadyStateDetector>[0m
2026-03-27 05:51:45 |[34;20m INFO     [0m|[34;20m nipype.workflow  [0m|[34;20m [Node] Executing "non_steady_state_detector" <nipype.algorithms.confounds.NonSteadyStateDetector>[0m
2026-03-27 05:51:45 |[34;20m INFO     [0m|[34;20m nipype.workflow  [0m|[34;20m [Node] Executing "non_steady_state_detector" <nipype.algorithms.confounds.NonSteadyStateDetector>[0m
2026-03-27 05:51:45 |[34;20m INFO     [0m|[34;20m nipype.workflow  [0m|[34;20m [Node] Finished "non_steady_state_detector", elapsed time 0.4201s.[0m
2026-03-27 05:51:45 |[34;20m INFO     [0m|[34;20m nipype.workflow  [0m|[34;20m [Node] Finished "non_steady_state_detector", elapsed time 0.416501s.[0m
2026-03-27 05:51:45 |[34;20m INFO     [0m|[34;20m nipype.workflow  [0m|[34;20m [Node] Finished "non_steady_state_detector", elapsed time 0.423461s.[0m
2026-03-27 05:51:47 |[34;20m INFO     [0m|[34;20m nipype.workflow  [0m|[34;20m [Node] Setting-up "_sanitize0" in "/local/nvme/ds006401_04.783919/ds/tmp/mriqc_wf/funcMRIQC/60330b42d5df24239e49c766a8e73e572dcc9223/sanitize/mapflow/_sanitize0".[0m
2026-03-27 05:51:47 |[34;20m INFO     [0m|[34;20m nipype.workflow  [0m|[34;20m [Node] Setting-up "_sanitize0" in "/local/nvme/ds006401_04.783919/ds/tmp/mriqc_wf/funcMRIQC/eb1abe8bd29eef52f944910b49ea6dc8e85bd8a9/sanitize/mapflow/_sanitize0".[0m
2026-03-27 05:51:47 |[34;20m INFO     [0m|[34;20m nipype.workflow  [0m|[34;20m [Node] Setting-up "_sanitize0" in "/local/nvme/ds006401_04.783919/ds/tmp/mriqc_wf/funcMRIQC/f4b466ad9ed4176c38c86f14d31bdb7d4a50a922/sanitize/mapflow/_sanitize0".[0m
2026-03-27 05:51:47 |[34;20m INFO     [0m|[34;20m nipype.workflow  [0m|[34;20m [Node] Executing "_sanitize0" <niworkflows.interfaces.header.SanitizeImage>[0m
2026-03-27 05:51:47 |[34;20m INFO     [0m|[34;20m nipype.workflow  [0m|[34;20m [Node] Executing "_sanitize0" <niworkflows.interfaces.header.SanitizeImage>[0m
2026-03-27 05:51:47 |[34;20m INFO     [0m|[34;20m nipype.workflow  [0m|[34;20m [Node] Executing "_sanitize0" <niworkflows.interfaces.header.SanitizeImage>[0m
2026-03-27 05:51:57 |[34;20m INFO     [0m|[34;20m nipype.workflow  [0m|[34;20m [Node] Finished "_sanitize0", elapsed time 10.27421s.[0m
2026-03-27 05:51:57 |[34;20m INFO     [0m|[34;20m nipype.workflow  [0m|[34;20m [Node] Finished "_sanitize0", elapsed time 10.34093s.[0m
2026-03-27 05:51:59 |[34;20m INFO     [0m|[34;20m nipype.workflow  [0m|[34;20m [Node] Setting-up "mriqc_wf.funcMRIQC.fMRI_HMC.estimate_hm" in "/local/nvme/ds006401_04.783919/ds/tmp/mriqc_wf/funcMRIQC/fMRI_HMC/60330b42d5df24239e49c766a8e73e572dcc9223/estimate_hm".[0m
2026-03-27 05:51:59 |[34;20m INFO     [0m|[34;20m nipype.workflow  [0m|[34;20m [Node] Setting-up "mriqc_wf.funcMRIQC.fMRI_HMC.estimate_hm" in "/local/nvme/ds006401_04.783919/ds/tmp/mriqc_wf/funcMRIQC/fMRI_HMC/f4b466ad9ed4176c38c86f14d31bdb7d4a50a922/estimate_hm".[0m
2026-03-27 05:51:59 |[34;20m INFO     [0m|[34;20m nipype.workflow  [0m|[34;20m [Node] Executing "estimate_hm" <nipype.interfaces.afni.preprocess.Volreg>[0m
2026-03-27 05:51:59 |[34;20m INFO     [0m|[34;20m nipype.workflow  [0m|[34;20m [Node] Setting-up "_SpikesMask0" in "/local/nvme/ds006401_04.783919/ds/tmp/mriqc_wf/funcMRIQC/func_report_wf/60330b42d5df24239e49c766a8e73e572dcc9223/SpikesMask/mapflow/_SpikesMask0".[0m
2026-03-27 05:51:59 |[34;20m INFO     [0m|[34;20m nipype.workflow  [0m|[34;20m [Node] Executing "estimate_hm" <nipype.interfaces.afni.preprocess.Volreg>[0m
2026-03-27 05:51:59 |[34;20m INFO     [0m|[34;20m nipype.workflow  [0m|[34;20m [Node] Executing "_SpikesMask0" <nipype.interfaces.utility.wrappers.Function>[0m
2026-03-27 05:51:59 |[34;20m INFO     [0m|[34;20m nipype.workflow  [0m|[34;20m [Node] Setting-up "_SpikesMask0" in "/local/nvme/ds006401_04.783919/ds/tmp/mriqc_wf/funcMRIQC/func_report_wf/f4b466ad9ed4176c38c86f14d31bdb7d4a50a922/SpikesMask/mapflow/_SpikesMask0".[0m
2026-03-27 05:51:59 |[34;20m INFO     [0m|[34;20m nipype.workflow  [0m|[34;20m [Node] Executing "_SpikesMask0" <nipype.interfaces.utility.wrappers.Function>[0m
2026-03-27 05:52:00 |[34;20m INFO     [0m|[34;20m nipype.workflow  [0m|[34;20m [Node] Finished "_sanitize0", elapsed time 13.354636s.[0m
2026-03-27 05:52:01 |[34;20m INFO     [0m|[34;20m nipype.workflow  [0m|[34;20m [Node] Setting-up "mriqc_wf.funcMRIQC.fMRI_HMC.estimate_hm" in "/local/nvme/ds006401_04.783919/ds/tmp/mriqc_wf/funcMRIQC/fMRI_HMC/eb1abe8bd29eef52f944910b49ea6dc8e85bd8a9/estimate_hm".[0m
2026-03-27 05:52:01 |[34;20m INFO     [0m|[34;20m nipype.workflow  [0m|[34;20m [Node] Executing "estimate_hm" <nipype.interfaces.afni.preprocess.Volreg>[0m
2026-03-27 05:52:01 |[34;20m INFO     [0m|[34;20m nipype.workflow  [0m|[34;20m [Node] Setting-up "_SpikesMask0" in "/local/nvme/ds006401_04.783919/ds/tmp/mriqc_wf/funcMRIQC/func_report_wf/eb1abe8bd29eef52f944910b49ea6dc8e85bd8a9/SpikesMask/mapflow/_SpikesMask0".[0m
2026-03-27 05:52:01 |[34;20m INFO     [0m|[34;20m nipype.workflow  [0m|[34;20m [Node] Executing "_SpikesMask0" <nipype.interfaces.utility.wrappers.Function>[0m
2026-03-27 05:52:02 |[34;20m INFO     [0m|[34;20m nipype.workflow  [0m|[34;20m [Node] Finished "_SpikesMask0", elapsed time 3.213711s.[0m
2026-03-27 05:52:02 |[34;20m INFO     [0m|[34;20m nipype.workflow  [0m|[34;20m [Node] Finished "_SpikesMask0", elapsed time 3.215341s.[0m
2026-03-27 05:52:03 |[34;20m INFO     [0m|[34;20m nipype.workflow  [0m|[34;20m [Node] Setting-up "_SpikesFinderBgMask0" in "/local/nvme/ds006401_04.783919/ds/tmp/mriqc_wf/funcMRIQC/func_report_wf/f4b466ad9ed4176c38c86f14d31bdb7d4a50a922/SpikesFinderBgMask/mapflow/_SpikesFinderBgMask0".[0m
2026-03-27 05:52:03 |[34;20m INFO     [0m|[34;20m nipype.workflow  [0m|[34;20m [Node] Executing "_SpikesFinderBgMask0" <mriqc.interfaces.functional.Spikes>[0m
2026-03-27 05:52:03 |[34;20m INFO     [0m|[34;20m nipype.workflow  [0m|[34;20m [Node] Setting-up "_SpikesFinderBgMask0" in "/local/nvme/ds006401_04.783919/ds/tmp/mriqc_wf/funcMRIQC/func_report_wf/60330b42d5df24239e49c766a8e73e572dcc9223/SpikesFinderBgMask/mapflow/_SpikesFinderBgMask0".[0m
2026-03-27 05:52:03 |[34;20m INFO     [0m|[34;20m nipype.workflow  [0m|[34;20m [Node] Executing "_SpikesFinderBgMask0" <mriqc.interfaces.functional.Spikes>[0m
2026-03-27 05:52:05 |[34;20m INFO     [0m|[34;20m nipype.workflow  [0m|[34;20m [Node] Finished "_SpikesMask0", elapsed time 3.819638s.[0m
2026-03-27 05:52:05 |[34;20m INFO     [0m|[34;20m nipype.workflow  [0m|[34;20m [Node] Setting-up "_SpikesFinderBgMask0" in "/local/nvme/ds006401_04.783919/ds/tmp/mriqc_wf/funcMRIQC/func_report_wf/eb1abe8bd29eef52f944910b49ea6dc8e85bd8a9/SpikesFinderBgMask/mapflow/_SpikesFinderBgMask0".[0m
2026-03-27 05:52:05 |[34;20m INFO     [0m|[34;20m nipype.workflow  [0m|[34;20m [Node] Executing "_SpikesFinderBgMask0" <mriqc.interfaces.functional.Spikes>[0m
2026-03-27 05:52:08 |[34;20m INFO     [0m|[34;20m nipype.workflow  [0m|[34;20m [Node] Finished "_SpikesFinderBgMask0", elapsed time 5.172406s.[0m
2026-03-27 05:52:08 |[34;20m INFO     [0m|[34;20m nipype.workflow  [0m|[34;20m [Node] Finished "_SpikesFinderBgMask0", elapsed time 5.219543s.[0m
2026-03-27 05:52:12 |[34;20m INFO     [0m|[34;20m nipype.workflow  [0m|[34;20m [Node] Finished "_SpikesFinderBgMask0", elapsed time 7.036129s.[0m
2026-03-27 06:05:33 |[34;20m INFO     [0m|[34;20m nipype.workflow  [0m|[34;20m [Node] Finished "estimate_hm", elapsed time 814.399382s.[0m
2026-03-27 06:05:35 |[34;20m INFO     [0m|[34;20m nipype.workflow  [0m|[34;20m [Node] Setting-up "mriqc_wf.funcMRIQC.fMRI_HMC.ComputeFD" in "/local/nvme/ds006401_04.783919/ds/tmp/mriqc_wf/funcMRIQC/fMRI_HMC/f4b466ad9ed4176c38c86f14d31bdb7d4a50a922/ComputeFD".[0m
2026-03-27 06:05:35 |[34;20m INFO     [0m|[34;20m nipype.workflow  [0m|[34;20m [Node] Executing "ComputeFD" <nipype.algorithms.confounds.FramewiseDisplacement>[0m
2026-03-27 06:05:35 |[34;20m INFO     [0m|[34;20m nipype.workflow  [0m|[34;20m [Node] Finished "ComputeFD", elapsed time 0.006108s.[0m
2026-03-27 06:05:36 |[34;20m INFO     [0m|[34;20m nipype.workflow  [0m|[34;20m [Node] Finished "estimate_hm", elapsed time 817.276054s.[0m
2026-03-27 06:05:37 |[34;20m INFO     [0m|[34;20m nipype.workflow  [0m|[34;20m [Node] Setting-up "mriqc_wf.funcMRIQC.fMRI_HMC.ComputeFD" in "/local/nvme/ds006401_04.783919/ds/tmp/mriqc_wf/funcMRIQC/fMRI_HMC/60330b42d5df24239e49c766a8e73e572dcc9223/ComputeFD".[0m
2026-03-27 06:05:37 |[34;20m INFO     [0m|[34;20m nipype.workflow  [0m|[34;20m [Node] Executing "ComputeFD" <nipype.algorithms.confounds.FramewiseDisplacement>[0m
2026-03-27 06:05:37 |[34;20m INFO     [0m|[34;20m nipype.workflow  [0m|[34;20m [Node] Finished "ComputeFD", elapsed time 0.006314s.[0m
2026-03-27 06:09:56 |[34;20m INFO     [0m|[34;20m nipype.workflow  [0m|[34;20m [Node] Finished "estimate_hm", elapsed time 1075.383373s.[0m
2026-03-27 06:09:57 |[34;20m INFO     [0m|[34;20m nipype.workflow  [0m|[34;20m [Node] Setting-up "_apply_hmc0" in "/local/nvme/ds006401_04.783919/ds/tmp/mriqc_wf/funcMRIQC/fMRI_HMC/60330b42d5df24239e49c766a8e73e572dcc9223/apply_hmc/mapflow/_apply_hmc0".[0m
2026-03-27 06:09:57 |[34;20m INFO     [0m|[34;20m nipype.workflow  [0m|[34;20m [Node] Executing "_apply_hmc0" <nipype.interfaces.utility.wrappers.Function>[0m
2026-03-27 06:10:29 |[34;20m INFO     [0m|[34;20m nipype.workflow  [0m|[34;20m [Node] Finished "_apply_hmc0", elapsed time 31.621424s.[0m
2026-03-27 06:10:29 |[34;20m INFO     [0m|[34;20m nipype.workflow  [0m|[34;20m [Node] Setting-up "_apply_hmc0" in "/local/nvme/ds006401_04.783919/ds/tmp/mriqc_wf/funcMRIQC/fMRI_HMC/f4b466ad9ed4176c38c86f14d31bdb7d4a50a922/apply_hmc/mapflow/_apply_hmc0".[0m
2026-03-27 06:10:29 |[34;20m INFO     [0m|[34;20m nipype.workflow  [0m|[34;20m [Node] Executing "_apply_hmc0" <nipype.interfaces.utility.wrappers.Function>[0m
2026-03-27 06:11:00 |[34;20m INFO     [0m|[34;20m nipype.workflow  [0m|[34;20m [Node] Finished "_apply_hmc0", elapsed time 30.915318s.[0m
2026-03-27 06:11:01 |[34;20m INFO     [0m|[34;20m nipype.workflow  [0m|[34;20m [Node] Setting-up "_apply_hmc0" in "/local/nvme/ds006401_04.783919/ds/tmp/mriqc_wf/funcMRIQC/fMRI_HMC/eb1abe8bd29eef52f944910b49ea6dc8e85bd8a9/apply_hmc/mapflow/_apply_hmc0".[0m
2026-03-27 06:11:01 |[34;20m INFO     [0m|[34;20m nipype.workflow  [0m|[34;20m [Node] Executing "_apply_hmc0" <nipype.interfaces.utility.wrappers.Function>[0m
2026-03-27 06:11:41 |[34;20m INFO     [0m|[34;20m nipype.workflow  [0m|[34;20m [Node] Finished "_apply_hmc0", elapsed time 40.446396s.[0m
2026-03-27 06:11:43 |[34;20m INFO     [0m|[34;20m nipype.workflow  [0m|[34;20m [Node] Setting-up "mriqc_wf.funcMRIQC.fMRI_HMC.ComputeFD" in "/local/nvme/ds006401_04.783919/ds/tmp/mriqc_wf/funcMRIQC/fMRI_HMC/eb1abe8bd29eef52f944910b49ea6dc8e85bd8a9/ComputeFD".[0m
2026-03-27 06:11:43 |[34;20m INFO     [0m|[34;20m nipype.workflow  [0m|[34;20m [Node] Setting-up "_mean0" in "/local/nvme/ds006401_04.783919/ds/tmp/mriqc_wf/funcMRIQC/60330b42d5df24239e49c766a8e73e572dcc9223/mean/mapflow/_mean0".[0m
2026-03-27 06:11:43 |[34;20m INFO     [0m|[34;20m nipype.workflow  [0m|[34;20m [Node] Setting-up "_compute_tsnr0" in "/local/nvme/ds006401_04.783919/ds/tmp/mriqc_wf/funcMRIQC/60330b42d5df24239e49c766a8e73e572dcc9223/compute_tsnr/mapflow/_compute_tsnr0".[0m
2026-03-27 06:11:43 |[34;20m INFO     [0m|[34;20m nipype.workflow  [0m|[34;20m [Node] Executing "_mean0" <nipype.interfaces.afni.utils.TStat>[0m
2026-03-27 06:11:43 |[34;20m INFO     [0m|[34;20m nipype.workflow  [0m|[34;20m [Node] Setting-up "_quality0" in "/local/nvme/ds006401_04.783919/ds/tmp/mriqc_wf/funcMRIQC/ComputeIQMs/60330b42d5df24239e49c766a8e73e572dcc9223/quality/mapflow/_quality0".[0m
2026-03-27 06:11:43 |[34;20m INFO     [0m|[34;20m nipype.workflow  [0m|[34;20m [Node] Setting-up "_mean0" in "/local/nvme/ds006401_04.783919/ds/tmp/mriqc_wf/funcMRIQC/f4b466ad9ed4176c38c86f14d31bdb7d4a50a922/mean/mapflow/_mean0".[0m
2026-03-27 06:11:43 |[34;20m INFO     [0m|[34;20m nipype.workflow  [0m|[34;20m [Node] Executing "_quality0" <nipype.interfaces.afni.preprocess.QualityIndex>[0m
2026-03-27 06:11:43 |[34;20m INFO     [0m|[34;20m nipype.workflow  [0m|[34;20m [Node] Executing "_mean0" <nipype.interfaces.afni.utils.TStat>[0m
2026-03-27 06:11:43 |[34;20m INFO     [0m|[34;20m nipype.workflow  [0m|[34;20m [Node] Executing "_compute_tsnr0" <nipype.algorithms.confounds.TSNR>[0m
2026-03-27 06:11:43 |[34;20m INFO     [0m|[34;20m nipype.workflow  [0m|[34;20m [Node] Setting-up "_quality0" in "/local/nvme/ds006401_04.783919/ds/tmp/mriqc_wf/funcMRIQC/ComputeIQMs/f4b466ad9ed4176c38c86f14d31bdb7d4a50a922/quality/mapflow/_quality0".[0m
2026-03-27 06:11:43 |[34;20m INFO     [0m|[34;20m nipype.workflow  [0m|[34;20m [Node] Setting-up "_compute_tsnr0" in "/local/nvme/ds006401_04.783919/ds/tmp/mriqc_wf/funcMRIQC/f4b466ad9ed4176c38c86f14d31bdb7d4a50a922/compute_tsnr/mapflow/_compute_tsnr0".[0m
2026-03-27 06:11:43 |[34;20m INFO     [0m|[34;20m nipype.workflow  [0m|[34;20m [Node] Setting-up "_mean0" in "/local/nvme/ds006401_04.783919/ds/tmp/mriqc_wf/funcMRIQC/eb1abe8bd29eef52f944910b49ea6dc8e85bd8a9/mean/mapflow/_mean0".[0m
2026-03-27 06:11:43 |[34;20m INFO     [0m|[34;20m nipype.workflow  [0m|[34;20m [Node] Executing "_quality0" <nipype.interfaces.afni.preprocess.QualityIndex>[0m
2026-03-27 06:11:43 |[34;20m INFO     [0m|[34;20m nipype.workflow  [0m|[34;20m [Node] Executing "_compute_tsnr0" <nipype.algorithms.confounds.TSNR>[0m
2026-03-27 06:11:43 |[34;20m INFO     [0m|[34;20m nipype.workflow  [0m|[34;20m [Node] Executing "_mean0" <nipype.interfaces.afni.utils.TStat>[0m
2026-03-27 06:11:43 |[34;20m INFO     [0m|[34;20m nipype.workflow  [0m|[34;20m [Node] Executing "ComputeFD" <nipype.algorithms.confounds.FramewiseDisplacement>[0m
2026-03-27 06:11:43 |[34;20m INFO     [0m|[34;20m nipype.workflow  [0m|[34;20m [Node] Finished "ComputeFD", elapsed time 0.01107s.[0m
2026-03-27 06:11:45 |[34;20m INFO     [0m|[34;20m nipype.workflow  [0m|[34;20m [Node] Setting-up "_compute_tsnr0" in "/local/nvme/ds006401_04.783919/ds/tmp/mriqc_wf/funcMRIQC/eb1abe8bd29eef52f944910b49ea6dc8e85bd8a9/compute_tsnr/mapflow/_compute_tsnr0".[0m
2026-03-27 06:11:45 |[34;20m INFO     [0m|[34;20m nipype.workflow  [0m|[34;20m [Node] Executing "_compute_tsnr0" <nipype.algorithms.confounds.TSNR>[0m
2026-03-27 06:11:46 |[34;20m INFO     [0m|[34;20m nipype.workflow  [0m|[34;20m [Node] Finished "_compute_tsnr0", elapsed time 3.176523s.[0m
2026-03-27 06:11:46 |[34;20m INFO     [0m|[34;20m nipype.workflow  [0m|[34;20m [Node] Finished "_compute_tsnr0", elapsed time 3.2667070000000002s.[0m
2026-03-27 06:11:47 |[34;20m INFO     [0m|[34;20m nipype.workflow  [0m|[34;20m [Node] Setting-up "_PlotMosaicSD0" in "/local/nvme/ds006401_04.783919/ds/tmp/mriqc_wf/funcMRIQC/func_report_wf/60330b42d5df24239e49c766a8e73e572dcc9223/PlotMosaicSD/mapflow/_PlotMosaicSD0".[0m
2026-03-27 06:11:47 |[34;20m INFO     [0m|[34;20m nipype.workflow  [0m|[34;20m [Node] Executing "_PlotMosaicSD0" <nireports.interfaces.mosaic.PlotMosaic>[0m
2026-03-27 06:11:47 |[34;20m INFO     [0m|[34;20m nipype.workflow  [0m|[34;20m [Node] Setting-up "_quality0" in "/local/nvme/ds006401_04.783919/ds/tmp/mriqc_wf/funcMRIQC/ComputeIQMs/eb1abe8bd29eef52f944910b49ea6dc8e85bd8a9/quality/mapflow/_quality0".[0m
2026-03-27 06:11:47 |[34;20m INFO     [0m|[34;20m nipype.workflow  [0m|[34;20m [Node] Executing "_quality0" <nipype.interfaces.afni.preprocess.QualityIndex>[0m
2026-03-27 06:11:47 |[34;20m INFO     [0m|[34;20m nipype.workflow  [0m|[34;20m [Node] Finished "_mean0", elapsed time 4.215775s.[0m
2026-03-27 06:11:47 |[34;20m INFO     [0m|[34;20m nipype.workflow  [0m|[34;20m [Node] Finished "_mean0", elapsed time 4.409172s.[0m
2026-03-27 06:11:48 |[34;20m INFO     [0m|[34;20m nipype.workflow  [0m|[34;20m [Node] Finished "_mean0", elapsed time 5.451787s.[0m
2026-03-27 06:11:49 |[34;20m INFO     [0m|[34;20m nipype.workflow  [0m|[34;20m [Node] Finished "_PlotMosaicSD0", elapsed time 1.6279810000000001s.[0m
2026-03-27 06:11:49 |[34;20m INFO     [0m|[34;20m nipype.workflow  [0m|[34;20m [Node] Setting-up "mriqc_wf.funcMRIQC.synthstrip_wf.pre_clip" in "/local/nvme/ds006401_04.783919/ds/tmp/mriqc_wf/funcMRIQC/synthstrip_wf/60330b42d5df24239e49c766a8e73e572dcc9223/pre_clip".[0m
2026-03-27 06:11:49 |[34;20m INFO     [0m|[34;20m nipype.workflow  [0m|[34;20m [Node] Setting-up "mriqc_wf.funcMRIQC.SpatialNormalization.SharpenEPI" in "/local/nvme/ds006401_04.783919/ds/tmp/mriqc_wf/funcMRIQC/SpatialNormalization/60330b42d5df24239e49c766a8e73e572dcc9223/SharpenEPI".[0m
2026-03-27 06:11:49 |[34;20m INFO     [0m|[34;20m nipype.workflow  [0m|[34;20m [Node] Executing "pre_clip" <niworkflows.interfaces.nibabel.IntensityClip>[0m
2026-03-27 06:11:49 |[34;20m INFO     [0m|[34;20m nipype.workflow  [0m|[34;20m [Node] Executing "SharpenEPI" <nipype.interfaces.ants.segmentation.N4BiasFieldCorrection>[0m
2026-03-27 06:11:49 |[34;20m INFO     [0m|[34;20m nipype.workflow  [0m|[34;20m [Node] Setting-up "_PlotMosaicMean0" in "/local/nvme/ds006401_04.783919/ds/tmp/mriqc_wf/funcMRIQC/func_report_wf/60330b42d5df24239e49c766a8e73e572dcc9223/PlotMosaicMean/mapflow/_PlotMosaicMean0".[0m
2026-03-27 06:11:49 |[34;20m INFO     [0m|[34;20m nipype.workflow  [0m|[34;20m [Node] Setting-up "_PlotMosaicNoise0" in "/local/nvme/ds006401_04.783919/ds/tmp/mriqc_wf/funcMRIQC/func_report_wf/60330b42d5df24239e49c766a8e73e572dcc9223/PlotMosaicNoise/mapflow/_PlotMosaicNoise0".[0m
2026-03-27 06:11:49 |[34;20m INFO     [0m|[34;20m nipype.workflow  [0m|[34;20m [Node] Executing "_PlotMosaicMean0" <nireports.interfaces.mosaic.PlotMosaic>[0m
2026-03-27 06:11:49 |[34;20m INFO     [0m|[34;20m nipype.workflow  [0m|[34;20m [Node] Executing "_PlotMosaicNoise0" <nireports.interfaces.mosaic.PlotMosaic>[0m
2026-03-27 06:11:49 |[34;20m INFO     [0m|[34;20m nipype.workflow  [0m|[34;20m [Node] Finished "_compute_tsnr0", elapsed time 4.05193s.[0m
2026-03-27 06:11:50 |[34;20m INFO     [0m|[34;20m nipype.workflow  [0m|[34;20m [Node] Finished "pre_clip", elapsed time 0.880992s.[0m
2026-03-27 06:11:51 |[34;20m INFO     [0m|[34;20m nipype.workflow  [0m|[34;20m [Node] Finished "_PlotMosaicMean0", elapsed time 1.520264s.[0m
2026-03-27 06:11:51 |[34;20m INFO     [0m|[34;20m nipype.workflow  [0m|[34;20m [Node] Finished "_PlotMosaicNoise0", elapsed time 1.878746s.[0m
2026-03-27 06:11:51 |[34;20m INFO     [0m|[34;20m nipype.workflow  [0m|[34;20m [Node] Setting-up "mriqc_wf.funcMRIQC.SpatialNormalization.SharpenEPI" in "/local/nvme/ds006401_04.783919/ds/tmp/mriqc_wf/funcMRIQC/SpatialNormalization/f4b466ad9ed4176c38c86f14d31bdb7d4a50a922/SharpenEPI".[0m
2026-03-27 06:11:51 |[34;20m INFO     [0m|[34;20m nipype.workflow  [0m|[34;20m [Node] Setting-up "mriqc_wf.funcMRIQC.synthstrip_wf.pre_clip" in "/local/nvme/ds006401_04.783919/ds/tmp/mriqc_wf/funcMRIQC/synthstrip_wf/f4b466ad9ed4176c38c86f14d31bdb7d4a50a922/pre_clip".[0m
2026-03-27 06:11:51 |[34;20m INFO     [0m|[34;20m nipype.workflow  [0m|[34;20m [Node] Executing "SharpenEPI" <nipype.interfaces.ants.segmentation.N4BiasFieldCorrection>[0m
2026-03-27 06:11:51 |[34;20m INFO     [0m|[34;20m nipype.workflow  [0m|[34;20m [Node] Executing "pre_clip" <niworkflows.interfaces.nibabel.IntensityClip>[0m
2026-03-27 06:11:51 |[34;20m INFO     [0m|[34;20m nipype.workflow  [0m|[34;20m [Node] Setting-up "_PlotMosaicMean0" in "/local/nvme/ds006401_04.783919/ds/tmp/mriqc_wf/funcMRIQC/func_report_wf/f4b466ad9ed4176c38c86f14d31bdb7d4a50a922/PlotMosaicMean/mapflow/_PlotMosaicMean0".[0m
2026-03-27 06:11:51 |[34;20m INFO     [0m|[34;20m nipype.workflow  [0m|[34;20m [Node] Setting-up "_PlotMosaicNoise0" in "/local/nvme/ds006401_04.783919/ds/tmp/mriqc_wf/funcMRIQC/func_report_wf/f4b466ad9ed4176c38c86f14d31bdb7d4a50a922/PlotMosaicNoise/mapflow/_PlotMosaicNoise0".[0m
2026-03-27 06:11:51 |[34;20m INFO     [0m|[34;20m nipype.workflow  [0m|[34;20m [Node] Executing "_PlotMosaicMean0" <nireports.interfaces.mosaic.PlotMosaic>[0m
2026-03-27 06:11:51 |[34;20m INFO     [0m|[34;20m nipype.workflow  [0m|[34;20m [Node] Executing "_PlotMosaicNoise0" <nireports.interfaces.mosaic.PlotMosaic>[0m
2026-03-27 06:11:52 |[34;20m INFO     [0m|[34;20m nipype.workflow  [0m|[34;20m [Node] Finished "pre_clip", elapsed time 0.861983s.[0m
2026-03-27 06:11:53 |[34;20m INFO     [0m|[34;20m nipype.workflow  [0m|[34;20m [Node] Finished "_PlotMosaicMean0", elapsed time 1.71679s.[0m
2026-03-27 06:11:53 |[34;20m INFO     [0m|[34;20m nipype.workflow  [0m|[34;20m [Node] Finished "_PlotMosaicNoise0", elapsed time 1.808925s.[0m
2026-03-27 06:11:53 |[34;20m INFO     [0m|[34;20m nipype.workflow  [0m|[34;20m [Node] Setting-up "mriqc_wf.funcMRIQC.synthstrip_wf.pre_clip" in "/local/nvme/ds006401_04.783919/ds/tmp/mriqc_wf/funcMRIQC/synthstrip_wf/eb1abe8bd29eef52f944910b49ea6dc8e85bd8a9/pre_clip".[0m
2026-03-27 06:11:53 |[34;20m INFO     [0m|[34;20m nipype.workflow  [0m|[34;20m [Node] Setting-up "mriqc_wf.funcMRIQC.SpatialNormalization.SharpenEPI" in "/local/nvme/ds006401_04.783919/ds/tmp/mriqc_wf/funcMRIQC/SpatialNormalization/eb1abe8bd29eef52f944910b49ea6dc8e85bd8a9/SharpenEPI".[0m
2026-03-27 06:11:53 |[34;20m INFO     [0m|[34;20m nipype.workflow  [0m|[34;20m [Node] Executing "pre_clip" <niworkflows.interfaces.nibabel.IntensityClip>[0m
2026-03-27 06:11:53 |[34;20m INFO     [0m|[34;20m nipype.workflow  [0m|[34;20m [Node] Executing "SharpenEPI" <nipype.interfaces.ants.segmentation.N4BiasFieldCorrection>[0m
2026-03-27 06:11:53 |[34;20m INFO     [0m|[34;20m nipype.workflow  [0m|[34;20m [Node] Setting-up "_PlotMosaicSD0" in "/local/nvme/ds006401_04.783919/ds/tmp/mriqc_wf/funcMRIQC/func_report_wf/f4b466ad9ed4176c38c86f14d31bdb7d4a50a922/PlotMosaicSD/mapflow/_PlotMosaicSD0".[0m
2026-03-27 06:11:53 |[34;20m INFO     [0m|[34;20m nipype.workflow  [0m|[34;20m [Node] Executing "_PlotMosaicSD0" <nireports.interfaces.mosaic.PlotMosaic>[0m
2026-03-27 06:11:54 |[34;20m INFO     [0m|[34;20m nipype.workflow  [0m|[34;20m [Node] Finished "_quality0", elapsed time 10.5255s.[0m
2026-03-27 06:11:54 |[34;20m INFO     [0m|[34;20m nipype.workflow  [0m|[34;20m [Node] Finished "_quality0", elapsed time 10.529925s.[0m
2026-03-27 06:11:54 |[34;20m INFO     [0m|[34;20m nipype.workflow  [0m|[34;20m [Node] Finished "pre_clip", elapsed time 0.854646s.[0m
2026-03-27 06:11:54 |[34;20m INFO     [0m|[34;20m nipype.workflow  [0m|[34;20m [Node] Finished "SharpenEPI", elapsed time 4.898097s.[0m
2026-03-27 06:11:55 |[34;20m INFO     [0m|[34;20m nipype.workflow  [0m|[34;20m [Node] Finished "_PlotMosaicSD0", elapsed time 1.577006s.[0m
2026-03-27 06:11:55 |[34;20m INFO     [0m|[34;20m nipype.workflow  [0m|[34;20m [Node] Setting-up "_PlotMosaicNoise0" in "/local/nvme/ds006401_04.783919/ds/tmp/mriqc_wf/funcMRIQC/func_report_wf/eb1abe8bd29eef52f944910b49ea6dc8e85bd8a9/PlotMosaicNoise/mapflow/_PlotMosaicNoise0".[0m
2026-03-27 06:11:55 |[34;20m INFO     [0m|[34;20m nipype.workflow  [0m|[34;20m [Node] Setting-up "_PlotMosaicMean0" in "/local/nvme/ds006401_04.783919/ds/tmp/mriqc_wf/funcMRIQC/func_report_wf/eb1abe8bd29eef52f944910b49ea6dc8e85bd8a9/PlotMosaicMean/mapflow/_PlotMosaicMean0".[0m
2026-03-27 06:11:55 |[34;20m INFO     [0m|[34;20m nipype.workflow  [0m|[34;20m [Node] Setting-up "_PlotMosaicSD0" in "/local/nvme/ds006401_04.783919/ds/tmp/mriqc_wf/funcMRIQC/func_report_wf/eb1abe8bd29eef52f944910b49ea6dc8e85bd8a9/PlotMosaicSD/mapflow/_PlotMosaicSD0".[0m
2026-03-27 06:11:55 |[34;20m INFO     [0m|[34;20m nipype.workflow  [0m|[34;20m [Node] Executing "_PlotMosaicMean0" <nireports.interfaces.mosaic.PlotMosaic>[0m
2026-03-27 06:11:55 |[34;20m INFO     [0m|[34;20m nipype.workflow  [0m|[34;20m [Node] Executing "_PlotMosaicNoise0" <nireports.interfaces.mosaic.PlotMosaic>[0m
2026-03-27 06:11:55 |[34;20m INFO     [0m|[34;20m nipype.workflow  [0m|[34;20m [Node] Executing "_PlotMosaicSD0" <nireports.interfaces.mosaic.PlotMosaic>[0m
2026-03-27 06:11:55 |[34;20m INFO     [0m|[34;20m nipype.workflow  [0m|[34;20m [Node] Setting-up "_ds_report_mean0" in "/local/nvme/ds006401_04.783919/ds/tmp/mriqc_wf/funcMRIQC/func_report_wf/60330b42d5df24239e49c766a8e73e572dcc9223/ds_report_mean/mapflow/_ds_report_mean0".[0m
2026-03-27 06:11:55 |[34;20m INFO     [0m|[34;20m nipype.workflow  [0m|[34;20m [Node] Executing "_ds_report_mean0" <mriqc.interfaces.DerivativesDataSink>[0m
2026-03-27 06:11:55 |[34;20m INFO     [0m|[34;20m nipype.workflow  [0m|[34;20m [Node] Finished "_ds_report_mean0", elapsed time 0.009343s.[0m
2026-03-27 06:11:55 |[34;20m INFO     [0m|[34;20m nipype.workflow  [0m|[34;20m [Node] Setting-up "_ds_report_background0" in "/local/nvme/ds006401_04.783919/ds/tmp/mriqc_wf/funcMRIQC/func_report_wf/60330b42d5df24239e49c766a8e73e572dcc9223/ds_report_background/mapflow/_ds_report_background0".[0m
2026-03-27 06:11:55 |[34;20m INFO     [0m|[34;20m nipype.workflow  [0m|[34;20m [Node] Executing "_ds_report_background0" <mriqc.interfaces.DerivativesDataSink>[0m
2026-03-27 06:11:55 |[34;20m INFO     [0m|[34;20m nipype.workflow  [0m|[34;20m [Node] Finished "_ds_report_background0", elapsed time 0.005283s.[0m
2026-03-27 06:11:55 |[34;20m INFO     [0m|[34;20m nipype.workflow  [0m|[34;20m [Node] Setting-up "_ds_report_stdev0" in "/local/nvme/ds006401_04.783919/ds/tmp/mriqc_wf/funcMRIQC/func_report_wf/60330b42d5df24239e49c766a8e73e572dcc9223/ds_report_stdev/mapflow/_ds_report_stdev0".[0m
2026-03-27 06:11:55 |[34;20m INFO     [0m|[34;20m nipype.workflow  [0m|[34;20m [Node] Executing "_ds_report_stdev0" <mriqc.interfaces.DerivativesDataSink>[0m
2026-03-27 06:11:55 |[34;20m INFO     [0m|[34;20m nipype.workflow  [0m|[34;20m [Node] Finished "_ds_report_stdev0", elapsed time 0.005288s.[0m
2026-03-27 06:11:55 |[34;20m INFO     [0m|[34;20m nipype.workflow  [0m|[34;20m [Node] Setting-up "_ds_report_mean0" in "/local/nvme/ds006401_04.783919/ds/tmp/mriqc_wf/funcMRIQC/func_report_wf/f4b466ad9ed4176c38c86f14d31bdb7d4a50a922/ds_report_mean/mapflow/_ds_report_mean0".[0m
2026-03-27 06:11:55 |[34;20m INFO     [0m|[34;20m nipype.workflow  [0m|[34;20m [Node] Executing "_ds_report_mean0" <mriqc.interfaces.DerivativesDataSink>[0m
2026-03-27 06:11:55 |[34;20m INFO     [0m|[34;20m nipype.workflow  [0m|[34;20m [Node] Finished "_ds_report_mean0", elapsed time 0.005237s.[0m
2026-03-27 06:11:55 |[34;20m INFO     [0m|[34;20m nipype.workflow  [0m|[34;20m [Node] Setting-up "_ds_report_background0" in "/local/nvme/ds006401_04.783919/ds/tmp/mriqc_wf/funcMRIQC/func_report_wf/f4b466ad9ed4176c38c86f14d31bdb7d4a50a922/ds_report_background/mapflow/_ds_report_background0".[0m
2026-03-27 06:11:55 |[34;20m INFO     [0m|[34;20m nipype.workflow  [0m|[34;20m [Node] Executing "_ds_report_background0" <mriqc.interfaces.DerivativesDataSink>[0m
2026-03-27 06:11:55 |[34;20m INFO     [0m|[34;20m nipype.workflow  [0m|[34;20m [Node] Finished "_ds_report_background0", elapsed time 0.005185s.[0m
2026-03-27 06:11:56 |[34;20m INFO     [0m|[34;20m nipype.workflow  [0m|[34;20m [Node] Setting-up "_ds_report_stdev0" in "/local/nvme/ds006401_04.783919/ds/tmp/mriqc_wf/funcMRIQC/func_report_wf/f4b466ad9ed4176c38c86f14d31bdb7d4a50a922/ds_report_stdev/mapflow/_ds_report_stdev0".[0m
2026-03-27 06:11:56 |[34;20m INFO     [0m|[34;20m nipype.workflow  [0m|[34;20m [Node] Executing "_ds_report_stdev0" <mriqc.interfaces.DerivativesDataSink>[0m
2026-03-27 06:11:56 |[34;20m INFO     [0m|[34;20m nipype.workflow  [0m|[34;20m [Node] Finished "_ds_report_stdev0", elapsed time 0.005084s.[0m
2026-03-27 06:11:56 |[34;20m INFO     [0m|[34;20m nipype.workflow  [0m|[34;20m [Node] Finished "SharpenEPI", elapsed time 4.793308s.[0m
2026-03-27 06:11:57 |[34;20m INFO     [0m|[34;20m nipype.workflow  [0m|[34;20m [Node] Finished "_PlotMosaicNoise0", elapsed time 1.517139s.[0m
2026-03-27 06:11:57 |[34;20m INFO     [0m|[34;20m nipype.workflow  [0m|[34;20m [Node] Finished "_PlotMosaicMean0", elapsed time 1.626193s.[0m
2026-03-27 06:11:57 |[34;20m INFO     [0m|[34;20m nipype.workflow  [0m|[34;20m [Node] Finished "_PlotMosaicSD0", elapsed time 1.736055s.[0m
2026-03-27 06:11:57 |[34;20m INFO     [0m|[34;20m nipype.workflow  [0m|[34;20m [Node] Setting-up "_ds_report_mean0" in "/local/nvme/ds006401_04.783919/ds/tmp/mriqc_wf/funcMRIQC/func_report_wf/eb1abe8bd29eef52f944910b49ea6dc8e85bd8a9/ds_report_mean/mapflow/_ds_report_mean0".[0m
2026-03-27 06:11:57 |[34;20m INFO     [0m|[34;20m nipype.workflow  [0m|[34;20m [Node] Executing "_ds_report_mean0" <mriqc.interfaces.DerivativesDataSink>[0m
2026-03-27 06:11:57 |[34;20m INFO     [0m|[34;20m nipype.workflow  [0m|[34;20m [Node] Finished "_ds_report_mean0", elapsed time 0.005064s.[0m
2026-03-27 06:11:57 |[34;20m INFO     [0m|[34;20m nipype.workflow  [0m|[34;20m [Node] Setting-up "_ds_report_background0" in "/local/nvme/ds006401_04.783919/ds/tmp/mriqc_wf/funcMRIQC/func_report_wf/eb1abe8bd29eef52f944910b49ea6dc8e85bd8a9/ds_report_background/mapflow/_ds_report_background0".[0m
2026-03-27 06:11:57 |[34;20m INFO     [0m|[34;20m nipype.workflow  [0m|[34;20m [Node] Executing "_ds_report_background0" <mriqc.interfaces.DerivativesDataSink>[0m
2026-03-27 06:11:57 |[34;20m INFO     [0m|[34;20m nipype.workflow  [0m|[34;20m [Node] Finished "_ds_report_background0", elapsed time 0.004983s.[0m
2026-03-27 06:11:57 |[34;20m INFO     [0m|[34;20m nipype.workflow  [0m|[34;20m [Node] Setting-up "_ds_report_stdev0" in "/local/nvme/ds006401_04.783919/ds/tmp/mriqc_wf/funcMRIQC/func_report_wf/eb1abe8bd29eef52f944910b49ea6dc8e85bd8a9/ds_report_stdev/mapflow/_ds_report_stdev0".[0m
2026-03-27 06:11:57 |[34;20m INFO     [0m|[34;20m nipype.workflow  [0m|[34;20m [Node] Executing "_ds_report_stdev0" <mriqc.interfaces.DerivativesDataSink>[0m
2026-03-27 06:11:57 |[34;20m INFO     [0m|[34;20m nipype.workflow  [0m|[34;20m [Node] Finished "_ds_report_stdev0", elapsed time 0.004963s.[0m
2026-03-27 06:11:58 |[34;20m INFO     [0m|[34;20m nipype.workflow  [0m|[34;20m [Node] Finished "SharpenEPI", elapsed time 4.926919s.[0m
2026-03-27 06:12:01 |[34;20m INFO     [0m|[34;20m nipype.workflow  [0m|[34;20m [Node] Finished "_quality0", elapsed time 14.050166s.[0m
2026-03-27 06:12:03 |[34;20m INFO     [0m|[34;20m nipype.workflow  [0m|[34;20m [Node] Setting-up "mriqc_wf.funcMRIQC.synthstrip_wf.pre_n4" in "/local/nvme/ds006401_04.783919/ds/tmp/mriqc_wf/funcMRIQC/synthstrip_wf/60330b42d5df24239e49c766a8e73e572dcc9223/pre_n4".[0m
2026-03-27 06:12:03 |[34;20m INFO     [0m|[34;20m nipype.workflow  [0m|[34;20m [Node] Executing "pre_n4" <nipype.interfaces.ants.segmentation.N4BiasFieldCorrection>[0m
2026-03-27 06:12:04 |[34;20m INFO     [0m|[34;20m nipype.workflow  [0m|[34;20m [Node] Finished "pre_n4", elapsed time 1.456467s.[0m
2026-03-27 06:12:05 |[34;20m INFO     [0m|[34;20m nipype.workflow  [0m|[34;20m [Node] Setting-up "mriqc_wf.funcMRIQC.synthstrip_wf.pre_n4" in "/local/nvme/ds006401_04.783919/ds/tmp/mriqc_wf/funcMRIQC/synthstrip_wf/f4b466ad9ed4176c38c86f14d31bdb7d4a50a922/pre_n4".[0m
2026-03-27 06:12:05 |[34;20m INFO     [0m|[34;20m nipype.workflow  [0m|[34;20m [Node] Executing "pre_n4" <nipype.interfaces.ants.segmentation.N4BiasFieldCorrection>[0m
2026-03-27 06:12:07 |[34;20m INFO     [0m|[34;20m nipype.workflow  [0m|[34;20m [Node] Finished "pre_n4", elapsed time 1.4138009999999999s.[0m
2026-03-27 06:12:07 |[34;20m INFO     [0m|[34;20m nipype.workflow  [0m|[34;20m [Node] Setting-up "mriqc_wf.funcMRIQC.synthstrip_wf.pre_n4" in "/local/nvme/ds006401_04.783919/ds/tmp/mriqc_wf/funcMRIQC/synthstrip_wf/eb1abe8bd29eef52f944910b49ea6dc8e85bd8a9/pre_n4".[0m
2026-03-27 06:12:07 |[34;20m INFO     [0m|[34;20m nipype.workflow  [0m|[34;20m [Node] Executing "pre_n4" <nipype.interfaces.ants.segmentation.N4BiasFieldCorrection>[0m
2026-03-27 06:12:08 |[34;20m INFO     [0m|[34;20m nipype.workflow  [0m|[34;20m [Node] Finished "pre_n4", elapsed time 1.500747s.[0m
2026-03-27 06:12:09 |[34;20m INFO     [0m|[34;20m nipype.workflow  [0m|[34;20m [Node] Setting-up "mriqc_wf.funcMRIQC.synthstrip_wf.synthstrip" in "/local/nvme/ds006401_04.783919/ds/tmp/mriqc_wf/funcMRIQC/synthstrip_wf/60330b42d5df24239e49c766a8e73e572dcc9223/synthstrip".[0m
2026-03-27 06:12:09 |[34;20m INFO     [0m|[34;20m nipype.workflow  [0m|[34;20m [Node] Executing "synthstrip" <mriqc.interfaces.synthstrip.SynthStrip>[0m
2026-03-27 06:12:25 |[34;20m INFO     [0m|[34;20m nipype.workflow  [0m|[34;20m [Node] Finished "synthstrip", elapsed time 16.211889s.[0m
2026-03-27 06:12:27 |[34;20m INFO     [0m|[34;20m nipype.workflow  [0m|[34;20m [Node] Setting-up "mriqc_wf.funcMRIQC.synthstrip_wf.synthstrip" in "/local/nvme/ds006401_04.783919/ds/tmp/mriqc_wf/funcMRIQC/synthstrip_wf/f4b466ad9ed4176c38c86f14d31bdb7d4a50a922/synthstrip".[0m
2026-03-27 06:12:27 |[34;20m INFO     [0m|[34;20m nipype.workflow  [0m|[34;20m [Node] Executing "synthstrip" <mriqc.interfaces.synthstrip.SynthStrip>[0m
2026-03-27 06:12:42 |[34;20m INFO     [0m|[34;20m nipype.workflow  [0m|[34;20m [Node] Finished "synthstrip", elapsed time 15.366595s.[0m
2026-03-27 06:12:43 |[34;20m INFO     [0m|[34;20m nipype.workflow  [0m|[34;20m [Node] Setting-up "mriqc_wf.funcMRIQC.synthstrip_wf.synthstrip" in "/local/nvme/ds006401_04.783919/ds/tmp/mriqc_wf/funcMRIQC/synthstrip_wf/eb1abe8bd29eef52f944910b49ea6dc8e85bd8a9/synthstrip".[0m
2026-03-27 06:12:43 |[34;20m INFO     [0m|[34;20m nipype.workflow  [0m|[34;20m [Node] Executing "synthstrip" <mriqc.interfaces.synthstrip.SynthStrip>[0m
2026-03-27 06:12:58 |[34;20m INFO     [0m|[34;20m nipype.workflow  [0m|[34;20m [Node] Finished "synthstrip", elapsed time 14.55507s.[0m
2026-03-27 06:12:59 |[34;20m INFO     [0m|[34;20m nipype.workflow  [0m|[34;20m [Node] Setting-up "mriqc_wf.funcMRIQC.synthstrip_wf.post_n4" in "/local/nvme/ds006401_04.783919/ds/tmp/mriqc_wf/funcMRIQC/synthstrip_wf/60330b42d5df24239e49c766a8e73e572dcc9223/post_n4".[0m
2026-03-27 06:12:59 |[34;20m INFO     [0m|[34;20m nipype.workflow  [0m|[34;20m [Node] Executing "post_n4" <nipype.interfaces.ants.segmentation.N4BiasFieldCorrection>[0m
2026-03-27 06:13:00 |[34;20m INFO     [0m|[34;20m nipype.workflow  [0m|[34;20m [Node] Finished "post_n4", elapsed time 1.049606s.[0m
2026-03-27 06:13:01 |[34;20m INFO     [0m|[34;20m nipype.workflow  [0m|[34;20m [Node] Setting-up "mriqc_wf.funcMRIQC.SpatialNormalization.EPI2MNI" in "/local/nvme/ds006401_04.783919/ds/tmp/mriqc_wf/funcMRIQC/SpatialNormalization/60330b42d5df24239e49c766a8e73e572dcc9223/EPI2MNI".[0m
2026-03-27 06:13:01 |[34;20m INFO     [0m|[34;20m nipype.workflow  [0m|[34;20m [Node] Executing "EPI2MNI" <niworkflows.interfaces.reportlets.registration.SpatialNormalizationRPT>[0m
2026-03-27 06:13:01 |[34;20m INFO     [0m|[34;20m niworkflows      [0m|[34;20m Estimating initial transform using AffineInitializer[0m
2026-03-27 06:13:07 |[34;20m INFO     [0m|[34;20m niworkflows      [0m|[34;20m Terminal outputs of initialization saved (/local/nvme/ds006401_04.783919/ds/tmp/mriqc_wf/funcMRIQC/SpatialNormalization/60330b42d5df24239e49c766a8e73e572dcc9223/EPI2MNI/stderr.nipype-init).[0m
2026-03-27 06:13:07 |[34;20m INFO     [0m|[34;20m niworkflows      [0m|[34;20m Loading settings from file /opt/conda/lib/python3.11/site-packages/niworkflows/data/boldref-mni_registration_precise_000.json.[0m
2026-03-27 06:13:07 |[34;20m INFO     [0m|[34;20m niworkflows      [0m|[34;20m Retry #1, commandline: 
antsRegistration --collapse-output-transforms 1 --dimensionality 3 --float 0 --initial-moving-transform [ /local/nvme/ds006401_04.783919/ds/tmp/mriqc_wf/funcMRIQC/SpatialNormalization/60330b42d5df24239e49c766a8e73e572dcc9223/EPI2MNI/transform.mat, 0 ] --initialize-transforms-per-stage 0 --interpolation LanczosWindowedSinc --output [ epi_to_mni, epi_to_mni_Warped.nii.gz ] --transform Rigid[ 0.05 ] --metric Mattes[ /templateflow/tpl-MNI152NLin2009cAsym/tpl-MNI152NLin2009cAsym_res-02_desc-fMRIPrep_boldref.nii.gz, /local/nvme/ds006401_04.783919/ds/tmp/mriqc_wf/funcMRIQC/SpatialNormalization/60330b42d5df24239e49c766a8e73e572dcc9223/SharpenEPI/sub-04_ses-01_task-mid_run-01_bold_desc-realigned_valid_tstat_corrected.nii.gz, 1, 56, Regular, 0.25 ] --convergence [ 10000x1000x100, 1e-06, 20 ] --smoothing-sigmas 4.0x2.0x1.0vox --shrink-factors 4x2x1 --use-histogram-matching 1 --masks [ /templateflow/tpl-MNI152NLin2009cAsym/tpl-MNI152NLin2009cAsym_res-02_desc-brain_mask.nii.gz, /local/nvme/ds006401_04.783919/ds/tmp/mriqc_wf/funcMRIQC/synthstrip_wf/60330b42d5df24239e49c766a8e73e572dcc9223/synthstrip/clipped_corrected_desc-brain_mask.nii.gz ] --transform Affine[ 0.08 ] --metric Mattes[ /templateflow/tpl-MNI152NLin2009cAsym/tpl-MNI152NLin2009cAsym_res-02_desc-fMRIPrep_boldref.nii.gz, /local/nvme/ds006401_04.783919/ds/tmp/mriqc_wf/funcMRIQC/SpatialNormalization/60330b42d5df24239e49c766a8e73e572dcc9223/SharpenEPI/sub-04_ses-01_task-mid_run-01_bold_desc-realigned_valid_tstat_corrected.nii.gz, 1, 56, Regular, 0.25 ] --convergence [ 500x250x100, 1e-06, 20 ] --smoothing-sigmas 4.0x2.0x1.0vox --shrink-factors 8x4x2 --use-histogram-matching 1 --masks [ /templateflow/tpl-MNI152NLin2009cAsym/tpl-MNI152NLin2009cAsym_res-02_desc-brain_mask.nii.gz, /local/nvme/ds006401_04.783919/ds/tmp/mriqc_wf/funcMRIQC/synthstrip_wf/60330b42d5df24239e49c766a8e73e572dcc9223/synthstrip/clipped_corrected_desc-brain_mask.nii.gz ] --transform SyN[ 0.1, 3.0, 0.0 ] --metric CC[ /templateflow/tpl-MNI152NLin2009cAsym/tpl-MNI152NLin2009cAsym_res-02_desc-fMRIPrep_boldref.nii.gz, /local/nvme/ds006401_04.783919/ds/tmp/mriqc_wf/funcMRIQC/SpatialNormalization/60330b42d5df24239e49c766a8e73e572dcc9223/SharpenEPI/sub-04_ses-01_task-mid_run-01_bold_desc-realigned_valid_tstat_corrected.nii.gz, 1, 4, None, 1 ] --convergence [ 100x30x20, 1e-06, 10 ] --smoothing-sigmas 3.0x2.0x1.0vox --shrink-factors 8x4x2 --use-histogram-matching 1 --masks [ /templateflow/tpl-MNI152NLin2009cAsym/tpl-MNI152NLin2009cAsym_res-02_desc-brain_mask.nii.gz, /local/nvme/ds006401_04.783919/ds/tmp/mriqc_wf/funcMRIQC/synthstrip_wf/60330b42d5df24239e49c766a8e73e572dcc9223/synthstrip/clipped_corrected_desc-brain_mask.nii.gz ] --winsorize-image-intensities [ 0.005, 0.995 ]  --write-composite-transform 1[0m
2026-03-27 06:13:20 |[34;20m INFO     [0m|[34;20m niworkflows      [0m|[34;20m Successful spatial normalization (retry #1).[0m
2026-03-27 06:13:20 |[34;20m INFO     [0m|[34;20m niworkflows      [0m|[34;20m Report - setting fixed (/templateflow/tpl-MNI152NLin2009cAsym/tpl-MNI152NLin2009cAsym_res-02_desc-fMRIPrep_boldref.nii.gz) and moving (/local/nvme/ds006401_04.783919/ds/tmp/mriqc_wf/funcMRIQC/SpatialNormalization/60330b42d5df24239e49c766a8e73e572dcc9223/EPI2MNI/epi_to_mni_Warped.nii.gz) images[0m
2026-03-27 06:13:20 |[34;20m INFO     [0m|[34;20m niworkflows      [0m|[34;20m Generating visual report[0m
2026-03-27 06:13:36 |[34;20m INFO     [0m|[34;20m nipype.workflow  [0m|[34;20m [Node] Finished "EPI2MNI", elapsed time 34.799013s.[0m
2026-03-27 06:13:37 |[34;20m INFO     [0m|[34;20m nipype.workflow  [0m|[34;20m [Node] Setting-up "_ComputeDVARS0" in "/local/nvme/ds006401_04.783919/ds/tmp/mriqc_wf/funcMRIQC/ComputeIQMs/60330b42d5df24239e49c766a8e73e572dcc9223/ComputeDVARS/mapflow/_ComputeDVARS0".[0m
2026-03-27 06:13:37 |[34;20m INFO     [0m|[34;20m nipype.workflow  [0m|[34;20m [Node] Setting-up "_smoothness0" in "/local/nvme/ds006401_04.783919/ds/tmp/mriqc_wf/funcMRIQC/ComputeIQMs/60330b42d5df24239e49c766a8e73e572dcc9223/smoothness/mapflow/_smoothness0".[0m
2026-03-27 06:13:37 |[34;20m INFO     [0m|[34;20m nipype.workflow  [0m|[34;20m [Node] Setting-up "mriqc_wf.funcMRIQC.func_report_wf.dilated_mask" in "/local/nvme/ds006401_04.783919/ds/tmp/mriqc_wf/funcMRIQC/func_report_wf/60330b42d5df24239e49c766a8e73e572dcc9223/dilated_mask".[0m
2026-03-27 06:13:37 |[34;20m INFO     [0m|[34;20m nipype.workflow  [0m|[34;20m [Node] Setting-up "_outliers0" in "/local/nvme/ds006401_04.783919/ds/tmp/mriqc_wf/funcMRIQC/ComputeIQMs/60330b42d5df24239e49c766a8e73e572dcc9223/outliers/mapflow/_outliers0".[0m
2026-03-27 06:13:37 |[34;20m INFO     [0m|[34;20m nipype.workflow  [0m|[34;20m [Node] Setting-up "mriqc_wf.funcMRIQC.func_report_wf.PlotBrainmask" in "/local/nvme/ds006401_04.783919/ds/tmp/mriqc_wf/funcMRIQC/func_report_wf/60330b42d5df24239e49c766a8e73e572dcc9223/PlotBrainmask".[0m
2026-03-27 06:13:37 |[34;20m INFO     [0m|[34;20m nipype.workflow  [0m|[34;20m [Node] Executing "_smoothness0" <nipype.interfaces.afni.utils.FWHMx>[0m
2026-03-27 06:13:37 |[34;20m INFO     [0m|[34;20m nipype.workflow  [0m|[34;20m [Node] Executing "_ComputeDVARS0" <nipype.algorithms.confounds.ComputeDVARS>[0m
2026-03-27 06:13:37 |[34;20m INFO     [0m|[34;20m nipype.workflow  [0m|[34;20m [Node] Setting-up "_gcor0" in "/local/nvme/ds006401_04.783919/ds/tmp/mriqc_wf/funcMRIQC/ComputeIQMs/60330b42d5df24239e49c766a8e73e572dcc9223/gcor/mapflow/_gcor0".[0m
2026-03-27 06:13:37 |[34;20m INFO     [0m|[34;20m nipype.workflow  [0m|[34;20m [Node] Executing "dilated_mask" <niworkflows.interfaces.morphology.BinaryDilation>[0m
2026-03-27 06:13:37 |[34;20m INFO     [0m|[34;20m nipype.workflow  [0m|[34;20m [Node] Executing "_outliers0" <nipype.interfaces.afni.preprocess.OutlierCount>[0m
2026-03-27 06:13:37 |[34;20m INFO     [0m|[34;20m nipype.workflow  [0m|[34;20m [Node] Executing "PlotBrainmask" <nireports.interfaces.mosaic.PlotContours>[0m
2026-03-27 06:13:37 |[34;20m INFO     [0m|[34;20m nipype.workflow  [0m|[34;20m [Node] Executing "_gcor0" <mriqc.interfaces.transitional.GCOR>[0m
2026-03-27 06:13:37 |[34;20m INFO     [0m|[34;20m nipype.workflow  [0m|[34;20m [Node] Setting-up "_PlotMosaicZoomed0" in "/local/nvme/ds006401_04.783919/ds/tmp/mriqc_wf/funcMRIQC/func_report_wf/60330b42d5df24239e49c766a8e73e572dcc9223/PlotMosaicZoomed/mapflow/_PlotMosaicZoomed0".[0m
2026-03-27 06:13:37 |[34;20m INFO     [0m|[34;20m nipype.workflow  [0m|[34;20m [Node] Executing "_PlotMosaicZoomed0" <nireports.interfaces.mosaic.PlotMosaic>[0m
2026-03-27 06:13:37 |[34;20m INFO     [0m|[34;20m nipype.workflow  [0m|[34;20m [Node] Setting-up "_ComputeDVARS0" in "/local/nvme/ds006401_04.783919/ds/tmp/mriqc_wf/funcMRIQC/ComputeIQMs/f4b466ad9ed4176c38c86f14d31bdb7d4a50a922/ComputeDVARS/mapflow/_ComputeDVARS0".[0m
2026-03-27 06:13:37 |[34;20m INFO     [0m|[34;20m nipype.workflow  [0m|[34;20m [Node] Executing "_ComputeDVARS0" <nipype.algorithms.confounds.ComputeDVARS>[0m
2026-03-27 06:13:37 |[34;20m INFO     [0m|[34;20m nipype.workflow  [0m|[34;20m [Node] Finished "dilated_mask", elapsed time 0.066178s.[0m
2026-03-27 06:13:38 |[34;20m INFO     [0m|[34;20m nipype.workflow  [0m|[34;20m [Node] Finished "_smoothness0", elapsed time 0.67226s.[0m
2026-03-27 06:13:39 |[34;20m INFO     [0m|[34;20m nipype.workflow  [0m|[34;20m [Node] Finished "PlotBrainmask", elapsed time 1.5390920000000001s.[0m
2026-03-27 06:13:39 |[34;20m INFO     [0m|[34;20m nipype.workflow  [0m|[34;20m [Node] Finished "_PlotMosaicZoomed0", elapsed time 1.5435210000000001s.[0m
2026-03-27 06:13:39 |[34;20m INFO     [0m|[34;20m nipype.workflow  [0m|[34;20m [Node] Setting-up "_smoothness0" in "/local/nvme/ds006401_04.783919/ds/tmp/mriqc_wf/funcMRIQC/ComputeIQMs/f4b466ad9ed4176c38c86f14d31bdb7d4a50a922/smoothness/mapflow/_smoothness0".[0m
2026-03-27 06:13:39 |[34;20m INFO     [0m|[34;20m nipype.workflow  [0m|[34;20m [Node] Setting-up "mriqc_wf.funcMRIQC.func_report_wf.dilated_mask" in "/local/nvme/ds006401_04.783919/ds/tmp/mriqc_wf/funcMRIQC/func_report_wf/f4b466ad9ed4176c38c86f14d31bdb7d4a50a922/dilated_mask".[0m
2026-03-27 06:13:39 |[34;20m INFO     [0m|[34;20m nipype.workflow  [0m|[34;20m [Node] Executing "_smoothness0" <nipype.interfaces.afni.utils.FWHMx>[0m
2026-03-27 06:13:39 |[34;20m INFO     [0m|[34;20m nipype.workflow  [0m|[34;20m [Node] Setting-up "_gcor0" in "/local/nvme/ds006401_04.783919/ds/tmp/mriqc_wf/funcMRIQC/ComputeIQMs/f4b466ad9ed4176c38c86f14d31bdb7d4a50a922/gcor/mapflow/_gcor0".[0m
2026-03-27 06:13:39 |[34;20m INFO     [0m|[34;20m nipype.workflow  [0m|[34;20m [Node] Executing "_gcor0" <mriqc.interfaces.transitional.GCOR>[0m
2026-03-27 06:13:39 |[34;20m INFO     [0m|[34;20m nipype.workflow  [0m|[34;20m [Node] Executing "dilated_mask" <niworkflows.interfaces.morphology.BinaryDilation>[0m
2026-03-27 06:13:39 |[34;20m INFO     [0m|[34;20m nipype.workflow  [0m|[34;20m [Node] Setting-up "_outliers0" in "/local/nvme/ds006401_04.783919/ds/tmp/mriqc_wf/funcMRIQC/ComputeIQMs/f4b466ad9ed4176c38c86f14d31bdb7d4a50a922/outliers/mapflow/_outliers0".[0m
2026-03-27 06:13:39 |[34;20m INFO     [0m|[34;20m nipype.workflow  [0m|[34;20m [Node] Executing "_outliers0" <nipype.interfaces.afni.preprocess.OutlierCount>[0m
2026-03-27 06:13:39 |[34;20m INFO     [0m|[34;20m nipype.workflow  [0m|[34;20m [Node] Finished "dilated_mask", elapsed time 0.045349s.[0m
2026-03-27 06:13:40 |[34;20m INFO     [0m|[34;20m nipype.workflow  [0m|[34;20m [Node] Finished "_smoothness0", elapsed time 0.662038s.[0m
2026-03-27 06:13:41 |[34;20m INFO     [0m|[34;20m nipype.workflow  [0m|[34;20m [Node] Setting-up "mriqc_wf.funcMRIQC.func_report_wf.PlotBrainmask" in "/local/nvme/ds006401_04.783919/ds/tmp/mriqc_wf/funcMRIQC/func_report_wf/f4b466ad9ed4176c38c86f14d31bdb7d4a50a922/PlotBrainmask".[0m
2026-03-27 06:13:41 |[34;20m INFO     [0m|[34;20m nipype.workflow  [0m|[34;20m [Node] Setting-up "_PlotMosaicZoomed0" in "/local/nvme/ds006401_04.783919/ds/tmp/mriqc_wf/funcMRIQC/func_report_wf/f4b466ad9ed4176c38c86f14d31bdb7d4a50a922/PlotMosaicZoomed/mapflow/_PlotMosaicZoomed0".[0m
2026-03-27 06:13:41 |[34;20m INFO     [0m|[34;20m nipype.workflow  [0m|[34;20m [Node] Executing "PlotBrainmask" <nireports.interfaces.mosaic.PlotContours>[0m
2026-03-27 06:13:41 |[34;20m INFO     [0m|[34;20m nipype.workflow  [0m|[34;20m [Node] Executing "_PlotMosaicZoomed0" <nireports.interfaces.mosaic.PlotMosaic>[0m
2026-03-27 06:13:43 |[34;20m INFO     [0m|[34;20m nipype.workflow  [0m|[34;20m [Node] Finished "_outliers0", elapsed time 5.567836s.[0m
2026-03-27 06:13:43 |[34;20m INFO     [0m|[34;20m nipype.workflow  [0m|[34;20m [Node] Finished "PlotBrainmask", elapsed time 1.739299s.[0m
2026-03-27 06:13:43 |[34;20m INFO     [0m|[34;20m nipype.workflow  [0m|[34;20m [Node] Setting-up "_ComputeDVARS0" in "/local/nvme/ds006401_04.783919/ds/tmp/mriqc_wf/funcMRIQC/ComputeIQMs/eb1abe8bd29eef52f944910b49ea6dc8e85bd8a9/ComputeDVARS/mapflow/_ComputeDVARS0".[0m
2026-03-27 06:13:43 |[34;20m INFO     [0m|[34;20m nipype.workflow  [0m|[34;20m [Node] Setting-up "_smoothness0" in "/local/nvme/ds006401_04.783919/ds/tmp/mriqc_wf/funcMRIQC/ComputeIQMs/eb1abe8bd29eef52f944910b49ea6dc8e85bd8a9/smoothness/mapflow/_smoothness0".[0m
2026-03-27 06:13:43 |[34;20m INFO     [0m|[34;20m nipype.workflow  [0m|[34;20m [Node] Executing "_ComputeDVARS0" <nipype.algorithms.confounds.ComputeDVARS>[0m
2026-03-27 06:13:43 |[34;20m INFO     [0m|[34;20m nipype.workflow  [0m|[34;20m [Node] Executing "_smoothness0" <nipype.interfaces.afni.utils.FWHMx>[0m
2026-03-27 06:13:43 |[34;20m INFO     [0m|[34;20m nipype.workflow  [0m|[34;20m [Node] Finished "_PlotMosaicZoomed0", elapsed time 2.142252s.[0m
2026-03-27 06:13:44 |[34;20m INFO     [0m|[34;20m nipype.workflow  [0m|[34;20m [Node] Finished "_smoothness0", elapsed time 0.68553s.[0m
2026-03-27 06:13:45 |[34;20m INFO     [0m|[34;20m nipype.workflow  [0m|[34;20m [Node] Finished "_outliers0", elapsed time 5.684035s.[0m
2026-03-27 06:13:45 |[34;20m INFO     [0m|[34;20m nipype.workflow  [0m|[34;20m [Node] Setting-up "_outliers0" in "/local/nvme/ds006401_04.783919/ds/tmp/mriqc_wf/funcMRIQC/ComputeIQMs/eb1abe8bd29eef52f944910b49ea6dc8e85bd8a9/outliers/mapflow/_outliers0".[0m
2026-03-27 06:13:45 |[34;20m INFO     [0m|[34;20m nipype.workflow  [0m|[34;20m [Node] Executing "_outliers0" <nipype.interfaces.afni.preprocess.OutlierCount>[0m
2026-03-27 06:13:45 |[34;20m INFO     [0m|[34;20m nipype.workflow  [0m|[34;20m [Node] Setting-up "_gcor0" in "/local/nvme/ds006401_04.783919/ds/tmp/mriqc_wf/funcMRIQC/ComputeIQMs/eb1abe8bd29eef52f944910b49ea6dc8e85bd8a9/gcor/mapflow/_gcor0".[0m
2026-03-27 06:13:45 |[34;20m INFO     [0m|[34;20m nipype.workflow  [0m|[34;20m [Node] Executing "_gcor0" <mriqc.interfaces.transitional.GCOR>[0m
2026-03-27 06:13:47 |[34;20m INFO     [0m|[34;20m nipype.workflow  [0m|[34;20m [Node] Setting-up "mriqc_wf.funcMRIQC.func_report_wf.dilated_mask" in "/local/nvme/ds006401_04.783919/ds/tmp/mriqc_wf/funcMRIQC/func_report_wf/eb1abe8bd29eef52f944910b49ea6dc8e85bd8a9/dilated_mask".[0m
2026-03-27 06:13:47 |[34;20m INFO     [0m|[34;20m nipype.workflow  [0m|[34;20m [Node] Executing "dilated_mask" <niworkflows.interfaces.morphology.BinaryDilation>[0m
2026-03-27 06:13:47 |[34;20m INFO     [0m|[34;20m nipype.workflow  [0m|[34;20m [Node] Finished "dilated_mask", elapsed time 0.026059s.[0m
2026-03-27 06:13:48 |[34;20m INFO     [0m|[34;20m nipype.workflow  [0m|[34;20m [Node] Finished "_gcor0", elapsed time 10.797559s.[0m
2026-03-27 06:13:49 |[34;20m INFO     [0m|[34;20m nipype.workflow  [0m|[34;20m [Node] Setting-up "mriqc_wf.funcMRIQC.func_report_wf.PlotBrainmask" in "/local/nvme/ds006401_04.783919/ds/tmp/mriqc_wf/funcMRIQC/func_report_wf/eb1abe8bd29eef52f944910b49ea6dc8e85bd8a9/PlotBrainmask".[0m
2026-03-27 06:13:49 |[34;20m INFO     [0m|[34;20m nipype.workflow  [0m|[34;20m [Node] Setting-up "_PlotMosaicZoomed0" in "/local/nvme/ds006401_04.783919/ds/tmp/mriqc_wf/funcMRIQC/func_report_wf/eb1abe8bd29eef52f944910b49ea6dc8e85bd8a9/PlotMosaicZoomed/mapflow/_PlotMosaicZoomed0".[0m
2026-03-27 06:13:49 |[34;20m INFO     [0m|[34;20m nipype.workflow  [0m|[34;20m [Node] Executing "PlotBrainmask" <nireports.interfaces.mosaic.PlotContours>[0m
2026-03-27 06:13:49 |[34;20m INFO     [0m|[34;20m nipype.workflow  [0m|[34;20m [Node] Executing "_PlotMosaicZoomed0" <nireports.interfaces.mosaic.PlotMosaic>[0m
2026-03-27 06:13:49 |[34;20m INFO     [0m|[34;20m nipype.workflow  [0m|[34;20m [Node] Finished "_gcor0", elapsed time 9.946236s.[0m
2026-03-27 06:13:50 |[34;20m INFO     [0m|[34;20m nipype.workflow  [0m|[34;20m [Node] Finished "PlotBrainmask", elapsed time 1.297438s.[0m
2026-03-27 06:13:50 |[34;20m INFO     [0m|[34;20m nipype.workflow  [0m|[34;20m [Node] Finished "_PlotMosaicZoomed0", elapsed time 1.336745s.[0m
2026-03-27 06:13:51 |[34;20m INFO     [0m|[34;20m nipype.workflow  [0m|[34;20m [Node] Setting-up "mriqc_wf.funcMRIQC.func_report_wf.ds_report_norm" in "/local/nvme/ds006401_04.783919/ds/tmp/mriqc_wf/funcMRIQC/func_report_wf/60330b42d5df24239e49c766a8e73e572dcc9223/ds_report_norm".[0m
2026-03-27 06:13:51 |[34;20m INFO     [0m|[34;20m nipype.workflow  [0m|[34;20m [Node] Setting-up "mriqc_wf.funcMRIQC.synthstrip_wf.final_masked" in "/local/nvme/ds006401_04.783919/ds/tmp/mriqc_wf/funcMRIQC/synthstrip_wf/60330b42d5df24239e49c766a8e73e572dcc9223/final_masked".[0m
2026-03-27 06:13:51 |[34;20m INFO     [0m|[34;20m nipype.workflow  [0m|[34;20m [Node] Setting-up "mriqc_wf.funcMRIQC.SpatialNormalization.ResampleSegmentation" in "/local/nvme/ds006401_04.783919/ds/tmp/mriqc_wf/funcMRIQC/SpatialNormalization/60330b42d5df24239e49c766a8e73e572dcc9223/ResampleSegmentation".[0m
2026-03-27 06:13:51 |[34;20m INFO     [0m|[34;20m nipype.workflow  [0m|[34;20m [Node] Executing "ds_report_norm" <mriqc.interfaces.DerivativesDataSink>[0m
2026-03-27 06:13:51 |[34;20m INFO     [0m|[34;20m nipype.workflow  [0m|[34;20m [Node] Executing "final_masked" <niworkflows.interfaces.nibabel.ApplyMask>[0m
2026-03-27 06:13:51 |[34;20m INFO     [0m|[34;20m nipype.workflow  [0m|[34;20m [Node] Executing "ResampleSegmentation" <nipype.interfaces.ants.resampling.ApplyTransforms>[0m
2026-03-27 06:13:51 |[34;20m INFO     [0m|[34;20m nipype.workflow  [0m|[34;20m [Node] Finished "ds_report_norm", elapsed time 0.005307s.[0m
2026-03-27 06:13:51 |[34;20m INFO     [0m|[34;20m nipype.workflow  [0m|[34;20m [Node] Finished "final_masked", elapsed time 0.039391s.[0m
2026-03-27 06:13:51 |[34;20m INFO     [0m|[34;20m nipype.workflow  [0m|[34;20m [Node] Setting-up "mriqc_wf.funcMRIQC.func_report_wf.subtract_mask" in "/local/nvme/ds006401_04.783919/ds/tmp/mriqc_wf/funcMRIQC/func_report_wf/60330b42d5df24239e49c766a8e73e572dcc9223/subtract_mask".[0m
2026-03-27 06:13:51 |[34;20m INFO     [0m|[34;20m nipype.workflow  [0m|[34;20m [Node] Executing "subtract_mask" <niworkflows.interfaces.morphology.BinarySubtraction>[0m
2026-03-27 06:13:51 |[34;20m INFO     [0m|[34;20m nipype.workflow  [0m|[34;20m [Node] Finished "subtract_mask", elapsed time 0.015483s.[0m
2026-03-27 06:13:52 |[34;20m INFO     [0m|[34;20m nipype.workflow  [0m|[34;20m [Node] Finished "_outliers0", elapsed time 6.645064s.[0m
2026-03-27 06:13:53 |[34;20m INFO     [0m|[34;20m nipype.workflow  [0m|[34;20m [Node] Setting-up "_ds_report_zoomed0" in "/local/nvme/ds006401_04.783919/ds/tmp/mriqc_wf/funcMRIQC/func_report_wf/60330b42d5df24239e49c766a8e73e572dcc9223/ds_report_zoomed/mapflow/_ds_report_zoomed0".[0m
2026-03-27 06:13:53 |[34;20m INFO     [0m|[34;20m nipype.workflow  [0m|[34;20m [Node] Executing "_ds_report_zoomed0" <mriqc.interfaces.DerivativesDataSink>[0m
2026-03-27 06:13:53 |[34;20m INFO     [0m|[34;20m nipype.workflow  [0m|[34;20m [Node] Finished "_ds_report_zoomed0", elapsed time 0.005381s.[0m
2026-03-27 06:13:53 |[34;20m INFO     [0m|[34;20m nipype.workflow  [0m|[34;20m [Node] Setting-up "mriqc_wf.funcMRIQC.func_report_wf.ds_report_bmask" in "/local/nvme/ds006401_04.783919/ds/tmp/mriqc_wf/funcMRIQC/func_report_wf/60330b42d5df24239e49c766a8e73e572dcc9223/ds_report_bmask".[0m
2026-03-27 06:13:53 |[34;20m INFO     [0m|[34;20m nipype.workflow  [0m|[34;20m [Node] Executing "ds_report_bmask" <mriqc.interfaces.DerivativesDataSink>[0m
2026-03-27 06:13:53 |[34;20m INFO     [0m|[34;20m nipype.workflow  [0m|[34;20m [Node] Finished "ds_report_bmask", elapsed time 0.005287s.[0m
2026-03-27 06:13:53 |[34;20m INFO     [0m|[34;20m nipype.workflow  [0m|[34;20m [Node] Setting-up "mriqc_wf.funcMRIQC.func_report_wf.subtract_mask" in "/local/nvme/ds006401_04.783919/ds/tmp/mriqc_wf/funcMRIQC/func_report_wf/f4b466ad9ed4176c38c86f14d31bdb7d4a50a922/subtract_mask".[0m
2026-03-27 06:13:53 |[34;20m INFO     [0m|[34;20m nipype.workflow  [0m|[34;20m [Node] Setting-up "_ds_report_zoomed0" in "/local/nvme/ds006401_04.783919/ds/tmp/mriqc_wf/funcMRIQC/func_report_wf/f4b466ad9ed4176c38c86f14d31bdb7d4a50a922/ds_report_zoomed/mapflow/_ds_report_zoomed0".[0m
2026-03-27 06:13:53 |[34;20m INFO     [0m|[34;20m nipype.workflow  [0m|[34;20m [Node] Executing "subtract_mask" <niworkflows.interfaces.morphology.BinarySubtraction>[0m
2026-03-27 06:13:53 |[34;20m INFO     [0m|[34;20m nipype.workflow  [0m|[34;20m [Node] Executing "_ds_report_zoomed0" <mriqc.interfaces.DerivativesDataSink>[0m
2026-03-27 06:13:53 |[34;20m INFO     [0m|[34;20m nipype.workflow  [0m|[34;20m [Node] Finished "_ds_report_zoomed0", elapsed time 0.005246s.[0m
2026-03-27 06:13:53 |[34;20m INFO     [0m|[34;20m nipype.workflow  [0m|[34;20m [Node] Finished "subtract_mask", elapsed time 0.012676s.[0m
2026-03-27 06:13:53 |[34;20m INFO     [0m|[34;20m nipype.workflow  [0m|[34;20m [Node] Setting-up "mriqc_wf.funcMRIQC.func_report_wf.ds_report_bmask" in "/local/nvme/ds006401_04.783919/ds/tmp/mriqc_wf/funcMRIQC/func_report_wf/f4b466ad9ed4176c38c86f14d31bdb7d4a50a922/ds_report_bmask".[0m
2026-03-27 06:13:53 |[34;20m INFO     [0m|[34;20m nipype.workflow  [0m|[34;20m [Node] Executing "ds_report_bmask" <mriqc.interfaces.DerivativesDataSink>[0m
2026-03-27 06:13:53 |[34;20m INFO     [0m|[34;20m nipype.workflow  [0m|[34;20m [Node] Finished "ds_report_bmask", elapsed time 0.005214s.[0m
2026-03-27 06:13:53 |[34;20m INFO     [0m|[34;20m nipype.workflow  [0m|[34;20m [Node] Setting-up "mriqc_wf.funcMRIQC.func_report_wf.subtract_mask" in "/local/nvme/ds006401_04.783919/ds/tmp/mriqc_wf/funcMRIQC/func_report_wf/eb1abe8bd29eef52f944910b49ea6dc8e85bd8a9/subtract_mask".[0m
2026-03-27 06:13:53 |[34;20m INFO     [0m|[34;20m nipype.workflow  [0m|[34;20m [Node] Executing "subtract_mask" <niworkflows.interfaces.morphology.BinarySubtraction>[0m
2026-03-27 06:13:53 |[34;20m INFO     [0m|[34;20m nipype.workflow  [0m|[34;20m [Node] Setting-up "_ds_report_zoomed0" in "/local/nvme/ds006401_04.783919/ds/tmp/mriqc_wf/funcMRIQC/func_report_wf/eb1abe8bd29eef52f944910b49ea6dc8e85bd8a9/ds_report_zoomed/mapflow/_ds_report_zoomed0".[0m
2026-03-27 06:13:53 |[34;20m INFO     [0m|[34;20m nipype.workflow  [0m|[34;20m [Node] Executing "_ds_report_zoomed0" <mriqc.interfaces.DerivativesDataSink>[0m
2026-03-27 06:13:53 |[34;20m INFO     [0m|[34;20m nipype.workflow  [0m|[34;20m [Node] Finished "_ds_report_zoomed0", elapsed time 0.005198s.[0m
2026-03-27 06:13:53 |[34;20m INFO     [0m|[34;20m nipype.workflow  [0m|[34;20m [Node] Finished "subtract_mask", elapsed time 0.01285s.[0m
2026-03-27 06:13:54 |[34;20m INFO     [0m|[34;20m nipype.workflow  [0m|[34;20m [Node] Setting-up "mriqc_wf.funcMRIQC.func_report_wf.ds_report_bmask" in "/local/nvme/ds006401_04.783919/ds/tmp/mriqc_wf/funcMRIQC/func_report_wf/eb1abe8bd29eef52f944910b49ea6dc8e85bd8a9/ds_report_bmask".[0m
2026-03-27 06:13:54 |[34;20m INFO     [0m|[34;20m nipype.workflow  [0m|[34;20m [Node] Executing "ds_report_bmask" <mriqc.interfaces.DerivativesDataSink>[0m
2026-03-27 06:13:54 |[34;20m INFO     [0m|[34;20m nipype.workflow  [0m|[34;20m [Node] Finished "ds_report_bmask", elapsed time 0.005116s.[0m
2026-03-27 06:13:54 |[34;20m INFO     [0m|[34;20m nipype.workflow  [0m|[34;20m [Node] Finished "ResampleSegmentation", elapsed time 3.165155s.[0m
2026-03-27 06:13:55 |[34;20m INFO     [0m|[34;20m nipype.workflow  [0m|[34;20m [Node] Setting-up "mriqc_wf.funcMRIQC.func_report_wf.parcels" in "/local/nvme/ds006401_04.783919/ds/tmp/mriqc_wf/funcMRIQC/func_report_wf/60330b42d5df24239e49c766a8e73e572dcc9223/parcels".[0m
2026-03-27 06:13:55 |[34;20m INFO     [0m|[34;20m nipype.workflow  [0m|[34;20m [Node] Executing "parcels" <nipype.interfaces.utility.wrappers.Function>[0m
2026-03-27 06:13:55 |[34;20m INFO     [0m|[34;20m nipype.workflow  [0m|[34;20m [Node] Finished "parcels", elapsed time 0.02959s.[0m
2026-03-27 06:13:56 |[34;20m INFO     [0m|[34;20m nipype.workflow  [0m|[34;20m [Node] Finished "_ComputeDVARS0", elapsed time 18.676636s.[0m
2026-03-27 06:13:56 |[34;20m INFO     [0m|[34;20m nipype.workflow  [0m|[34;20m [Node] Finished "_ComputeDVARS0", elapsed time 18.758954s.[0m
2026-03-27 06:13:57 |[34;20m INFO     [0m|[34;20m nipype.workflow  [0m|[34;20m [Node] Setting-up "_measures0" in "/local/nvme/ds006401_04.783919/ds/tmp/mriqc_wf/funcMRIQC/ComputeIQMs/60330b42d5df24239e49c766a8e73e572dcc9223/measures/mapflow/_measures0".[0m
2026-03-27 06:13:57 |[34;20m INFO     [0m|[34;20m nipype.workflow  [0m|[34;20m [Node] Setting-up "_timeseries0" in "/local/nvme/ds006401_04.783919/ds/tmp/mriqc_wf/funcMRIQC/ComputeIQMs/60330b42d5df24239e49c766a8e73e572dcc9223/timeseries/mapflow/_timeseries0".[0m
2026-03-27 06:13:57 |[34;20m INFO     [0m|[34;20m nipype.workflow  [0m|[34;20m [Node] Executing "_measures0" <mriqc.interfaces.functional.FunctionalQC>[0m
2026-03-27 06:13:57 |[34;20m INFO     [0m|[34;20m nipype.workflow  [0m|[34;20m [Node] Executing "_timeseries0" <mriqc.interfaces.functional.GatherTimeseries>[0m
2026-03-27 06:13:57 |[34;20m INFO     [0m|[34;20m nipype.workflow  [0m|[34;20m [Node] Setting-up "_timeseries0" in "/local/nvme/ds006401_04.783919/ds/tmp/mriqc_wf/funcMRIQC/ComputeIQMs/f4b466ad9ed4176c38c86f14d31bdb7d4a50a922/timeseries/mapflow/_timeseries0".[0m
2026-03-27 06:13:57 |[34;20m INFO     [0m|[34;20m nipype.workflow  [0m|[34;20m [Node] Executing "_timeseries0" <mriqc.interfaces.functional.GatherTimeseries>[0m
2026-03-27 06:13:57 |[34;20m INFO     [0m|[34;20m nipype.workflow  [0m|[34;20m [Node] Finished "_timeseries0", elapsed time 0.020974s.[0m
2026-03-27 06:13:57 |[34;20m INFO     [0m|[34;20m nipype.workflow  [0m|[34;20m [Node] Finished "_timeseries0", elapsed time 0.031966s.[0m
2026-03-27 06:13:57 |[34;20m INFO     [0m|[34;20m nipype.workflow  [0m|[34;20m [Node] Finished "_gcor0", elapsed time 12.271405s.[0m
2026-03-27 06:13:59 |[34;20m INFO     [0m|[34;20m nipype.workflow  [0m|[34;20m [Node] Setting-up "_ds_timeseries0" in "/local/nvme/ds006401_04.783919/ds/tmp/mriqc_wf/funcMRIQC/ComputeIQMs/60330b42d5df24239e49c766a8e73e572dcc9223/ds_timeseries/mapflow/_ds_timeseries0".[0m
2026-03-27 06:13:59 |[34;20m INFO     [0m|[34;20m nipype.workflow  [0m|[34;20m [Node] Executing "_ds_timeseries0" <mriqc.interfaces.DerivativesDataSink>[0m
2026-03-27 06:13:59 |[34;20m INFO     [0m|[34;20m nipype.workflow  [0m|[34;20m [Node] Finished "_ds_timeseries0", elapsed time 0.004887s.[0m
2026-03-27 06:13:59 |[34;20m INFO     [0m|[34;20m nipype.workflow  [0m|[34;20m [Node] Setting-up "_ds_timeseries0" in "/local/nvme/ds006401_04.783919/ds/tmp/mriqc_wf/funcMRIQC/ComputeIQMs/f4b466ad9ed4176c38c86f14d31bdb7d4a50a922/ds_timeseries/mapflow/_ds_timeseries0".[0m
2026-03-27 06:13:59 |[34;20m INFO     [0m|[34;20m nipype.workflow  [0m|[34;20m [Node] Executing "_ds_timeseries0" <mriqc.interfaces.DerivativesDataSink>[0m
2026-03-27 06:13:59 |[34;20m INFO     [0m|[34;20m nipype.workflow  [0m|[34;20m [Node] Finished "_ds_timeseries0", elapsed time 0.004635s.[0m
2026-03-27 06:13:59 |[34;20m INFO     [0m|[34;20m nipype.workflow  [0m|[34;20m [Node] Setting-up "_BigPlot0" in "/local/nvme/ds006401_04.783919/ds/tmp/mriqc_wf/funcMRIQC/func_report_wf/60330b42d5df24239e49c766a8e73e572dcc9223/BigPlot/mapflow/_BigPlot0".[0m
2026-03-27 06:13:59 |[34;20m INFO     [0m|[34;20m nipype.workflow  [0m|[34;20m [Node] Executing "_BigPlot0" <nireports.interfaces.fmri.FMRISummary>[0m
2026-03-27 06:14:00 |[34;20m INFO     [0m|[34;20m nipype.workflow  [0m|[34;20m [Node] Finished "_measures0", elapsed time 2.982542s.[0m
2026-03-27 06:14:01 |[34;20m INFO     [0m|[34;20m nipype.workflow  [0m|[34;20m [Node] Setting-up "_measures0" in "/local/nvme/ds006401_04.783919/ds/tmp/mriqc_wf/funcMRIQC/ComputeIQMs/f4b466ad9ed4176c38c86f14d31bdb7d4a50a922/measures/mapflow/_measures0".[0m
2026-03-27 06:14:01 |[34;20m INFO     [0m|[34;20m nipype.workflow  [0m|[34;20m [Node] Executing "_measures0" <mriqc.interfaces.functional.FunctionalQC>[0m
2026-03-27 06:14:01 |[34;20m INFO     [0m|[34;20m nipype.workflow  [0m|[34;20m [Node] Setting-up "_datasink0" in "/local/nvme/ds006401_04.783919/ds/tmp/mriqc_wf/funcMRIQC/ComputeIQMs/60330b42d5df24239e49c766a8e73e572dcc9223/datasink/mapflow/_datasink0".[0m
2026-03-27 06:14:01 |[34;20m INFO     [0m|[34;20m nipype.workflow  [0m|[34;20m [Node] Executing "_datasink0" <mriqc.interfaces.bids.IQMFileSink>[0m
2026-03-27 06:14:01 |[34;20m INFO     [0m|[34;20m nipype.workflow  [0m|[34;20m [Node] Finished "_datasink0", elapsed time 0.001609s.[0m
2026-03-27 06:14:04 |[34;20m INFO     [0m|[34;20m nipype.workflow  [0m|[34;20m [Node] Finished "_measures0", elapsed time 2.767607s.[0m
2026-03-27 06:14:05 |[34;20m INFO     [0m|[34;20m nipype.workflow  [0m|[34;20m [Node] Setting-up "_datasink0" in "/local/nvme/ds006401_04.783919/ds/tmp/mriqc_wf/funcMRIQC/ComputeIQMs/f4b466ad9ed4176c38c86f14d31bdb7d4a50a922/datasink/mapflow/_datasink0".[0m
2026-03-27 06:14:05 |[34;20m INFO     [0m|[34;20m nipype.workflow  [0m|[34;20m [Node] Executing "_datasink0" <mriqc.interfaces.bids.IQMFileSink>[0m
2026-03-27 06:14:05 |[34;20m INFO     [0m|[34;20m nipype.workflow  [0m|[34;20m [Node] Finished "_datasink0", elapsed time 0.000696s.[0m
2026-03-27 06:14:06 |[34;20m INFO     [0m|[34;20m nipype.workflow  [0m|[34;20m [Node] Finished "_BigPlot0", elapsed time 6.276255s.[0m
2026-03-27 06:14:06 |[34;20m INFO     [0m|[34;20m nipype.workflow  [0m|[34;20m [Node] Finished "_ComputeDVARS0", elapsed time 22.599294s.[0m
2026-03-27 06:14:07 |[34;20m INFO     [0m|[34;20m nipype.workflow  [0m|[34;20m [Node] Setting-up "mriqc_wf.funcMRIQC.synthstrip_wf.post_n4" in "/local/nvme/ds006401_04.783919/ds/tmp/mriqc_wf/funcMRIQC/synthstrip_wf/f4b466ad9ed4176c38c86f14d31bdb7d4a50a922/post_n4".[0m
2026-03-27 06:14:07 |[34;20m INFO     [0m|[34;20m nipype.workflow  [0m|[34;20m [Node] Executing "post_n4" <nipype.interfaces.ants.segmentation.N4BiasFieldCorrection>[0m
2026-03-27 06:14:08 |[34;20m INFO     [0m|[34;20m nipype.workflow  [0m|[34;20m [Node] Finished "post_n4", elapsed time 1.0732949999999999s.[0m
2026-03-27 06:14:09 |[34;20m INFO     [0m|[34;20m nipype.workflow  [0m|[34;20m [Node] Setting-up "mriqc_wf.funcMRIQC.SpatialNormalization.EPI2MNI" in "/local/nvme/ds006401_04.783919/ds/tmp/mriqc_wf/funcMRIQC/SpatialNormalization/f4b466ad9ed4176c38c86f14d31bdb7d4a50a922/EPI2MNI".[0m
2026-03-27 06:14:09 |[34;20m INFO     [0m|[34;20m nipype.workflow  [0m|[34;20m [Node] Executing "EPI2MNI" <niworkflows.interfaces.reportlets.registration.SpatialNormalizationRPT>[0m
2026-03-27 06:14:09 |[34;20m INFO     [0m|[34;20m niworkflows      [0m|[34;20m Estimating initial transform using AffineInitializer[0m
2026-03-27 06:14:15 |[34;20m INFO     [0m|[34;20m niworkflows      [0m|[34;20m Loading settings from file /opt/conda/lib/python3.11/site-packages/niworkflows/data/boldref-mni_registration_precise_000.json.[0m
2026-03-27 06:14:15 |[34;20m INFO     [0m|[34;20m niworkflows      [0m|[34;20m Retry #1, commandline: 
antsRegistration --collapse-output-transforms 1 --dimensionality 3 --float 0 --initial-moving-transform [ /local/nvme/ds006401_04.783919/ds/tmp/mriqc_wf/funcMRIQC/SpatialNormalization/f4b466ad9ed4176c38c86f14d31bdb7d4a50a922/EPI2MNI/transform.mat, 0 ] --initialize-transforms-per-stage 0 --interpolation LanczosWindowedSinc --output [ epi_to_mni, epi_to_mni_Warped.nii.gz ] --transform Rigid[ 0.05 ] --metric Mattes[ /templateflow/tpl-MNI152NLin2009cAsym/tpl-MNI152NLin2009cAsym_res-02_desc-fMRIPrep_boldref.nii.gz, /local/nvme/ds006401_04.783919/ds/tmp/mriqc_wf/funcMRIQC/SpatialNormalization/f4b466ad9ed4176c38c86f14d31bdb7d4a50a922/SharpenEPI/sub-04_ses-01_task-mid_run-02_bold_desc-realigned_valid_tstat_corrected.nii.gz, 1, 56, Regular, 0.25 ] --convergence [ 10000x1000x100, 1e-06, 20 ] --smoothing-sigmas 4.0x2.0x1.0vox --shrink-factors 4x2x1 --use-histogram-matching 1 --masks [ /templateflow/tpl-MNI152NLin2009cAsym/tpl-MNI152NLin2009cAsym_res-02_desc-brain_mask.nii.gz, /local/nvme/ds006401_04.783919/ds/tmp/mriqc_wf/funcMRIQC/synthstrip_wf/f4b466ad9ed4176c38c86f14d31bdb7d4a50a922/synthstrip/clipped_corrected_desc-brain_mask.nii.gz ] --transform Affine[ 0.08 ] --metric Mattes[ /templateflow/tpl-MNI152NLin2009cAsym/tpl-MNI152NLin2009cAsym_res-02_desc-fMRIPrep_boldref.nii.gz, /local/nvme/ds006401_04.783919/ds/tmp/mriqc_wf/funcMRIQC/SpatialNormalization/f4b466ad9ed4176c38c86f14d31bdb7d4a50a922/SharpenEPI/sub-04_ses-01_task-mid_run-02_bold_desc-realigned_valid_tstat_corrected.nii.gz, 1, 56, Regular, 0.25 ] --convergence [ 500x250x100, 1e-06, 20 ] --smoothing-sigmas 4.0x2.0x1.0vox --shrink-factors 8x4x2 --use-histogram-matching 1 --masks [ /templateflow/tpl-MNI152NLin2009cAsym/tpl-MNI152NLin2009cAsym_res-02_desc-brain_mask.nii.gz, /local/nvme/ds006401_04.783919/ds/tmp/mriqc_wf/funcMRIQC/synthstrip_wf/f4b466ad9ed4176c38c86f14d31bdb7d4a50a922/synthstrip/clipped_corrected_desc-brain_mask.nii.gz ] --transform SyN[ 0.1, 3.0, 0.0 ] --metric CC[ /templateflow/tpl-MNI152NLin2009cAsym/tpl-MNI152NLin2009cAsym_res-02_desc-fMRIPrep_boldref.nii.gz, /local/nvme/ds006401_04.783919/ds/tmp/mriqc_wf/funcMRIQC/SpatialNormalization/f4b466ad9ed4176c38c86f14d31bdb7d4a50a922/SharpenEPI/sub-04_ses-01_task-mid_run-02_bold_desc-realigned_valid_tstat_corrected.nii.gz, 1, 4, None, 1 ] --convergence [ 100x30x20, 1e-06, 10 ] --smoothing-sigmas 3.0x2.0x1.0vox --shrink-factors 8x4x2 --use-histogram-matching 1 --masks [ /templateflow/tpl-MNI152NLin2009cAsym/tpl-MNI152NLin2009cAsym_res-02_desc-brain_mask.nii.gz, /local/nvme/ds006401_04.783919/ds/tmp/mriqc_wf/funcMRIQC/synthstrip_wf/f4b466ad9ed4176c38c86f14d31bdb7d4a50a922/synthstrip/clipped_corrected_desc-brain_mask.nii.gz ] --winsorize-image-intensities [ 0.005, 0.995 ]  --write-composite-transform 1[0m
2026-03-27 06:14:27 |[34;20m INFO     [0m|[34;20m niworkflows      [0m|[34;20m Successful spatial normalization (retry #1).[0m
2026-03-27 06:14:27 |[34;20m INFO     [0m|[34;20m niworkflows      [0m|[34;20m Report - setting fixed (/templateflow/tpl-MNI152NLin2009cAsym/tpl-MNI152NLin2009cAsym_res-02_desc-fMRIPrep_boldref.nii.gz) and moving (/local/nvme/ds006401_04.783919/ds/tmp/mriqc_wf/funcMRIQC/SpatialNormalization/f4b466ad9ed4176c38c86f14d31bdb7d4a50a922/EPI2MNI/epi_to_mni_Warped.nii.gz) images[0m
2026-03-27 06:14:27 |[34;20m INFO     [0m|[34;20m niworkflows      [0m|[34;20m Generating visual report[0m
2026-03-27 06:14:43 |[34;20m INFO     [0m|[34;20m nipype.workflow  [0m|[34;20m [Node] Finished "EPI2MNI", elapsed time 33.653881s.[0m
2026-03-27 06:14:43 |[34;20m INFO     [0m|[34;20m nipype.workflow  [0m|[34;20m [Node] Setting-up "mriqc_wf.funcMRIQC.synthstrip_wf.post_n4" in "/local/nvme/ds006401_04.783919/ds/tmp/mriqc_wf/funcMRIQC/synthstrip_wf/eb1abe8bd29eef52f944910b49ea6dc8e85bd8a9/post_n4".[0m
2026-03-27 06:14:43 |[34;20m INFO     [0m|[34;20m nipype.workflow  [0m|[34;20m [Node] Executing "post_n4" <nipype.interfaces.ants.segmentation.N4BiasFieldCorrection>[0m
2026-03-27 06:14:44 |[34;20m INFO     [0m|[34;20m nipype.workflow  [0m|[34;20m [Node] Finished "post_n4", elapsed time 1.289407s.[0m
2026-03-27 06:14:45 |[34;20m INFO     [0m|[34;20m nipype.workflow  [0m|[34;20m [Node] Setting-up "mriqc_wf.funcMRIQC.SpatialNormalization.EPI2MNI" in "/local/nvme/ds006401_04.783919/ds/tmp/mriqc_wf/funcMRIQC/SpatialNormalization/eb1abe8bd29eef52f944910b49ea6dc8e85bd8a9/EPI2MNI".[0m
2026-03-27 06:14:45 |[34;20m INFO     [0m|[34;20m nipype.workflow  [0m|[34;20m [Node] Executing "EPI2MNI" <niworkflows.interfaces.reportlets.registration.SpatialNormalizationRPT>[0m
2026-03-27 06:14:45 |[34;20m INFO     [0m|[34;20m niworkflows      [0m|[34;20m Estimating initial transform using AffineInitializer[0m
2026-03-27 06:14:51 |[34;20m INFO     [0m|[34;20m niworkflows      [0m|[34;20m Terminal outputs of initialization saved (/local/nvme/ds006401_04.783919/ds/tmp/mriqc_wf/funcMRIQC/SpatialNormalization/eb1abe8bd29eef52f944910b49ea6dc8e85bd8a9/EPI2MNI/stderr.nipype-init).[0m
2026-03-27 06:14:51 |[34;20m INFO     [0m|[34;20m niworkflows      [0m|[34;20m Loading settings from file /opt/conda/lib/python3.11/site-packages/niworkflows/data/boldref-mni_registration_precise_000.json.[0m
2026-03-27 06:14:51 |[34;20m INFO     [0m|[34;20m niworkflows      [0m|[34;20m Retry #1, commandline: 
antsRegistration --collapse-output-transforms 1 --dimensionality 3 --float 0 --initial-moving-transform [ /local/nvme/ds006401_04.783919/ds/tmp/mriqc_wf/funcMRIQC/SpatialNormalization/eb1abe8bd29eef52f944910b49ea6dc8e85bd8a9/EPI2MNI/transform.mat, 0 ] --initialize-transforms-per-stage 0 --interpolation LanczosWindowedSinc --output [ epi_to_mni, epi_to_mni_Warped.nii.gz ] --transform Rigid[ 0.05 ] --metric Mattes[ /templateflow/tpl-MNI152NLin2009cAsym/tpl-MNI152NLin2009cAsym_res-02_desc-fMRIPrep_boldref.nii.gz, /local/nvme/ds006401_04.783919/ds/tmp/mriqc_wf/funcMRIQC/SpatialNormalization/eb1abe8bd29eef52f944910b49ea6dc8e85bd8a9/SharpenEPI/sub-04_ses-01_task-tom_bold_desc-realigned_valid_tstat_corrected.nii.gz, 1, 56, Regular, 0.25 ] --convergence [ 10000x1000x100, 1e-06, 20 ] --smoothing-sigmas 4.0x2.0x1.0vox --shrink-factors 4x2x1 --use-histogram-matching 1 --masks [ /templateflow/tpl-MNI152NLin2009cAsym/tpl-MNI152NLin2009cAsym_res-02_desc-brain_mask.nii.gz, /local/nvme/ds006401_04.783919/ds/tmp/mriqc_wf/funcMRIQC/synthstrip_wf/eb1abe8bd29eef52f944910b49ea6dc8e85bd8a9/synthstrip/clipped_corrected_desc-brain_mask.nii.gz ] --transform Affine[ 0.08 ] --metric Mattes[ /templateflow/tpl-MNI152NLin2009cAsym/tpl-MNI152NLin2009cAsym_res-02_desc-fMRIPrep_boldref.nii.gz, /local/nvme/ds006401_04.783919/ds/tmp/mriqc_wf/funcMRIQC/SpatialNormalization/eb1abe8bd29eef52f944910b49ea6dc8e85bd8a9/SharpenEPI/sub-04_ses-01_task-tom_bold_desc-realigned_valid_tstat_corrected.nii.gz, 1, 56, Regular, 0.25 ] --convergence [ 500x250x100, 1e-06, 20 ] --smoothing-sigmas 4.0x2.0x1.0vox --shrink-factors 8x4x2 --use-histogram-matching 1 --masks [ /templateflow/tpl-MNI152NLin2009cAsym/tpl-MNI152NLin2009cAsym_res-02_desc-brain_mask.nii.gz, /local/nvme/ds006401_04.783919/ds/tmp/mriqc_wf/funcMRIQC/synthstrip_wf/eb1abe8bd29eef52f944910b49ea6dc8e85bd8a9/synthstrip/clipped_corrected_desc-brain_mask.nii.gz ] --transform SyN[ 0.1, 3.0, 0.0 ] --metric CC[ /templateflow/tpl-MNI152NLin2009cAsym/tpl-MNI152NLin2009cAsym_res-02_desc-fMRIPrep_boldref.nii.gz, /local/nvme/ds006401_04.783919/ds/tmp/mriqc_wf/funcMRIQC/SpatialNormalization/eb1abe8bd29eef52f944910b49ea6dc8e85bd8a9/SharpenEPI/sub-04_ses-01_task-tom_bold_desc-realigned_valid_tstat_corrected.nii.gz, 1, 4, None, 1 ] --convergence [ 100x30x20, 1e-06, 10 ] --smoothing-sigmas 3.0x2.0x1.0vox --shrink-factors 8x4x2 --use-histogram-matching 1 --masks [ /templateflow/tpl-MNI152NLin2009cAsym/tpl-MNI152NLin2009cAsym_res-02_desc-brain_mask.nii.gz, /local/nvme/ds006401_04.783919/ds/tmp/mriqc_wf/funcMRIQC/synthstrip_wf/eb1abe8bd29eef52f944910b49ea6dc8e85bd8a9/synthstrip/clipped_corrected_desc-brain_mask.nii.gz ] --winsorize-image-intensities [ 0.005, 0.995 ]  --write-composite-transform 1[0m
2026-03-27 06:15:03 |[34;20m INFO     [0m|[34;20m niworkflows      [0m|[34;20m Successful spatial normalization (retry #1).[0m
2026-03-27 06:15:03 |[34;20m INFO     [0m|[34;20m niworkflows      [0m|[34;20m Report - setting fixed (/templateflow/tpl-MNI152NLin2009cAsym/tpl-MNI152NLin2009cAsym_res-02_desc-fMRIPrep_boldref.nii.gz) and moving (/local/nvme/ds006401_04.783919/ds/tmp/mriqc_wf/funcMRIQC/SpatialNormalization/eb1abe8bd29eef52f944910b49ea6dc8e85bd8a9/EPI2MNI/epi_to_mni_Warped.nii.gz) images[0m
2026-03-27 06:15:03 |[34;20m INFO     [0m|[34;20m niworkflows      [0m|[34;20m Generating visual report[0m
2026-03-27 06:15:19 |[34;20m INFO     [0m|[34;20m nipype.workflow  [0m|[34;20m [Node] Finished "EPI2MNI", elapsed time 33.526587s.[0m
2026-03-27 06:15:19 |[34;20m INFO     [0m|[34;20m nipype.workflow  [0m|[34;20m [Node] Setting-up "mriqc_wf.funcMRIQC.func_report_wf.ds_report_norm" in "/local/nvme/ds006401_04.783919/ds/tmp/mriqc_wf/funcMRIQC/func_report_wf/f4b466ad9ed4176c38c86f14d31bdb7d4a50a922/ds_report_norm".[0m
2026-03-27 06:15:19 |[34;20m INFO     [0m|[34;20m nipype.workflow  [0m|[34;20m [Node] Setting-up "mriqc_wf.funcMRIQC.synthstrip_wf.final_masked" in "/local/nvme/ds006401_04.783919/ds/tmp/mriqc_wf/funcMRIQC/synthstrip_wf/f4b466ad9ed4176c38c86f14d31bdb7d4a50a922/final_masked".[0m
2026-03-27 06:15:19 |[34;20m INFO     [0m|[34;20m nipype.workflow  [0m|[34;20m [Node] Setting-up "mriqc_wf.funcMRIQC.SpatialNormalization.ResampleSegmentation" in "/local/nvme/ds006401_04.783919/ds/tmp/mriqc_wf/funcMRIQC/SpatialNormalization/f4b466ad9ed4176c38c86f14d31bdb7d4a50a922/ResampleSegmentation".[0m
2026-03-27 06:15:19 |[34;20m INFO     [0m|[34;20m nipype.workflow  [0m|[34;20m [Node] Executing "ds_report_norm" <mriqc.interfaces.DerivativesDataSink>[0m
2026-03-27 06:15:19 |[34;20m INFO     [0m|[34;20m nipype.workflow  [0m|[34;20m [Node] Executing "ResampleSegmentation" <nipype.interfaces.ants.resampling.ApplyTransforms>[0m
2026-03-27 06:15:19 |[34;20m INFO     [0m|[34;20m nipype.workflow  [0m|[34;20m [Node] Executing "final_masked" <niworkflows.interfaces.nibabel.ApplyMask>[0m
2026-03-27 06:15:19 |[34;20m INFO     [0m|[34;20m nipype.workflow  [0m|[34;20m [Node] Finished "ds_report_norm", elapsed time 0.005209s.[0m
2026-03-27 06:15:19 |[34;20m INFO     [0m|[34;20m nipype.workflow  [0m|[34;20m [Node] Finished "final_masked", elapsed time 0.040146s.[0m
2026-03-27 06:15:19 |[34;20m INFO     [0m|[34;20m nipype.workflow  [0m|[34;20m [Node] Setting-up "mriqc_wf.funcMRIQC.func_report_wf.ds_report_norm" in "/local/nvme/ds006401_04.783919/ds/tmp/mriqc_wf/funcMRIQC/func_report_wf/eb1abe8bd29eef52f944910b49ea6dc8e85bd8a9/ds_report_norm".[0m
2026-03-27 06:15:19 |[34;20m INFO     [0m|[34;20m nipype.workflow  [0m|[34;20m [Node] Setting-up "mriqc_wf.funcMRIQC.synthstrip_wf.final_masked" in "/local/nvme/ds006401_04.783919/ds/tmp/mriqc_wf/funcMRIQC/synthstrip_wf/eb1abe8bd29eef52f944910b49ea6dc8e85bd8a9/final_masked".[0m
2026-03-27 06:15:19 |[34;20m INFO     [0m|[34;20m nipype.workflow  [0m|[34;20m [Node] Setting-up "mriqc_wf.funcMRIQC.SpatialNormalization.ResampleSegmentation" in "/local/nvme/ds006401_04.783919/ds/tmp/mriqc_wf/funcMRIQC/SpatialNormalization/eb1abe8bd29eef52f944910b49ea6dc8e85bd8a9/ResampleSegmentation".[0m
2026-03-27 06:15:19 |[34;20m INFO     [0m|[34;20m nipype.workflow  [0m|[34;20m [Node] Executing "final_masked" <niworkflows.interfaces.nibabel.ApplyMask>[0m
2026-03-27 06:15:19 |[34;20m INFO     [0m|[34;20m nipype.workflow  [0m|[34;20m [Node] Executing "ds_report_norm" <mriqc.interfaces.DerivativesDataSink>[0m
2026-03-27 06:15:19 |[34;20m INFO     [0m|[34;20m nipype.workflow  [0m|[34;20m [Node] Executing "ResampleSegmentation" <nipype.interfaces.ants.resampling.ApplyTransforms>[0m
2026-03-27 06:15:19 |[34;20m INFO     [0m|[34;20m nipype.workflow  [0m|[34;20m [Node] Finished "ds_report_norm", elapsed time 0.005061s.[0m
2026-03-27 06:15:19 |[34;20m INFO     [0m|[34;20m nipype.workflow  [0m|[34;20m [Node] Finished "final_masked", elapsed time 0.038102s.[0m
2026-03-27 06:15:19 |[34;20m INFO     [0m|[34;20m nipype.workflow  [0m|[34;20m [Node] Setting-up "_measures0" in "/local/nvme/ds006401_04.783919/ds/tmp/mriqc_wf/funcMRIQC/ComputeIQMs/eb1abe8bd29eef52f944910b49ea6dc8e85bd8a9/measures/mapflow/_measures0".[0m
2026-03-27 06:15:19 |[34;20m INFO     [0m|[34;20m nipype.workflow  [0m|[34;20m [Node] Executing "_measures0" <mriqc.interfaces.functional.FunctionalQC>[0m
2026-03-27 06:15:21 |[34;20m INFO     [0m|[34;20m nipype.workflow  [0m|[34;20m [Node] Setting-up "_ds_report_carpet0" in "/local/nvme/ds006401_04.783919/ds/tmp/mriqc_wf/funcMRIQC/func_report_wf/60330b42d5df24239e49c766a8e73e572dcc9223/ds_report_carpet/mapflow/_ds_report_carpet0".[0m
2026-03-27 06:15:21 |[34;20m INFO     [0m|[34;20m nipype.workflow  [0m|[34;20m [Node] Setting-up "_timeseries0" in "/local/nvme/ds006401_04.783919/ds/tmp/mriqc_wf/funcMRIQC/ComputeIQMs/eb1abe8bd29eef52f944910b49ea6dc8e85bd8a9/timeseries/mapflow/_timeseries0".[0m
2026-03-27 06:15:21 |[34;20m INFO     [0m|[34;20m nipype.workflow  [0m|[34;20m [Node] Executing "_ds_report_carpet0" <mriqc.interfaces.DerivativesDataSink>[0m
2026-03-27 06:15:21 |[34;20m INFO     [0m|[34;20m nipype.workflow  [0m|[34;20m [Node] Executing "_timeseries0" <mriqc.interfaces.functional.GatherTimeseries>[0m
2026-03-27 06:15:21 |[34;20m INFO     [0m|[34;20m nipype.workflow  [0m|[34;20m [Node] Finished "_ds_report_carpet0", elapsed time 0.005137s.[0m
2026-03-27 06:15:21 |[34;20m INFO     [0m|[34;20m nipype.workflow  [0m|[34;20m [Node] Finished "_timeseries0", elapsed time 0.025868s.[0m
2026-03-27 06:15:22 |[34;20m INFO     [0m|[34;20m nipype.workflow  [0m|[34;20m [Node] Finished "ResampleSegmentation", elapsed time 3.03816s.[0m
2026-03-27 06:15:22 |[34;20m INFO     [0m|[34;20m nipype.workflow  [0m|[34;20m [Node] Finished "ResampleSegmentation", elapsed time 3.040836s.[0m
2026-03-27 06:15:23 |[34;20m INFO     [0m|[34;20m nipype.workflow  [0m|[34;20m [Node] Setting-up "mriqc_wf.funcMRIQC.func_report_wf.parcels" in "/local/nvme/ds006401_04.783919/ds/tmp/mriqc_wf/funcMRIQC/func_report_wf/f4b466ad9ed4176c38c86f14d31bdb7d4a50a922/parcels".[0m
2026-03-27 06:15:23 |[34;20m INFO     [0m|[34;20m nipype.workflow  [0m|[34;20m [Node] Executing "parcels" <nipype.interfaces.utility.wrappers.Function>[0m
2026-03-27 06:15:23 |[34;20m INFO     [0m|[34;20m nipype.workflow  [0m|[34;20m [Node] Setting-up "_ds_timeseries0" in "/local/nvme/ds006401_04.783919/ds/tmp/mriqc_wf/funcMRIQC/ComputeIQMs/eb1abe8bd29eef52f944910b49ea6dc8e85bd8a9/ds_timeseries/mapflow/_ds_timeseries0".[0m
2026-03-27 06:15:23 |[34;20m INFO     [0m|[34;20m nipype.workflow  [0m|[34;20m [Node] Executing "_ds_timeseries0" <mriqc.interfaces.DerivativesDataSink>[0m
2026-03-27 06:15:23 |[34;20m INFO     [0m|[34;20m nipype.workflow  [0m|[34;20m [Node] Finished "_ds_timeseries0", elapsed time 0.004498s.[0m
2026-03-27 06:15:23 |[34;20m INFO     [0m|[34;20m nipype.workflow  [0m|[34;20m [Node] Finished "parcels", elapsed time 0.028098s.[0m
2026-03-27 06:15:23 |[34;20m INFO     [0m|[34;20m nipype.workflow  [0m|[34;20m [Node] Finished "_measures0", elapsed time 3.7329s.[0m
2026-03-27 06:15:23 |[34;20m INFO     [0m|[34;20m nipype.workflow  [0m|[34;20m [Node] Setting-up "mriqc_wf.funcMRIQC.func_report_wf.parcels" in "/local/nvme/ds006401_04.783919/ds/tmp/mriqc_wf/funcMRIQC/func_report_wf/eb1abe8bd29eef52f944910b49ea6dc8e85bd8a9/parcels".[0m
2026-03-27 06:15:23 |[34;20m INFO     [0m|[34;20m nipype.workflow  [0m|[34;20m [Node] Executing "parcels" <nipype.interfaces.utility.wrappers.Function>[0m
2026-03-27 06:15:23 |[34;20m INFO     [0m|[34;20m nipype.workflow  [0m|[34;20m [Node] Finished "parcels", elapsed time 0.031937s.[0m
2026-03-27 06:15:25 |[34;20m INFO     [0m|[34;20m nipype.workflow  [0m|[34;20m [Node] Setting-up "_datasink0" in "/local/nvme/ds006401_04.783919/ds/tmp/mriqc_wf/funcMRIQC/ComputeIQMs/eb1abe8bd29eef52f944910b49ea6dc8e85bd8a9/datasink/mapflow/_datasink0".[0m
2026-03-27 06:15:25 |[34;20m INFO     [0m|[34;20m nipype.workflow  [0m|[34;20m [Node] Executing "_datasink0" <mriqc.interfaces.bids.IQMFileSink>[0m
2026-03-27 06:15:25 |[34;20m INFO     [0m|[34;20m nipype.workflow  [0m|[34;20m [Node] Finished "_datasink0", elapsed time 0.002068s.[0m
2026-03-27 06:15:25 |[34;20m INFO     [0m|[34;20m nipype.workflow  [0m|[34;20m [Node] Setting-up "_BigPlot0" in "/local/nvme/ds006401_04.783919/ds/tmp/mriqc_wf/funcMRIQC/func_report_wf/f4b466ad9ed4176c38c86f14d31bdb7d4a50a922/BigPlot/mapflow/_BigPlot0".[0m
2026-03-27 06:15:25 |[34;20m INFO     [0m|[34;20m nipype.workflow  [0m|[34;20m [Node] Setting-up "_BigPlot0" in "/local/nvme/ds006401_04.783919/ds/tmp/mriqc_wf/funcMRIQC/func_report_wf/eb1abe8bd29eef52f944910b49ea6dc8e85bd8a9/BigPlot/mapflow/_BigPlot0".[0m
2026-03-27 06:15:25 |[34;20m INFO     [0m|[34;20m nipype.workflow  [0m|[34;20m [Node] Executing "_BigPlot0" <nireports.interfaces.fmri.FMRISummary>[0m
2026-03-27 06:15:25 |[34;20m INFO     [0m|[34;20m nipype.workflow  [0m|[34;20m [Node] Executing "_BigPlot0" <nireports.interfaces.fmri.FMRISummary>[0m
2026-03-27 06:15:31 |[34;20m INFO     [0m|[34;20m nipype.workflow  [0m|[34;20m [Node] Finished "_BigPlot0", elapsed time 6.008763s.[0m
2026-03-27 06:15:33 |[34;20m INFO     [0m|[34;20m nipype.workflow  [0m|[34;20m [Node] Setting-up "_ds_report_carpet0" in "/local/nvme/ds006401_04.783919/ds/tmp/mriqc_wf/funcMRIQC/func_report_wf/f4b466ad9ed4176c38c86f14d31bdb7d4a50a922/ds_report_carpet/mapflow/_ds_report_carpet0".[0m
2026-03-27 06:15:33 |[34;20m INFO     [0m|[34;20m nipype.workflow  [0m|[34;20m [Node] Executing "_ds_report_carpet0" <mriqc.interfaces.DerivativesDataSink>[0m
2026-03-27 06:15:33 |[34;20m INFO     [0m|[34;20m nipype.workflow  [0m|[34;20m [Node] Finished "_ds_report_carpet0", elapsed time 0.005276s.[0m
2026-03-27 06:15:33 |[34;20m INFO     [0m|[34;20m nipype.workflow  [0m|[34;20m [Node] Finished "_BigPlot0", elapsed time 7.773244s.[0m
2026-03-27 06:15:35 |[34;20m INFO     [0m|[34;20m nipype.workflow  [0m|[34;20m [Node] Setting-up "_ds_report_carpet0" in "/local/nvme/ds006401_04.783919/ds/tmp/mriqc_wf/funcMRIQC/func_report_wf/eb1abe8bd29eef52f944910b49ea6dc8e85bd8a9/ds_report_carpet/mapflow/_ds_report_carpet0".[0m
2026-03-27 06:15:35 |[34;20m INFO     [0m|[34;20m nipype.workflow  [0m|[34;20m [Node] Executing "_ds_report_carpet0" <mriqc.interfaces.DerivativesDataSink>[0m
2026-03-27 06:15:35 |[34;20m INFO     [0m|[34;20m nipype.workflow  [0m|[34;20m [Node] Finished "_ds_report_carpet0", elapsed time 0.00484s.[0m
2026-03-27 06:15:37 |[34;20m INFO     [0m|[34;20m nipype.workflow  [0m|[34;20m Generating reports...[0m
2026-03-27 06:15:38 |[34;20m INFO     [0m|[34;20m nipype.workflow  [0m|[34;20m Report generation finished (3 reports).[0m
2026-03-27 06:15:38 |[33;20m IMPORTANT [0m|[33;20m mriqc            [0m|[33;20m Participant level finished successfully averaging 00h 08min 03s per subject.[0m
2026-03-27 06:15:38 |[34;20m INFO     [0m|[34;20m mriqc            [0m|[34;20m Generating BIDS derivatives metadata.[0m
----------------------------------------------------------------
  MRIQC completed (elapsed time 00h 24min 11s).
----------------------------------------------------------------

