------------------------------------------------------------------
  Running MRIQC version 24.1.0.dev0+gd5b13cb5.d20240826
  ----------------------------------------------------------------

  NOTICE
  Copyright © The NiPreps Developers.
  
  This product includes software developed by
  the NiPreps Community (https://nipreps.org/).
  
  Portions of this software were developed at the Department of
  Psychology at Stanford University, Stanford, CA, US.
  
  This software contains code ultimately derived from the
  PCP Quality Assessment Protocol (QAP;
  http://preprocessed-connectomes-project.org/quality-assessment-protocol)
  by C. Craddock, S. Giavasis, D. Clark, Z. Shezhad, and J. Pellman.
  
  This software is also distributed as a Docker container image.
  The bootstrapping file for the image ("Dockerfile") is licensed
  under the MIT License.

  ----------------------------------------------------------------

  * BIDS dataset path: /local/nvme/ds006401_07.783919/ds/sourcedata/raw.
  * Output folder: mriqc.
  * Analysis levels: ['participant'].
------------------------------------------------------------------

2026-03-27 05:51:31 |[33;20m IMPORTANT [0m|[33;20m mriqc            [0m|[33;20m Extracting metadata and entities for 3 input runs of modality 'bold'...[0m
2026-03-27 05:51:31 |[33;20m IMPORTANT [0m|[33;20m mriqc            [0m|[33;20m File size ('bold'): 0.24|0.20 GB [maximum|average].[0m
2026-03-27 05:51:31 |[34;20m INFO     [0m|[34;20m mriqc            [0m|[34;20m MRIQC config file: /local/nvme/ds006401_07.783919/ds/tmp/config-20260327-055130_004fd5bc-402c-430a-81b8-440f06d62286.toml.[0m
2026-03-27 05:51:35 |[34;20m INFO     [0m|[34;20m matplotlib.font_manager [0m|[34;20m generated new fontManager[0m
2026-03-27 05:51:36 |[33;20m IMPORTANT [0m|[33;20m mriqc            [0m|[33;20m Building MRIQC's workflows...[0m
2026-03-27 05:51:36 |[34;20m INFO     [0m|[34;20m nipype.workflow  [0m|[34;20m Building functional MRIQC workflow for 3 BOLD runs..[0m
2026-03-27 05:51:41 |[33;20m IMPORTANT [0m|[33;20m mriqc            [0m|[33;20m Workflow building finished (exit code 0).[0m
2026-03-27 05:51:46 |[34;20m INFO     [0m|[34;20m nipype.workflow  [0m|[34;20m Workflow mriqc_wf settings: ['check', 'execution', 'logging', 'monitoring'][0m
2026-03-27 05:51:46 |[34;20m INFO     [0m|[34;20m nipype.workflow  [0m|[34;20m [Node] Setting-up "mriqc_wf.funcMRIQC.pick_echo" in "/local/nvme/ds006401_07.783919/ds/tmp/mriqc_wf/funcMRIQC/f2b0e776281fdea5aae076445921a0586599e93d/pick_echo".[0m
2026-03-27 05:51:46 |[34;20m INFO     [0m|[34;20m nipype.workflow  [0m|[34;20m [Node] Setting-up "_provenance0" in "/local/nvme/ds006401_07.783919/ds/tmp/mriqc_wf/funcMRIQC/ComputeIQMs/f2b0e776281fdea5aae076445921a0586599e93d/provenance/mapflow/_provenance0".[0m
2026-03-27 05:51:46 |[34;20m INFO     [0m|[34;20m nipype.workflow  [0m|[34;20m [Node] Executing "_provenance0" <mriqc.interfaces.reports.AddProvenance>[0m
2026-03-27 05:51:46 |[34;20m INFO     [0m|[34;20m nipype.workflow  [0m|[34;20m [Node] Executing "pick_echo" <mriqc.interfaces.functional.SelectEcho>[0m
2026-03-27 05:51:46 |[34;20m INFO     [0m|[34;20m nipype.workflow  [0m|[34;20m [Node] Finished "pick_echo", elapsed time 0.000687s.[0m
2026-03-27 05:51:47 |[34;20m INFO     [0m|[34;20m nipype.workflow  [0m|[34;20m [Node] Finished "_provenance0", elapsed time 0.373241s.[0m
2026-03-27 05:51:47 |[34;20m INFO     [0m|[34;20m nipype.workflow  [0m|[34;20m [Node] Setting-up "_provenance0" in "/local/nvme/ds006401_07.783919/ds/tmp/mriqc_wf/funcMRIQC/ComputeIQMs/ad1c57bb4f8d0b6dbd172b82e08b2e03231c7af5/provenance/mapflow/_provenance0".[0m
2026-03-27 05:51:47 |[34;20m INFO     [0m|[34;20m nipype.workflow  [0m|[34;20m [Node] Setting-up "mriqc_wf.funcMRIQC.pick_echo" in "/local/nvme/ds006401_07.783919/ds/tmp/mriqc_wf/funcMRIQC/ad1c57bb4f8d0b6dbd172b82e08b2e03231c7af5/pick_echo".[0m
2026-03-27 05:51:47 |[34;20m INFO     [0m|[34;20m nipype.workflow  [0m|[34;20m [Node] Executing "_provenance0" <mriqc.interfaces.reports.AddProvenance>[0m
2026-03-27 05:51:47 |[34;20m INFO     [0m|[34;20m nipype.workflow  [0m|[34;20m [Node] Executing "pick_echo" <mriqc.interfaces.functional.SelectEcho>[0m
2026-03-27 05:51:47 |[34;20m INFO     [0m|[34;20m nipype.workflow  [0m|[34;20m [Node] Finished "pick_echo", elapsed time 0.000731s.[0m
2026-03-27 05:51:47 |[34;20m INFO     [0m|[34;20m nipype.workflow  [0m|[34;20m [Node] Finished "_provenance0", elapsed time 0.366988s.[0m
2026-03-27 05:51:47 |[34;20m INFO     [0m|[34;20m nipype.workflow  [0m|[34;20m [Node] Setting-up "mriqc_wf.funcMRIQC.pick_echo" in "/local/nvme/ds006401_07.783919/ds/tmp/mriqc_wf/funcMRIQC/417321dc9b0b057d6e784b4964c848599d933577/pick_echo".[0m
2026-03-27 05:51:47 |[34;20m INFO     [0m|[34;20m nipype.workflow  [0m|[34;20m [Node] Setting-up "_provenance0" in "/local/nvme/ds006401_07.783919/ds/tmp/mriqc_wf/funcMRIQC/ComputeIQMs/417321dc9b0b057d6e784b4964c848599d933577/provenance/mapflow/_provenance0".[0m
2026-03-27 05:51:47 |[34;20m INFO     [0m|[34;20m nipype.workflow  [0m|[34;20m [Node] Executing "_provenance0" <mriqc.interfaces.reports.AddProvenance>[0m
2026-03-27 05:51:47 |[34;20m INFO     [0m|[34;20m nipype.workflow  [0m|[34;20m [Node] Executing "pick_echo" <mriqc.interfaces.functional.SelectEcho>[0m
2026-03-27 05:51:47 |[34;20m INFO     [0m|[34;20m nipype.workflow  [0m|[34;20m [Node] Finished "pick_echo", elapsed time 0.000753s.[0m
2026-03-27 05:51:48 |[34;20m INFO     [0m|[34;20m nipype.workflow  [0m|[34;20m [Node] Finished "_provenance0", elapsed time 0.474123s.[0m
2026-03-27 05:51:48 |[34;20m INFO     [0m|[34;20m nipype.workflow  [0m|[34;20m [Node] Setting-up "mriqc_wf.funcMRIQC.non_steady_state_detector" in "/local/nvme/ds006401_07.783919/ds/tmp/mriqc_wf/funcMRIQC/f2b0e776281fdea5aae076445921a0586599e93d/non_steady_state_detector".[0m
2026-03-27 05:51:48 |[34;20m INFO     [0m|[34;20m nipype.workflow  [0m|[34;20m [Node] Setting-up "mriqc_wf.funcMRIQC.non_steady_state_detector" in "/local/nvme/ds006401_07.783919/ds/tmp/mriqc_wf/funcMRIQC/ad1c57bb4f8d0b6dbd172b82e08b2e03231c7af5/non_steady_state_detector".[0m
2026-03-27 05:51:48 |[34;20m INFO     [0m|[34;20m nipype.workflow  [0m|[34;20m [Node] Setting-up "mriqc_wf.funcMRIQC.non_steady_state_detector" in "/local/nvme/ds006401_07.783919/ds/tmp/mriqc_wf/funcMRIQC/417321dc9b0b057d6e784b4964c848599d933577/non_steady_state_detector".[0m
2026-03-27 05:51:48 |[34;20m INFO     [0m|[34;20m nipype.workflow  [0m|[34;20m [Node] Executing "non_steady_state_detector" <nipype.algorithms.confounds.NonSteadyStateDetector>[0m
2026-03-27 05:51:48 |[34;20m INFO     [0m|[34;20m nipype.workflow  [0m|[34;20m [Node] Executing "non_steady_state_detector" <nipype.algorithms.confounds.NonSteadyStateDetector>[0m
2026-03-27 05:51:48 |[34;20m INFO     [0m|[34;20m nipype.workflow  [0m|[34;20m [Node] Executing "non_steady_state_detector" <nipype.algorithms.confounds.NonSteadyStateDetector>[0m
2026-03-27 05:51:49 |[34;20m INFO     [0m|[34;20m nipype.workflow  [0m|[34;20m [Node] Finished "non_steady_state_detector", elapsed time 0.417064s.[0m
2026-03-27 05:51:49 |[34;20m INFO     [0m|[34;20m nipype.workflow  [0m|[34;20m [Node] Finished "non_steady_state_detector", elapsed time 0.420569s.[0m
2026-03-27 05:51:49 |[34;20m INFO     [0m|[34;20m nipype.workflow  [0m|[34;20m [Node] Finished "non_steady_state_detector", elapsed time 0.425577s.[0m
2026-03-27 05:51:50 |[34;20m INFO     [0m|[34;20m nipype.workflow  [0m|[34;20m [Node] Setting-up "_sanitize0" in "/local/nvme/ds006401_07.783919/ds/tmp/mriqc_wf/funcMRIQC/417321dc9b0b057d6e784b4964c848599d933577/sanitize/mapflow/_sanitize0".[0m
2026-03-27 05:51:50 |[34;20m INFO     [0m|[34;20m nipype.workflow  [0m|[34;20m [Node] Setting-up "_sanitize0" in "/local/nvme/ds006401_07.783919/ds/tmp/mriqc_wf/funcMRIQC/ad1c57bb4f8d0b6dbd172b82e08b2e03231c7af5/sanitize/mapflow/_sanitize0".[0m
2026-03-27 05:51:50 |[34;20m INFO     [0m|[34;20m nipype.workflow  [0m|[34;20m [Node] Setting-up "_sanitize0" in "/local/nvme/ds006401_07.783919/ds/tmp/mriqc_wf/funcMRIQC/f2b0e776281fdea5aae076445921a0586599e93d/sanitize/mapflow/_sanitize0".[0m
2026-03-27 05:51:50 |[34;20m INFO     [0m|[34;20m nipype.workflow  [0m|[34;20m [Node] Executing "_sanitize0" <niworkflows.interfaces.header.SanitizeImage>[0m
2026-03-27 05:51:50 |[34;20m INFO     [0m|[34;20m nipype.workflow  [0m|[34;20m [Node] Executing "_sanitize0" <niworkflows.interfaces.header.SanitizeImage>[0m
2026-03-27 05:51:50 |[34;20m INFO     [0m|[34;20m nipype.workflow  [0m|[34;20m [Node] Executing "_sanitize0" <niworkflows.interfaces.header.SanitizeImage>[0m
2026-03-27 05:52:01 |[34;20m INFO     [0m|[34;20m nipype.workflow  [0m|[34;20m [Node] Finished "_sanitize0", elapsed time 10.366282s.[0m
2026-03-27 05:52:01 |[34;20m INFO     [0m|[34;20m nipype.workflow  [0m|[34;20m [Node] Finished "_sanitize0", elapsed time 10.427354s.[0m
2026-03-27 05:52:02 |[34;20m INFO     [0m|[34;20m nipype.workflow  [0m|[34;20m [Node] Setting-up "mriqc_wf.funcMRIQC.fMRI_HMC.estimate_hm" in "/local/nvme/ds006401_07.783919/ds/tmp/mriqc_wf/funcMRIQC/fMRI_HMC/f2b0e776281fdea5aae076445921a0586599e93d/estimate_hm".[0m
2026-03-27 05:52:02 |[34;20m INFO     [0m|[34;20m nipype.workflow  [0m|[34;20m [Node] Setting-up "mriqc_wf.funcMRIQC.fMRI_HMC.estimate_hm" in "/local/nvme/ds006401_07.783919/ds/tmp/mriqc_wf/funcMRIQC/fMRI_HMC/ad1c57bb4f8d0b6dbd172b82e08b2e03231c7af5/estimate_hm".[0m
2026-03-27 05:52:02 |[34;20m INFO     [0m|[34;20m nipype.workflow  [0m|[34;20m [Node] Executing "estimate_hm" <nipype.interfaces.afni.preprocess.Volreg>[0m
2026-03-27 05:52:02 |[34;20m INFO     [0m|[34;20m nipype.workflow  [0m|[34;20m [Node] Setting-up "_SpikesMask0" in "/local/nvme/ds006401_07.783919/ds/tmp/mriqc_wf/funcMRIQC/func_report_wf/f2b0e776281fdea5aae076445921a0586599e93d/SpikesMask/mapflow/_SpikesMask0".[0m
2026-03-27 05:52:02 |[34;20m INFO     [0m|[34;20m nipype.workflow  [0m|[34;20m [Node] Executing "estimate_hm" <nipype.interfaces.afni.preprocess.Volreg>[0m
2026-03-27 05:52:02 |[34;20m INFO     [0m|[34;20m nipype.workflow  [0m|[34;20m [Node] Executing "_SpikesMask0" <nipype.interfaces.utility.wrappers.Function>[0m
2026-03-27 05:52:02 |[34;20m INFO     [0m|[34;20m nipype.workflow  [0m|[34;20m [Node] Setting-up "_SpikesMask0" in "/local/nvme/ds006401_07.783919/ds/tmp/mriqc_wf/funcMRIQC/func_report_wf/ad1c57bb4f8d0b6dbd172b82e08b2e03231c7af5/SpikesMask/mapflow/_SpikesMask0".[0m
2026-03-27 05:52:02 |[34;20m INFO     [0m|[34;20m nipype.workflow  [0m|[34;20m [Node] Executing "_SpikesMask0" <nipype.interfaces.utility.wrappers.Function>[0m
2026-03-27 05:52:04 |[34;20m INFO     [0m|[34;20m nipype.workflow  [0m|[34;20m [Node] Finished "_sanitize0", elapsed time 13.448577s.[0m
2026-03-27 05:52:04 |[34;20m INFO     [0m|[34;20m nipype.workflow  [0m|[34;20m [Node] Setting-up "mriqc_wf.funcMRIQC.fMRI_HMC.estimate_hm" in "/local/nvme/ds006401_07.783919/ds/tmp/mriqc_wf/funcMRIQC/fMRI_HMC/417321dc9b0b057d6e784b4964c848599d933577/estimate_hm".[0m
2026-03-27 05:52:04 |[34;20m INFO     [0m|[34;20m nipype.workflow  [0m|[34;20m [Node] Executing "estimate_hm" <nipype.interfaces.afni.preprocess.Volreg>[0m
2026-03-27 05:52:04 |[34;20m INFO     [0m|[34;20m nipype.workflow  [0m|[34;20m [Node] Setting-up "_SpikesMask0" in "/local/nvme/ds006401_07.783919/ds/tmp/mriqc_wf/funcMRIQC/func_report_wf/417321dc9b0b057d6e784b4964c848599d933577/SpikesMask/mapflow/_SpikesMask0".[0m
2026-03-27 05:52:04 |[34;20m INFO     [0m|[34;20m nipype.workflow  [0m|[34;20m [Node] Executing "_SpikesMask0" <nipype.interfaces.utility.wrappers.Function>[0m
2026-03-27 05:52:06 |[34;20m INFO     [0m|[34;20m nipype.workflow  [0m|[34;20m [Node] Finished "_SpikesMask0", elapsed time 3.292468s.[0m
2026-03-27 05:52:06 |[34;20m INFO     [0m|[34;20m nipype.workflow  [0m|[34;20m [Node] Finished "_SpikesMask0", elapsed time 3.294607s.[0m
2026-03-27 05:52:06 |[34;20m INFO     [0m|[34;20m nipype.workflow  [0m|[34;20m [Node] Setting-up "_SpikesFinderBgMask0" in "/local/nvme/ds006401_07.783919/ds/tmp/mriqc_wf/funcMRIQC/func_report_wf/ad1c57bb4f8d0b6dbd172b82e08b2e03231c7af5/SpikesFinderBgMask/mapflow/_SpikesFinderBgMask0".[0m
2026-03-27 05:52:06 |[34;20m INFO     [0m|[34;20m nipype.workflow  [0m|[34;20m [Node] Executing "_SpikesFinderBgMask0" <mriqc.interfaces.functional.Spikes>[0m
2026-03-27 05:52:06 |[34;20m INFO     [0m|[34;20m nipype.workflow  [0m|[34;20m [Node] Setting-up "_SpikesFinderBgMask0" in "/local/nvme/ds006401_07.783919/ds/tmp/mriqc_wf/funcMRIQC/func_report_wf/f2b0e776281fdea5aae076445921a0586599e93d/SpikesFinderBgMask/mapflow/_SpikesFinderBgMask0".[0m
2026-03-27 05:52:06 |[34;20m INFO     [0m|[34;20m nipype.workflow  [0m|[34;20m [Node] Executing "_SpikesFinderBgMask0" <mriqc.interfaces.functional.Spikes>[0m
2026-03-27 05:52:09 |[34;20m INFO     [0m|[34;20m nipype.workflow  [0m|[34;20m [Node] Finished "_SpikesMask0", elapsed time 4.684308s.[0m
2026-03-27 05:52:10 |[34;20m INFO     [0m|[34;20m nipype.workflow  [0m|[34;20m [Node] Setting-up "_SpikesFinderBgMask0" in "/local/nvme/ds006401_07.783919/ds/tmp/mriqc_wf/funcMRIQC/func_report_wf/417321dc9b0b057d6e784b4964c848599d933577/SpikesFinderBgMask/mapflow/_SpikesFinderBgMask0".[0m
2026-03-27 05:52:10 |[34;20m INFO     [0m|[34;20m nipype.workflow  [0m|[34;20m [Node] Executing "_SpikesFinderBgMask0" <mriqc.interfaces.functional.Spikes>[0m
2026-03-27 05:52:11 |[34;20m INFO     [0m|[34;20m nipype.workflow  [0m|[34;20m [Node] Finished "_SpikesFinderBgMask0", elapsed time 4.708744s.[0m
2026-03-27 05:52:12 |[34;20m INFO     [0m|[34;20m nipype.workflow  [0m|[34;20m [Node] Finished "_SpikesFinderBgMask0", elapsed time 5.686028s.[0m
2026-03-27 05:52:17 |[34;20m INFO     [0m|[34;20m nipype.workflow  [0m|[34;20m [Node] Finished "_SpikesFinderBgMask0", elapsed time 6.809656s.[0m
2026-03-27 06:05:40 |[34;20m INFO     [0m|[34;20m nipype.workflow  [0m|[34;20m [Node] Finished "estimate_hm", elapsed time 817.861334s.[0m
2026-03-27 06:05:40 |[34;20m INFO     [0m|[34;20m nipype.workflow  [0m|[34;20m [Node] Setting-up "mriqc_wf.funcMRIQC.fMRI_HMC.ComputeFD" in "/local/nvme/ds006401_07.783919/ds/tmp/mriqc_wf/funcMRIQC/fMRI_HMC/ad1c57bb4f8d0b6dbd172b82e08b2e03231c7af5/ComputeFD".[0m
2026-03-27 06:05:40 |[34;20m INFO     [0m|[34;20m nipype.workflow  [0m|[34;20m [Node] Executing "ComputeFD" <nipype.algorithms.confounds.FramewiseDisplacement>[0m
2026-03-27 06:05:40 |[34;20m INFO     [0m|[34;20m nipype.workflow  [0m|[34;20m [Node] Finished "ComputeFD", elapsed time 0.006074s.[0m
2026-03-27 06:05:49 |[34;20m INFO     [0m|[34;20m nipype.workflow  [0m|[34;20m [Node] Finished "estimate_hm", elapsed time 826.782837s.[0m
2026-03-27 06:05:50 |[34;20m INFO     [0m|[34;20m nipype.workflow  [0m|[34;20m [Node] Setting-up "mriqc_wf.funcMRIQC.fMRI_HMC.ComputeFD" in "/local/nvme/ds006401_07.783919/ds/tmp/mriqc_wf/funcMRIQC/fMRI_HMC/f2b0e776281fdea5aae076445921a0586599e93d/ComputeFD".[0m
2026-03-27 06:05:50 |[34;20m INFO     [0m|[34;20m nipype.workflow  [0m|[34;20m [Node] Executing "ComputeFD" <nipype.algorithms.confounds.FramewiseDisplacement>[0m
2026-03-27 06:05:50 |[34;20m INFO     [0m|[34;20m nipype.workflow  [0m|[34;20m [Node] Finished "ComputeFD", elapsed time 0.006066s.[0m
2026-03-27 06:10:24 |[34;20m INFO     [0m|[34;20m nipype.workflow  [0m|[34;20m [Node] Finished "estimate_hm", elapsed time 1099.310512s.[0m
2026-03-27 06:10:24 |[34;20m INFO     [0m|[34;20m nipype.workflow  [0m|[34;20m [Node] Setting-up "_apply_hmc0" in "/local/nvme/ds006401_07.783919/ds/tmp/mriqc_wf/funcMRIQC/fMRI_HMC/f2b0e776281fdea5aae076445921a0586599e93d/apply_hmc/mapflow/_apply_hmc0".[0m
2026-03-27 06:10:24 |[34;20m INFO     [0m|[34;20m nipype.workflow  [0m|[34;20m [Node] Executing "_apply_hmc0" <nipype.interfaces.utility.wrappers.Function>[0m
2026-03-27 06:10:56 |[34;20m INFO     [0m|[34;20m nipype.workflow  [0m|[34;20m [Node] Finished "_apply_hmc0", elapsed time 31.830334s.[0m
2026-03-27 06:10:56 |[34;20m INFO     [0m|[34;20m nipype.workflow  [0m|[34;20m [Node] Setting-up "_apply_hmc0" in "/local/nvme/ds006401_07.783919/ds/tmp/mriqc_wf/funcMRIQC/fMRI_HMC/ad1c57bb4f8d0b6dbd172b82e08b2e03231c7af5/apply_hmc/mapflow/_apply_hmc0".[0m
2026-03-27 06:10:56 |[34;20m INFO     [0m|[34;20m nipype.workflow  [0m|[34;20m [Node] Executing "_apply_hmc0" <nipype.interfaces.utility.wrappers.Function>[0m
2026-03-27 06:11:27 |[34;20m INFO     [0m|[34;20m nipype.workflow  [0m|[34;20m [Node] Finished "_apply_hmc0", elapsed time 30.753204s.[0m
2026-03-27 06:11:28 |[34;20m INFO     [0m|[34;20m nipype.workflow  [0m|[34;20m [Node] Setting-up "_apply_hmc0" in "/local/nvme/ds006401_07.783919/ds/tmp/mriqc_wf/funcMRIQC/fMRI_HMC/417321dc9b0b057d6e784b4964c848599d933577/apply_hmc/mapflow/_apply_hmc0".[0m
2026-03-27 06:11:28 |[34;20m INFO     [0m|[34;20m nipype.workflow  [0m|[34;20m [Node] Executing "_apply_hmc0" <nipype.interfaces.utility.wrappers.Function>[0m
2026-03-27 06:12:11 |[34;20m INFO     [0m|[34;20m nipype.workflow  [0m|[34;20m [Node] Finished "_apply_hmc0", elapsed time 42.623901000000004s.[0m
2026-03-27 06:12:12 |[34;20m INFO     [0m|[34;20m nipype.workflow  [0m|[34;20m [Node] Setting-up "mriqc_wf.funcMRIQC.fMRI_HMC.ComputeFD" in "/local/nvme/ds006401_07.783919/ds/tmp/mriqc_wf/funcMRIQC/fMRI_HMC/417321dc9b0b057d6e784b4964c848599d933577/ComputeFD".[0m
2026-03-27 06:12:12 |[34;20m INFO     [0m|[34;20m nipype.workflow  [0m|[34;20m [Node] Executing "ComputeFD" <nipype.algorithms.confounds.FramewiseDisplacement>[0m
2026-03-27 06:12:12 |[34;20m INFO     [0m|[34;20m nipype.workflow  [0m|[34;20m [Node] Setting-up "_mean0" in "/local/nvme/ds006401_07.783919/ds/tmp/mriqc_wf/funcMRIQC/f2b0e776281fdea5aae076445921a0586599e93d/mean/mapflow/_mean0".[0m
2026-03-27 06:12:12 |[34;20m INFO     [0m|[34;20m nipype.workflow  [0m|[34;20m [Node] Setting-up "_compute_tsnr0" in "/local/nvme/ds006401_07.783919/ds/tmp/mriqc_wf/funcMRIQC/f2b0e776281fdea5aae076445921a0586599e93d/compute_tsnr/mapflow/_compute_tsnr0".[0m
2026-03-27 06:12:12 |[34;20m INFO     [0m|[34;20m nipype.workflow  [0m|[34;20m [Node] Setting-up "_quality0" in "/local/nvme/ds006401_07.783919/ds/tmp/mriqc_wf/funcMRIQC/ComputeIQMs/f2b0e776281fdea5aae076445921a0586599e93d/quality/mapflow/_quality0".[0m
2026-03-27 06:12:12 |[34;20m INFO     [0m|[34;20m nipype.workflow  [0m|[34;20m [Node] Executing "_compute_tsnr0" <nipype.algorithms.confounds.TSNR>[0m
2026-03-27 06:12:12 |[34;20m INFO     [0m|[34;20m nipype.workflow  [0m|[34;20m [Node] Executing "_mean0" <nipype.interfaces.afni.utils.TStat>[0m
2026-03-27 06:12:12 |[34;20m INFO     [0m|[34;20m nipype.workflow  [0m|[34;20m [Node] Setting-up "_mean0" in "/local/nvme/ds006401_07.783919/ds/tmp/mriqc_wf/funcMRIQC/ad1c57bb4f8d0b6dbd172b82e08b2e03231c7af5/mean/mapflow/_mean0".[0m
2026-03-27 06:12:12 |[34;20m INFO     [0m|[34;20m nipype.workflow  [0m|[34;20m [Node] Executing "_quality0" <nipype.interfaces.afni.preprocess.QualityIndex>[0m
2026-03-27 06:12:12 |[34;20m INFO     [0m|[34;20m nipype.workflow  [0m|[34;20m [Node] Executing "_mean0" <nipype.interfaces.afni.utils.TStat>[0m
2026-03-27 06:12:12 |[34;20m INFO     [0m|[34;20m nipype.workflow  [0m|[34;20m [Node] Setting-up "_compute_tsnr0" in "/local/nvme/ds006401_07.783919/ds/tmp/mriqc_wf/funcMRIQC/ad1c57bb4f8d0b6dbd172b82e08b2e03231c7af5/compute_tsnr/mapflow/_compute_tsnr0".[0m
2026-03-27 06:12:12 |[34;20m INFO     [0m|[34;20m nipype.workflow  [0m|[34;20m [Node] Setting-up "_mean0" in "/local/nvme/ds006401_07.783919/ds/tmp/mriqc_wf/funcMRIQC/417321dc9b0b057d6e784b4964c848599d933577/mean/mapflow/_mean0".[0m
2026-03-27 06:12:12 |[34;20m INFO     [0m|[34;20m nipype.workflow  [0m|[34;20m [Node] Setting-up "_quality0" in "/local/nvme/ds006401_07.783919/ds/tmp/mriqc_wf/funcMRIQC/ComputeIQMs/ad1c57bb4f8d0b6dbd172b82e08b2e03231c7af5/quality/mapflow/_quality0".[0m
2026-03-27 06:12:12 |[34;20m INFO     [0m|[34;20m nipype.workflow  [0m|[34;20m [Node] Executing "_compute_tsnr0" <nipype.algorithms.confounds.TSNR>[0m
2026-03-27 06:12:12 |[34;20m INFO     [0m|[34;20m nipype.workflow  [0m|[34;20m [Node] Executing "_quality0" <nipype.interfaces.afni.preprocess.QualityIndex>[0m
2026-03-27 06:12:12 |[34;20m INFO     [0m|[34;20m nipype.workflow  [0m|[34;20m [Node] Executing "_mean0" <nipype.interfaces.afni.utils.TStat>[0m
2026-03-27 06:12:12 |[34;20m INFO     [0m|[34;20m nipype.workflow  [0m|[34;20m [Node] Finished "ComputeFD", elapsed time 0.010985s.[0m
2026-03-27 06:12:14 |[34;20m INFO     [0m|[34;20m nipype.workflow  [0m|[34;20m [Node] Setting-up "_compute_tsnr0" in "/local/nvme/ds006401_07.783919/ds/tmp/mriqc_wf/funcMRIQC/417321dc9b0b057d6e784b4964c848599d933577/compute_tsnr/mapflow/_compute_tsnr0".[0m
2026-03-27 06:12:14 |[34;20m INFO     [0m|[34;20m nipype.workflow  [0m|[34;20m [Node] Executing "_compute_tsnr0" <nipype.algorithms.confounds.TSNR>[0m
2026-03-27 06:12:16 |[34;20m INFO     [0m|[34;20m nipype.workflow  [0m|[34;20m [Node] Finished "_compute_tsnr0", elapsed time 3.486926s.[0m
2026-03-27 06:12:16 |[34;20m INFO     [0m|[34;20m nipype.workflow  [0m|[34;20m [Node] Setting-up "_quality0" in "/local/nvme/ds006401_07.783919/ds/tmp/mriqc_wf/funcMRIQC/ComputeIQMs/417321dc9b0b057d6e784b4964c848599d933577/quality/mapflow/_quality0".[0m
2026-03-27 06:12:16 |[34;20m INFO     [0m|[34;20m nipype.workflow  [0m|[34;20m [Node] Executing "_quality0" <nipype.interfaces.afni.preprocess.QualityIndex>[0m
2026-03-27 06:12:16 |[34;20m INFO     [0m|[34;20m nipype.workflow  [0m|[34;20m [Node] Finished "_compute_tsnr0", elapsed time 4.038463s.[0m
2026-03-27 06:12:17 |[34;20m INFO     [0m|[34;20m nipype.workflow  [0m|[34;20m [Node] Finished "_mean0", elapsed time 4.419945s.[0m
2026-03-27 06:12:17 |[34;20m INFO     [0m|[34;20m nipype.workflow  [0m|[34;20m [Node] Finished "_mean0", elapsed time 4.448632s.[0m
2026-03-27 06:12:18 |[34;20m INFO     [0m|[34;20m nipype.workflow  [0m|[34;20m [Node] Finished "_mean0", elapsed time 5.868226s.[0m
2026-03-27 06:12:18 |[34;20m INFO     [0m|[34;20m nipype.workflow  [0m|[34;20m [Node] Setting-up "mriqc_wf.funcMRIQC.synthstrip_wf.pre_clip" in "/local/nvme/ds006401_07.783919/ds/tmp/mriqc_wf/funcMRIQC/synthstrip_wf/f2b0e776281fdea5aae076445921a0586599e93d/pre_clip".[0m
2026-03-27 06:12:18 |[34;20m INFO     [0m|[34;20m nipype.workflow  [0m|[34;20m [Node] Setting-up "mriqc_wf.funcMRIQC.SpatialNormalization.SharpenEPI" in "/local/nvme/ds006401_07.783919/ds/tmp/mriqc_wf/funcMRIQC/SpatialNormalization/f2b0e776281fdea5aae076445921a0586599e93d/SharpenEPI".[0m
2026-03-27 06:12:18 |[34;20m INFO     [0m|[34;20m nipype.workflow  [0m|[34;20m [Node] Executing "pre_clip" <niworkflows.interfaces.nibabel.IntensityClip>[0m
2026-03-27 06:12:18 |[34;20m INFO     [0m|[34;20m nipype.workflow  [0m|[34;20m [Node] Executing "SharpenEPI" <nipype.interfaces.ants.segmentation.N4BiasFieldCorrection>[0m
2026-03-27 06:12:18 |[34;20m INFO     [0m|[34;20m nipype.workflow  [0m|[34;20m [Node] Setting-up "_PlotMosaicMean0" in "/local/nvme/ds006401_07.783919/ds/tmp/mriqc_wf/funcMRIQC/func_report_wf/f2b0e776281fdea5aae076445921a0586599e93d/PlotMosaicMean/mapflow/_PlotMosaicMean0".[0m
2026-03-27 06:12:18 |[34;20m INFO     [0m|[34;20m nipype.workflow  [0m|[34;20m [Node] Executing "_PlotMosaicMean0" <nireports.interfaces.mosaic.PlotMosaic>[0m
2026-03-27 06:12:19 |[34;20m INFO     [0m|[34;20m nipype.workflow  [0m|[34;20m [Node] Finished "_compute_tsnr0", elapsed time 4.28874s.[0m
2026-03-27 06:12:19 |[34;20m INFO     [0m|[34;20m nipype.workflow  [0m|[34;20m [Node] Finished "pre_clip", elapsed time 0.898104s.[0m
2026-03-27 06:12:20 |[34;20m INFO     [0m|[34;20m nipype.workflow  [0m|[34;20m [Node] Finished "_PlotMosaicMean0", elapsed time 1.5375130000000001s.[0m
2026-03-27 06:12:20 |[34;20m INFO     [0m|[34;20m nipype.workflow  [0m|[34;20m [Node] Setting-up "mriqc_wf.funcMRIQC.synthstrip_wf.pre_clip" in "/local/nvme/ds006401_07.783919/ds/tmp/mriqc_wf/funcMRIQC/synthstrip_wf/ad1c57bb4f8d0b6dbd172b82e08b2e03231c7af5/pre_clip".[0m
2026-03-27 06:12:20 |[34;20m INFO     [0m|[34;20m nipype.workflow  [0m|[34;20m [Node] Setting-up "mriqc_wf.funcMRIQC.SpatialNormalization.SharpenEPI" in "/local/nvme/ds006401_07.783919/ds/tmp/mriqc_wf/funcMRIQC/SpatialNormalization/ad1c57bb4f8d0b6dbd172b82e08b2e03231c7af5/SharpenEPI".[0m
2026-03-27 06:12:20 |[34;20m INFO     [0m|[34;20m nipype.workflow  [0m|[34;20m [Node] Setting-up "_PlotMosaicNoise0" in "/local/nvme/ds006401_07.783919/ds/tmp/mriqc_wf/funcMRIQC/func_report_wf/f2b0e776281fdea5aae076445921a0586599e93d/PlotMosaicNoise/mapflow/_PlotMosaicNoise0".[0m
2026-03-27 06:12:20 |[34;20m INFO     [0m|[34;20m nipype.workflow  [0m|[34;20m [Node] Executing "pre_clip" <niworkflows.interfaces.nibabel.IntensityClip>[0m
2026-03-27 06:12:20 |[34;20m INFO     [0m|[34;20m nipype.workflow  [0m|[34;20m [Node] Executing "_PlotMosaicNoise0" <nireports.interfaces.mosaic.PlotMosaic>[0m
2026-03-27 06:12:20 |[34;20m INFO     [0m|[34;20m nipype.workflow  [0m|[34;20m [Node] Executing "SharpenEPI" <nipype.interfaces.ants.segmentation.N4BiasFieldCorrection>[0m
2026-03-27 06:12:20 |[34;20m INFO     [0m|[34;20m nipype.workflow  [0m|[34;20m [Node] Setting-up "_PlotMosaicSD0" in "/local/nvme/ds006401_07.783919/ds/tmp/mriqc_wf/funcMRIQC/func_report_wf/f2b0e776281fdea5aae076445921a0586599e93d/PlotMosaicSD/mapflow/_PlotMosaicSD0".[0m
2026-03-27 06:12:20 |[34;20m INFO     [0m|[34;20m nipype.workflow  [0m|[34;20m [Node] Executing "_PlotMosaicSD0" <nireports.interfaces.mosaic.PlotMosaic>[0m
2026-03-27 06:12:21 |[34;20m INFO     [0m|[34;20m nipype.workflow  [0m|[34;20m [Node] Finished "pre_clip", elapsed time 0.814079s.[0m
2026-03-27 06:12:22 |[34;20m INFO     [0m|[34;20m nipype.workflow  [0m|[34;20m [Node] Finished "_PlotMosaicNoise0", elapsed time 1.508606s.[0m
2026-03-27 06:12:22 |[34;20m INFO     [0m|[34;20m nipype.workflow  [0m|[34;20m [Node] Finished "_PlotMosaicSD0", elapsed time 1.637856s.[0m
2026-03-27 06:12:22 |[34;20m INFO     [0m|[34;20m nipype.workflow  [0m|[34;20m [Node] Setting-up "_PlotMosaicMean0" in "/local/nvme/ds006401_07.783919/ds/tmp/mriqc_wf/funcMRIQC/func_report_wf/ad1c57bb4f8d0b6dbd172b82e08b2e03231c7af5/PlotMosaicMean/mapflow/_PlotMosaicMean0".[0m
2026-03-27 06:12:22 |[34;20m INFO     [0m|[34;20m nipype.workflow  [0m|[34;20m [Node] Executing "_PlotMosaicMean0" <nireports.interfaces.mosaic.PlotMosaic>[0m
2026-03-27 06:12:22 |[34;20m INFO     [0m|[34;20m nipype.workflow  [0m|[34;20m [Node] Setting-up "_PlotMosaicSD0" in "/local/nvme/ds006401_07.783919/ds/tmp/mriqc_wf/funcMRIQC/func_report_wf/ad1c57bb4f8d0b6dbd172b82e08b2e03231c7af5/PlotMosaicSD/mapflow/_PlotMosaicSD0".[0m
2026-03-27 06:12:22 |[34;20m INFO     [0m|[34;20m nipype.workflow  [0m|[34;20m [Node] Setting-up "_PlotMosaicNoise0" in "/local/nvme/ds006401_07.783919/ds/tmp/mriqc_wf/funcMRIQC/func_report_wf/ad1c57bb4f8d0b6dbd172b82e08b2e03231c7af5/PlotMosaicNoise/mapflow/_PlotMosaicNoise0".[0m
2026-03-27 06:12:22 |[34;20m INFO     [0m|[34;20m nipype.workflow  [0m|[34;20m [Node] Executing "_PlotMosaicSD0" <nireports.interfaces.mosaic.PlotMosaic>[0m
2026-03-27 06:12:22 |[34;20m INFO     [0m|[34;20m nipype.workflow  [0m|[34;20m [Node] Executing "_PlotMosaicNoise0" <nireports.interfaces.mosaic.PlotMosaic>[0m
2026-03-27 06:12:23 |[34;20m INFO     [0m|[34;20m nipype.workflow  [0m|[34;20m [Node] Finished "_quality0", elapsed time 10.574718s.[0m
2026-03-27 06:12:23 |[34;20m INFO     [0m|[34;20m nipype.workflow  [0m|[34;20m [Node] Finished "_quality0", elapsed time 10.729581s.[0m
2026-03-27 06:12:23 |[34;20m INFO     [0m|[34;20m nipype.workflow  [0m|[34;20m [Node] Finished "SharpenEPI", elapsed time 4.878712s.[0m
2026-03-27 06:12:24 |[34;20m INFO     [0m|[34;20m nipype.workflow  [0m|[34;20m [Node] Finished "_PlotMosaicNoise0", elapsed time 1.6841819999999998s.[0m
2026-03-27 06:12:24 |[34;20m INFO     [0m|[34;20m nipype.workflow  [0m|[34;20m [Node] Finished "_PlotMosaicMean0", elapsed time 1.716657s.[0m
2026-03-27 06:12:24 |[34;20m INFO     [0m|[34;20m nipype.workflow  [0m|[34;20m [Node] Finished "_PlotMosaicSD0", elapsed time 1.752532s.[0m
2026-03-27 06:12:24 |[34;20m INFO     [0m|[34;20m nipype.workflow  [0m|[34;20m [Node] Setting-up "mriqc_wf.funcMRIQC.synthstrip_wf.pre_clip" in "/local/nvme/ds006401_07.783919/ds/tmp/mriqc_wf/funcMRIQC/synthstrip_wf/417321dc9b0b057d6e784b4964c848599d933577/pre_clip".[0m
2026-03-27 06:12:24 |[34;20m INFO     [0m|[34;20m nipype.workflow  [0m|[34;20m [Node] Setting-up "mriqc_wf.funcMRIQC.SpatialNormalization.SharpenEPI" in "/local/nvme/ds006401_07.783919/ds/tmp/mriqc_wf/funcMRIQC/SpatialNormalization/417321dc9b0b057d6e784b4964c848599d933577/SharpenEPI".[0m
2026-03-27 06:12:24 |[34;20m INFO     [0m|[34;20m nipype.workflow  [0m|[34;20m [Node] Executing "pre_clip" <niworkflows.interfaces.nibabel.IntensityClip>[0m
2026-03-27 06:12:24 |[34;20m INFO     [0m|[34;20m nipype.workflow  [0m|[34;20m [Node] Executing "SharpenEPI" <nipype.interfaces.ants.segmentation.N4BiasFieldCorrection>[0m
2026-03-27 06:12:24 |[34;20m INFO     [0m|[34;20m nipype.workflow  [0m|[34;20m [Node] Setting-up "_PlotMosaicMean0" in "/local/nvme/ds006401_07.783919/ds/tmp/mriqc_wf/funcMRIQC/func_report_wf/417321dc9b0b057d6e784b4964c848599d933577/PlotMosaicMean/mapflow/_PlotMosaicMean0".[0m
2026-03-27 06:12:24 |[34;20m INFO     [0m|[34;20m nipype.workflow  [0m|[34;20m [Node] Setting-up "_PlotMosaicNoise0" in "/local/nvme/ds006401_07.783919/ds/tmp/mriqc_wf/funcMRIQC/func_report_wf/417321dc9b0b057d6e784b4964c848599d933577/PlotMosaicNoise/mapflow/_PlotMosaicNoise0".[0m
2026-03-27 06:12:24 |[34;20m INFO     [0m|[34;20m nipype.workflow  [0m|[34;20m [Node] Executing "_PlotMosaicMean0" <nireports.interfaces.mosaic.PlotMosaic>[0m
2026-03-27 06:12:24 |[34;20m INFO     [0m|[34;20m nipype.workflow  [0m|[34;20m [Node] Executing "_PlotMosaicNoise0" <nireports.interfaces.mosaic.PlotMosaic>[0m
2026-03-27 06:12:24 |[34;20m INFO     [0m|[34;20m nipype.workflow  [0m|[34;20m [Node] Setting-up "_PlotMosaicSD0" in "/local/nvme/ds006401_07.783919/ds/tmp/mriqc_wf/funcMRIQC/func_report_wf/417321dc9b0b057d6e784b4964c848599d933577/PlotMosaicSD/mapflow/_PlotMosaicSD0".[0m
2026-03-27 06:12:24 |[34;20m INFO     [0m|[34;20m nipype.workflow  [0m|[34;20m [Node] Setting-up "_ds_report_mean0" in "/local/nvme/ds006401_07.783919/ds/tmp/mriqc_wf/funcMRIQC/func_report_wf/f2b0e776281fdea5aae076445921a0586599e93d/ds_report_mean/mapflow/_ds_report_mean0".[0m
2026-03-27 06:12:24 |[34;20m INFO     [0m|[34;20m nipype.workflow  [0m|[34;20m [Node] Executing "_PlotMosaicSD0" <nireports.interfaces.mosaic.PlotMosaic>[0m
2026-03-27 06:12:24 |[34;20m INFO     [0m|[34;20m nipype.workflow  [0m|[34;20m [Node] Executing "_ds_report_mean0" <mriqc.interfaces.DerivativesDataSink>[0m
2026-03-27 06:12:24 |[34;20m INFO     [0m|[34;20m nipype.workflow  [0m|[34;20m [Node] Finished "_ds_report_mean0", elapsed time 0.008315s.[0m
2026-03-27 06:12:24 |[34;20m INFO     [0m|[34;20m nipype.workflow  [0m|[34;20m [Node] Setting-up "_ds_report_background0" in "/local/nvme/ds006401_07.783919/ds/tmp/mriqc_wf/funcMRIQC/func_report_wf/f2b0e776281fdea5aae076445921a0586599e93d/ds_report_background/mapflow/_ds_report_background0".[0m
2026-03-27 06:12:24 |[34;20m INFO     [0m|[34;20m nipype.workflow  [0m|[34;20m [Node] Executing "_ds_report_background0" <mriqc.interfaces.DerivativesDataSink>[0m
2026-03-27 06:12:24 |[34;20m INFO     [0m|[34;20m nipype.workflow  [0m|[34;20m [Node] Finished "_ds_report_background0", elapsed time 0.005382s.[0m
2026-03-27 06:12:25 |[34;20m INFO     [0m|[34;20m nipype.workflow  [0m|[34;20m [Node] Setting-up "_ds_report_stdev0" in "/local/nvme/ds006401_07.783919/ds/tmp/mriqc_wf/funcMRIQC/func_report_wf/f2b0e776281fdea5aae076445921a0586599e93d/ds_report_stdev/mapflow/_ds_report_stdev0".[0m
2026-03-27 06:12:25 |[34;20m INFO     [0m|[34;20m nipype.workflow  [0m|[34;20m [Node] Executing "_ds_report_stdev0" <mriqc.interfaces.DerivativesDataSink>[0m
2026-03-27 06:12:25 |[34;20m INFO     [0m|[34;20m nipype.workflow  [0m|[34;20m [Node] Finished "_ds_report_stdev0", elapsed time 0.005237s.[0m
2026-03-27 06:12:25 |[34;20m INFO     [0m|[34;20m nipype.workflow  [0m|[34;20m [Node] Setting-up "_ds_report_mean0" in "/local/nvme/ds006401_07.783919/ds/tmp/mriqc_wf/funcMRIQC/func_report_wf/ad1c57bb4f8d0b6dbd172b82e08b2e03231c7af5/ds_report_mean/mapflow/_ds_report_mean0".[0m
2026-03-27 06:12:25 |[34;20m INFO     [0m|[34;20m nipype.workflow  [0m|[34;20m [Node] Executing "_ds_report_mean0" <mriqc.interfaces.DerivativesDataSink>[0m
2026-03-27 06:12:25 |[34;20m INFO     [0m|[34;20m nipype.workflow  [0m|[34;20m [Node] Finished "_ds_report_mean0", elapsed time 0.005047s.[0m
2026-03-27 06:12:25 |[34;20m INFO     [0m|[34;20m nipype.workflow  [0m|[34;20m [Node] Setting-up "_ds_report_background0" in "/local/nvme/ds006401_07.783919/ds/tmp/mriqc_wf/funcMRIQC/func_report_wf/ad1c57bb4f8d0b6dbd172b82e08b2e03231c7af5/ds_report_background/mapflow/_ds_report_background0".[0m
2026-03-27 06:12:25 |[34;20m INFO     [0m|[34;20m nipype.workflow  [0m|[34;20m [Node] Executing "_ds_report_background0" <mriqc.interfaces.DerivativesDataSink>[0m
2026-03-27 06:12:25 |[34;20m INFO     [0m|[34;20m nipype.workflow  [0m|[34;20m [Node] Finished "_ds_report_background0", elapsed time 0.005063s.[0m
2026-03-27 06:12:25 |[34;20m INFO     [0m|[34;20m nipype.workflow  [0m|[34;20m [Node] Setting-up "_ds_report_stdev0" in "/local/nvme/ds006401_07.783919/ds/tmp/mriqc_wf/funcMRIQC/func_report_wf/ad1c57bb4f8d0b6dbd172b82e08b2e03231c7af5/ds_report_stdev/mapflow/_ds_report_stdev0".[0m
2026-03-27 06:12:25 |[34;20m INFO     [0m|[34;20m nipype.workflow  [0m|[34;20m [Node] Executing "_ds_report_stdev0" <mriqc.interfaces.DerivativesDataSink>[0m
2026-03-27 06:12:25 |[34;20m INFO     [0m|[34;20m nipype.workflow  [0m|[34;20m [Node] Finished "_ds_report_stdev0", elapsed time 0.004938s.[0m
2026-03-27 06:12:25 |[34;20m INFO     [0m|[34;20m nipype.workflow  [0m|[34;20m [Node] Finished "pre_clip", elapsed time 0.858065s.[0m
2026-03-27 06:12:25 |[34;20m INFO     [0m|[34;20m nipype.workflow  [0m|[34;20m [Node] Finished "SharpenEPI", elapsed time 4.824899s.[0m
2026-03-27 06:12:26 |[34;20m INFO     [0m|[34;20m nipype.workflow  [0m|[34;20m [Node] Finished "_PlotMosaicMean0", elapsed time 1.6702439999999998s.[0m
2026-03-27 06:12:26 |[34;20m INFO     [0m|[34;20m nipype.workflow  [0m|[34;20m [Node] Finished "_PlotMosaicSD0", elapsed time 1.738091s.[0m
2026-03-27 06:12:26 |[34;20m INFO     [0m|[34;20m nipype.workflow  [0m|[34;20m [Node] Finished "_PlotMosaicNoise0", elapsed time 1.782057s.[0m
2026-03-27 06:12:26 |[34;20m INFO     [0m|[34;20m nipype.workflow  [0m|[34;20m [Node] Setting-up "_ds_report_mean0" in "/local/nvme/ds006401_07.783919/ds/tmp/mriqc_wf/funcMRIQC/func_report_wf/417321dc9b0b057d6e784b4964c848599d933577/ds_report_mean/mapflow/_ds_report_mean0".[0m
2026-03-27 06:12:26 |[34;20m INFO     [0m|[34;20m nipype.workflow  [0m|[34;20m [Node] Executing "_ds_report_mean0" <mriqc.interfaces.DerivativesDataSink>[0m
2026-03-27 06:12:26 |[34;20m INFO     [0m|[34;20m nipype.workflow  [0m|[34;20m [Node] Finished "_ds_report_mean0", elapsed time 0.005231s.[0m
2026-03-27 06:12:26 |[34;20m INFO     [0m|[34;20m nipype.workflow  [0m|[34;20m [Node] Setting-up "_ds_report_background0" in "/local/nvme/ds006401_07.783919/ds/tmp/mriqc_wf/funcMRIQC/func_report_wf/417321dc9b0b057d6e784b4964c848599d933577/ds_report_background/mapflow/_ds_report_background0".[0m
2026-03-27 06:12:26 |[34;20m INFO     [0m|[34;20m nipype.workflow  [0m|[34;20m [Node] Executing "_ds_report_background0" <mriqc.interfaces.DerivativesDataSink>[0m
2026-03-27 06:12:26 |[34;20m INFO     [0m|[34;20m nipype.workflow  [0m|[34;20m [Node] Finished "_ds_report_background0", elapsed time 0.00499s.[0m
2026-03-27 06:12:27 |[34;20m INFO     [0m|[34;20m nipype.workflow  [0m|[34;20m [Node] Setting-up "_ds_report_stdev0" in "/local/nvme/ds006401_07.783919/ds/tmp/mriqc_wf/funcMRIQC/func_report_wf/417321dc9b0b057d6e784b4964c848599d933577/ds_report_stdev/mapflow/_ds_report_stdev0".[0m
2026-03-27 06:12:27 |[34;20m INFO     [0m|[34;20m nipype.workflow  [0m|[34;20m [Node] Executing "_ds_report_stdev0" <mriqc.interfaces.DerivativesDataSink>[0m
2026-03-27 06:12:27 |[34;20m INFO     [0m|[34;20m nipype.workflow  [0m|[34;20m [Node] Finished "_ds_report_stdev0", elapsed time 0.005111s.[0m
2026-03-27 06:12:29 |[34;20m INFO     [0m|[34;20m nipype.workflow  [0m|[34;20m [Node] Finished "SharpenEPI", elapsed time 4.934621s.[0m
2026-03-27 06:12:30 |[34;20m INFO     [0m|[34;20m nipype.workflow  [0m|[34;20m [Node] Finished "_quality0", elapsed time 13.547842s.[0m
2026-03-27 06:12:30 |[34;20m INFO     [0m|[34;20m nipype.workflow  [0m|[34;20m [Node] Setting-up "mriqc_wf.funcMRIQC.synthstrip_wf.pre_n4" in "/local/nvme/ds006401_07.783919/ds/tmp/mriqc_wf/funcMRIQC/synthstrip_wf/f2b0e776281fdea5aae076445921a0586599e93d/pre_n4".[0m
2026-03-27 06:12:30 |[34;20m INFO     [0m|[34;20m nipype.workflow  [0m|[34;20m [Node] Executing "pre_n4" <nipype.interfaces.ants.segmentation.N4BiasFieldCorrection>[0m
2026-03-27 06:12:32 |[34;20m INFO     [0m|[34;20m nipype.workflow  [0m|[34;20m [Node] Finished "pre_n4", elapsed time 1.361232s.[0m
2026-03-27 06:12:32 |[34;20m INFO     [0m|[34;20m nipype.workflow  [0m|[34;20m [Node] Setting-up "mriqc_wf.funcMRIQC.synthstrip_wf.pre_n4" in "/local/nvme/ds006401_07.783919/ds/tmp/mriqc_wf/funcMRIQC/synthstrip_wf/ad1c57bb4f8d0b6dbd172b82e08b2e03231c7af5/pre_n4".[0m
2026-03-27 06:12:32 |[34;20m INFO     [0m|[34;20m nipype.workflow  [0m|[34;20m [Node] Executing "pre_n4" <nipype.interfaces.ants.segmentation.N4BiasFieldCorrection>[0m
2026-03-27 06:12:34 |[34;20m INFO     [0m|[34;20m nipype.workflow  [0m|[34;20m [Node] Finished "pre_n4", elapsed time 1.381304s.[0m
2026-03-27 06:12:34 |[34;20m INFO     [0m|[34;20m nipype.workflow  [0m|[34;20m [Node] Setting-up "mriqc_wf.funcMRIQC.synthstrip_wf.pre_n4" in "/local/nvme/ds006401_07.783919/ds/tmp/mriqc_wf/funcMRIQC/synthstrip_wf/417321dc9b0b057d6e784b4964c848599d933577/pre_n4".[0m
2026-03-27 06:12:34 |[34;20m INFO     [0m|[34;20m nipype.workflow  [0m|[34;20m [Node] Executing "pre_n4" <nipype.interfaces.ants.segmentation.N4BiasFieldCorrection>[0m
2026-03-27 06:12:36 |[34;20m INFO     [0m|[34;20m nipype.workflow  [0m|[34;20m [Node] Finished "pre_n4", elapsed time 1.336042s.[0m
2026-03-27 06:12:36 |[34;20m INFO     [0m|[34;20m nipype.workflow  [0m|[34;20m [Node] Setting-up "mriqc_wf.funcMRIQC.synthstrip_wf.synthstrip" in "/local/nvme/ds006401_07.783919/ds/tmp/mriqc_wf/funcMRIQC/synthstrip_wf/f2b0e776281fdea5aae076445921a0586599e93d/synthstrip".[0m
2026-03-27 06:12:36 |[34;20m INFO     [0m|[34;20m nipype.workflow  [0m|[34;20m [Node] Executing "synthstrip" <mriqc.interfaces.synthstrip.SynthStrip>[0m
2026-03-27 06:12:53 |[34;20m INFO     [0m|[34;20m nipype.workflow  [0m|[34;20m [Node] Finished "synthstrip", elapsed time 16.820355s.[0m
2026-03-27 06:12:54 |[34;20m INFO     [0m|[34;20m nipype.workflow  [0m|[34;20m [Node] Setting-up "mriqc_wf.funcMRIQC.synthstrip_wf.synthstrip" in "/local/nvme/ds006401_07.783919/ds/tmp/mriqc_wf/funcMRIQC/synthstrip_wf/ad1c57bb4f8d0b6dbd172b82e08b2e03231c7af5/synthstrip".[0m
2026-03-27 06:12:54 |[34;20m INFO     [0m|[34;20m nipype.workflow  [0m|[34;20m [Node] Executing "synthstrip" <mriqc.interfaces.synthstrip.SynthStrip>[0m
2026-03-27 06:13:09 |[34;20m INFO     [0m|[34;20m nipype.workflow  [0m|[34;20m [Node] Finished "synthstrip", elapsed time 14.741886000000001s.[0m
2026-03-27 06:13:10 |[34;20m INFO     [0m|[34;20m nipype.workflow  [0m|[34;20m [Node] Setting-up "mriqc_wf.funcMRIQC.synthstrip_wf.synthstrip" in "/local/nvme/ds006401_07.783919/ds/tmp/mriqc_wf/funcMRIQC/synthstrip_wf/417321dc9b0b057d6e784b4964c848599d933577/synthstrip".[0m
2026-03-27 06:13:10 |[34;20m INFO     [0m|[34;20m nipype.workflow  [0m|[34;20m [Node] Executing "synthstrip" <mriqc.interfaces.synthstrip.SynthStrip>[0m
2026-03-27 06:13:25 |[34;20m INFO     [0m|[34;20m nipype.workflow  [0m|[34;20m [Node] Finished "synthstrip", elapsed time 14.470903s.[0m
2026-03-27 06:13:26 |[34;20m INFO     [0m|[34;20m nipype.workflow  [0m|[34;20m [Node] Setting-up "mriqc_wf.funcMRIQC.synthstrip_wf.post_n4" in "/local/nvme/ds006401_07.783919/ds/tmp/mriqc_wf/funcMRIQC/synthstrip_wf/f2b0e776281fdea5aae076445921a0586599e93d/post_n4".[0m
2026-03-27 06:13:26 |[34;20m INFO     [0m|[34;20m nipype.workflow  [0m|[34;20m [Node] Executing "post_n4" <nipype.interfaces.ants.segmentation.N4BiasFieldCorrection>[0m
2026-03-27 06:13:27 |[34;20m INFO     [0m|[34;20m nipype.workflow  [0m|[34;20m [Node] Finished "post_n4", elapsed time 1.086438s.[0m
2026-03-27 06:13:28 |[34;20m INFO     [0m|[34;20m nipype.workflow  [0m|[34;20m [Node] Setting-up "mriqc_wf.funcMRIQC.SpatialNormalization.EPI2MNI" in "/local/nvme/ds006401_07.783919/ds/tmp/mriqc_wf/funcMRIQC/SpatialNormalization/f2b0e776281fdea5aae076445921a0586599e93d/EPI2MNI".[0m
2026-03-27 06:13:28 |[34;20m INFO     [0m|[34;20m nipype.workflow  [0m|[34;20m [Node] Executing "EPI2MNI" <niworkflows.interfaces.reportlets.registration.SpatialNormalizationRPT>[0m
2026-03-27 06:13:28 |[34;20m INFO     [0m|[34;20m niworkflows      [0m|[34;20m Estimating initial transform using AffineInitializer[0m
2026-03-27 06:13:34 |[34;20m INFO     [0m|[34;20m niworkflows      [0m|[34;20m Loading settings from file /opt/conda/lib/python3.11/site-packages/niworkflows/data/boldref-mni_registration_precise_000.json.[0m
2026-03-27 06:13:34 |[34;20m INFO     [0m|[34;20m niworkflows      [0m|[34;20m Retry #1, commandline: 
antsRegistration --collapse-output-transforms 1 --dimensionality 3 --float 0 --initial-moving-transform [ /local/nvme/ds006401_07.783919/ds/tmp/mriqc_wf/funcMRIQC/SpatialNormalization/f2b0e776281fdea5aae076445921a0586599e93d/EPI2MNI/transform.mat, 0 ] --initialize-transforms-per-stage 0 --interpolation LanczosWindowedSinc --output [ epi_to_mni, epi_to_mni_Warped.nii.gz ] --transform Rigid[ 0.05 ] --metric Mattes[ /templateflow/tpl-MNI152NLin2009cAsym/tpl-MNI152NLin2009cAsym_res-02_desc-fMRIPrep_boldref.nii.gz, /local/nvme/ds006401_07.783919/ds/tmp/mriqc_wf/funcMRIQC/SpatialNormalization/f2b0e776281fdea5aae076445921a0586599e93d/SharpenEPI/sub-07_ses-01_task-mid_run-01_bold_desc-realigned_valid_tstat_corrected.nii.gz, 1, 56, Regular, 0.25 ] --convergence [ 10000x1000x100, 1e-06, 20 ] --smoothing-sigmas 4.0x2.0x1.0vox --shrink-factors 4x2x1 --use-histogram-matching 1 --masks [ /templateflow/tpl-MNI152NLin2009cAsym/tpl-MNI152NLin2009cAsym_res-02_desc-brain_mask.nii.gz, /local/nvme/ds006401_07.783919/ds/tmp/mriqc_wf/funcMRIQC/synthstrip_wf/f2b0e776281fdea5aae076445921a0586599e93d/synthstrip/clipped_corrected_desc-brain_mask.nii.gz ] --transform Affine[ 0.08 ] --metric Mattes[ /templateflow/tpl-MNI152NLin2009cAsym/tpl-MNI152NLin2009cAsym_res-02_desc-fMRIPrep_boldref.nii.gz, /local/nvme/ds006401_07.783919/ds/tmp/mriqc_wf/funcMRIQC/SpatialNormalization/f2b0e776281fdea5aae076445921a0586599e93d/SharpenEPI/sub-07_ses-01_task-mid_run-01_bold_desc-realigned_valid_tstat_corrected.nii.gz, 1, 56, Regular, 0.25 ] --convergence [ 500x250x100, 1e-06, 20 ] --smoothing-sigmas 4.0x2.0x1.0vox --shrink-factors 8x4x2 --use-histogram-matching 1 --masks [ /templateflow/tpl-MNI152NLin2009cAsym/tpl-MNI152NLin2009cAsym_res-02_desc-brain_mask.nii.gz, /local/nvme/ds006401_07.783919/ds/tmp/mriqc_wf/funcMRIQC/synthstrip_wf/f2b0e776281fdea5aae076445921a0586599e93d/synthstrip/clipped_corrected_desc-brain_mask.nii.gz ] --transform SyN[ 0.1, 3.0, 0.0 ] --metric CC[ /templateflow/tpl-MNI152NLin2009cAsym/tpl-MNI152NLin2009cAsym_res-02_desc-fMRIPrep_boldref.nii.gz, /local/nvme/ds006401_07.783919/ds/tmp/mriqc_wf/funcMRIQC/SpatialNormalization/f2b0e776281fdea5aae076445921a0586599e93d/SharpenEPI/sub-07_ses-01_task-mid_run-01_bold_desc-realigned_valid_tstat_corrected.nii.gz, 1, 4, None, 1 ] --convergence [ 100x30x20, 1e-06, 10 ] --smoothing-sigmas 3.0x2.0x1.0vox --shrink-factors 8x4x2 --use-histogram-matching 1 --masks [ /templateflow/tpl-MNI152NLin2009cAsym/tpl-MNI152NLin2009cAsym_res-02_desc-brain_mask.nii.gz, /local/nvme/ds006401_07.783919/ds/tmp/mriqc_wf/funcMRIQC/synthstrip_wf/f2b0e776281fdea5aae076445921a0586599e93d/synthstrip/clipped_corrected_desc-brain_mask.nii.gz ] --winsorize-image-intensities [ 0.005, 0.995 ]  --write-composite-transform 1[0m
2026-03-27 06:13:46 |[34;20m INFO     [0m|[34;20m niworkflows      [0m|[34;20m Successful spatial normalization (retry #1).[0m
2026-03-27 06:13:46 |[34;20m INFO     [0m|[34;20m niworkflows      [0m|[34;20m Report - setting fixed (/templateflow/tpl-MNI152NLin2009cAsym/tpl-MNI152NLin2009cAsym_res-02_desc-fMRIPrep_boldref.nii.gz) and moving (/local/nvme/ds006401_07.783919/ds/tmp/mriqc_wf/funcMRIQC/SpatialNormalization/f2b0e776281fdea5aae076445921a0586599e93d/EPI2MNI/epi_to_mni_Warped.nii.gz) images[0m
2026-03-27 06:13:46 |[34;20m INFO     [0m|[34;20m niworkflows      [0m|[34;20m Generating visual report[0m
2026-03-27 06:14:03 |[34;20m INFO     [0m|[34;20m nipype.workflow  [0m|[34;20m [Node] Finished "EPI2MNI", elapsed time 34.221818999999996s.[0m
2026-03-27 06:14:04 |[34;20m INFO     [0m|[34;20m nipype.workflow  [0m|[34;20m [Node] Setting-up "mriqc_wf.funcMRIQC.func_report_wf.dilated_mask" in "/local/nvme/ds006401_07.783919/ds/tmp/mriqc_wf/funcMRIQC/func_report_wf/f2b0e776281fdea5aae076445921a0586599e93d/dilated_mask".[0m
2026-03-27 06:14:04 |[34;20m INFO     [0m|[34;20m nipype.workflow  [0m|[34;20m [Node] Executing "dilated_mask" <niworkflows.interfaces.morphology.BinaryDilation>[0m
2026-03-27 06:14:04 |[34;20m INFO     [0m|[34;20m nipype.workflow  [0m|[34;20m [Node] Setting-up "_smoothness0" in "/local/nvme/ds006401_07.783919/ds/tmp/mriqc_wf/funcMRIQC/ComputeIQMs/f2b0e776281fdea5aae076445921a0586599e93d/smoothness/mapflow/_smoothness0".[0m
2026-03-27 06:14:04 |[34;20m INFO     [0m|[34;20m nipype.workflow  [0m|[34;20m [Node] Setting-up "_outliers0" in "/local/nvme/ds006401_07.783919/ds/tmp/mriqc_wf/funcMRIQC/ComputeIQMs/f2b0e776281fdea5aae076445921a0586599e93d/outliers/mapflow/_outliers0".[0m
2026-03-27 06:14:04 |[34;20m INFO     [0m|[34;20m nipype.workflow  [0m|[34;20m [Node] Setting-up "_gcor0" in "/local/nvme/ds006401_07.783919/ds/tmp/mriqc_wf/funcMRIQC/ComputeIQMs/f2b0e776281fdea5aae076445921a0586599e93d/gcor/mapflow/_gcor0".[0m
2026-03-27 06:14:04 |[34;20m INFO     [0m|[34;20m nipype.workflow  [0m|[34;20m [Node] Executing "_smoothness0" <nipype.interfaces.afni.utils.FWHMx>[0m
2026-03-27 06:14:04 |[34;20m INFO     [0m|[34;20m nipype.workflow  [0m|[34;20m [Node] Setting-up "mriqc_wf.funcMRIQC.func_report_wf.PlotBrainmask" in "/local/nvme/ds006401_07.783919/ds/tmp/mriqc_wf/funcMRIQC/func_report_wf/f2b0e776281fdea5aae076445921a0586599e93d/PlotBrainmask".[0m
2026-03-27 06:14:04 |[34;20m INFO     [0m|[34;20m nipype.workflow  [0m|[34;20m [Node] Setting-up "_ComputeDVARS0" in "/local/nvme/ds006401_07.783919/ds/tmp/mriqc_wf/funcMRIQC/ComputeIQMs/f2b0e776281fdea5aae076445921a0586599e93d/ComputeDVARS/mapflow/_ComputeDVARS0".[0m
2026-03-27 06:14:04 |[34;20m INFO     [0m|[34;20m nipype.workflow  [0m|[34;20m [Node] Executing "_outliers0" <nipype.interfaces.afni.preprocess.OutlierCount>[0m
2026-03-27 06:14:04 |[34;20m INFO     [0m|[34;20m nipype.workflow  [0m|[34;20m [Node] Executing "_gcor0" <mriqc.interfaces.transitional.GCOR>[0m
2026-03-27 06:14:04 |[34;20m INFO     [0m|[34;20m nipype.workflow  [0m|[34;20m [Node] Setting-up "_PlotMosaicZoomed0" in "/local/nvme/ds006401_07.783919/ds/tmp/mriqc_wf/funcMRIQC/func_report_wf/f2b0e776281fdea5aae076445921a0586599e93d/PlotMosaicZoomed/mapflow/_PlotMosaicZoomed0".[0m
2026-03-27 06:14:04 |[34;20m INFO     [0m|[34;20m nipype.workflow  [0m|[34;20m [Node] Executing "PlotBrainmask" <nireports.interfaces.mosaic.PlotContours>[0m
2026-03-27 06:14:04 |[34;20m INFO     [0m|[34;20m nipype.workflow  [0m|[34;20m [Node] Executing "_ComputeDVARS0" <nipype.algorithms.confounds.ComputeDVARS>[0m
2026-03-27 06:14:04 |[34;20m INFO     [0m|[34;20m nipype.workflow  [0m|[34;20m [Node] Executing "_PlotMosaicZoomed0" <nireports.interfaces.mosaic.PlotMosaic>[0m
2026-03-27 06:14:04 |[34;20m INFO     [0m|[34;20m nipype.workflow  [0m|[34;20m [Node] Setting-up "_ComputeDVARS0" in "/local/nvme/ds006401_07.783919/ds/tmp/mriqc_wf/funcMRIQC/ComputeIQMs/ad1c57bb4f8d0b6dbd172b82e08b2e03231c7af5/ComputeDVARS/mapflow/_ComputeDVARS0".[0m
2026-03-27 06:14:04 |[34;20m INFO     [0m|[34;20m nipype.workflow  [0m|[34;20m [Node] Executing "_ComputeDVARS0" <nipype.algorithms.confounds.ComputeDVARS>[0m
2026-03-27 06:14:04 |[34;20m INFO     [0m|[34;20m nipype.workflow  [0m|[34;20m [Node] Finished "dilated_mask", elapsed time 0.027755s.[0m
2026-03-27 06:14:05 |[34;20m INFO     [0m|[34;20m nipype.workflow  [0m|[34;20m [Node] Finished "_smoothness0", elapsed time 0.6676s.[0m
2026-03-27 06:14:06 |[34;20m INFO     [0m|[34;20m nipype.workflow  [0m|[34;20m [Node] Finished "PlotBrainmask", elapsed time 1.324412s.[0m
2026-03-27 06:14:06 |[34;20m INFO     [0m|[34;20m nipype.workflow  [0m|[34;20m [Node] Finished "_PlotMosaicZoomed0", elapsed time 1.65205s.[0m
2026-03-27 06:14:06 |[34;20m INFO     [0m|[34;20m nipype.workflow  [0m|[34;20m [Node] Setting-up "_smoothness0" in "/local/nvme/ds006401_07.783919/ds/tmp/mriqc_wf/funcMRIQC/ComputeIQMs/ad1c57bb4f8d0b6dbd172b82e08b2e03231c7af5/smoothness/mapflow/_smoothness0".[0m
2026-03-27 06:14:06 |[34;20m INFO     [0m|[34;20m nipype.workflow  [0m|[34;20m [Node] Setting-up "mriqc_wf.funcMRIQC.func_report_wf.dilated_mask" in "/local/nvme/ds006401_07.783919/ds/tmp/mriqc_wf/funcMRIQC/func_report_wf/ad1c57bb4f8d0b6dbd172b82e08b2e03231c7af5/dilated_mask".[0m
2026-03-27 06:14:06 |[34;20m INFO     [0m|[34;20m nipype.workflow  [0m|[34;20m [Node] Executing "_smoothness0" <nipype.interfaces.afni.utils.FWHMx>[0m
2026-03-27 06:14:06 |[34;20m INFO     [0m|[34;20m nipype.workflow  [0m|[34;20m [Node] Setting-up "_outliers0" in "/local/nvme/ds006401_07.783919/ds/tmp/mriqc_wf/funcMRIQC/ComputeIQMs/ad1c57bb4f8d0b6dbd172b82e08b2e03231c7af5/outliers/mapflow/_outliers0".[0m
2026-03-27 06:14:06 |[34;20m INFO     [0m|[34;20m nipype.workflow  [0m|[34;20m [Node] Executing "dilated_mask" <niworkflows.interfaces.morphology.BinaryDilation>[0m
2026-03-27 06:14:06 |[34;20m INFO     [0m|[34;20m nipype.workflow  [0m|[34;20m [Node] Setting-up "_gcor0" in "/local/nvme/ds006401_07.783919/ds/tmp/mriqc_wf/funcMRIQC/ComputeIQMs/ad1c57bb4f8d0b6dbd172b82e08b2e03231c7af5/gcor/mapflow/_gcor0".[0m
2026-03-27 06:14:06 |[34;20m INFO     [0m|[34;20m nipype.workflow  [0m|[34;20m [Node] Executing "_outliers0" <nipype.interfaces.afni.preprocess.OutlierCount>[0m
2026-03-27 06:14:06 |[34;20m INFO     [0m|[34;20m nipype.workflow  [0m|[34;20m [Node] Executing "_gcor0" <mriqc.interfaces.transitional.GCOR>[0m
2026-03-27 06:14:06 |[34;20m INFO     [0m|[34;20m nipype.workflow  [0m|[34;20m [Node] Finished "dilated_mask", elapsed time 0.067989s.[0m
2026-03-27 06:14:07 |[34;20m INFO     [0m|[34;20m nipype.workflow  [0m|[34;20m [Node] Finished "_smoothness0", elapsed time 0.604269s.[0m
2026-03-27 06:14:08 |[34;20m INFO     [0m|[34;20m nipype.workflow  [0m|[34;20m [Node] Setting-up "mriqc_wf.funcMRIQC.func_report_wf.PlotBrainmask" in "/local/nvme/ds006401_07.783919/ds/tmp/mriqc_wf/funcMRIQC/func_report_wf/ad1c57bb4f8d0b6dbd172b82e08b2e03231c7af5/PlotBrainmask".[0m
2026-03-27 06:14:08 |[34;20m INFO     [0m|[34;20m nipype.workflow  [0m|[34;20m [Node] Executing "PlotBrainmask" <nireports.interfaces.mosaic.PlotContours>[0m
2026-03-27 06:14:08 |[34;20m INFO     [0m|[34;20m nipype.workflow  [0m|[34;20m [Node] Setting-up "_PlotMosaicZoomed0" in "/local/nvme/ds006401_07.783919/ds/tmp/mriqc_wf/funcMRIQC/func_report_wf/ad1c57bb4f8d0b6dbd172b82e08b2e03231c7af5/PlotMosaicZoomed/mapflow/_PlotMosaicZoomed0".[0m
2026-03-27 06:14:08 |[34;20m INFO     [0m|[34;20m nipype.workflow  [0m|[34;20m [Node] Executing "_PlotMosaicZoomed0" <nireports.interfaces.mosaic.PlotMosaic>[0m
2026-03-27 06:14:10 |[34;20m INFO     [0m|[34;20m nipype.workflow  [0m|[34;20m [Node] Finished "_outliers0", elapsed time 5.345579s.[0m
2026-03-27 06:14:10 |[34;20m INFO     [0m|[34;20m nipype.workflow  [0m|[34;20m [Node] Finished "PlotBrainmask", elapsed time 1.395183s.[0m
2026-03-27 06:14:10 |[34;20m INFO     [0m|[34;20m nipype.workflow  [0m|[34;20m [Node] Setting-up "_smoothness0" in "/local/nvme/ds006401_07.783919/ds/tmp/mriqc_wf/funcMRIQC/ComputeIQMs/417321dc9b0b057d6e784b4964c848599d933577/smoothness/mapflow/_smoothness0".[0m
2026-03-27 06:14:10 |[34;20m INFO     [0m|[34;20m nipype.workflow  [0m|[34;20m [Node] Executing "_smoothness0" <nipype.interfaces.afni.utils.FWHMx>[0m
2026-03-27 06:14:10 |[34;20m INFO     [0m|[34;20m nipype.workflow  [0m|[34;20m [Node] Setting-up "_ComputeDVARS0" in "/local/nvme/ds006401_07.783919/ds/tmp/mriqc_wf/funcMRIQC/ComputeIQMs/417321dc9b0b057d6e784b4964c848599d933577/ComputeDVARS/mapflow/_ComputeDVARS0".[0m
2026-03-27 06:14:10 |[34;20m INFO     [0m|[34;20m nipype.workflow  [0m|[34;20m [Node] Executing "_ComputeDVARS0" <nipype.algorithms.confounds.ComputeDVARS>[0m
2026-03-27 06:14:11 |[34;20m INFO     [0m|[34;20m nipype.workflow  [0m|[34;20m [Node] Finished "_PlotMosaicZoomed0", elapsed time 2.1670059999999998s.[0m
2026-03-27 06:14:11 |[34;20m INFO     [0m|[34;20m nipype.workflow  [0m|[34;20m [Node] Finished "_smoothness0", elapsed time 0.720166s.[0m
2026-03-27 06:14:12 |[34;20m INFO     [0m|[34;20m nipype.workflow  [0m|[34;20m [Node] Finished "_outliers0", elapsed time 5.198316s.[0m
2026-03-27 06:14:12 |[34;20m INFO     [0m|[34;20m nipype.workflow  [0m|[34;20m [Node] Setting-up "mriqc_wf.funcMRIQC.func_report_wf.dilated_mask" in "/local/nvme/ds006401_07.783919/ds/tmp/mriqc_wf/funcMRIQC/func_report_wf/417321dc9b0b057d6e784b4964c848599d933577/dilated_mask".[0m
2026-03-27 06:14:12 |[34;20m INFO     [0m|[34;20m nipype.workflow  [0m|[34;20m [Node] Setting-up "_outliers0" in "/local/nvme/ds006401_07.783919/ds/tmp/mriqc_wf/funcMRIQC/ComputeIQMs/417321dc9b0b057d6e784b4964c848599d933577/outliers/mapflow/_outliers0".[0m
2026-03-27 06:14:12 |[34;20m INFO     [0m|[34;20m nipype.workflow  [0m|[34;20m [Node] Executing "dilated_mask" <niworkflows.interfaces.morphology.BinaryDilation>[0m
2026-03-27 06:14:12 |[34;20m INFO     [0m|[34;20m nipype.workflow  [0m|[34;20m [Node] Setting-up "_gcor0" in "/local/nvme/ds006401_07.783919/ds/tmp/mriqc_wf/funcMRIQC/ComputeIQMs/417321dc9b0b057d6e784b4964c848599d933577/gcor/mapflow/_gcor0".[0m
2026-03-27 06:14:12 |[34;20m INFO     [0m|[34;20m nipype.workflow  [0m|[34;20m [Node] Executing "_outliers0" <nipype.interfaces.afni.preprocess.OutlierCount>[0m
2026-03-27 06:14:12 |[34;20m INFO     [0m|[34;20m nipype.workflow  [0m|[34;20m [Node] Executing "_gcor0" <mriqc.interfaces.transitional.GCOR>[0m
2026-03-27 06:14:12 |[34;20m INFO     [0m|[34;20m nipype.workflow  [0m|[34;20m [Node] Finished "dilated_mask", elapsed time 0.024727s.[0m
2026-03-27 06:14:14 |[34;20m INFO     [0m|[34;20m nipype.workflow  [0m|[34;20m [Node] Setting-up "_PlotMosaicZoomed0" in "/local/nvme/ds006401_07.783919/ds/tmp/mriqc_wf/funcMRIQC/func_report_wf/417321dc9b0b057d6e784b4964c848599d933577/PlotMosaicZoomed/mapflow/_PlotMosaicZoomed0".[0m
2026-03-27 06:14:14 |[34;20m INFO     [0m|[34;20m nipype.workflow  [0m|[34;20m [Node] Executing "_PlotMosaicZoomed0" <nireports.interfaces.mosaic.PlotMosaic>[0m
2026-03-27 06:14:15 |[34;20m INFO     [0m|[34;20m nipype.workflow  [0m|[34;20m [Node] Finished "_gcor0", elapsed time 10.722614s.[0m
2026-03-27 06:14:16 |[34;20m INFO     [0m|[34;20m nipype.workflow  [0m|[34;20m [Node] Finished "_PlotMosaicZoomed0", elapsed time 1.4233660000000001s.[0m
2026-03-27 06:14:16 |[34;20m INFO     [0m|[34;20m nipype.workflow  [0m|[34;20m [Node] Finished "_gcor0", elapsed time 9.52654s.[0m
2026-03-27 06:14:16 |[34;20m INFO     [0m|[34;20m nipype.workflow  [0m|[34;20m [Node] Setting-up "mriqc_wf.funcMRIQC.func_report_wf.PlotBrainmask" in "/local/nvme/ds006401_07.783919/ds/tmp/mriqc_wf/funcMRIQC/func_report_wf/417321dc9b0b057d6e784b4964c848599d933577/PlotBrainmask".[0m
2026-03-27 06:14:16 |[34;20m INFO     [0m|[34;20m nipype.workflow  [0m|[34;20m [Node] Setting-up "mriqc_wf.funcMRIQC.SpatialNormalization.ResampleSegmentation" in "/local/nvme/ds006401_07.783919/ds/tmp/mriqc_wf/funcMRIQC/SpatialNormalization/f2b0e776281fdea5aae076445921a0586599e93d/ResampleSegmentation".[0m
2026-03-27 06:14:16 |[34;20m INFO     [0m|[34;20m nipype.workflow  [0m|[34;20m [Node] Executing "PlotBrainmask" <nireports.interfaces.mosaic.PlotContours>[0m
2026-03-27 06:14:16 |[34;20m INFO     [0m|[34;20m nipype.workflow  [0m|[34;20m [Node] Executing "ResampleSegmentation" <nipype.interfaces.ants.resampling.ApplyTransforms>[0m
2026-03-27 06:14:16 |[34;20m INFO     [0m|[34;20m nipype.workflow  [0m|[34;20m [Node] Setting-up "mriqc_wf.funcMRIQC.synthstrip_wf.final_masked" in "/local/nvme/ds006401_07.783919/ds/tmp/mriqc_wf/funcMRIQC/synthstrip_wf/f2b0e776281fdea5aae076445921a0586599e93d/final_masked".[0m
2026-03-27 06:14:16 |[34;20m INFO     [0m|[34;20m nipype.workflow  [0m|[34;20m [Node] Executing "final_masked" <niworkflows.interfaces.nibabel.ApplyMask>[0m
2026-03-27 06:14:16 |[34;20m INFO     [0m|[34;20m nipype.workflow  [0m|[34;20m [Node] Finished "final_masked", elapsed time 0.042443s.[0m
2026-03-27 06:14:18 |[34;20m INFO     [0m|[34;20m nipype.workflow  [0m|[34;20m [Node] Finished "PlotBrainmask", elapsed time 1.348191s.[0m
2026-03-27 06:14:18 |[34;20m INFO     [0m|[34;20m nipype.workflow  [0m|[34;20m [Node] Setting-up "mriqc_wf.funcMRIQC.func_report_wf.ds_report_norm" in "/local/nvme/ds006401_07.783919/ds/tmp/mriqc_wf/funcMRIQC/func_report_wf/f2b0e776281fdea5aae076445921a0586599e93d/ds_report_norm".[0m
2026-03-27 06:14:18 |[34;20m INFO     [0m|[34;20m nipype.workflow  [0m|[34;20m [Node] Executing "ds_report_norm" <mriqc.interfaces.DerivativesDataSink>[0m
2026-03-27 06:14:18 |[34;20m INFO     [0m|[34;20m nipype.workflow  [0m|[34;20m [Node] Finished "ds_report_norm", elapsed time 0.005583s.[0m
2026-03-27 06:14:18 |[34;20m INFO     [0m|[34;20m nipype.workflow  [0m|[34;20m [Node] Setting-up "mriqc_wf.funcMRIQC.func_report_wf.subtract_mask" in "/local/nvme/ds006401_07.783919/ds/tmp/mriqc_wf/funcMRIQC/func_report_wf/f2b0e776281fdea5aae076445921a0586599e93d/subtract_mask".[0m
2026-03-27 06:14:18 |[34;20m INFO     [0m|[34;20m nipype.workflow  [0m|[34;20m [Node] Executing "subtract_mask" <niworkflows.interfaces.morphology.BinarySubtraction>[0m
2026-03-27 06:14:18 |[34;20m INFO     [0m|[34;20m nipype.workflow  [0m|[34;20m [Node] Setting-up "_ds_report_zoomed0" in "/local/nvme/ds006401_07.783919/ds/tmp/mriqc_wf/funcMRIQC/func_report_wf/f2b0e776281fdea5aae076445921a0586599e93d/ds_report_zoomed/mapflow/_ds_report_zoomed0".[0m
2026-03-27 06:14:18 |[34;20m INFO     [0m|[34;20m nipype.workflow  [0m|[34;20m [Node] Executing "_ds_report_zoomed0" <mriqc.interfaces.DerivativesDataSink>[0m
2026-03-27 06:14:18 |[34;20m INFO     [0m|[34;20m nipype.workflow  [0m|[34;20m [Node] Finished "_ds_report_zoomed0", elapsed time 0.005288s.[0m
2026-03-27 06:14:18 |[34;20m INFO     [0m|[34;20m nipype.workflow  [0m|[34;20m [Node] Finished "subtract_mask", elapsed time 0.011448s.[0m
2026-03-27 06:14:19 |[34;20m INFO     [0m|[34;20m nipype.workflow  [0m|[34;20m [Node] Setting-up "mriqc_wf.funcMRIQC.func_report_wf.ds_report_bmask" in "/local/nvme/ds006401_07.783919/ds/tmp/mriqc_wf/funcMRIQC/func_report_wf/f2b0e776281fdea5aae076445921a0586599e93d/ds_report_bmask".[0m
2026-03-27 06:14:19 |[34;20m INFO     [0m|[34;20m nipype.workflow  [0m|[34;20m [Node] Executing "ds_report_bmask" <mriqc.interfaces.DerivativesDataSink>[0m
2026-03-27 06:14:19 |[34;20m INFO     [0m|[34;20m nipype.workflow  [0m|[34;20m [Node] Finished "ds_report_bmask", elapsed time 0.005162s.[0m
2026-03-27 06:14:19 |[34;20m INFO     [0m|[34;20m nipype.workflow  [0m|[34;20m [Node] Setting-up "mriqc_wf.funcMRIQC.func_report_wf.subtract_mask" in "/local/nvme/ds006401_07.783919/ds/tmp/mriqc_wf/funcMRIQC/func_report_wf/ad1c57bb4f8d0b6dbd172b82e08b2e03231c7af5/subtract_mask".[0m
2026-03-27 06:14:19 |[34;20m INFO     [0m|[34;20m nipype.workflow  [0m|[34;20m [Node] Executing "subtract_mask" <niworkflows.interfaces.morphology.BinarySubtraction>[0m
2026-03-27 06:14:19 |[34;20m INFO     [0m|[34;20m nipype.workflow  [0m|[34;20m [Node] Finished "subtract_mask", elapsed time 0.01718s.[0m
2026-03-27 06:14:19 |[34;20m INFO     [0m|[34;20m nipype.workflow  [0m|[34;20m [Node] Finished "_outliers0", elapsed time 6.742662s.[0m
2026-03-27 06:14:20 |[34;20m INFO     [0m|[34;20m nipype.workflow  [0m|[34;20m [Node] Finished "ResampleSegmentation", elapsed time 3.141508s.[0m
2026-03-27 06:14:20 |[34;20m INFO     [0m|[34;20m nipype.workflow  [0m|[34;20m [Node] Setting-up "_ds_report_zoomed0" in "/local/nvme/ds006401_07.783919/ds/tmp/mriqc_wf/funcMRIQC/func_report_wf/ad1c57bb4f8d0b6dbd172b82e08b2e03231c7af5/ds_report_zoomed/mapflow/_ds_report_zoomed0".[0m
2026-03-27 06:14:20 |[34;20m INFO     [0m|[34;20m nipype.workflow  [0m|[34;20m [Node] Executing "_ds_report_zoomed0" <mriqc.interfaces.DerivativesDataSink>[0m
2026-03-27 06:14:20 |[34;20m INFO     [0m|[34;20m nipype.workflow  [0m|[34;20m [Node] Finished "_ds_report_zoomed0", elapsed time 0.00587s.[0m
2026-03-27 06:14:21 |[34;20m INFO     [0m|[34;20m nipype.workflow  [0m|[34;20m [Node] Setting-up "mriqc_wf.funcMRIQC.func_report_wf.ds_report_bmask" in "/local/nvme/ds006401_07.783919/ds/tmp/mriqc_wf/funcMRIQC/func_report_wf/ad1c57bb4f8d0b6dbd172b82e08b2e03231c7af5/ds_report_bmask".[0m
2026-03-27 06:14:21 |[34;20m INFO     [0m|[34;20m nipype.workflow  [0m|[34;20m [Node] Executing "ds_report_bmask" <mriqc.interfaces.DerivativesDataSink>[0m
2026-03-27 06:14:21 |[34;20m INFO     [0m|[34;20m nipype.workflow  [0m|[34;20m [Node] Finished "ds_report_bmask", elapsed time 0.005451s.[0m
2026-03-27 06:14:21 |[34;20m INFO     [0m|[34;20m nipype.workflow  [0m|[34;20m [Node] Setting-up "mriqc_wf.funcMRIQC.func_report_wf.subtract_mask" in "/local/nvme/ds006401_07.783919/ds/tmp/mriqc_wf/funcMRIQC/func_report_wf/417321dc9b0b057d6e784b4964c848599d933577/subtract_mask".[0m
2026-03-27 06:14:21 |[34;20m INFO     [0m|[34;20m nipype.workflow  [0m|[34;20m [Node] Setting-up "_ds_report_zoomed0" in "/local/nvme/ds006401_07.783919/ds/tmp/mriqc_wf/funcMRIQC/func_report_wf/417321dc9b0b057d6e784b4964c848599d933577/ds_report_zoomed/mapflow/_ds_report_zoomed0".[0m
2026-03-27 06:14:21 |[34;20m INFO     [0m|[34;20m nipype.workflow  [0m|[34;20m [Node] Executing "subtract_mask" <niworkflows.interfaces.morphology.BinarySubtraction>[0m
2026-03-27 06:14:21 |[34;20m INFO     [0m|[34;20m nipype.workflow  [0m|[34;20m [Node] Executing "_ds_report_zoomed0" <mriqc.interfaces.DerivativesDataSink>[0m
2026-03-27 06:14:21 |[34;20m INFO     [0m|[34;20m nipype.workflow  [0m|[34;20m [Node] Finished "_ds_report_zoomed0", elapsed time 0.00583s.[0m
2026-03-27 06:14:21 |[34;20m INFO     [0m|[34;20m nipype.workflow  [0m|[34;20m [Node] Finished "subtract_mask", elapsed time 0.014051s.[0m
2026-03-27 06:14:21 |[34;20m INFO     [0m|[34;20m nipype.workflow  [0m|[34;20m [Node] Setting-up "mriqc_wf.funcMRIQC.func_report_wf.ds_report_bmask" in "/local/nvme/ds006401_07.783919/ds/tmp/mriqc_wf/funcMRIQC/func_report_wf/417321dc9b0b057d6e784b4964c848599d933577/ds_report_bmask".[0m
2026-03-27 06:14:21 |[34;20m INFO     [0m|[34;20m nipype.workflow  [0m|[34;20m [Node] Executing "ds_report_bmask" <mriqc.interfaces.DerivativesDataSink>[0m
2026-03-27 06:14:21 |[34;20m INFO     [0m|[34;20m nipype.workflow  [0m|[34;20m [Node] Finished "ds_report_bmask", elapsed time 0.005077s.[0m
2026-03-27 06:14:21 |[34;20m INFO     [0m|[34;20m nipype.workflow  [0m|[34;20m [Node] Setting-up "mriqc_wf.funcMRIQC.func_report_wf.parcels" in "/local/nvme/ds006401_07.783919/ds/tmp/mriqc_wf/funcMRIQC/func_report_wf/f2b0e776281fdea5aae076445921a0586599e93d/parcels".[0m
2026-03-27 06:14:21 |[34;20m INFO     [0m|[34;20m nipype.workflow  [0m|[34;20m [Node] Executing "parcels" <nipype.interfaces.utility.wrappers.Function>[0m
2026-03-27 06:14:21 |[34;20m INFO     [0m|[34;20m nipype.workflow  [0m|[34;20m [Node] Finished "parcels", elapsed time 0.029518s.[0m
2026-03-27 06:14:24 |[34;20m INFO     [0m|[34;20m nipype.workflow  [0m|[34;20m [Node] Finished "_ComputeDVARS0", elapsed time 19.448931s.[0m
2026-03-27 06:14:24 |[34;20m INFO     [0m|[34;20m nipype.workflow  [0m|[34;20m [Node] Finished "_ComputeDVARS0", elapsed time 19.514829s.[0m
2026-03-27 06:14:24 |[34;20m INFO     [0m|[34;20m nipype.workflow  [0m|[34;20m [Node] Setting-up "_measures0" in "/local/nvme/ds006401_07.783919/ds/tmp/mriqc_wf/funcMRIQC/ComputeIQMs/f2b0e776281fdea5aae076445921a0586599e93d/measures/mapflow/_measures0".[0m
2026-03-27 06:14:24 |[34;20m INFO     [0m|[34;20m nipype.workflow  [0m|[34;20m [Node] Setting-up "_timeseries0" in "/local/nvme/ds006401_07.783919/ds/tmp/mriqc_wf/funcMRIQC/ComputeIQMs/f2b0e776281fdea5aae076445921a0586599e93d/timeseries/mapflow/_timeseries0".[0m
2026-03-27 06:14:24 |[34;20m INFO     [0m|[34;20m nipype.workflow  [0m|[34;20m [Node] Executing "_measures0" <mriqc.interfaces.functional.FunctionalQC>[0m
2026-03-27 06:14:24 |[34;20m INFO     [0m|[34;20m nipype.workflow  [0m|[34;20m [Node] Executing "_timeseries0" <mriqc.interfaces.functional.GatherTimeseries>[0m
2026-03-27 06:14:24 |[34;20m INFO     [0m|[34;20m nipype.workflow  [0m|[34;20m [Node] Setting-up "_timeseries0" in "/local/nvme/ds006401_07.783919/ds/tmp/mriqc_wf/funcMRIQC/ComputeIQMs/ad1c57bb4f8d0b6dbd172b82e08b2e03231c7af5/timeseries/mapflow/_timeseries0".[0m
2026-03-27 06:14:24 |[34;20m INFO     [0m|[34;20m nipype.workflow  [0m|[34;20m [Node] Executing "_timeseries0" <mriqc.interfaces.functional.GatherTimeseries>[0m
2026-03-27 06:14:24 |[34;20m INFO     [0m|[34;20m nipype.workflow  [0m|[34;20m [Node] Finished "_timeseries0", elapsed time 0.023694s.[0m
2026-03-27 06:14:24 |[34;20m INFO     [0m|[34;20m nipype.workflow  [0m|[34;20m [Node] Finished "_timeseries0", elapsed time 0.020238s.[0m
2026-03-27 06:14:25 |[34;20m INFO     [0m|[34;20m nipype.workflow  [0m|[34;20m [Node] Finished "_gcor0", elapsed time 13.014223s.[0m
2026-03-27 06:14:26 |[34;20m INFO     [0m|[34;20m nipype.workflow  [0m|[34;20m [Node] Setting-up "_ds_timeseries0" in "/local/nvme/ds006401_07.783919/ds/tmp/mriqc_wf/funcMRIQC/ComputeIQMs/f2b0e776281fdea5aae076445921a0586599e93d/ds_timeseries/mapflow/_ds_timeseries0".[0m
2026-03-27 06:14:26 |[34;20m INFO     [0m|[34;20m nipype.workflow  [0m|[34;20m [Node] Executing "_ds_timeseries0" <mriqc.interfaces.DerivativesDataSink>[0m
2026-03-27 06:14:26 |[34;20m INFO     [0m|[34;20m nipype.workflow  [0m|[34;20m [Node] Finished "_ds_timeseries0", elapsed time 0.00436s.[0m
2026-03-27 06:14:26 |[34;20m INFO     [0m|[34;20m nipype.workflow  [0m|[34;20m [Node] Setting-up "_ds_timeseries0" in "/local/nvme/ds006401_07.783919/ds/tmp/mriqc_wf/funcMRIQC/ComputeIQMs/ad1c57bb4f8d0b6dbd172b82e08b2e03231c7af5/ds_timeseries/mapflow/_ds_timeseries0".[0m
2026-03-27 06:14:26 |[34;20m INFO     [0m|[34;20m nipype.workflow  [0m|[34;20m [Node] Executing "_ds_timeseries0" <mriqc.interfaces.DerivativesDataSink>[0m
2026-03-27 06:14:26 |[34;20m INFO     [0m|[34;20m nipype.workflow  [0m|[34;20m [Node] Finished "_ds_timeseries0", elapsed time 0.004189s.[0m
2026-03-27 06:14:27 |[34;20m INFO     [0m|[34;20m nipype.workflow  [0m|[34;20m [Node] Setting-up "_BigPlot0" in "/local/nvme/ds006401_07.783919/ds/tmp/mriqc_wf/funcMRIQC/func_report_wf/f2b0e776281fdea5aae076445921a0586599e93d/BigPlot/mapflow/_BigPlot0".[0m
2026-03-27 06:14:27 |[34;20m INFO     [0m|[34;20m nipype.workflow  [0m|[34;20m [Node] Executing "_BigPlot0" <nireports.interfaces.fmri.FMRISummary>[0m
2026-03-27 06:14:28 |[34;20m INFO     [0m|[34;20m nipype.workflow  [0m|[34;20m [Node] Finished "_measures0", elapsed time 3.397207s.[0m
2026-03-27 06:14:28 |[34;20m INFO     [0m|[34;20m nipype.workflow  [0m|[34;20m [Node] Setting-up "_measures0" in "/local/nvme/ds006401_07.783919/ds/tmp/mriqc_wf/funcMRIQC/ComputeIQMs/ad1c57bb4f8d0b6dbd172b82e08b2e03231c7af5/measures/mapflow/_measures0".[0m
2026-03-27 06:14:28 |[34;20m INFO     [0m|[34;20m nipype.workflow  [0m|[34;20m [Node] Executing "_measures0" <mriqc.interfaces.functional.FunctionalQC>[0m
2026-03-27 06:14:28 |[34;20m INFO     [0m|[34;20m nipype.workflow  [0m|[34;20m [Node] Setting-up "_datasink0" in "/local/nvme/ds006401_07.783919/ds/tmp/mriqc_wf/funcMRIQC/ComputeIQMs/f2b0e776281fdea5aae076445921a0586599e93d/datasink/mapflow/_datasink0".[0m
2026-03-27 06:14:28 |[34;20m INFO     [0m|[34;20m nipype.workflow  [0m|[34;20m [Node] Executing "_datasink0" <mriqc.interfaces.bids.IQMFileSink>[0m
2026-03-27 06:14:28 |[34;20m INFO     [0m|[34;20m nipype.workflow  [0m|[34;20m [Node] Finished "_datasink0", elapsed time 0.00217s.[0m
2026-03-27 06:14:32 |[34;20m INFO     [0m|[34;20m nipype.workflow  [0m|[34;20m [Node] Finished "_measures0", elapsed time 3.9265689999999998s.[0m
2026-03-27 06:14:34 |[34;20m INFO     [0m|[34;20m nipype.workflow  [0m|[34;20m [Node] Finished "_ComputeDVARS0", elapsed time 23.153961s.[0m
2026-03-27 06:14:34 |[34;20m INFO     [0m|[34;20m nipype.workflow  [0m|[34;20m [Node] Finished "_BigPlot0", elapsed time 7.3822s.[0m
2026-03-27 06:14:34 |[34;20m INFO     [0m|[34;20m nipype.workflow  [0m|[34;20m [Node] Setting-up "mriqc_wf.funcMRIQC.synthstrip_wf.post_n4" in "/local/nvme/ds006401_07.783919/ds/tmp/mriqc_wf/funcMRIQC/synthstrip_wf/ad1c57bb4f8d0b6dbd172b82e08b2e03231c7af5/post_n4".[0m
2026-03-27 06:14:34 |[34;20m INFO     [0m|[34;20m nipype.workflow  [0m|[34;20m [Node] Executing "post_n4" <nipype.interfaces.ants.segmentation.N4BiasFieldCorrection>[0m
2026-03-27 06:14:35 |[34;20m INFO     [0m|[34;20m nipype.workflow  [0m|[34;20m [Node] Finished "post_n4", elapsed time 1.10983s.[0m
2026-03-27 06:14:36 |[34;20m INFO     [0m|[34;20m nipype.workflow  [0m|[34;20m [Node] Setting-up "mriqc_wf.funcMRIQC.SpatialNormalization.EPI2MNI" in "/local/nvme/ds006401_07.783919/ds/tmp/mriqc_wf/funcMRIQC/SpatialNormalization/ad1c57bb4f8d0b6dbd172b82e08b2e03231c7af5/EPI2MNI".[0m
2026-03-27 06:14:36 |[34;20m INFO     [0m|[34;20m nipype.workflow  [0m|[34;20m [Node] Executing "EPI2MNI" <niworkflows.interfaces.reportlets.registration.SpatialNormalizationRPT>[0m
2026-03-27 06:14:36 |[34;20m INFO     [0m|[34;20m niworkflows      [0m|[34;20m Estimating initial transform using AffineInitializer[0m
2026-03-27 06:14:43 |[34;20m INFO     [0m|[34;20m niworkflows      [0m|[34;20m Terminal outputs of initialization saved (/local/nvme/ds006401_07.783919/ds/tmp/mriqc_wf/funcMRIQC/SpatialNormalization/ad1c57bb4f8d0b6dbd172b82e08b2e03231c7af5/EPI2MNI/stderr.nipype-init).[0m
2026-03-27 06:14:43 |[34;20m INFO     [0m|[34;20m niworkflows      [0m|[34;20m Loading settings from file /opt/conda/lib/python3.11/site-packages/niworkflows/data/boldref-mni_registration_precise_000.json.[0m
2026-03-27 06:14:43 |[34;20m INFO     [0m|[34;20m niworkflows      [0m|[34;20m Retry #1, commandline: 
antsRegistration --collapse-output-transforms 1 --dimensionality 3 --float 0 --initial-moving-transform [ /local/nvme/ds006401_07.783919/ds/tmp/mriqc_wf/funcMRIQC/SpatialNormalization/ad1c57bb4f8d0b6dbd172b82e08b2e03231c7af5/EPI2MNI/transform.mat, 0 ] --initialize-transforms-per-stage 0 --interpolation LanczosWindowedSinc --output [ epi_to_mni, epi_to_mni_Warped.nii.gz ] --transform Rigid[ 0.05 ] --metric Mattes[ /templateflow/tpl-MNI152NLin2009cAsym/tpl-MNI152NLin2009cAsym_res-02_desc-fMRIPrep_boldref.nii.gz, /local/nvme/ds006401_07.783919/ds/tmp/mriqc_wf/funcMRIQC/SpatialNormalization/ad1c57bb4f8d0b6dbd172b82e08b2e03231c7af5/SharpenEPI/sub-07_ses-01_task-mid_run-02_bold_desc-realigned_valid_tstat_corrected.nii.gz, 1, 56, Regular, 0.25 ] --convergence [ 10000x1000x100, 1e-06, 20 ] --smoothing-sigmas 4.0x2.0x1.0vox --shrink-factors 4x2x1 --use-histogram-matching 1 --masks [ /templateflow/tpl-MNI152NLin2009cAsym/tpl-MNI152NLin2009cAsym_res-02_desc-brain_mask.nii.gz, /local/nvme/ds006401_07.783919/ds/tmp/mriqc_wf/funcMRIQC/synthstrip_wf/ad1c57bb4f8d0b6dbd172b82e08b2e03231c7af5/synthstrip/clipped_corrected_desc-brain_mask.nii.gz ] --transform Affine[ 0.08 ] --metric Mattes[ /templateflow/tpl-MNI152NLin2009cAsym/tpl-MNI152NLin2009cAsym_res-02_desc-fMRIPrep_boldref.nii.gz, /local/nvme/ds006401_07.783919/ds/tmp/mriqc_wf/funcMRIQC/SpatialNormalization/ad1c57bb4f8d0b6dbd172b82e08b2e03231c7af5/SharpenEPI/sub-07_ses-01_task-mid_run-02_bold_desc-realigned_valid_tstat_corrected.nii.gz, 1, 56, Regular, 0.25 ] --convergence [ 500x250x100, 1e-06, 20 ] --smoothing-sigmas 4.0x2.0x1.0vox --shrink-factors 8x4x2 --use-histogram-matching 1 --masks [ /templateflow/tpl-MNI152NLin2009cAsym/tpl-MNI152NLin2009cAsym_res-02_desc-brain_mask.nii.gz, /local/nvme/ds006401_07.783919/ds/tmp/mriqc_wf/funcMRIQC/synthstrip_wf/ad1c57bb4f8d0b6dbd172b82e08b2e03231c7af5/synthstrip/clipped_corrected_desc-brain_mask.nii.gz ] --transform SyN[ 0.1, 3.0, 0.0 ] --metric CC[ /templateflow/tpl-MNI152NLin2009cAsym/tpl-MNI152NLin2009cAsym_res-02_desc-fMRIPrep_boldref.nii.gz, /local/nvme/ds006401_07.783919/ds/tmp/mriqc_wf/funcMRIQC/SpatialNormalization/ad1c57bb4f8d0b6dbd172b82e08b2e03231c7af5/SharpenEPI/sub-07_ses-01_task-mid_run-02_bold_desc-realigned_valid_tstat_corrected.nii.gz, 1, 4, None, 1 ] --convergence [ 100x30x20, 1e-06, 10 ] --smoothing-sigmas 3.0x2.0x1.0vox --shrink-factors 8x4x2 --use-histogram-matching 1 --masks [ /templateflow/tpl-MNI152NLin2009cAsym/tpl-MNI152NLin2009cAsym_res-02_desc-brain_mask.nii.gz, /local/nvme/ds006401_07.783919/ds/tmp/mriqc_wf/funcMRIQC/synthstrip_wf/ad1c57bb4f8d0b6dbd172b82e08b2e03231c7af5/synthstrip/clipped_corrected_desc-brain_mask.nii.gz ] --winsorize-image-intensities [ 0.005, 0.995 ]  --write-composite-transform 1[0m
2026-03-27 06:14:54 |[34;20m INFO     [0m|[34;20m niworkflows      [0m|[34;20m Successful spatial normalization (retry #1).[0m
2026-03-27 06:14:54 |[34;20m INFO     [0m|[34;20m niworkflows      [0m|[34;20m Report - setting fixed (/templateflow/tpl-MNI152NLin2009cAsym/tpl-MNI152NLin2009cAsym_res-02_desc-fMRIPrep_boldref.nii.gz) and moving (/local/nvme/ds006401_07.783919/ds/tmp/mriqc_wf/funcMRIQC/SpatialNormalization/ad1c57bb4f8d0b6dbd172b82e08b2e03231c7af5/EPI2MNI/epi_to_mni_Warped.nii.gz) images[0m
2026-03-27 06:14:54 |[34;20m INFO     [0m|[34;20m niworkflows      [0m|[34;20m Generating visual report[0m
2026-03-27 06:15:10 |[34;20m INFO     [0m|[34;20m nipype.workflow  [0m|[34;20m [Node] Finished "EPI2MNI", elapsed time 33.397256s.[0m
2026-03-27 06:15:10 |[34;20m INFO     [0m|[34;20m nipype.workflow  [0m|[34;20m [Node] Setting-up "mriqc_wf.funcMRIQC.synthstrip_wf.post_n4" in "/local/nvme/ds006401_07.783919/ds/tmp/mriqc_wf/funcMRIQC/synthstrip_wf/417321dc9b0b057d6e784b4964c848599d933577/post_n4".[0m
2026-03-27 06:15:10 |[34;20m INFO     [0m|[34;20m nipype.workflow  [0m|[34;20m [Node] Executing "post_n4" <nipype.interfaces.ants.segmentation.N4BiasFieldCorrection>[0m
2026-03-27 06:15:12 |[34;20m INFO     [0m|[34;20m nipype.workflow  [0m|[34;20m [Node] Finished "post_n4", elapsed time 1.185757s.[0m
2026-03-27 06:15:12 |[34;20m INFO     [0m|[34;20m nipype.workflow  [0m|[34;20m [Node] Setting-up "mriqc_wf.funcMRIQC.SpatialNormalization.EPI2MNI" in "/local/nvme/ds006401_07.783919/ds/tmp/mriqc_wf/funcMRIQC/SpatialNormalization/417321dc9b0b057d6e784b4964c848599d933577/EPI2MNI".[0m
2026-03-27 06:15:12 |[34;20m INFO     [0m|[34;20m nipype.workflow  [0m|[34;20m [Node] Executing "EPI2MNI" <niworkflows.interfaces.reportlets.registration.SpatialNormalizationRPT>[0m
2026-03-27 06:15:12 |[34;20m INFO     [0m|[34;20m niworkflows      [0m|[34;20m Estimating initial transform using AffineInitializer[0m
2026-03-27 06:15:18 |[34;20m INFO     [0m|[34;20m niworkflows      [0m|[34;20m Loading settings from file /opt/conda/lib/python3.11/site-packages/niworkflows/data/boldref-mni_registration_precise_000.json.[0m
2026-03-27 06:15:18 |[34;20m INFO     [0m|[34;20m niworkflows      [0m|[34;20m Retry #1, commandline: 
antsRegistration --collapse-output-transforms 1 --dimensionality 3 --float 0 --initial-moving-transform [ /local/nvme/ds006401_07.783919/ds/tmp/mriqc_wf/funcMRIQC/SpatialNormalization/417321dc9b0b057d6e784b4964c848599d933577/EPI2MNI/transform.mat, 0 ] --initialize-transforms-per-stage 0 --interpolation LanczosWindowedSinc --output [ epi_to_mni, epi_to_mni_Warped.nii.gz ] --transform Rigid[ 0.05 ] --metric Mattes[ /templateflow/tpl-MNI152NLin2009cAsym/tpl-MNI152NLin2009cAsym_res-02_desc-fMRIPrep_boldref.nii.gz, /local/nvme/ds006401_07.783919/ds/tmp/mriqc_wf/funcMRIQC/SpatialNormalization/417321dc9b0b057d6e784b4964c848599d933577/SharpenEPI/sub-07_ses-01_task-tom_bold_desc-realigned_valid_tstat_corrected.nii.gz, 1, 56, Regular, 0.25 ] --convergence [ 10000x1000x100, 1e-06, 20 ] --smoothing-sigmas 4.0x2.0x1.0vox --shrink-factors 4x2x1 --use-histogram-matching 1 --masks [ /templateflow/tpl-MNI152NLin2009cAsym/tpl-MNI152NLin2009cAsym_res-02_desc-brain_mask.nii.gz, /local/nvme/ds006401_07.783919/ds/tmp/mriqc_wf/funcMRIQC/synthstrip_wf/417321dc9b0b057d6e784b4964c848599d933577/synthstrip/clipped_corrected_desc-brain_mask.nii.gz ] --transform Affine[ 0.08 ] --metric Mattes[ /templateflow/tpl-MNI152NLin2009cAsym/tpl-MNI152NLin2009cAsym_res-02_desc-fMRIPrep_boldref.nii.gz, /local/nvme/ds006401_07.783919/ds/tmp/mriqc_wf/funcMRIQC/SpatialNormalization/417321dc9b0b057d6e784b4964c848599d933577/SharpenEPI/sub-07_ses-01_task-tom_bold_desc-realigned_valid_tstat_corrected.nii.gz, 1, 56, Regular, 0.25 ] --convergence [ 500x250x100, 1e-06, 20 ] --smoothing-sigmas 4.0x2.0x1.0vox --shrink-factors 8x4x2 --use-histogram-matching 1 --masks [ /templateflow/tpl-MNI152NLin2009cAsym/tpl-MNI152NLin2009cAsym_res-02_desc-brain_mask.nii.gz, /local/nvme/ds006401_07.783919/ds/tmp/mriqc_wf/funcMRIQC/synthstrip_wf/417321dc9b0b057d6e784b4964c848599d933577/synthstrip/clipped_corrected_desc-brain_mask.nii.gz ] --transform SyN[ 0.1, 3.0, 0.0 ] --metric CC[ /templateflow/tpl-MNI152NLin2009cAsym/tpl-MNI152NLin2009cAsym_res-02_desc-fMRIPrep_boldref.nii.gz, /local/nvme/ds006401_07.783919/ds/tmp/mriqc_wf/funcMRIQC/SpatialNormalization/417321dc9b0b057d6e784b4964c848599d933577/SharpenEPI/sub-07_ses-01_task-tom_bold_desc-realigned_valid_tstat_corrected.nii.gz, 1, 4, None, 1 ] --convergence [ 100x30x20, 1e-06, 10 ] --smoothing-sigmas 3.0x2.0x1.0vox --shrink-factors 8x4x2 --use-histogram-matching 1 --masks [ /templateflow/tpl-MNI152NLin2009cAsym/tpl-MNI152NLin2009cAsym_res-02_desc-brain_mask.nii.gz, /local/nvme/ds006401_07.783919/ds/tmp/mriqc_wf/funcMRIQC/synthstrip_wf/417321dc9b0b057d6e784b4964c848599d933577/synthstrip/clipped_corrected_desc-brain_mask.nii.gz ] --winsorize-image-intensities [ 0.005, 0.995 ]  --write-composite-transform 1[0m
2026-03-27 06:15:29 |[34;20m INFO     [0m|[34;20m niworkflows      [0m|[34;20m Successful spatial normalization (retry #1).[0m
2026-03-27 06:15:29 |[34;20m INFO     [0m|[34;20m niworkflows      [0m|[34;20m Report - setting fixed (/templateflow/tpl-MNI152NLin2009cAsym/tpl-MNI152NLin2009cAsym_res-02_desc-fMRIPrep_boldref.nii.gz) and moving (/local/nvme/ds006401_07.783919/ds/tmp/mriqc_wf/funcMRIQC/SpatialNormalization/417321dc9b0b057d6e784b4964c848599d933577/EPI2MNI/epi_to_mni_Warped.nii.gz) images[0m
2026-03-27 06:15:29 |[34;20m INFO     [0m|[34;20m niworkflows      [0m|[34;20m Generating visual report[0m
2026-03-27 06:15:44 |[34;20m INFO     [0m|[34;20m nipype.workflow  [0m|[34;20m [Node] Finished "EPI2MNI", elapsed time 31.708285s.[0m
2026-03-27 06:15:44 |[34;20m INFO     [0m|[34;20m nipype.workflow  [0m|[34;20m [Node] Setting-up "mriqc_wf.funcMRIQC.func_report_wf.ds_report_norm" in "/local/nvme/ds006401_07.783919/ds/tmp/mriqc_wf/funcMRIQC/func_report_wf/ad1c57bb4f8d0b6dbd172b82e08b2e03231c7af5/ds_report_norm".[0m
2026-03-27 06:15:44 |[34;20m INFO     [0m|[34;20m nipype.workflow  [0m|[34;20m [Node] Setting-up "mriqc_wf.funcMRIQC.SpatialNormalization.ResampleSegmentation" in "/local/nvme/ds006401_07.783919/ds/tmp/mriqc_wf/funcMRIQC/SpatialNormalization/ad1c57bb4f8d0b6dbd172b82e08b2e03231c7af5/ResampleSegmentation".[0m
2026-03-27 06:15:44 |[34;20m INFO     [0m|[34;20m nipype.workflow  [0m|[34;20m [Node] Setting-up "mriqc_wf.funcMRIQC.synthstrip_wf.final_masked" in "/local/nvme/ds006401_07.783919/ds/tmp/mriqc_wf/funcMRIQC/synthstrip_wf/ad1c57bb4f8d0b6dbd172b82e08b2e03231c7af5/final_masked".[0m
2026-03-27 06:15:44 |[34;20m INFO     [0m|[34;20m nipype.workflow  [0m|[34;20m [Node] Executing "ds_report_norm" <mriqc.interfaces.DerivativesDataSink>[0m
2026-03-27 06:15:44 |[34;20m INFO     [0m|[34;20m nipype.workflow  [0m|[34;20m [Node] Executing "ResampleSegmentation" <nipype.interfaces.ants.resampling.ApplyTransforms>[0m
2026-03-27 06:15:44 |[34;20m INFO     [0m|[34;20m nipype.workflow  [0m|[34;20m [Node] Finished "ds_report_norm", elapsed time 0.005588s.[0m
2026-03-27 06:15:44 |[34;20m INFO     [0m|[34;20m nipype.workflow  [0m|[34;20m [Node] Executing "final_masked" <niworkflows.interfaces.nibabel.ApplyMask>[0m
2026-03-27 06:15:44 |[34;20m INFO     [0m|[34;20m nipype.workflow  [0m|[34;20m [Node] Finished "final_masked", elapsed time 0.042873s.[0m
2026-03-27 06:15:45 |[34;20m INFO     [0m|[34;20m nipype.workflow  [0m|[34;20m [Node] Setting-up "mriqc_wf.funcMRIQC.func_report_wf.ds_report_norm" in "/local/nvme/ds006401_07.783919/ds/tmp/mriqc_wf/funcMRIQC/func_report_wf/417321dc9b0b057d6e784b4964c848599d933577/ds_report_norm".[0m
2026-03-27 06:15:45 |[34;20m INFO     [0m|[34;20m nipype.workflow  [0m|[34;20m [Node] Setting-up "mriqc_wf.funcMRIQC.synthstrip_wf.final_masked" in "/local/nvme/ds006401_07.783919/ds/tmp/mriqc_wf/funcMRIQC/synthstrip_wf/417321dc9b0b057d6e784b4964c848599d933577/final_masked".[0m
2026-03-27 06:15:45 |[34;20m INFO     [0m|[34;20m nipype.workflow  [0m|[34;20m [Node] Setting-up "mriqc_wf.funcMRIQC.SpatialNormalization.ResampleSegmentation" in "/local/nvme/ds006401_07.783919/ds/tmp/mriqc_wf/funcMRIQC/SpatialNormalization/417321dc9b0b057d6e784b4964c848599d933577/ResampleSegmentation".[0m
2026-03-27 06:15:45 |[34;20m INFO     [0m|[34;20m nipype.workflow  [0m|[34;20m [Node] Executing "ds_report_norm" <mriqc.interfaces.DerivativesDataSink>[0m
2026-03-27 06:15:45 |[34;20m INFO     [0m|[34;20m nipype.workflow  [0m|[34;20m [Node] Executing "final_masked" <niworkflows.interfaces.nibabel.ApplyMask>[0m
2026-03-27 06:15:45 |[34;20m INFO     [0m|[34;20m nipype.workflow  [0m|[34;20m [Node] Executing "ResampleSegmentation" <nipype.interfaces.ants.resampling.ApplyTransforms>[0m
2026-03-27 06:15:45 |[34;20m INFO     [0m|[34;20m nipype.workflow  [0m|[34;20m [Node] Finished "ds_report_norm", elapsed time 0.005338s.[0m
2026-03-27 06:15:45 |[34;20m INFO     [0m|[34;20m nipype.workflow  [0m|[34;20m [Node] Finished "final_masked", elapsed time 0.039595s.[0m
2026-03-27 06:15:45 |[34;20m INFO     [0m|[34;20m nipype.workflow  [0m|[34;20m [Node] Setting-up "_measures0" in "/local/nvme/ds006401_07.783919/ds/tmp/mriqc_wf/funcMRIQC/ComputeIQMs/417321dc9b0b057d6e784b4964c848599d933577/measures/mapflow/_measures0".[0m
2026-03-27 06:15:45 |[34;20m INFO     [0m|[34;20m nipype.workflow  [0m|[34;20m [Node] Executing "_measures0" <mriqc.interfaces.functional.FunctionalQC>[0m
2026-03-27 06:15:46 |[34;20m INFO     [0m|[34;20m nipype.workflow  [0m|[34;20m [Node] Setting-up "_datasink0" in "/local/nvme/ds006401_07.783919/ds/tmp/mriqc_wf/funcMRIQC/ComputeIQMs/ad1c57bb4f8d0b6dbd172b82e08b2e03231c7af5/datasink/mapflow/_datasink0".[0m
2026-03-27 06:15:46 |[34;20m INFO     [0m|[34;20m nipype.workflow  [0m|[34;20m [Node] Setting-up "_timeseries0" in "/local/nvme/ds006401_07.783919/ds/tmp/mriqc_wf/funcMRIQC/ComputeIQMs/417321dc9b0b057d6e784b4964c848599d933577/timeseries/mapflow/_timeseries0".[0m
2026-03-27 06:15:46 |[34;20m INFO     [0m|[34;20m nipype.workflow  [0m|[34;20m [Node] Executing "_timeseries0" <mriqc.interfaces.functional.GatherTimeseries>[0m
2026-03-27 06:15:46 |[34;20m INFO     [0m|[34;20m nipype.workflow  [0m|[34;20m [Node] Executing "_datasink0" <mriqc.interfaces.bids.IQMFileSink>[0m
2026-03-27 06:15:46 |[34;20m INFO     [0m|[34;20m nipype.workflow  [0m|[34;20m [Node] Finished "_datasink0", elapsed time 0.000651s.[0m
2026-03-27 06:15:46 |[34;20m INFO     [0m|[34;20m nipype.workflow  [0m|[34;20m [Node] Finished "_timeseries0", elapsed time 0.019565s.[0m
2026-03-27 06:15:47 |[34;20m INFO     [0m|[34;20m nipype.workflow  [0m|[34;20m [Node] Setting-up "_ds_report_carpet0" in "/local/nvme/ds006401_07.783919/ds/tmp/mriqc_wf/funcMRIQC/func_report_wf/f2b0e776281fdea5aae076445921a0586599e93d/ds_report_carpet/mapflow/_ds_report_carpet0".[0m
2026-03-27 06:15:47 |[34;20m INFO     [0m|[34;20m nipype.workflow  [0m|[34;20m [Node] Executing "_ds_report_carpet0" <mriqc.interfaces.DerivativesDataSink>[0m
2026-03-27 06:15:47 |[34;20m INFO     [0m|[34;20m nipype.workflow  [0m|[34;20m [Node] Finished "_ds_report_carpet0", elapsed time 0.005242s.[0m
2026-03-27 06:15:47 |[34;20m INFO     [0m|[34;20m nipype.workflow  [0m|[34;20m [Node] Finished "ResampleSegmentation", elapsed time 3.065323s.[0m
2026-03-27 06:15:48 |[34;20m INFO     [0m|[34;20m nipype.workflow  [0m|[34;20m [Node] Finished "ResampleSegmentation", elapsed time 3.127459s.[0m
2026-03-27 06:15:48 |[34;20m INFO     [0m|[34;20m nipype.workflow  [0m|[34;20m [Node] Finished "_measures0", elapsed time 3.558932s.[0m
2026-03-27 06:15:48 |[34;20m INFO     [0m|[34;20m nipype.workflow  [0m|[34;20m [Node] Setting-up "mriqc_wf.funcMRIQC.func_report_wf.parcels" in "/local/nvme/ds006401_07.783919/ds/tmp/mriqc_wf/funcMRIQC/func_report_wf/ad1c57bb4f8d0b6dbd172b82e08b2e03231c7af5/parcels".[0m
2026-03-27 06:15:48 |[34;20m INFO     [0m|[34;20m nipype.workflow  [0m|[34;20m [Node] Executing "parcels" <nipype.interfaces.utility.wrappers.Function>[0m
2026-03-27 06:15:48 |[34;20m INFO     [0m|[34;20m nipype.workflow  [0m|[34;20m [Node] Setting-up "_datasink0" in "/local/nvme/ds006401_07.783919/ds/tmp/mriqc_wf/funcMRIQC/ComputeIQMs/417321dc9b0b057d6e784b4964c848599d933577/datasink/mapflow/_datasink0".[0m
2026-03-27 06:15:48 |[34;20m INFO     [0m|[34;20m nipype.workflow  [0m|[34;20m [Node] Executing "_datasink0" <mriqc.interfaces.bids.IQMFileSink>[0m
2026-03-27 06:15:48 |[34;20m INFO     [0m|[34;20m nipype.workflow  [0m|[34;20m [Node] Finished "_datasink0", elapsed time 0.000652s.[0m
2026-03-27 06:15:48 |[34;20m INFO     [0m|[34;20m nipype.workflow  [0m|[34;20m [Node] Finished "parcels", elapsed time 0.025631s.[0m
2026-03-27 06:15:49 |[34;20m INFO     [0m|[34;20m nipype.workflow  [0m|[34;20m [Node] Setting-up "_ds_timeseries0" in "/local/nvme/ds006401_07.783919/ds/tmp/mriqc_wf/funcMRIQC/ComputeIQMs/417321dc9b0b057d6e784b4964c848599d933577/ds_timeseries/mapflow/_ds_timeseries0".[0m
2026-03-27 06:15:49 |[34;20m INFO     [0m|[34;20m nipype.workflow  [0m|[34;20m [Node] Executing "_ds_timeseries0" <mriqc.interfaces.DerivativesDataSink>[0m
2026-03-27 06:15:49 |[34;20m INFO     [0m|[34;20m nipype.workflow  [0m|[34;20m [Node] Finished "_ds_timeseries0", elapsed time 0.004256s.[0m
2026-03-27 06:15:49 |[34;20m INFO     [0m|[34;20m nipype.workflow  [0m|[34;20m [Node] Setting-up "mriqc_wf.funcMRIQC.func_report_wf.parcels" in "/local/nvme/ds006401_07.783919/ds/tmp/mriqc_wf/funcMRIQC/func_report_wf/417321dc9b0b057d6e784b4964c848599d933577/parcels".[0m
2026-03-27 06:15:49 |[34;20m INFO     [0m|[34;20m nipype.workflow  [0m|[34;20m [Node] Executing "parcels" <nipype.interfaces.utility.wrappers.Function>[0m
2026-03-27 06:15:49 |[34;20m INFO     [0m|[34;20m nipype.workflow  [0m|[34;20m [Node] Finished "parcels", elapsed time 0.027176s.[0m
2026-03-27 06:15:50 |[34;20m INFO     [0m|[34;20m nipype.workflow  [0m|[34;20m [Node] Setting-up "_BigPlot0" in "/local/nvme/ds006401_07.783919/ds/tmp/mriqc_wf/funcMRIQC/func_report_wf/417321dc9b0b057d6e784b4964c848599d933577/BigPlot/mapflow/_BigPlot0".[0m
2026-03-27 06:15:50 |[34;20m INFO     [0m|[34;20m nipype.workflow  [0m|[34;20m [Node] Executing "_BigPlot0" <nireports.interfaces.fmri.FMRISummary>[0m
2026-03-27 06:15:50 |[34;20m INFO     [0m|[34;20m nipype.workflow  [0m|[34;20m [Node] Setting-up "_BigPlot0" in "/local/nvme/ds006401_07.783919/ds/tmp/mriqc_wf/funcMRIQC/func_report_wf/ad1c57bb4f8d0b6dbd172b82e08b2e03231c7af5/BigPlot/mapflow/_BigPlot0".[0m
2026-03-27 06:15:50 |[34;20m INFO     [0m|[34;20m nipype.workflow  [0m|[34;20m [Node] Executing "_BigPlot0" <nireports.interfaces.fmri.FMRISummary>[0m
2026-03-27 06:15:56 |[34;20m INFO     [0m|[34;20m nipype.workflow  [0m|[34;20m [Node] Finished "_BigPlot0", elapsed time 5.837295s.[0m
2026-03-27 06:15:56 |[34;20m INFO     [0m|[34;20m nipype.workflow  [0m|[34;20m [Node] Setting-up "_ds_report_carpet0" in "/local/nvme/ds006401_07.783919/ds/tmp/mriqc_wf/funcMRIQC/func_report_wf/ad1c57bb4f8d0b6dbd172b82e08b2e03231c7af5/ds_report_carpet/mapflow/_ds_report_carpet0".[0m
2026-03-27 06:15:56 |[34;20m INFO     [0m|[34;20m nipype.workflow  [0m|[34;20m [Node] Executing "_ds_report_carpet0" <mriqc.interfaces.DerivativesDataSink>[0m
2026-03-27 06:15:56 |[34;20m INFO     [0m|[34;20m nipype.workflow  [0m|[34;20m [Node] Finished "_ds_report_carpet0", elapsed time 0.005098s.[0m
2026-03-27 06:15:58 |[34;20m INFO     [0m|[34;20m nipype.workflow  [0m|[34;20m [Node] Finished "_BigPlot0", elapsed time 7.947261s.[0m
2026-03-27 06:16:00 |[34;20m INFO     [0m|[34;20m nipype.workflow  [0m|[34;20m [Node] Setting-up "_ds_report_carpet0" in "/local/nvme/ds006401_07.783919/ds/tmp/mriqc_wf/funcMRIQC/func_report_wf/417321dc9b0b057d6e784b4964c848599d933577/ds_report_carpet/mapflow/_ds_report_carpet0".[0m
2026-03-27 06:16:00 |[34;20m INFO     [0m|[34;20m nipype.workflow  [0m|[34;20m [Node] Executing "_ds_report_carpet0" <mriqc.interfaces.DerivativesDataSink>[0m
2026-03-27 06:16:00 |[34;20m INFO     [0m|[34;20m nipype.workflow  [0m|[34;20m [Node] Finished "_ds_report_carpet0", elapsed time 0.004861s.[0m
2026-03-27 06:16:02 |[34;20m INFO     [0m|[34;20m nipype.workflow  [0m|[34;20m Generating reports...[0m
2026-03-27 06:16:03 |[34;20m INFO     [0m|[34;20m nipype.workflow  [0m|[34;20m Report generation finished (3 reports).[0m
2026-03-27 06:16:03 |[33;20m IMPORTANT [0m|[33;20m mriqc            [0m|[33;20m Participant level finished successfully averaging 00h 08min 11s per subject.[0m
2026-03-27 06:16:03 |[34;20m INFO     [0m|[34;20m mriqc            [0m|[34;20m Generating BIDS derivatives metadata.[0m
----------------------------------------------------------------
  MRIQC completed (elapsed time 00h 24min 33s).
----------------------------------------------------------------

